03-27 21:46:27.407  1666  1763 D ConnectivityService: ConnectivityService NetworkRequestInfo binderDied(NetworkRequest [ LISTEN id=361, [ Capabilities: INTERNET&NOT_RESTRICTED&TRUSTED] ], android.os.BinderProxy@3ab1aa2)
03-27 21:46:27.408  1666  3578 I ActivityManager: Process com.android.vending (pid 5478) has died
03-27 21:46:27.408  1666  1971 E ConnectivityService: RemoteException caught trying to send a callback msg for NetworkRequest [ LISTEN id=361, [ Capabilities: INTERNET&NOT_RESTRICTED&TRUSTED] ]
03-27 21:46:27.408  1666  3578 D ActivityManager: cleanUpApplicationRecord -- 5478
03-27 21:46:27.431  1666  3577 I ActivityManager: Force stopping com.google.android.partnersetup appid=10018 user=0: from pid 6181
03-27 21:46:27.436  1666  3577 I ActivityManager: Killing 5718:com.google.android.partnersetup/u0a18 (adj 900): stop com.google.android.partnersetup
03-27 21:46:27.436  1666  3577 D ActivityManager: cleanUpApplicationRecord -- 5718
03-27 21:46:27.490  1666  2969 I ActivityManager: Force stopping com.coloros.securepay appid=1000 user=0: from pid 6181
03-27 21:46:27.491  1666  2969 I ActivityManager: Killing 5564:com.coloros.securepay/1000 (adj 900): stop com.coloros.securepay
03-27 21:46:27.492  1666  2969 D ActivityManager: cleanUpApplicationRecord -- 5564
03-27 21:46:27.525  1666  3578 I ActivityManager: Force stopping com.oppo.market appid=10086 user=0: from pid 6181
03-27 21:46:27.526  1666  3578 I ActivityManager: Killing 3671:com.oppo.market/u0a86 (adj 800): stop com.oppo.market
03-27 21:46:27.526  1666  3578 D ActivityManager: cleanUpApplicationRecord -- 3671
03-27 21:46:27.563  1666  2982 I ActivityManager: Force stopping com.nearme.themespace appid=10028 user=0: from pid 6181
03-27 21:46:27.564  1666  2982 I ActivityManager: Killing 5740:com.nearme.themespace/u0a28 (adj 900): stop com.nearme.themespace
03-27 21:46:27.564  1666  2982 D ActivityManager: cleanUpApplicationRecord -- 5740
03-27 21:46:27.604  1666  3577 I ActivityManager: Force stopping com.nearme.sync appid=10098 user=0: from pid 6181
03-27 21:46:27.605  1666  3577 I ActivityManager: Killing 3775:com.nearme.sync/u0a98 (adj 800): stop com.nearme.sync
03-27 21:46:27.605  1666  3577 D ActivityManager: cleanUpApplicationRecord -- 3775
03-27 21:46:27.608  1666  3577 I ActivityManager:   Force stopping service ServiceRecord{7b78bc9 u0 com.nearme.sync/.services.AutoSyncService}
03-27 21:46:27.630  1666  3585 I PackageSettings: skip set stop state for gamecenter
03-27 21:46:27.630  1666  3585 I ActivityManager: Force stopping com.nearme.gamecenter appid=10062 user=0: from pid 6181
03-27 21:46:27.631  1666  3585 I ActivityManager: Killing 3638:com.nearme.gamecenter/u0a62 (adj 800): stop com.nearme.gamecenter
03-27 21:46:27.631  1666  3585 D ActivityManager: cleanUpApplicationRecord -- 3638
03-27 21:46:27.652  1666  3578 I ActivityManager: Force stopping com.daemon.shelper appid=1000 user=0: from pid 6181
03-27 21:46:27.653  1666  3578 I ActivityManager: Killing 5597:com.daemon.shelper/1000 (adj 900): stop com.daemon.shelper
03-27 21:46:27.654  1666  3578 D ActivityManager: cleanUpApplicationRecord -- 5597
03-27 21:46:27.678  1666  1691 I ActivityManager: Force stopping com.coloros.simsettings appid=1000 user=0: from pid 6181
03-27 21:46:27.679  1666  1691 I ActivityManager: Killing 7019:com.coloros.simsettings/1000 (adj 100): stop com.coloros.simsettings
03-27 21:46:27.679  1666  1691 D ActivityManager: cleanUpApplicationRecord -- 7019
03-27 21:46:27.682  1666  1691 I ActivityManager:   Force stopping service ServiceRecord{f287f9b u0 com.coloros.simsettings/com.coloros.datamonitor.service.DataUsageService}
03-27 21:46:27.682  1666  1691 I ActivityManager:   Force stopping service ServiceRecord{6714408 u0 com.coloros.simsettings/.ColorAppServicesManagerClient}
03-27 21:46:27.703  1666  2896 I ActivityManager: Force stopping com.coloros.weather appid=10114 user=0: from pid 6181
03-27 21:46:27.704  1666  2896 I ActivityManager: Killing 5578:com.coloros.weather/u0a114 (adj 900): stop com.coloros.weather
03-27 21:46:27.704  1666  2896 D ActivityManager: cleanUpApplicationRecord -- 5578
03-27 21:46:27.728  1666  2925 I ActivityManager: Force stopping com.coloros.securitypermission appid=1000 user=0: from pid 6181
03-27 21:46:27.729  1666  2925 I ActivityManager: Killing 7635:com.coloros.securitypermission/1000 (adj 0): stop com.coloros.securitypermission
03-27 21:46:27.729  1666  2925 D ActivityManager: cleanUpApplicationRecord -- 7635
03-27 21:46:27.730  1666  1666 I ActivityThread: Removing dead content provider:android.content.ContentProviderProxy@d43e333
03-27 21:46:27.731 31622 31622 I ActivityThread: Removing dead content provider:android.content.ContentProviderProxy@6f26c19
03-27 21:46:27.731  5462  5462 I ActivityThread: Removing dead content provider:android.content.ContentProviderProxy@2b2b6bd
03-27 21:46:27.735  1666  2925 I ActivityManager:   Force stopping service ServiceRecord{db96ddc u0 com.coloros.securitypermission/.permission.PermissionProtectService}
03-27 21:46:27.770  1666  3577 I ActivityManager: Force stopping com.coloros.notificationmanager appid=1000 user=0: from pid 6181
03-27 21:46:27.771  1666  3577 I ActivityManager: Killing 7455:com.coloros.notificationmanager/1000 (adj 0): stop com.coloros.notificationmanager
03-27 21:46:27.771  1666  3577 D ActivityManager: cleanUpApplicationRecord -- 7455
03-27 21:46:27.773  7430  7430 I ActivityThread: Removing dead content provider:android.content.ContentProviderProxy@b54d9ef
03-27 21:46:27.810  1666  2747 I ActivityManager: Process com.coloros.gamespace (pid 5521) has died
03-27 21:46:27.811  1666  2747 D ActivityManager: cleanUpApplicationRecord -- 5521
03-27 21:46:27.822  1666  3577 I ActivityManager: Force stopping com.android.contacts appid=10003 user=0: from pid 6181
03-27 21:46:27.823  1666  3577 I ActivityManager: Killing 3240:android.process.contacts/u0a3 (adj 800): stop com.android.contacts
03-27 21:46:27.824  1666  3577 D ActivityManager: cleanUpApplicationRecord -- 3240
03-27 21:46:27.826  1666  3577 I ActivityManager:   Force stopping service ServiceRecord{f709c1e u0 com.android.contacts/com.oppo.contacts.OppoQuerySimContactsService}
03-27 21:46:27.851  1666  1760 I ActivityManager: Force stopping com.facebook.system appid=10043 user=0: from pid 6181
03-27 21:46:27.852  1666  1760 I ActivityManager: Killing 5701:com.facebook.system/u0a43 (adj 902): stop com.facebook.system
03-27 21:46:27.853  1666  1760 D ActivityManager: cleanUpApplicationRecord -- 5701
03-27 21:46:27.875  1666  1690 I ActivityManager: Force stopping com.coloros.providers.fileinfo appid=10071 user=0: from pid 6181
03-27 21:46:27.875  1666  1690 I ActivityManager: Killing 5535:com.coloros.providers.fileinfo/u0a71 (adj 902): stop com.coloros.providers.fileinfo
03-27 21:46:27.876  1666  1690 D ActivityManager: cleanUpApplicationRecord -- 5535
03-27 21:46:27.927  1666  3599 I ActivityManager: Force stopping com.android.settings appid=1000 user=0: from pid 6181
03-27 21:46:27.927  1666  3599 I ActivityManager: Killing 5462:com.android.settings/1000 (adj 904): stop com.android.settings
03-27 21:46:27.928  1666  3599 D ActivityManager: cleanUpApplicationRecord -- 5462
03-27 21:46:28.017  1666  2896 I ActivityManager: Force stopping com.coloros.exserviceui appid=1000 user=0: from pid 6181
03-27 21:46:28.019  1666  2896 I ActivityManager: Killing 7006:com.coloros.exserviceui/1000 (adj 100): stop com.coloros.exserviceui
03-27 21:46:28.020  1666  2896 D ActivityManager: cleanUpApplicationRecord -- 7006
03-27 21:46:28.023  1666  2896 I ActivityManager:   Force stopping service ServiceRecord{a62d5ab u0 com.coloros.exserviceui/.ColorAppServicesManagerClient}
03-27 21:46:28.023  1666  2896 I ActivityManager:   Force stopping service ServiceRecord{84dcdc6 u0 com.coloros.exserviceui/.OppoDragWindowService}
03-27 21:46:28.024  1666  2896 I ActivityManager:   Force stopping service ServiceRecord{72497a1 u0 com.coloros.exserviceui/.OppoThreePointersShotService}
03-27 21:46:28.041  1666 31900 I WindowManager: WIN DEATH: Window{3c4b305 u0 Oppo Drag Foreground View}
03-27 21:46:28.047  1666  1756 V WindowManager: reevaluateVisibility focusApp:AppWindowToken{d3f5ea token=Token{4b63e8c ActivityRecord{ef4d7bf u0 com.projekt_x.studybuddy/.MainActivity t68}}}
03-27 21:46:28.047  1666  2987 I ActivityManager: Force stopping com.google.android.ext.services appid=10015 user=0: from pid 6181
03-27 21:46:28.049  1666  2987 I ActivityManager: Killing 6992:com.google.android.ext.services/u0a15 (adj 100): stop com.google.android.ext.services
03-27 21:46:28.049  1666  2987 D ActivityManager: cleanUpApplicationRecord -- 6992
03-27 21:46:28.051  1666  2987 I ActivityManager:   Force stopping service ServiceRecord{b9eceee u0 com.google.android.ext.services/android.ext.services.notification.Ranker}
03-27 21:46:28.052  1666  1666 V NotificationRankers: notification ranker service connection lost: ComponentInfo{com.google.android.ext.services/android.ext.services.notification.Ranker}
03-27 21:46:28.087  1666  1666 I ActivityManager: Start proc 6214:com.google.android.ext.services/u0a15 for service com.google.android.ext.services/android.ext.services.notification.Ranker
03-27 21:46:28.091  1666  3600 D ActivityManager: forceTrimMemory skip protect name=com.projekt_x.studybuddy
03-27 21:46:28.091  1666  3600 D ActivityManager: forceTrimMemory skip protect name=com.oppo.launcher
03-27 21:46:28.093  1666  3600 D ActivityManager: forceTrimMemory() level = 80, result = 0
03-27 21:46:28.221  1666  1760 I ActivityManager: Start proc 6228:com.coloros.simsettings/1000 for service com.coloros.simsettings/.ColorAppServicesManagerClient
03-27 21:46:28.556  1666  2925 I ActivityManager: Start proc 6244:com.coloros.exserviceui/1000 for service com.coloros.exserviceui/.ColorAppServicesManagerClient
03-27 21:46:28.604  1666  2969 I ActivityManager: Force stopping com.coloros.oppomorningsystem appid=1000 user=0: from pid 6181
03-27 21:46:28.604  1666  2969 I ActivityManager: Killing 6181:com.coloros.oppomorningsystem/1000 (adj 500): stop com.coloros.oppomorningsystem
03-27 21:46:28.605  1666  2969 D ActivityManager: cleanUpApplicationRecord -- 6181
03-27 21:46:28.768  1666  1756 V WindowManager: reevaluateVisibility focusApp:AppWindowToken{d3f5ea token=Token{4b63e8c ActivityRecord{ef4d7bf u0 com.projekt_x.studybuddy/.MainActivity t68}}}
03-27 21:46:29.265  1666  1666 I ActivityManager: Start proc 6274:com.android.vending/u0a44 for service com.android.vending/com.google.android.finsky.scheduler.process.mainimpl.PhoneskyJobServiceMain
03-27 21:46:30.401  1666  3585 I ActivityManager: Start proc 6379:com.android.vending:background/u0a44 for service com.android.vending/com.google.frameworks.client.data.android.server.play.BackgroundProcessEndpointService
03-27 21:46:31.062  1666  3599 D ConnectivityService: requestNetwork for uid/pid:10044/6379 NetworkRequest [ TRACK_DEFAULT id=368, [ Capabilities: INTERNET&NOT_RESTRICTED&TRUSTED&NOT_VPN] ]
03-27 21:46:41.137  1666  3597 D ConnectivityService: requestNetwork for uid/pid:10044/6379 NetworkRequest [ TRACK_DEFAULT id=369, [ Capabilities: INTERNET&NOT_RESTRICTED&TRUSTED&NOT_VPN] ]
03-27 21:47:07.700  1666  1901 D FingerprintHook: onWakeUp
03-27 21:47:07.702  1666  1901 D FaceHook: onWakeUp
03-27 21:47:07.705  1666  1901 I PowerManagerService: Waking up from sleep (uid 1000)...
03-27 21:47:07.706  1666  1786 I DisplayPowerController: Blocking screen on until initial contents have been drawn.
03-27 21:47:07.709  1666  1756 I DisplayManagerService: Display device changed state: "Built-in Screen", ON
03-27 21:47:07.710  1666  1666 I BatteryService: action received : android.intent.action.SCREEN_ON
03-27 21:47:07.724  1666  3600 I StatusBarManagerService: disable, what:16777216, pkg:com.android.keyguard
03-27 21:47:07.805  1666  1756 V WindowManager: reevaluateVisibility focusApp:AppWindowToken{d3f5ea token=Token{4b63e8c ActivityRecord{ef4d7bf u0 com.projekt_x.studybuddy/.MainActivity t68}}}
03-27 21:47:07.820  1666  1756 I WindowManager: >>> OPEN TRANSACTION animateLocked skip
03-27 21:47:07.823  1666  1722 I ActivityManager: Start proc 6708:com.coloros.weather/u0a114 for broadcast com.coloros.weather/.receiver.ExternalUpdateWeatherReceiver
03-27 21:47:07.867  1666  1722 I ActivityManager: Start proc 6723:com.coloros.weather.service/u0a115 for broadcast com.coloros.weather.service/com.coloros.weather.receiver.ExternalUpdateWeatherReceiver
03-27 21:47:07.882  1666  1756 V WindowManager: reevaluateVisibility focusApp:AppWindowToken{d3f5ea token=Token{4b63e8c ActivityRecord{ef4d7bf u0 com.projekt_x.studybuddy/.MainActivity t68}}}
03-27 21:47:07.883  1666  1756 V WindowManager: reevaluateVisibility focusApp:AppWindowToken{d3f5ea token=Token{4b63e8c ActivityRecord{ef4d7bf u0 com.projekt_x.studybuddy/.MainActivity t68}}}
03-27 21:47:07.906  1666  1893 D DisplayPowerController: ScreenOnUnblocker, onScreenOn
03-27 21:47:07.906  1666  1786 I DisplayPowerController: Unblocked screen on after 200 ms
03-27 21:47:07.907  1666  1786 D FingerprintHook: onWakeUpFinish
03-27 21:47:07.908  1666  1786 D FaceHook: onWakeUpFinish
03-27 21:47:08.699  1666  1691 I StatusBarManagerService: disable, what:16777216, pkg:com.android.keyguard
03-27 21:47:09.089  1666  3599 I StatusBarManagerService: disable, what:16777216, pkg:com.android.keyguard
03-27 21:47:09.202  1666 31900 I ActivityManager: OifaceUtil cann't get currentPackage
03-27 21:47:09.209  1666 31900 I StatusBarManagerService: disable, what:0, pkg:com.android.keyguard
03-27 21:47:09.222  1666  1756 V WindowManager: reevaluateVisibility focusApp:AppWindowToken{d3f5ea token=Token{4b63e8c ActivityRecord{ef4d7bf u0 com.projekt_x.studybuddy/.MainActivity t68}}}
03-27 21:47:09.225  1666  1756 V WindowManager: reevaluateVisibility focusApp:AppWindowToken{d3f5ea token=Token{4b63e8c ActivityRecord{ef4d7bf u0 com.projekt_x.studybuddy/.MainActivity t68}}}
03-27 21:47:09.245  1666  1666 V NotificationListeners: disabling notification listener for user 0: ComponentInfo{com.coloros.keyguard.notification/com.coloros.keyguard.notification.KeyguardNotificationListener}
03-27 21:47:09.246  1666  1722 V OppoBroadcastManager: sikp broadcast for proc does not exist, pkg:com.android.chrome, action:android.intent.action.USER_PRESENT
03-27 21:47:09.249  1666  2747 W ActivityManager: Skipping broadcast of Intent { act=android.intent.action.USER_PRESENT flg=0x24000010 }: user 999 is stopped
03-27 21:47:09.283  1666  1760 V WindowManager: Changing focus from Window{ce879ee u0 Keyguard} to Window{25c8443 u0 com.projekt_x.studybuddy/com.projekt_x.studybuddy.MainActivity}
03-27 21:47:09.286  1666  1756 V WindowManager: reevaluateVisibility focusApp:AppWindowToken{d3f5ea token=Token{4b63e8c ActivityRecord{ef4d7bf u0 com.projekt_x.studybuddy/.MainActivity t68}}}
03-27 21:47:09.301  1666  1756 V WindowManager: reevaluateVisibility focusApp:AppWindowToken{d3f5ea token=Token{4b63e8c ActivityRecord{ef4d7bf u0 com.projekt_x.studybuddy/.MainActivity t68}}}
03-27 21:47:09.318  1666  1756 V WindowManager: reevaluateVisibility focusApp:AppWindowToken{d3f5ea token=Token{4b63e8c ActivityRecord{ef4d7bf u0 com.projekt_x.studybuddy/.MainActivity t68}}}
03-27 21:47:10.235  1666  3599 I ActivityManager: Start proc 6759:com.coloros.weather.service:remote/u0a115 for service com.coloros.weather.service/com.baidu.location.f
03-27 21:47:11.341  1666  2931 I WindowManager: WIN DEATH: Window{ce879ee u0 Keyguard}
03-27 21:47:11.341  1666  3584 I ActivityManager: Process com.android.keyguard (pid 7430) has died
03-27 21:47:11.342  1666  3584 D ActivityManager: cleanUpApplicationRecord -- 7430
03-27 21:47:11.345  1666  1756 V WindowManager: reevaluateVisibility focusApp:AppWindowToken{d3f5ea token=Token{4b63e8c ActivityRecord{ef4d7bf u0 com.projekt_x.studybuddy/.MainActivity t68}}}
03-27 21:47:11.346  1666  3584 W ActivityManager: Re-adding persistent process ProcessRecord{59333b5 7430:com.android.keyguard/u0a22}
03-27 21:47:11.367  1666  3584 I ActivityManager: Start proc 6784:com.android.keyguard/u0a22 for restart com.android.keyguard
03-27 21:47:11.385  1666  2925 I ActivityManager: attachApplicationLocked for proc:com.android.keyguard with pid:6784
03-27 21:47:11.579  6784  6784 V FingerprintManager: FingerprintManagerService was null
03-27 21:47:11.669  1666  1666 V NotificationListeners: enabling notification listener for 0: ComponentInfo{com.coloros.keyguard.notification/com.coloros.keyguard.notification.KeyguardNotificationListener}
03-27 21:47:11.755  1666  1756 V WindowManager: reevaluateVisibility focusApp:AppWindowToken{d3f5ea token=Token{4b63e8c ActivityRecord{ef4d7bf u0 com.projekt_x.studybuddy/.MainActivity t68}}}
03-27 21:47:11.778  1666  2931 I ActivityManager: Start proc 6811:com.coloros.notificationmanager/1000 for content provider com.coloros.notificationmanager/.PowerProvider
03-27 21:47:11.892  1666  2533 D ActivityManager: getContentProviderImpl, cpr:ContentProviderRecord{67419b6 u0 com.coloros.safecenter/.common.provider.SafeProvider}, name:com.color.provider.SafeProvider
03-27 21:47:11.892  1666  2533 D ActivityManager: getContentProviderImpl 02, cpr:ContentProviderRecord{67419b6 u0 com.coloros.safecenter/.common.provider.SafeProvider}
03-27 21:47:20.111  1666  3584 I ActivityManager: Start proc 6843:com.google.android.tts/u0a87 for service com.google.android.tts/.service.GoogleTTSService
03-27 21:47:21.177  1666  2050 I ActivityManager: Start proc 6877:com.coloros.securitypermission/1000 for content provider com.coloros.securitypermission/.common.provider.PermissionProvider
03-27 21:47:24.412  1666  1666 I ActivityManager: Start proc 6902:com.coloros.mcs:dcs/1000 for service com.coloros.mcs/.statistics.upload.UploadJobService
03-27 21:47:48.819  1666  1717 I UsageStatsService: User[0] Flushing usage stats to disk
03-27 21:47:58.508  1666  2925 D ConnectivityService: ConnectivityService NetworkRequestInfo binderDied(NetworkRequest [ TRACK_DEFAULT id=364, [ Capabilities: INTERNET&NOT_RESTRICTED&TRUSTED&NOT_VPN] ], android.os.BinderProxy@8f7ac1a)
03-27 21:47:58.508  1666  3577 D ConnectivityService: ConnectivityService NetworkRequestInfo binderDied(NetworkRequest [ LISTEN id=365, [ Capabilities: INTERNET&NOT_RESTRICTED&TRUSTED] ], android.os.BinderProxy@e00634b)
03-27 21:47:58.509  1666  1760 I ActivityManager: Process com.google.android.googlequicksearchbox:search (pid 5643) has died
03-27 21:47:58.510  1666  1760 D ActivityManager: cleanUpApplicationRecord -- 5643
03-27 21:47:58.514  1666  1971 E ConnectivityService: RemoteException caught trying to send a callback msg for NetworkRequest [ LISTEN id=365, [ Capabilities: INTERNET&NOT_RESTRICTED&TRUSTED] ]
03-27 21:47:58.514  1666  1971 D ConnectivityService: releasing NetworkRequest [ TRACK_DEFAULT id=364, [ Capabilities: INTERNET&NOT_RESTRICTED&TRUSTED&NOT_VPN] ]
03-27 21:47:58.518  1666  1971 E ConnectivityService: RemoteException caught trying to send a callback msg for NetworkRequest [ TRACK_DEFAULT id=364, [ Capabilities: INTERNET&NOT_RESTRICTED&TRUSTED&NOT_VPN] ]
03-27 21:48:00.043  1666  3598 I ActivityManager: Process android.process.acore (pid 5447) has died
03-27 21:48:00.044  1666  3598 D ActivityManager: cleanUpApplicationRecord -- 5447
03-27 21:48:00.083  1666  3600 I ActivityManager: Process com.coloros.safecenter:task (pid 5681) has died
03-27 21:48:00.083  1666  3600 D ActivityManager: cleanUpApplicationRecord -- 5681
03-27 21:53:16.787  1666  2955 D ConnectivityService: ConnectivityService NetworkRequestInfo binderDied(NetworkRequest [ LISTEN id=367, [ Capabilities: INTERNET&NOT_RESTRICTED&TRUSTED] ], android.os.BinderProxy@d173f7a)
03-27 21:53:16.787  1666  2533 I ActivityManager: Process com.android.vending (pid 6274) has died
03-27 21:53:16.788  1666  2533 D ActivityManager: cleanUpApplicationRecord -- 6274
03-27 21:53:16.788  1666  1971 E ConnectivityService: RemoteException caught trying to send a callback msg for NetworkRequest [ LISTEN id=367, [ Capabilities: INTERNET&NOT_RESTRICTED&TRUSTED] ]
03-27 21:53:16.909  1666  3584 D ConnectivityService: ConnectivityService NetworkRequestInfo binderDied(NetworkRequest [ TRACK_DEFAULT id=369, [ Capabilities: INTERNET&NOT_RESTRICTED&TRUSTED&NOT_VPN] ], android.os.BinderProxy@a99632b)
03-27 21:53:16.909  1666 31900 D ConnectivityService: ConnectivityService NetworkRequestInfo binderDied(NetworkRequest [ TRACK_DEFAULT id=368, [ Capabilities: INTERNET&NOT_RESTRICTED&TRUSTED&NOT_VPN] ], android.os.BinderProxy@dc88388)
03-27 21:53:16.909  1666  1971 D ConnectivityService: releasing NetworkRequest [ TRACK_DEFAULT id=369, [ Capabilities: INTERNET&NOT_RESTRICTED&TRUSTED&NOT_VPN] ]
03-27 21:53:16.909  1666  1760 I ActivityManager: Process com.android.vending:background (pid 6379) has died
03-27 21:53:16.910  1666  1760 D ActivityManager: cleanUpApplicationRecord -- 6379
03-27 21:53:16.911  1666  1971 E ConnectivityService: RemoteException caught trying to send a callback msg for NetworkRequest [ TRACK_DEFAULT id=369, [ Capabilities: INTERNET&NOT_RESTRICTED&TRUSTED&NOT_VPN] ]
03-27 21:53:16.911  1666  1971 D ConnectivityService: releasing NetworkRequest [ TRACK_DEFAULT id=368, [ Capabilities: INTERNET&NOT_RESTRICTED&TRUSTED&NOT_VPN] ]
03-27 21:53:16.913  1666  1971 E ConnectivityService: RemoteException caught trying to send a callback msg for NetworkRequest [ TRACK_DEFAULT id=368, [ Capabilities: INTERNET&NOT_RESTRICTED&TRUSTED&NOT_VPN] ]
03-27 21:55:09.411  1666  2982 I ActivityManager: Process com.android.defcontainer (pid 3141) has died
03-27 21:55:09.412  1666  2982 D ActivityManager: cleanUpApplicationRecord -- 3141
03-27 21:55:24.468  1666  1803 D PackageManager: installStage send adb install pkg:com.projekt_x.studybuddy   path: /data/app/vmdl1045215326.tmp/base.apk
03-27 21:55:24.468  1666  1803 D PackageManager: installStage com.projekt_x.studybuddy, dir=/data/app/vmdl1045215326.tmp, installerPackageName=pc, installerUid=2000, full=false
03-27 21:55:24.491  1666  1792 I ActivityManager: Start proc 7363:com.android.defcontainer/u0a9 for service com.android.defcontainer/.DefaultContainerService
03-27 21:55:28.002  1666  2987 I ActivityManager: Process com.coloros.weather.service (pid 6723) has died
03-27 21:55:28.002  1666  2987 D ActivityManager: cleanUpApplicationRecord -- 6723
03-27 21:55:28.027  1666  3576 I ActivityManager: Process com.coloros.weather.service:remote (pid 6759) has died
03-27 21:55:28.027  1666  3576 D ActivityManager: cleanUpApplicationRecord -- 6759
03-27 21:55:28.057  1666  2533 I ActivityManager: Process com.coloros.weather (pid 6708) has died
03-27 21:55:28.057  1666  2533 D ActivityManager: cleanUpApplicationRecord -- 6708
03-27 21:55:31.044  1666  1718 I ActivityManager: Force stopping com.projekt_x.studybuddy appid=10287 user=-1: installPackageLI
03-27 21:55:31.465  1666  1718 I ActivityManager: Killing 5775:com.projekt_x.studybuddy/u0a287 (adj 0): stop com.projekt_x.studybuddy
03-27 21:55:31.465  1666  1718 D ActivityManager: cleanUpApplicationRecord -- 5775
03-27 21:55:31.469  1666  1718 W ActivityManager: Force removing ActivityRecord{ef4d7bf u0 com.projekt_x.studybuddy/.MainActivity t68}: app died, no saved state
03-27 21:55:31.470  1666  1718 V WindowManager: Changing focus from Window{25c8443 u0 com.projekt_x.studybuddy/com.projekt_x.studybuddy.MainActivity} to null
03-27 21:55:31.472  1666  1792 I PackageManager: Package com.projekt_x.studybuddy codePath changed from /data/app/com.projekt_x.studybuddy-1 to /data/app/com.projekt_x.studybuddy-2; Retaining data and using new
03-27 21:55:31.477  1666  1792 W PackageManager: Code path for com.projekt_x.studybuddy changing from /data/app/com.projekt_x.studybuddy-1 to /data/app/com.projekt_x.studybuddy-2
03-27 21:55:31.477  1666  1792 W PackageManager: Resource path for com.projekt_x.studybuddy changing from /data/app/com.projekt_x.studybuddy-1 to /data/app/com.projekt_x.studybuddy-2
03-27 21:55:31.481  1666  1718 W WindowManager: CHECK_FOCUS_WINDOW_ERROR_MSG start check
03-27 21:55:31.491  1666  1756 V WindowManager: reevaluateVisibility focusApp:AppWindowToken{d068140 token=Token{6ef6872 ActivityRecord{42e817d u0 com.oppo.launcher/.Launcher t2}}}
03-27 21:55:31.692  1666  1723 E libprocessgroup: failed to kill 1 processes for processgroup 5775
03-27 21:55:31.894  1666  1792 I PackageManager: Un-granting permission android.permission.INSTALL_PACKAGES from package com.nearme.deamon (protectionLevel=18 flags=0x38883e45)
03-27 21:55:31.894  1666  1792 I PackageManager: Un-granting permission android.permission.DELETE_PACKAGES from package com.nearme.deamon (protectionLevel=18 flags=0x38883e45)
03-27 21:55:32.291  1666  1718 D ActivityManager: zjm TOP_APP is ProcessRecord{2780c83 3020:com.oppo.launcher/u0a28} uid is 10028
03-27 21:55:32.306  1666  1718 I ActivityManager: OifaceUtil cann't get currentPackage
03-27 21:55:32.345  1666  3577 D ActivityManager: bringUpService for proc:com.coloros.safecenter, isolated:false
03-27 21:55:32.360  1666  1756 V WindowManager: reevaluateVisibility focusApp:AppWindowToken{d068140 token=Token{6ef6872 ActivityRecord{42e817d u0 com.oppo.launcher/.Launcher t2}}}
03-27 21:55:32.382  1666  1756 V WindowManager: reevaluateVisibility focusApp:AppWindowToken{d068140 token=Token{6ef6872 ActivityRecord{42e817d u0 com.oppo.launcher/.Launcher t2}}}
03-27 21:55:32.416  1666  1691 V WindowManager: Changing focus from null to Window{a0ebd55 u0 com.oppo.launcher/com.oppo.launcher.Launcher}
03-27 21:55:32.421  1666  1756 V WindowManager: reevaluateVisibility focusApp:AppWindowToken{d068140 token=Token{6ef6872 ActivityRecord{42e817d u0 com.oppo.launcher/.Launcher t2}}}
03-27 21:55:32.490  1666  1756 V WindowManager: reevaluateVisibility focusApp:AppWindowToken{d068140 token=Token{6ef6872 ActivityRecord{42e817d u0 com.oppo.launcher/.Launcher t2}}}
03-27 21:55:32.493  1666  1756 V WindowManager: reevaluateVisibility focusApp:AppWindowToken{d068140 token=Token{6ef6872 ActivityRecord{42e817d u0 com.oppo.launcher/.Launcher t2}}}
03-27 21:55:32.502  1666  1756 V WindowManager: reevaluateVisibility focusApp:AppWindowToken{d068140 token=Token{6ef6872 ActivityRecord{42e817d u0 com.oppo.launcher/.Launcher t2}}}
03-27 21:55:32.596  1666  1792 D ColorPackageManager: addPkgToNotLaunchedList com.projekt_x.studybuddy
03-27 21:55:32.601  1666  1792 I ActivityManager: Force stopping com.projekt_x.studybuddy appid=10287 user=0: pkg removed
03-27 21:55:32.643  1666  1722 I ActivityManager: Start proc 7394:com.android.keychain/1000 for broadcast com.android.keychain/.KeyChainBroadcastReceiver
03-27 21:55:32.739  1666  1722 I ActivityManager: Start proc 7408:android.process.acore/u0a3 for broadcast com.android.providers.contacts/.PackageIntentReceiver
03-27 21:55:32.741  1666  1756 V WindowManager: reevaluateVisibility focusApp:AppWindowToken{d068140 token=Token{6ef6872 ActivityRecord{42e817d u0 com.oppo.launcher/.Launcher t2}}}
03-27 21:55:32.743  1666  1756 V WindowManager: reevaluateVisibility focusApp:AppWindowToken{d068140 token=Token{6ef6872 ActivityRecord{42e817d u0 com.oppo.launcher/.Launcher t2}}}
03-27 21:55:32.757  1666  1792 D ColorPackageManager: mIconCacheMaxNum:0,mIconCacheMinMemory:0.0
03-27 21:55:32.916  1666  1722 I ActivityManager: Start proc 7422:com.android.settings/1000 for broadcast com.android.settings/.location.GPSAppAddRemovedReceiver
03-27 21:55:32.946  1666  1722 I ActivityManager: Start proc 7436:com.android.vending/u0a44 for broadcast com.android.vending/com.google.android.finsky.packagemonitor.impl.PackageMonitorReceiverImpl$RegisteredReceiver
03-27 21:55:32.974  1666  1722 I ActivityManager: Start proc 7450:com.android.vending:background/u0a44 for broadcast com.android.vending/com.google.android.finsky.packagemonitor.backgroundimpl.BackgroundPackageMonitorReceiverImpl$RegisteredReceiver
03-27 21:55:33.001  1666  1722 I ActivityManager: Start proc 7464:com.coloros.childrenspace/1000 for broadcast com.coloros.childrenspace/.controller.ChildrenReceiver
03-27 21:55:33.028  1666  1722 I ActivityManager: Start proc 7478:com.coloros.gamespace/1000 for broadcast com.coloros.gamespace/.receiver.AppListUpdateReceiver
03-27 21:55:33.064  1666  1722 I ActivityManager: Start proc 7492:com.coloros.providers.fileinfo/u0a71 for broadcast com.coloros.providers.fileinfo/.receiver.DataUpdaterReceiver
03-27 21:55:33.102  1666  1722 I ActivityManager: Start proc 7506:com.coloros.securepay/1000 for broadcast com.coloros.securepay/.SecurePayReceiver
03-27 21:55:33.132  1666  1722 I ActivityManager: Start proc 7520:com.coloros.weather/u0a114 for broadcast com.coloros.weather/.receiver.WeatherUIAppChangedReceiver
03-27 21:55:33.161  1666  1722 I ActivityManager: Start proc 7534:com.coloros.weather.service/u0a115 for broadcast com.coloros.weather.service/com.coloros.weather.receiver.WeatherUIAppChangedReceiver
03-27 21:55:33.191  1666  1722 I ActivityManager: Start proc 7548:com.daemon.shelper/1000 for broadcast com.daemon.shelper/.wechat.MonoitoringRecevier
03-27 21:55:33.226  1666  1722 I ActivityManager: Start proc 7562:com.facebook.appmanager/u0a143 for broadcast com.facebook.appmanager/com.facebook.oxygen.appmanager.common.packages.PackageEventReceiver
03-27 21:55:33.256  1666  1722 I ActivityManager: Start proc 7576:com.google.android.apps.maps/u0a132 for broadcast com.google.android.apps.maps/com.google.android.libraries.social.peoplekit.thirdparty.viewcontrollers.ThirdPartyReceiver
03-27 21:55:33.289  1666  1722 I ActivityManager: Start proc 7590:com.google.android.googlequicksearchbox:search/u0a45 for broadcast com.google.android.googlequicksearchbox/com.google.android.apps.gsa.googlequicksearchbox.GelStubAppWatcher
03-27 21:55:33.318  1666  1722 I ActivityManager: Start proc 7604:com.nearme.gamecenter/u0a62 for broadcast com.nearme.gamecenter/a.a.a.alq
03-27 21:55:33.350  1666  1722 I ActivityManager: Start proc 7618:com.oppo.market/u0a86 for broadcast com.oppo.market/a.a.a.yh
03-27 21:55:33.352  1666  2896 D ActivityManager: bringUpService for proc:com.coloros.safecenter, isolated:false
03-27 21:55:33.358  1666  3585 D ActivityManager: bringUpService for proc:com.coloros.safecenter, isolated:false
03-27 21:55:33.377  1666  3576 D ActivityManager: bringUpService for proc:com.coloros.safecenter:task, isolated:false
03-27 21:55:33.394  1666  3576 I ActivityManager: Start proc 7634:com.coloros.safecenter:task/1000 for service com.coloros.safecenter/.virusdetect.service.VirusScanService
03-27 21:55:33.448  1666  1722 I ActivityManager: Start proc 7651:com.facebook.system/u0a43 for broadcast com.facebook.system/com.facebook.oxygen.installer.service.PackageReceiver
03-27 21:55:33.485  1666  1722 I ActivityManager: Start proc 7665:com.google.android.partnersetup/u0a18 for broadcast com.google.android.partnersetup/.RlzPingBroadcastReceiver
03-27 21:55:33.526  1666  1722 I ActivityManager: Start proc 7685:android.process.contacts/u0a3 for broadcast com.android.contacts/com.oppo.contacts.yellowpage.YellowpageUpgradeReceiver
03-27 21:55:33.589  1666  1722 I ActivityManager: Start proc 7699:com.nearme.sync/u0a98 for broadcast com.nearme.sync/.receivers.StartupBroadcastReceiver
03-27 21:55:33.618  1666  1722 I ActivityManager: Start proc 7713:com.nearme.themespace/u0a28 for broadcast com.nearme.themespace/.receiver.ThemeReceiver
03-27 21:55:34.103  1666  2969 D ActivityManager: getContentProviderImpl, cpr:ContentProviderRecord{67419b6 u0 com.coloros.safecenter/.common.provider.SafeProvider}, name:com.color.provider.SafeProvider
03-27 21:55:34.103  1666  2969 D ActivityManager: getContentProviderImpl 02, cpr:ContentProviderRecord{67419b6 u0 com.coloros.safecenter/.common.provider.SafeProvider}
03-27 21:55:34.354  1666  3576 D ColorPackageManager: removePkgFromNotLaunchedList com.projekt_x.studybuddy
03-27 21:55:34.356  1666  3576 I ActivityManager: START u0 {flg=0x10000000 cmp=com.projekt_x.studybuddy/.MainActivity} from uid 2000 and from pid 7392 on display 0
03-27 21:55:34.374  1666  3576 V WindowManager: Changing focus from Window{a0ebd55 u0 com.oppo.launcher/com.oppo.launcher.Launcher} to null
03-27 21:55:34.377  1666  3576 W WindowManager: CHECK_FOCUS_WINDOW_ERROR_MSG start check
03-27 21:55:34.506  1666  1756 V WindowManager: reevaluateVisibility focusApp:AppWindowToken{932cf68 token=Token{adaf05a ActivityRecord{c851805 u0 com.projekt_x.studybuddy/.MainActivity t69}}}
03-27 21:55:34.507  1666  1756 V WindowManager: reevaluateVisibility focusApp:AppWindowToken{932cf68 token=Token{adaf05a ActivityRecord{c851805 u0 com.projekt_x.studybuddy/.MainActivity t69}}}
03-27 21:55:34.508  1666  2748 I ActivityManager: Start proc 7810:com.projekt_x.studybuddy/u0a287 for activity com.projekt_x.studybuddy/.MainActivity
03-27 21:55:34.527  1666  1756 V WindowManager: reevaluateVisibility focusApp:AppWindowToken{932cf68 token=Token{adaf05a ActivityRecord{c851805 u0 com.projekt_x.studybuddy/.MainActivity t69}}}
03-27 21:55:34.533  1666  1756 V WindowManager: reevaluateVisibility focusApp:AppWindowToken{932cf68 token=Token{adaf05a ActivityRecord{c851805 u0 com.projekt_x.studybuddy/.MainActivity t69}}}
03-27 21:55:34.570  1666  1760 D PackageManager:  getInstalledPackages shareName = com.google.uid.shared
03-27 21:55:34.570  1666  1760 D PackageManager:  getInstalledPackages shareUidPkg = com.google.android.gsf
03-27 21:55:34.675  1666  2931 D ActivityManager: zjm TOP_APP is ProcessRecord{66abc0c 7810:com.projekt_x.studybuddy/u0a287} uid is 10287
03-27 21:55:34.704  1666  2931 I ActivityManager: OifaceUtil cann't get currentPackage
03-27 21:55:34.717  1666  1756 V WindowManager: reevaluateVisibility focusApp:AppWindowToken{932cf68 token=Token{adaf05a ActivityRecord{c851805 u0 com.projekt_x.studybuddy/.MainActivity t69}}}
03-27 21:55:34.746  1666  1756 V WindowManager: reevaluateVisibility focusApp:AppWindowToken{932cf68 token=Token{adaf05a ActivityRecord{c851805 u0 com.projekt_x.studybuddy/.MainActivity t69}}}
03-27 21:55:34.821  1666  1756 V WindowManager: reevaluateVisibility focusApp:AppWindowToken{932cf68 token=Token{adaf05a ActivityRecord{c851805 u0 com.projekt_x.studybuddy/.MainActivity t69}}}
03-27 21:55:34.996  1666  3576 D PackageManager:  getInstalledPackages shareName = com.google.uid.shared
03-27 21:55:34.996  1666  3576 D PackageManager:  getInstalledPackages shareUidPkg = com.google.android.gsf
03-27 21:55:35.135  1666  1756 V WindowManager: reevaluateVisibility focusApp:AppWindowToken{932cf68 token=Token{adaf05a ActivityRecord{c851805 u0 com.projekt_x.studybuddy/.MainActivity t69}}}
03-27 21:55:35.175  1666 31900 W ActivityManager: Permission Denial: opening provider com.android.providers.contacts.ContactsProvider2 from ProcessRecord{77deaca 7699:com.nearme.sync/u0a98} (pid=7699, uid=10098) requires android.permission.READ_CONTACTS or android.permission.WRITE_CONTACTS
03-27 21:55:35.442  1666  1756 V WindowManager: reevaluateVisibility focusApp:AppWindowToken{932cf68 token=Token{adaf05a ActivityRecord{c851805 u0 com.projekt_x.studybuddy/.MainActivity t69}}}
03-27 21:55:35.790  7562  7893 E ActivityThread: Failed to find provider info for com.facebook.appmanager.oxygen.nekodirect.progress
03-27 21:55:36.040  1666  2925 I ActivityManager: Start proc 7929:com.oppo.usercenter/u0a106 for content provider com.oppo.usercenter/com.platform.usercenter.newcommon.db.UserCenterContentProvider
03-27 21:55:36.055  1666  2049 E TaskPersister: File error accessing recents directory (directory doesn't exist?).
03-27 21:55:36.703  1666  2969 I ActivityManager: Killing 6902:com.coloros.mcs:dcs/1000 (adj 906): empty #17
03-27 21:55:36.726  1666  2969 D PackageManager:  getInstalledPackages shareName = oppo.uid.nearme
03-27 21:55:36.845  1666  2955 D ActivityManager: cleanUpApplicationRecord -- 6902
03-27 21:55:37.019  1666  3598 I ActivityManager: Killing 7394:com.android.keychain/1000 (adj 906): empty #17
03-27 21:55:37.020  1666  3598 I ActivityManager: Killing 7464:com.coloros.childrenspace/1000 (adj 906): empty #18
03-27 21:55:37.040  1666  2748 D ActivityManager: cleanUpApplicationRecord -- 7394
03-27 21:55:37.059  1666  1690 D ActivityManager: cleanUpApplicationRecord -- 7464
03-27 21:55:37.192  1666  2955 I ActivityManager: Start proc 8013:com.nearme.gamecenter:dcs/u0a62 for service com.nearme.gamecenter/com.oppo.cdo.domain.statis.service.StaticSetSSoIdService
03-27 21:55:37.319  1666  3577 D ConnectivityService: requestNetwork for uid/pid:10044/7450 NetworkRequest [ TRACK_DEFAULT id=370, [ Capabilities: INTERNET&NOT_RESTRICTED&TRUSTED&NOT_VPN] ]
03-27 21:55:37.580  1666  2533 V WindowManager: Changing focus from null to Window{7abac18 u0 com.projekt_x.studybuddy/com.projekt_x.studybuddy.MainActivity}
03-27 21:55:37.603  1666  1756 V WindowManager: reevaluateVisibility focusApp:AppWindowToken{932cf68 token=Token{adaf05a ActivityRecord{c851805 u0 com.projekt_x.studybuddy/.MainActivity t69}}}
03-27 21:55:37.605  1666  1756 V WindowManager: reevaluateVisibility focusApp:AppWindowToken{932cf68 token=Token{adaf05a ActivityRecord{c851805 u0 com.projekt_x.studybuddy/.MainActivity t69}}}
03-27 21:55:37.773  1666  1782 I ActivityManager: Killing 7422:com.android.settings/1000 (adj 906): empty #17
03-27 21:55:38.021  1666  2748 D ActivityManager: cleanUpApplicationRecord -- 7422
03-27 21:55:38.959  1666  1756 V WindowManager: reevaluateVisibility focusApp:AppWindowToken{932cf68 token=Token{adaf05a ActivityRecord{c851805 u0 com.projekt_x.studybuddy/.MainActivity t69}}}
03-27 21:55:38.963  1666  1756 V WindowManager: reevaluateVisibility focusApp:AppWindowToken{932cf68 token=Token{adaf05a ActivityRecord{c851805 u0 com.projekt_x.studybuddy/.MainActivity t69}}}
03-27 21:55:38.981  1666  1756 V WindowManager: reevaluateVisibility focusApp:AppWindowToken{932cf68 token=Token{adaf05a ActivityRecord{c851805 u0 com.projekt_x.studybuddy/.MainActivity t69}}}
03-27 21:55:39.022  1666  1717 I ActivityManager: Start proc 8086:com.android.printspooler/u0a118 for service com.android.printspooler/.model.PrintSpoolerService
03-27 21:55:39.070  1666  1756 V WindowManager: reevaluateVisibility focusApp:AppWindowToken{932cf68 token=Token{adaf05a ActivityRecord{c851805 u0 com.projekt_x.studybuddy/.MainActivity t69}}}
03-27 21:55:39.073  1666  1756 V WindowManager: reevaluateVisibility focusApp:AppWindowToken{932cf68 token=Token{adaf05a ActivityRecord{c851805 u0 com.projekt_x.studybuddy/.MainActivity t69}}}
03-27 21:55:40.168  1666  2955 D ConnectivityService: requestNetwork for uid/pid:10132/7576 NetworkRequest [ TRACK_DEFAULT id=372, [ Capabilities: INTERNET&NOT_RESTRICTED&TRUSTED&NOT_VPN] ]
03-27 21:55:40.360  1666  1755 D BluetoothManagerService: Message: 20
03-27 21:55:40.361  1666  1755 D BluetoothManagerService: Added callback: android.bluetooth.IBluetoothManagerCallback$Stub$Proxy@9b6851:true
03-27 21:55:40.378  1666  2897 I ActivityManager: Killing 7576:com.google.android.apps.maps/u0a132 (adj 906): empty #17
03-27 21:55:40.511  1666  2925 D ConnectivityService: ConnectivityService NetworkRequestInfo binderDied(NetworkRequest [ TRACK_DEFAULT id=372, [ Capabilities: INTERNET&NOT_RESTRICTED&TRUSTED&NOT_VPN] ], android.os.BinderProxy@84daf90)
03-27 21:55:40.511  1666  2973 D ActivityManager: cleanUpApplicationRecord -- 7576
03-27 21:55:40.511  1666  1971 D ConnectivityService: releasing NetworkRequest [ TRACK_DEFAULT id=372, [ Capabilities: INTERNET&NOT_RESTRICTED&TRUSTED&NOT_VPN] ]
03-27 21:55:40.512  1666  1971 E ConnectivityService: RemoteException caught trying to send a callback msg for NetworkRequest [ TRACK_DEFAULT id=372, [ Capabilities: INTERNET&NOT_RESTRICTED&TRUSTED&NOT_VPN] ]
03-27 21:55:40.601  1666  2955 I ActivityManager: Killing 7634:com.coloros.safecenter:task/1000 (adj 906): empty #17
03-27 21:55:40.615  1666  2982 D ActivityManager: cleanUpApplicationRecord -- 7634
03-27 21:55:44.269  1666  3576 I ActivityManager: Killing 7651:com.facebook.system/u0a43 (adj 906): empty #17
03-27 21:55:44.281  1666  3597 D ActivityManager: cleanUpApplicationRecord -- 7651
03-27 21:55:44.630  1666  2987 D ConnectivityService: requestNetwork for uid/pid:10045/7590 NetworkRequest [ TRACK_DEFAULT id=373, [ Capabilities: INTERNET&NOT_RESTRICTED&TRUSTED&NOT_VPN] ]
03-27 21:55:50.131  1666  2973 D ConnectivityService: requestNetwork for uid/pid:10044/7450 NetworkRequest [ TRACK_DEFAULT id=375, [ Capabilities: INTERNET&NOT_RESTRICTED&TRUSTED&NOT_VPN] ]
03-27 21:55:55.199  1666  3599 I ActivityManager: Killing 7478:com.coloros.gamespace/1000 (adj 906): empty #17
03-27 21:55:55.262  1666  2987 D ActivityManager: cleanUpApplicationRecord -- 7478
03-27 21:56:18.402  1666  3598 I ActivityManager: Killing 7548:com.daemon.shelper/1000 (adj 906): empty #17
03-27 21:56:18.416  1666  3599 D ActivityManager: cleanUpApplicationRecord -- 7548
03-27 21:56:19.238  1666  1722 I ActivityManager: Start proc 8606:com.android.cellbroadcastreceiver/u0a7 for broadcast com.android.cellbroadcastreceiver/.CellBroadcastReceiver
03-27 21:56:34.823  1666  2969 I ActivityManager: Killing 7713:com.nearme.themespace/u0a28 (adj 906): empty #17
03-27 21:56:34.858  1666  2897 D ActivityManager: cleanUpApplicationRecord -- 7713
03-27 21:57:28.838  1666  3600 I ActivityManager: Process android.process.acore (pid 7408) has died
03-27 21:57:28.839  1666  3600 D ActivityManager: cleanUpApplicationRecord -- 7408
03-27 21:57:50.304  1666  2896 I ActivityManager: Process com.coloros.providers.fileinfo (pid 7492) has died
03-27 21:57:50.304  1666  2896 D ActivityManager: cleanUpApplicationRecord -- 7492
03-27 21:57:50.340  1666  3599 I ActivityManager: Process com.qualcomm.telephony (pid 4711) has died
03-27 21:57:50.341  1666  3599 D ActivityManager: cleanUpApplicationRecord -- 4711
03-27 21:57:51.358  1666  1718 I ActivityManager: Start proc 8768:com.qualcomm.telephony/1000 for service com.qualcomm.atfwd/.AtFwdService
03-27 21:58:24.772  1666  2969 I ActivityManager: Process com.coloros.usbselection (pid 4731) has died
03-27 21:58:24.773  1666  2969 D ActivityManager: cleanUpApplicationRecord -- 4731
03-27 21:58:24.953  1666  2897 I ActivityManager: Process com.google.android.partnersetup (pid 7665) has died
03-27 21:58:24.954  1666  2897 D ActivityManager: cleanUpApplicationRecord -- 7665
03-27 21:58:25.027  1666  3600 I ActivityManager: Process com.coloros.securepay (pid 7506) has died
03-27 21:58:25.028  1666  3600 D ActivityManager: cleanUpApplicationRecord -- 7506
03-27 21:58:25.077  1666  1691 I ActivityManager: Process com.facebook.appmanager (pid 7562) has died
03-27 21:58:25.078  1666  1691 D ActivityManager: cleanUpApplicationRecord -- 7562
03-27 21:58:25.094  1666  1763 I ActivityManager: Process com.oppo.usercenter (pid 7929) has died
03-27 21:58:25.095  1666  1763 D ActivityManager: cleanUpApplicationRecord -- 7929
03-27 21:58:25.128  1666  2747 I ActivityManager: Process com.coloros.weather (pid 7520) has died
03-27 21:58:25.129  1666  2747 D ActivityManager: cleanUpApplicationRecord -- 7520
03-27 21:58:25.788  1666  1718 I ActivityManager: Start proc 8812:com.coloros.usbselection/1000 for service com.coloros.usbselection/.UsbService
03-27 21:58:25.881  1666  2533 I ActivityManager: Start proc 8827:com.google.android.apps.photos/u0a151 for service com.google.android.apps.photos/.backup.apiservice.grpc.PhotosBackupGrpcService
03-27 21:58:27.230  1666  3597 W AppOps  : stopWatchingMode, callback is null! caller Pid:10087, Uid:10087
03-27 21:58:27.231  1666  1766 W AppOps  : stopWatchingMode, callback is null! caller Pid:10087, Uid:10087
03-27 21:58:28.489  1666  2747 D ConnectivityService: requestNetwork for uid/pid:10151/8827 NetworkRequest [ TRACK_DEFAULT id=376, [ Capabilities: INTERNET&NOT_RESTRICTED&TRUSTED&NOT_VPN] ]
03-27 21:58:28.704  1666  2955 W AppOps  : Bad call: specified package com.google.android.gms under uid 10151 but it is really 10014
03-27 21:58:28.704  1666  2955 W AppOps  : java.lang.RuntimeException: here
03-27 21:58:28.704  1666  2955 W AppOps  : 	at com.android.server.AppOpsService.getOpsRawLocked(AppOpsService.java:1333)
03-27 21:58:28.704  1666  2955 W AppOps  : 	at com.android.server.AppOpsService.checkPackage(AppOpsService.java:1017)
03-27 21:58:28.704  1666  2955 W AppOps  : 	at com.android.internal.app.IAppOpsService$Stub.onTransact(IAppOpsService.java:169)
03-27 21:58:28.704  1666  2955 W AppOps  : 	at android.os.Binder.transact(Binder.java:499)
03-27 21:58:28.704  1666  2955 W AppOps  : 	at oppo.x.filterExecTransact(Unknown Source)
03-27 21:58:28.704  1666  2955 W AppOps  : 	at com.oppo.color.safe.jni.JniManager.execTransact(Unknown Source)
03-27 21:58:28.738  1666  2987 W AppOps  : Bad call: specified package com.google.android.gms under uid 10151 but it is really 10014
03-27 21:58:28.738  1666  2987 W AppOps  : java.lang.RuntimeException: here
03-27 21:58:28.738  1666  2987 W AppOps  : 	at com.android.server.AppOpsService.getOpsRawLocked(AppOpsService.java:1333)
03-27 21:58:28.738  1666  2987 W AppOps  : 	at com.android.server.AppOpsService.checkPackage(AppOpsService.java:1017)
03-27 21:58:28.738  1666  2987 W AppOps  : 	at com.android.internal.app.IAppOpsService$Stub.onTransact(IAppOpsService.java:169)
03-27 21:58:28.738  1666  2987 W AppOps  : 	at android.os.Binder.transact(Binder.java:499)
03-27 21:58:28.738  1666  2987 W AppOps  : 	at oppo.x.filterExecTransact(Unknown Source)
03-27 21:58:28.738  1666  2987 W AppOps  : 	at com.oppo.color.safe.jni.JniManager.execTransact(Unknown Source)
03-27 21:59:25.751  5648  5648 E ActivityThread: Service com.google.android.gms.chimera.GmsInternalBoundBrokerService has leaked ServiceConnection gykg@de197c1 that was originally bound here
03-27 21:59:25.751  5648  5648 E ActivityThread: android.app.ServiceConnectionLeaked: Service com.google.android.gms.chimera.GmsInternalBoundBrokerService has leaked ServiceConnection gykg@de197c1 that was originally bound here
03-27 21:59:25.751  5648  5648 E ActivityThread: 	at android.app.LoadedApk$ServiceDispatcher.<init>(LoadedApk.java:1448)
03-27 21:59:25.751  5648  5648 E ActivityThread: 	at android.app.LoadedApk.getServiceDispatcher(LoadedApk.java:1343)
03-27 21:59:25.751  5648  5648 E ActivityThread: 	at android.app.ContextImpl.bindServiceCommon(ContextImpl.java:1506)
03-27 21:59:25.751  5648  5648 E ActivityThread: 	at android.app.ContextImpl.bindService(ContextImpl.java:1478)
03-27 21:59:25.751  5648  5648 E ActivityThread: 	at android.content.ContextWrapper.bindService(ContextWrapper.java:647)
03-27 21:59:25.751  5648  5648 E ActivityThread: 	at android.content.ContextWrapper.bindService(ContextWrapper.java:647)
03-27 21:59:25.751  5648  5648 E ActivityThread: 	at android.content.ContextWrapper.bindService(ContextWrapper.java:647)
03-27 21:59:25.751  5648  5648 E ActivityThread: 	at btyf.bindService(:com.google.android.gms@261133004@26.11.33 (040400-887465546):40)
03-27 21:59:25.751  5648  5648 E ActivityThread: 	at android.content.ContextWrapper.bindService(ContextWrapper.java:647)
03-27 21:59:25.751  5648  5648 E ActivityThread: 	at android.content.ContextWrapper.bindService(ContextWrapper.java:647)
03-27 21:59:25.751  5648  5648 E ActivityThread: 	at android.content.ContextWrapper.bindService(ContextWrapper.java:647)
03-27 21:59:25.751  5648  5648 E ActivityThread: 	at android.content.ContextWrapper.bindService(ContextWrapper.java:647)
03-27 21:59:25.751  5648  5648 E ActivityThread: 	at gykg.a(:com.google.android.gms@261133004@26.11.33 (040400-887465546):97)
03-27 21:59:25.751  5648  5648 E ActivityThread: 	at gyiq.o(:com.google.android.gms@261133004@26.11.33 (040400-887465546):128)
03-27 21:59:25.751  5648  5648 E ActivityThread: 	at gyim.run(:com.google.android.gms@261133004@26.11.33 (040400-887465546):3)
03-27 21:59:25.751  5648  5648 E ActivityThread: 	at gygz.b(:com.google.android.gms@261133004@26.11.33 (040400-887465546):24)
03-27 21:59:25.751  5648  5648 E ActivityThread: 	at gygz.execute(:com.google.android.gms@261133004@26.11.33 (040400-887465546):4)
03-27 21:59:25.751  5648  5648 E ActivityThread: 	at gysm.a(:com.google.android.gms@261133004@26.11.33 (040400-887465546):25)
03-27 21:59:25.751  5648  5648 E ActivityThread: 	at gysq.a(:com.google.android.gms@261133004@26.11.33 (040400-887465546):3)
03-27 21:59:25.751  5648  5648 E ActivityThread: 	at gypj.a(:com.google.android.gms@261133004@26.11.33 (040400-887465546):3)
03-27 21:59:25.751  5648  5648 E ActivityThread: 	at ethc.b(:com.google.android.gms@261133004@26.11.33 (040400-887465546):68)
03-27 21:59:25.751  5648  5648 E ActivityThread: 	at arac.b(:com.google.android.gms@261133004@26.11.33 (040400-887465546):11)
03-27 21:59:25.751  5648  5648 E ActivityThread: 	at aqxz.d(:com.google.android.gms@261133004@26.11.33 (040400-887465546):1)
03-27 21:59:25.751  5648  5648 E ActivityThread: 	at aqxw.lQ(:com.google.android.gms@261133004@26.11.33 (040400-887465546):74)
03-27 21:59:25.751  5648  5648 E ActivityThread: 	at fhut.lQ(:com.google.android.gms@261133004@26.11.33 (040400-887465546):16)
03-27 21:59:25.751  5648  5648 E ActivityThread: 	at aqxi.b(:com.google.android.gms@261133004@26.11.33 (040400-887465546):5)
03-27 21:59:25.751  5648  5648 E ActivityThread: 	at com.google.android.gms.backup.transport.snapshot.DeviceStateSnapshotLoggingTask.a(:com.google.android.gms@261133004@26.11.33 (040400-887465546):1407)
03-27 21:59:25.751  5648  5648 E ActivityThread: 	at cpkp.call(:com.google.android.gms@261133004@26.11.33 (040400-887465546):30)
03-27 21:59:25.751  5648  5648 E ActivityThread: 	at java.util.concurrent.FutureTask.run(FutureTask.java:237)
03-27 21:59:25.751  5648  5648 E ActivityThread: 	at beau.c(:com.google.android.gms@261133004@26.11.33 (040400-887465546):50)
03-27 21:59:25.751  5648  5648 E ActivityThread: 	at beau.run(:com.google.android.gms@261133004@26.11.33 (040400-887465546):73)
03-27 21:59:25.751  5648  5648 E ActivityThread: 	at java.util.concurrent.ThreadPoolExecutor.runWorker(ThreadPoolExecutor.java:1133)
