03-27 21:34:24.279  1666  3600 V WindowManager: Changing focus from Window{a0ebd55 u0 com.oppo.launcher/com.oppo.launcher.Launcher} to null
03-27 21:34:24.283  1666  3600 W WindowManager: CHECK_FOCUS_WINDOW_ERROR_MSG start check
03-27 21:34:24.340  1666  2748 I ActivityManager: Start proc 3872:com.projekt_x.studybuddy/u0a287 for activity com.projekt_x.studybuddy/.MainActivity
03-27 21:34:24.411  1666  1756 V WindowManager: reevaluateVisibility focusApp:AppWindowToken{948118 token=Token{f55fe8a ActivityRecord{374ae2c u0 com.projekt_x.studybuddy/.MainActivity t66}}}
03-27 21:34:24.438  1666  1756 V WindowManager: reevaluateVisibility focusApp:AppWindowToken{948118 token=Token{f55fe8a ActivityRecord{374ae2c u0 com.projekt_x.studybuddy/.MainActivity t66}}}
03-27 21:34:24.444  1666  2748 D ActivityManager: zjm TOP_APP is ProcessRecord{755baeb 3872:com.projekt_x.studybuddy/u0a287} uid is 10287
03-27 21:34:24.458  1666  1756 V WindowManager: reevaluateVisibility focusApp:AppWindowToken{948118 token=Token{f55fe8a ActivityRecord{374ae2c u0 com.projekt_x.studybuddy/.MainActivity t66}}}
03-27 21:34:24.463  1666  1756 V WindowManager: reevaluateVisibility focusApp:AppWindowToken{948118 token=Token{f55fe8a ActivityRecord{374ae2c u0 com.projekt_x.studybuddy/.MainActivity t66}}}
03-27 21:34:24.482  1666  2748 I ActivityManager: OifaceUtil cann't get currentPackage
03-27 21:34:24.491  1666  1756 V WindowManager: reevaluateVisibility focusApp:AppWindowToken{948118 token=Token{f55fe8a ActivityRecord{374ae2c u0 com.projekt_x.studybuddy/.MainActivity t66}}}
03-27 21:34:24.494  1666  1756 V WindowManager: reevaluateVisibility focusApp:AppWindowToken{948118 token=Token{f55fe8a ActivityRecord{374ae2c u0 com.projekt_x.studybuddy/.MainActivity t66}}}
03-27 21:34:24.499  1666  1756 V WindowManager: reevaluateVisibility focusApp:AppWindowToken{948118 token=Token{f55fe8a ActivityRecord{374ae2c u0 com.projekt_x.studybuddy/.MainActivity t66}}}
03-27 21:34:24.933  1666  1756 V WindowManager: reevaluateVisibility focusApp:AppWindowToken{948118 token=Token{f55fe8a ActivityRecord{374ae2c u0 com.projekt_x.studybuddy/.MainActivity t66}}}
03-27 21:34:25.428  1666  1766 I ActivityManager: Start proc 3985:com.oppo.usercenter/u0a106 for content provider com.oppo.usercenter/com.platform.usercenter.newcommon.db.UserCenterContentProvider
03-27 21:34:25.428  1666  1766 W ActivityManager: Slow operation: 52ms so far, now at getContentProviderImpl: after start process
03-27 21:34:25.428  1666  1766 W ActivityManager: Slow operation: 53ms so far, now at getContentProviderImpl: updating data structures
03-27 21:34:25.428  1666  1766 W ActivityManager: Slow operation: 53ms so far, now at getContentProviderImpl: done!
03-27 21:34:25.439  1666  1756 V WindowManager: reevaluateVisibility focusApp:AppWindowToken{948118 token=Token{f55fe8a ActivityRecord{374ae2c u0 com.projekt_x.studybuddy/.MainActivity t66}}}
03-27 21:34:25.480  1666  2533 V WindowManager: Changing focus from null to Window{9f2454a u0 com.projekt_x.studybuddy/com.projekt_x.studybuddy.MainActivity}
03-27 21:34:25.486  1666  1756 V WindowManager: reevaluateVisibility focusApp:AppWindowToken{948118 token=Token{f55fe8a ActivityRecord{374ae2c u0 com.projekt_x.studybuddy/.MainActivity t66}}}
03-27 21:34:25.584  3570  3919 E ActivityThread: Failed to find provider info for com.facebook.appmanager.oxygen.nekodirect.progress
03-27 21:34:25.883  1666  3597 D ConnectivityService: requestNetwork for uid/pid:10044/3388 NetworkRequest [ TRACK_DEFAULT id=359, [ Capabilities: INTERNET&NOT_RESTRICTED&TRUSTED&NOT_VPN] ]
03-27 21:34:25.890  1666  1756 V WindowManager: reevaluateVisibility focusApp:AppWindowToken{948118 token=Token{f55fe8a ActivityRecord{374ae2c u0 com.projekt_x.studybuddy/.MainActivity t66}}}
03-27 21:34:25.896  1666  1756 V WindowManager: reevaluateVisibility focusApp:AppWindowToken{948118 token=Token{f55fe8a ActivityRecord{374ae2c u0 com.projekt_x.studybuddy/.MainActivity t66}}}
03-27 21:34:25.904  1666  1756 V WindowManager: reevaluateVisibility focusApp:AppWindowToken{948118 token=Token{f55fe8a ActivityRecord{374ae2c u0 com.projekt_x.studybuddy/.MainActivity t66}}}
03-27 21:34:25.985  1666  1756 V WindowManager: reevaluateVisibility focusApp:AppWindowToken{948118 token=Token{f55fe8a ActivityRecord{374ae2c u0 com.projekt_x.studybuddy/.MainActivity t66}}}
03-27 21:34:25.990  1666  1756 V WindowManager: reevaluateVisibility focusApp:AppWindowToken{948118 token=Token{f55fe8a ActivityRecord{374ae2c u0 com.projekt_x.studybuddy/.MainActivity t66}}}
03-27 21:34:26.057  1666  1760 D PackageManager:  getInstalledPackages shareName = oppo.uid.nearme
03-27 21:34:26.648  1666  1782 I ActivityManager: Killing 3402:com.coloros.childrenspace/1000 (adj 906): empty #17
03-27 21:34:26.649  1666  1782 I ActivityManager: Killing 3338:com.android.keychain/1000 (adj 906): empty #18
03-27 21:34:26.680  1666 31900 D ActivityManager: cleanUpApplicationRecord -- 3338
03-27 21:34:26.710  1666  2982 D ActivityManager: cleanUpApplicationRecord -- 3402
03-27 21:34:27.252  1666  2925 I ActivityManager: Start proc 4107:com.nearme.gamecenter:dcs/u0a62 for service com.nearme.gamecenter/com.oppo.cdo.domain.statis.service.StaticSetSSoIdService
03-27 21:34:27.821  1666  2049 E TaskPersister: File error accessing recents directory (directory doesn't exist?).
03-27 21:34:28.106  1666  2987 I ActivityManager: Killing 3525:com.coloros.weather.service/u0a115 (adj 906): empty #17
03-27 21:34:28.147  1666 31900 D ActivityManager: cleanUpApplicationRecord -- 3525
03-27 21:34:28.307  1666  3598 I ActivityManager: Killing 3352:com.android.settings/1000 (adj 906): empty #17
03-27 21:34:28.345  1666  3597 D ActivityManager: cleanUpApplicationRecord -- 3352
03-27 21:34:28.679  1666  3585 I ActivityManager: Killing 3501:com.coloros.weather/u0a114 (adj 906): empty #17
03-27 21:34:28.691  1666  2533 D ActivityManager: cleanUpApplicationRecord -- 3501
03-27 21:34:29.003  1666  2973 I ActivityManager: Killing 3615:com.google.android.apps.maps/u0a132 (adj 906): empty #17
03-27 21:34:29.065  1666  2969 D ActivityManager: cleanUpApplicationRecord -- 3615
03-27 21:34:29.100  1666  3584 D PackageManager:  getInstalledPackages shareName = com.google.uid.shared
03-27 21:34:29.100  1666  3584 D PackageManager:  getInstalledPackages shareUidPkg = com.google.android.gsf
03-27 21:34:29.198  1666  1691 D PackageManager:  getInstalledPackages shareName = com.google.uid.shared
03-27 21:34:29.198  1666  1691 D PackageManager:  getInstalledPackages shareUidPkg = com.google.android.gsf
03-27 21:34:29.933  1666  2896 I ActivityManager: Start proc 4186:com.android.chrome/u0a88 for content provider com.android.chrome/com.google.android.apps.chrome.icing.IcingProvider
03-27 21:34:38.940  1666  2897 D ConnectivityService: requestNetwork for uid/pid:10044/3388 NetworkRequest [ TRACK_DEFAULT id=360, [ Capabilities: INTERNET&NOT_RESTRICTED&TRUSTED&NOT_VPN] ]
03-27 21:34:44.664  1666  3600 I ActivityManager: Killing 3433:com.coloros.providers.fileinfo/u0a71 (adj 906): empty #17
03-27 21:34:44.683  1666  3597 D ActivityManager: cleanUpApplicationRecord -- 3433
03-27 21:34:49.893  1666  1691 I ActivityManager: Killing 3689:com.coloros.safecenter:task/1000 (adj 906): empty #17
03-27 21:34:49.927  1666  3600 D ActivityManager: cleanUpApplicationRecord -- 3689
03-27 21:34:51.252  1666  2758 I ActivityManager: Killing 3463:com.coloros.securepay/1000 (adj 906): empty #17
03-27 21:34:51.278  1666  2931 D ActivityManager: cleanUpApplicationRecord -- 3463
03-27 21:35:18.039  1666  3578 I ActivityManager: Process com.facebook.system (pid 3724) has died
03-27 21:35:18.040  1666  3578 D ActivityManager: cleanUpApplicationRecord -- 3724
03-27 21:35:23.242  1666  3577 I ActivityManager: Process com.qualcomm.telephony (pid 30969) has died
03-27 21:35:23.243  1666  3577 D ActivityManager: cleanUpApplicationRecord -- 30969
03-27 21:35:23.310  1666  3584 D ConnectivityService: ConnectivityService NetworkRequestInfo binderDied(NetworkRequest [ TRACK_DEFAULT id=356, [ Capabilities: INTERNET&NOT_RESTRICTED&TRUSTED&NOT_VPN] ], android.os.BinderProxy@3719409)
03-27 21:35:23.310  1666  3578 D ConnectivityService: ConnectivityService NetworkRequestInfo binderDied(NetworkRequest [ LISTEN id=357, [ Capabilities: INTERNET&NOT_RESTRICTED&TRUSTED] ], android.os.BinderProxy@a6cf60e)
03-27 21:35:23.311  1666  2973 I ActivityManager: Process com.google.android.googlequicksearchbox:search (pid 3052) has died
03-27 21:35:23.311  1666  2973 D ActivityManager: cleanUpApplicationRecord -- 3052
03-27 21:35:23.315  1666  1971 D ConnectivityService: releasing NetworkRequest [ TRACK_DEFAULT id=356, [ Capabilities: INTERNET&NOT_RESTRICTED&TRUSTED&NOT_VPN] ]
03-27 21:35:23.329  1666  1971 E ConnectivityService: RemoteException caught trying to send a callback msg for NetworkRequest [ TRACK_DEFAULT id=356, [ Capabilities: INTERNET&NOT_RESTRICTED&TRUSTED&NOT_VPN] ]
03-27 21:35:23.330  1666  1971 E ConnectivityService: RemoteException caught trying to send a callback msg for NetworkRequest [ LISTEN id=357, [ Capabilities: INTERNET&NOT_RESTRICTED&TRUSTED] ]
03-27 21:35:24.269  1666  1718 I ActivityManager: Start proc 4711:com.qualcomm.telephony/1000 for service com.qualcomm.atfwd/.AtFwdService
03-27 21:35:28.399  1666  2758 I ActivityManager: Process com.coloros.gamespace (pid 3416) has died
03-27 21:35:28.400  1666  2758 D ActivityManager: cleanUpApplicationRecord -- 3416
03-27 21:35:28.441  1666  3578 I ActivityManager: Process com.coloros.usbselection (pid 1834) has died
03-27 21:35:28.442  1666  3578 D ActivityManager: cleanUpApplicationRecord -- 1834
03-27 21:35:28.458  1666  3584 I ActivityManager: Process com.daemon.shelper (pid 3542) has died
03-27 21:35:28.458  1666  3584 D ActivityManager: cleanUpApplicationRecord -- 3542
03-27 21:35:28.541  1666  1760 I ActivityManager: Process com.nearme.themespace (pid 3799) has died
03-27 21:35:28.541  1666  1760 D ActivityManager: cleanUpApplicationRecord -- 3799
03-27 21:35:29.108  1666  3578 I ActivityManager: Process com.facebook.appmanager (pid 3570) has died
03-27 21:35:29.109  1666  3578 D ActivityManager: cleanUpApplicationRecord -- 3570
03-27 21:35:29.125  1666  2897 I ActivityManager: Process com.oppo.usercenter (pid 3985) has died
03-27 21:35:29.125  1666  2897 D ActivityManager: cleanUpApplicationRecord -- 3985
03-27 21:35:29.161  1666  2955 I ActivityManager: Process com.google.process.gapps (pid 3105) has died
03-27 21:35:29.162  1666  2955 D ActivityManager: cleanUpApplicationRecord -- 3105
03-27 21:35:29.337  1666  2533 I ActivityManager: Process com.nearme.gamecenter:dcs (pid 4107) has died
03-27 21:35:29.338  1666  2533 D ActivityManager: cleanUpApplicationRecord -- 4107
03-27 21:35:29.463  1666  1718 I ActivityManager: Start proc 4731:com.coloros.usbselection/1000 for service com.coloros.usbselection/.UsbService
03-27 21:35:31.086  1666  2982 I ActivityManager: Start proc 4751:com.google.process.gapps/u0a14 for content provider com.google.android.gsf/.gservices.GservicesProvider
03-27 21:35:36.743  1666  3585 I ActivityManager: Process com.nearme.statistics.rom (pid 3308) has died
03-27 21:35:36.744  1666  3585 D ActivityManager: cleanUpApplicationRecord -- 3308
03-27 21:35:36.760  1666  1763 I ActivityManager: Process com.google.android.partnersetup (pid 3742) has died
03-27 21:35:36.761  1666  1763 D ActivityManager: cleanUpApplicationRecord -- 3742
03-27 21:35:36.773  1666  2758 I ActivityManager: START u0 {flg=0x10804000 cmp=com.coloros.recents/.RecentsActivity} from uid 1000 and from pid 32084 on display 0
03-27 21:35:36.780  1666  2758 V WindowManager: Changing focus from Window{9f2454a u0 com.projekt_x.studybuddy/com.projekt_x.studybuddy.MainActivity} to null
03-27 21:35:36.782  1666  2758 W WindowManager: CHECK_FOCUS_WINDOW_ERROR_MSG start check
03-27 21:35:36.784  1666  2758 E ActivityManager: 	mScreenShotDisabled is true
03-27 21:35:36.790  1666  2758 D ActivityManager: zjm TOP_APP is ProcessRecord{e59b0c8 32084:com.coloros.recents/1000} uid is 1000
03-27 21:35:36.797  1666  2758 I ActivityManager: OifaceUtil cann't get currentPackage
03-27 21:35:36.799  1666  1756 V WindowManager: reevaluateVisibility focusApp:AppWindowToken{582ec4e token=Token{49d4d50 ActivityRecord{34f9713 u0 com.coloros.recents/.RecentsActivity t9}}}
03-27 21:35:36.829  1666  1756 V WindowManager: reevaluateVisibility focusApp:AppWindowToken{582ec4e token=Token{49d4d50 ActivityRecord{34f9713 u0 com.coloros.recents/.RecentsActivity t9}}}
03-27 21:35:36.832  1666  1722 I ActivityManager: Start proc 4789:com.nearme.statistics.rom/1000 for broadcast com.nearme.statistics.rom/.receiver.Receiver
03-27 21:35:36.897  1666  3576 I StatusBarManagerService: disable, what:65536, pkg:com.coloros.recents
03-27 21:35:36.916  1666  3599 V WindowManager: Changing focus from null to Window{1379114 u0 com.coloros.recents/com.coloros.recents.RecentsActivity}
03-27 21:35:36.937  1666  1756 V WindowManager: reevaluateVisibility focusApp:AppWindowToken{582ec4e token=Token{49d4d50 ActivityRecord{34f9713 u0 com.coloros.recents/.RecentsActivity t9}}}
03-27 21:35:37.020  1666  1756 I WindowManager: finishPostLayoutPolicyLw (statusbar != null ) true topIsFullscreen true top = Window{1379114 u0 com.coloros.recents/com.coloros.recents.RecentsActivity}
03-27 21:35:37.021  1666  1756 I StatusBarManagerService:  topIsFullscreen fullscreen true
03-27 21:35:37.028  1666  1756 V WindowManager: reevaluateVisibility focusApp:AppWindowToken{582ec4e token=Token{49d4d50 ActivityRecord{34f9713 u0 com.coloros.recents/.RecentsActivity t9}}}
03-27 21:35:37.029  1666  1756 V WindowManager: reevaluateVisibility focusApp:AppWindowToken{582ec4e token=Token{49d4d50 ActivityRecord{34f9713 u0 com.coloros.recents/.RecentsActivity t9}}}
03-27 21:35:37.031  1666  1756 V WindowManager: reevaluateVisibility focusApp:AppWindowToken{582ec4e token=Token{49d4d50 ActivityRecord{34f9713 u0 com.coloros.recents/.RecentsActivity t9}}}
03-27 21:35:37.031  1666  1756 V WindowManager: reevaluateVisibility focusApp:AppWindowToken{582ec4e token=Token{49d4d50 ActivityRecord{34f9713 u0 com.coloros.recents/.RecentsActivity t9}}}
03-27 21:35:37.056  1666  1756 V WindowManager: reevaluateVisibility focusApp:AppWindowToken{582ec4e token=Token{49d4d50 ActivityRecord{34f9713 u0 com.coloros.recents/.RecentsActivity t9}}}
03-27 21:35:37.243  1666  1756 V WindowManager: reevaluateVisibility focusApp:AppWindowToken{582ec4e token=Token{49d4d50 ActivityRecord{34f9713 u0 com.coloros.recents/.RecentsActivity t9}}}
03-27 21:35:37.244  1666  1756 V WindowManager: reevaluateVisibility focusApp:AppWindowToken{582ec4e token=Token{49d4d50 ActivityRecord{34f9713 u0 com.coloros.recents/.RecentsActivity t9}}}
03-27 21:35:37.388  1666  1756 V WindowManager: reevaluateVisibility focusApp:AppWindowToken{582ec4e token=Token{49d4d50 ActivityRecord{34f9713 u0 com.coloros.recents/.RecentsActivity t9}}}
03-27 21:35:37.392  1666  1756 V WindowManager: reevaluateVisibility focusApp:AppWindowToken{582ec4e token=Token{49d4d50 ActivityRecord{34f9713 u0 com.coloros.recents/.RecentsActivity t9}}}
03-27 21:35:37.580  1666  3576 I ActivityManager: Process com.android.printspooler (pid 3484) has died
03-27 21:35:37.581  1666  3576 D ActivityManager: cleanUpApplicationRecord -- 3484
03-27 21:35:38.210  1666  3599 I ActivityManager: Force stopping com.projekt_x.studybuddy appid=10287 user=0: from pid 32084
03-27 21:35:38.210  1666  3599 I ActivityManager: Killing 3872:com.projekt_x.studybuddy/u0a287 (adj 700): stop com.projekt_x.studybuddy
03-27 21:35:38.211  1666  3599 D ActivityManager: cleanUpApplicationRecord -- 3872
03-27 21:35:38.214  1666  3599 I ActivityManager:   Force finishing activity ActivityRecord{374ae2c u0 com.projekt_x.studybuddy/.MainActivity t66}
03-27 21:35:38.226  1666  1756 V WindowManager: reevaluateVisibility focusApp:AppWindowToken{582ec4e token=Token{49d4d50 ActivityRecord{34f9713 u0 com.coloros.recents/.RecentsActivity t9}}}
03-27 21:35:38.234  1666  2969 I ActivityManager: START u0 {act=android.intent.action.MAIN cat=[android.intent.category.HOME] flg=0x10200000 cmp=com.oppo.launcher/.Launcher} from uid 1000 and from pid 32084 on display 0
03-27 21:35:38.238  1666  2969 V WindowManager: Changing focus from Window{1379114 u0 com.coloros.recents/com.coloros.recents.RecentsActivity} to null
03-27 21:35:38.240  1666  2969 W WindowManager: CHECK_FOCUS_WINDOW_ERROR_MSG start check
03-27 21:35:38.245  1666  1756 V WindowManager: reevaluateVisibility focusApp:AppWindowToken{d068140 token=Token{6ef6872 ActivityRecord{42e817d u0 com.oppo.launcher/.Launcher t2}}}
03-27 21:35:38.248  1666  2955 I StatusBarManagerService: disable, what:0, pkg:com.coloros.recents
03-27 21:35:38.249  1666  2049 E TaskPersister: File error accessing recents directory (directory doesn't exist?).
03-27 21:35:38.256  1666  1756 V WindowManager: reevaluateVisibility focusApp:AppWindowToken{d068140 token=Token{6ef6872 ActivityRecord{42e817d u0 com.oppo.launcher/.Launcher t2}}}
03-27 21:35:38.257  1666  2758 D ActivityManager: zjm TOP_APP is ProcessRecord{2780c83 3020:com.oppo.launcher/u0a28} uid is 10028
03-27 21:35:38.262  1666  2758 I WindowManager: finishPostLayoutPolicyLw (statusbar != null ) true topIsFullscreen false top = null
03-27 21:35:38.263  1666  2758 I StatusBarManagerService:  topIsFullscreen fullscreen false
03-27 21:35:38.265  1666  1756 V WindowManager: reevaluateVisibility focusApp:AppWindowToken{d068140 token=Token{6ef6872 ActivityRecord{42e817d u0 com.oppo.launcher/.Launcher t2}}}
03-27 21:35:38.272  1666  2758 I ActivityManager: OifaceUtil cann't get currentPackage
03-27 21:35:38.330  1666  1756 V WindowManager: reevaluateVisibility focusApp:AppWindowToken{d068140 token=Token{6ef6872 ActivityRecord{42e817d u0 com.oppo.launcher/.Launcher t2}}}
03-27 21:35:38.354  1666  2748 V WindowManager: Changing focus from null to Window{a0ebd55 u0 com.oppo.launcher/com.oppo.launcher.Launcher}
03-27 21:35:38.357  1666  1756 V WindowManager: reevaluateVisibility focusApp:AppWindowToken{d068140 token=Token{6ef6872 ActivityRecord{42e817d u0 com.oppo.launcher/.Launcher t2}}}
03-27 21:35:38.428  1666  1756 V WindowManager: reevaluateVisibility focusApp:AppWindowToken{d068140 token=Token{6ef6872 ActivityRecord{42e817d u0 com.oppo.launcher/.Launcher t2}}}
03-27 21:35:38.432  1666  1756 V WindowManager: reevaluateVisibility focusApp:AppWindowToken{d068140 token=Token{6ef6872 ActivityRecord{42e817d u0 com.oppo.launcher/.Launcher t2}}}
03-27 21:35:38.433  1666  1756 V WindowManager: reevaluateVisibility focusApp:AppWindowToken{d068140 token=Token{6ef6872 ActivityRecord{42e817d u0 com.oppo.launcher/.Launcher t2}}}
03-27 21:35:38.440  1666  1756 V WindowManager: reevaluateVisibility focusApp:AppWindowToken{d068140 token=Token{6ef6872 ActivityRecord{42e817d u0 com.oppo.launcher/.Launcher t2}}}
03-27 21:35:38.687  1666  1756 V WindowManager: reevaluateVisibility focusApp:AppWindowToken{d068140 token=Token{6ef6872 ActivityRecord{42e817d u0 com.oppo.launcher/.Launcher t2}}}
03-27 21:35:38.742  1666  1756 V WindowManager: reevaluateVisibility focusApp:AppWindowToken{d068140 token=Token{6ef6872 ActivityRecord{42e817d u0 com.oppo.launcher/.Launcher t2}}}
03-27 21:35:38.743  1666  1756 V WindowManager: reevaluateVisibility focusApp:AppWindowToken{d068140 token=Token{6ef6872 ActivityRecord{42e817d u0 com.oppo.launcher/.Launcher t2}}}
03-27 21:35:38.756  1666  1756 V WindowManager: reevaluateVisibility focusApp:AppWindowToken{d068140 token=Token{6ef6872 ActivityRecord{42e817d u0 com.oppo.launcher/.Launcher t2}}}
03-27 21:35:39.263  1666  1782 I ActivityManager: START u0 {act=android.intent.action.MAIN cat=[android.intent.category.LAUNCHER] flg=0x10200000 cmp=com.projekt_x.studybuddy/.MainActivity bnds=[24,440][192,636] (has extras)} from uid 10028 and from pid 3020 on display 0
03-27 21:35:39.271  1666  1782 V WindowManager: Changing focus from Window{a0ebd55 u0 com.oppo.launcher/com.oppo.launcher.Launcher} to null
03-27 21:35:39.272  1666  1782 W WindowManager: CHECK_FOCUS_WINDOW_ERROR_MSG start check
03-27 21:35:39.297  1666  2758 I ActivityManager: Start proc 4818:com.projekt_x.studybuddy/u0a287 for activity com.projekt_x.studybuddy/.MainActivity
03-27 21:35:39.321  1666  1756 V WindowManager: reevaluateVisibility focusApp:AppWindowToken{e53df64 token=Token{7f28f6 ActivityRecord{702a191 u0 com.projekt_x.studybuddy/.MainActivity t67}}}
03-27 21:35:39.329  1666  3578 D ActivityManager: zjm TOP_APP is ProcessRecord{28946e8 4818:com.projekt_x.studybuddy/u0a287} uid is 10287
03-27 21:35:39.338  1666  3578 I ActivityManager: OifaceUtil cann't get currentPackage
03-27 21:35:39.341  1666  1756 V WindowManager: reevaluateVisibility focusApp:AppWindowToken{e53df64 token=Token{7f28f6 ActivityRecord{702a191 u0 com.projekt_x.studybuddy/.MainActivity t67}}}
03-27 21:35:39.342  1666  1756 V WindowManager: reevaluateVisibility focusApp:AppWindowToken{e53df64 token=Token{7f28f6 ActivityRecord{702a191 u0 com.projekt_x.studybuddy/.MainActivity t67}}}
03-27 21:35:39.365  1666  1756 V WindowManager: reevaluateVisibility focusApp:AppWindowToken{e53df64 token=Token{7f28f6 ActivityRecord{702a191 u0 com.projekt_x.studybuddy/.MainActivity t67}}}
03-27 21:35:39.365  1666  1756 V WindowManager: reevaluateVisibility focusApp:AppWindowToken{e53df64 token=Token{7f28f6 ActivityRecord{702a191 u0 com.projekt_x.studybuddy/.MainActivity t67}}}
03-27 21:35:39.376  1666  1756 V WindowManager: reevaluateVisibility focusApp:AppWindowToken{e53df64 token=Token{7f28f6 ActivityRecord{702a191 u0 com.projekt_x.studybuddy/.MainActivity t67}}}
03-27 21:35:39.376  1666  1756 V WindowManager: reevaluateVisibility focusApp:AppWindowToken{e53df64 token=Token{7f28f6 ActivityRecord{702a191 u0 com.projekt_x.studybuddy/.MainActivity t67}}}
03-27 21:35:39.554  1666  1756 V WindowManager: reevaluateVisibility focusApp:AppWindowToken{e53df64 token=Token{7f28f6 ActivityRecord{702a191 u0 com.projekt_x.studybuddy/.MainActivity t67}}}
03-27 21:35:39.590  1666  1756 V WindowManager: reevaluateVisibility focusApp:AppWindowToken{e53df64 token=Token{7f28f6 ActivityRecord{702a191 u0 com.projekt_x.studybuddy/.MainActivity t67}}}
03-27 21:35:39.590  1666  1756 V WindowManager: reevaluateVisibility focusApp:AppWindowToken{e53df64 token=Token{7f28f6 ActivityRecord{702a191 u0 com.projekt_x.studybuddy/.MainActivity t67}}}
03-27 21:35:39.862  1666  1766 V WindowManager: Changing focus from null to Window{439bc3d u0 com.projekt_x.studybuddy/com.projekt_x.studybuddy.MainActivity}
03-27 21:35:39.866  1666  1756 V WindowManager: reevaluateVisibility focusApp:AppWindowToken{e53df64 token=Token{7f28f6 ActivityRecord{702a191 u0 com.projekt_x.studybuddy/.MainActivity t67}}}
03-27 21:35:39.972  1666  1756 V WindowManager: reevaluateVisibility focusApp:AppWindowToken{e53df64 token=Token{7f28f6 ActivityRecord{702a191 u0 com.projekt_x.studybuddy/.MainActivity t67}}}
03-27 21:35:39.973  1666  1756 V WindowManager: reevaluateVisibility focusApp:AppWindowToken{e53df64 token=Token{7f28f6 ActivityRecord{702a191 u0 com.projekt_x.studybuddy/.MainActivity t67}}}
03-27 21:35:39.977  1666  1756 V WindowManager: reevaluateVisibility focusApp:AppWindowToken{e53df64 token=Token{7f28f6 ActivityRecord{702a191 u0 com.projekt_x.studybuddy/.MainActivity t67}}}
03-27 21:35:40.055  1666  1756 V WindowManager: reevaluateVisibility focusApp:AppWindowToken{e53df64 token=Token{7f28f6 ActivityRecord{702a191 u0 com.projekt_x.studybuddy/.MainActivity t67}}}
03-27 21:35:40.057  1666  1756 V WindowManager: reevaluateVisibility focusApp:AppWindowToken{e53df64 token=Token{7f28f6 ActivityRecord{702a191 u0 com.projekt_x.studybuddy/.MainActivity t67}}}
03-27 21:35:42.277  1666  2049 E TaskPersister: File error accessing recents directory (directory doesn't exist?).
03-27 21:45:00.203  1666  1666 I ActivityManager: Start proc 5366:com.coloros.weather.service/u0a115 for service com.coloros.weather.service/com.coloros.weather.logic.update.data.AutoUpdateWeatherService
03-27 21:45:39.946  1666  3576 I ActivityManager: Process com.android.chrome (pid 4186) has died
03-27 21:45:39.947  1666  3576 D ActivityManager: cleanUpApplicationRecord -- 4186
03-27 21:45:40.000  1666  1691 I ActivityManager: Process com.coloros.sau (pid 3447) has died
03-27 21:45:40.001  1666  1691 D ActivityManager: cleanUpApplicationRecord -- 3447
03-27 21:45:40.128  1666  1782 I ActivityManager: Process android.process.acore (pid 3263) has died
03-27 21:45:40.129  1666  1782 D ActivityManager: cleanUpApplicationRecord -- 3263
03-27 21:45:41.092  1666  2955 I ActivityManager: Process com.google.android.gms (pid 3651) has died
03-27 21:45:41.093  1666  2955 D ActivityManager: cleanUpApplicationRecord -- 3651
03-27 21:45:41.144  1666  3584 D ConnectivityService: ConnectivityService NetworkRequestInfo binderDied(NetworkRequest [ TRACK_DEFAULT id=359, [ Capabilities: INTERNET&NOT_RESTRICTED&TRUSTED&NOT_VPN] ], android.os.BinderProxy@d87744c)
03-27 21:45:41.144  1666  1782 D ConnectivityService: ConnectivityService NetworkRequestInfo binderDied(NetworkRequest [ TRACK_DEFAULT id=360, [ Capabilities: INTERNET&NOT_RESTRICTED&TRUSTED&NOT_VPN] ], android.os.BinderProxy@6e3dc95)
03-27 21:45:41.144  1666  1971 D ConnectivityService: releasing NetworkRequest [ TRACK_DEFAULT id=359, [ Capabilities: INTERNET&NOT_RESTRICTED&TRUSTED&NOT_VPN] ]
03-27 21:45:41.146  1666  1971 E ConnectivityService: RemoteException caught trying to send a callback msg for NetworkRequest [ TRACK_DEFAULT id=359, [ Capabilities: INTERNET&NOT_RESTRICTED&TRUSTED&NOT_VPN] ]
03-27 21:45:41.146  1666  1971 D ConnectivityService: releasing NetworkRequest [ TRACK_DEFAULT id=360, [ Capabilities: INTERNET&NOT_RESTRICTED&TRUSTED&NOT_VPN] ]
03-27 21:45:41.148  1666  1971 E ConnectivityService: RemoteException caught trying to send a callback msg for NetworkRequest [ TRACK_DEFAULT id=360, [ Capabilities: INTERNET&NOT_RESTRICTED&TRUSTED&NOT_VPN] ]
03-27 21:45:41.148  1666  2982 I ActivityManager: Process com.android.vending:background (pid 3388) has died
03-27 21:45:41.148  1666  2982 D ActivityManager: cleanUpApplicationRecord -- 3388
03-27 21:45:42.573  1666  1760 D ConnectivityService: ConnectivityService NetworkRequestInfo binderDied(NetworkRequest [ LISTEN id=358, [ Capabilities: INTERNET&NOT_RESTRICTED&TRUSTED] ], android.os.BinderProxy@c7881aa)
03-27 21:45:42.573  1666  1763 I ActivityManager: Process com.android.vending (pid 3369) has died
03-27 21:45:42.574  1666  1763 D ActivityManager: cleanUpApplicationRecord -- 3369
03-27 21:45:42.574  1666  1971 E ConnectivityService: RemoteException caught trying to send a callback msg for NetworkRequest [ LISTEN id=358, [ Capabilities: INTERNET&NOT_RESTRICTED&TRUSTED] ]
03-27 21:45:50.382  1666  1786 D FingerprintHook: onGoToSleep
03-27 21:45:50.383  1666  1786 D FaceHook: onGoToSleep
03-27 21:45:50.437  1666  1786 I PowerManagerService: Going to sleep due to screen timeout (uid 1000)...
03-27 21:45:50.438  1666  1996 D KeyguardServiceWrapper: onWakeUp
03-27 21:45:50.668  1666  1786 D FingerprintHook: onGoToSleepFinish
03-27 21:45:50.668  1666  1786 D FaceHook: onGoToSleepFinish
03-27 21:45:50.693  1666  1756 I DisplayManagerService: Display device changed state: "Built-in Screen", OFF
03-27 21:45:50.706  1666  1756 V WindowManager: reevaluateVisibility focusApp:AppWindowToken{e53df64 token=Token{7f28f6 ActivityRecord{702a191 u0 com.projekt_x.studybuddy/.MainActivity t67}}}
03-27 21:45:51.085  1666  2748 I StatusBarManagerService: disable, what:16777216, pkg:com.android.keyguard
03-27 21:45:51.144  1666  1786 I PowerManagerService: Sleeping (uid 1000)...
03-27 21:45:51.148  1666  1666 I BatteryService: action received : android.intent.action.SCREEN_OFF
03-27 21:45:51.163  1666  1782 V WindowManager: Changing focus from Window{439bc3d u0 com.projekt_x.studybuddy/com.projekt_x.studybuddy.MainActivity} to Window{ce879ee u0 Keyguard}
03-27 21:45:51.169  1666  1756 V WindowManager: reevaluateVisibility focusApp:AppWindowToken{e53df64 token=Token{7f28f6 ActivityRecord{702a191 u0 com.projekt_x.studybuddy/.MainActivity t67}}}
03-27 21:45:51.202  1666  1756 V WindowManager: reevaluateVisibility focusApp:AppWindowToken{e53df64 token=Token{7f28f6 ActivityRecord{702a191 u0 com.projekt_x.studybuddy/.MainActivity t67}}}
03-27 21:45:51.411  1666 31900 I StatusBarManagerService: disable, what:16777216, pkg:com.android.keyguard
03-27 21:45:51.419  1666  1756 V WindowManager: reevaluateVisibility focusApp:AppWindowToken{e53df64 token=Token{7f28f6 ActivityRecord{702a191 u0 com.projekt_x.studybuddy/.MainActivity t67}}}
03-27 21:45:51.456  1666  2973 D ActivityManager: bringUpService for proc:com.coloros.safecenter, isolated:false
03-27 21:45:51.486  1666  1756 V WindowManager: reevaluateVisibility focusApp:AppWindowToken{e53df64 token=Token{7f28f6 ActivityRecord{702a191 u0 com.projekt_x.studybuddy/.MainActivity t67}}}
03-27 21:45:53.183  1666  1729 E BatteryStatsService: no controller energy info supplied
03-27 21:45:53.184  1666  1729 E BatteryStatsService: no controller energy info supplied
03-27 21:45:53.272  1666  1729 E KernelCpuSpeedReader: Failed to read cpu-freq: /sys/devices/system/cpu/cpu0/cpufreq/stats/time_in_state (No such file or directory)
03-27 21:45:53.842  1666  1803 D PackageManager: installStage send adb install pkg:com.projekt_x.studybuddy   path: /data/app/vmdl1306909599.tmp/base.apk
03-27 21:45:53.842  1666  1803 D PackageManager: installStage com.projekt_x.studybuddy, dir=/data/app/vmdl1306909599.tmp, installerPackageName=pc, installerUid=2000, full=false
03-27 21:46:01.234  1666  1718 I ActivityManager: Force stopping com.projekt_x.studybuddy appid=10287 user=-1: installPackageLI
03-27 21:46:01.637  1666  1718 I ActivityManager: Killing 4818:com.projekt_x.studybuddy/u0a287 (adj 0): stop com.projekt_x.studybuddy
03-27 21:46:01.638  1666  1718 D ActivityManager: cleanUpApplicationRecord -- 4818
03-27 21:46:01.662  1666  1792 I PackageManager: Package com.projekt_x.studybuddy codePath changed from /data/app/com.projekt_x.studybuddy-2 to /data/app/com.projekt_x.studybuddy-1; Retaining data and using new
03-27 21:46:01.665  1666  1792 W PackageManager: Code path for com.projekt_x.studybuddy changing from /data/app/com.projekt_x.studybuddy-2 to /data/app/com.projekt_x.studybuddy-1
03-27 21:46:01.665  1666  1792 W PackageManager: Resource path for com.projekt_x.studybuddy changing from /data/app/com.projekt_x.studybuddy-2 to /data/app/com.projekt_x.studybuddy-1
03-27 21:46:01.677  1666  1718 E ActivityManager: Failure starting process com.projekt_x.studybuddy
03-27 21:46:01.677  1666  1718 E ActivityManager: java.lang.SecurityException: Package com.projekt_x.studybuddy is currently frozen!
03-27 21:46:01.677  1666  1718 E ActivityManager: 	at com.android.server.pm.PackageManagerService.checkPackageStartable(PackageManagerService.java:3975)
03-27 21:46:01.677  1666  1718 E ActivityManager: 	at com.android.server.am.ActivityManagerService.startProcessLocked(ActivityManagerService.java:4427)
03-27 21:46:01.677  1666  1718 E ActivityManager: 	at com.android.server.am.ActivityManagerService.startProcessLocked(ActivityManagerService.java:4380)
03-27 21:46:01.677  1666  1718 E ActivityManager: 	at com.android.server.am.ActivityManagerService.startProcessLocked(ActivityManagerService.java:4229)
03-27 21:46:01.677  1666  1718 E ActivityManager: 	at com.android.server.am.ActivityStackSupervisor.startSpecificActivityLocked(ActivityStackSupervisor.java:1544)
03-27 21:46:01.677  1666  1718 E ActivityManager: 	at com.android.server.am.ActivityStack.resumeTopActivityInnerLocked(ActivityStack.java:3168)
03-27 21:46:01.677  1666  1718 E ActivityManager: 	at com.android.server.am.ActivityStack.resumeTopActivityUncheckedLocked(ActivityStack.java:2575)
03-27 21:46:01.677  1666  1718 E ActivityManager: 	at com.android.server.am.ActivityStackSupervisor.resumeFocusedStackTopActivityLocked(ActivityStackSupervisor.java:2004)
03-27 21:46:01.677  1666  1718 E ActivityManager: 	at com.android.server.am.ActivityStackSupervisor.resumeFocusedStackTopActivityLocked(ActivityStackSupervisor.java:1985)
03-27 21:46:01.677  1666  1718 E ActivityManager: 	at com.android.server.am.ActivityManagerService.handleAppDiedLocked(ActivityManagerService.java:5993)
03-27 21:46:01.677  1666  1718 E ActivityManager: 	at com.android.server.am.ActivityManagerService.removeProcessLocked(ActivityManagerService.java:7427)
03-27 21:46:01.677  1666  1718 E ActivityManager: 	at com.android.server.am.ActivityManagerService.killPackageProcessesLocked(ActivityManagerService.java:7049)
03-27 21:46:01.677  1666  1718 E ActivityManager: 	at com.android.server.am.ActivityManagerService.forceStopPackageLocked(ActivityManagerService.java:7201)
03-27 21:46:01.677  1666  1718 E ActivityManager: 	at com.android.server.am.ActivityManagerService$MainHandler.handleMessage(ActivityManagerService.java:2266)
03-27 21:46:01.677  1666  1718 E ActivityManager: 	at android.os.Handler.dispatchMessage(Handler.java:102)
03-27 21:46:01.677  1666  1718 E ActivityManager: 	at android.os.Looper.loop(Looper.java:186)
03-27 21:46:01.677  1666  1718 E ActivityManager: 	at android.os.HandlerThread.run(HandlerThread.java:61)
03-27 21:46:01.677  1666  1718 E ActivityManager: 	at com.android.server.ServiceThread.run(ServiceThread.java:46)
03-27 21:46:01.677  1666  1718 I ActivityManager: Force stopping com.projekt_x.studybuddy appid=10287 user=0: start failure
03-27 21:46:01.865  1666  3578 I WindowManager: WIN DEATH: Window{439bc3d u0 com.projekt_x.studybuddy/com.projekt_x.studybuddy.MainActivity}
03-27 21:46:01.868  1666  1756 V WindowManager: reevaluateVisibility focusApp:AppWindowToken{e53df64 token=Token{7f28f6 ActivityRecord{702a191 u0 com.projekt_x.studybuddy/.MainActivity t67}}}
03-27 21:46:01.869  1666  1723 E libprocessgroup: failed to kill 1 processes for processgroup 4818
03-27 21:46:02.067  1666  1792 I PackageManager: Un-granting permission android.permission.INSTALL_PACKAGES from package com.nearme.deamon (protectionLevel=18 flags=0x38883e45)
03-27 21:46:02.067  1666  1792 I PackageManager: Un-granting permission android.permission.DELETE_PACKAGES from package com.nearme.deamon (protectionLevel=18 flags=0x38883e45)
03-27 21:46:02.472  1666  1718 I ActivityManager:   Force finishing activity ActivityRecord{702a191 u0 com.projekt_x.studybuddy/.MainActivity t67}
03-27 21:46:02.482  1666  1718 D ActivityManager: zjm TOP_APP is ProcessRecord{2780c83 3020:com.oppo.launcher/u0a28} uid is 10028
03-27 21:46:02.487  1666  1718 I ActivityManager:   Force finishing activity ActivityRecord{702a191 u0 com.projekt_x.studybuddy/.MainActivity t67 f}
03-27 21:46:02.488  1666  1718 W ActivityManager: Duplicate finish request for ActivityRecord{702a191 u0 com.projekt_x.studybuddy/.MainActivity t67 f}
03-27 21:46:02.490  1666  1718 I ActivityManager:   Force finishing activity ActivityRecord{702a191 u0 com.projekt_x.studybuddy/.MainActivity t67 f}
03-27 21:46:02.490  1666  1718 W ActivityManager: Duplicate finish request for ActivityRecord{702a191 u0 com.projekt_x.studybuddy/.MainActivity t67 f}
03-27 21:46:02.496  1666  1718 E ActivityManager: 	mScreenShotDisabled is true
03-27 21:46:02.503  1666  1718 I ActivityManager: OifaceUtil cann't get currentPackage
03-27 21:46:02.504  1666  1718 I ActivityManager: Exiting empty application process 0:com.projekt_x.studybuddy/u0a287 (null)
03-27 21:46:02.507  1666  1718 D ActivityManager: cleanUpApplicationRecord -- 0
03-27 21:46:02.515  1666  1756 V WindowManager: reevaluateVisibility focusApp:AppWindowToken{d068140 token=Token{6ef6872 ActivityRecord{42e817d u0 com.oppo.launcher/.Launcher t2}}}
03-27 21:46:02.527  1666  1756 V WindowManager: reevaluateVisibility focusApp:AppWindowToken{d068140 token=Token{6ef6872 ActivityRecord{42e817d u0 com.oppo.launcher/.Launcher t2}}}
03-27 21:46:02.540  1666  2982 D ActivityManager: bringUpService for proc:com.coloros.safecenter, isolated:false
03-27 21:46:02.542  1666  1756 V WindowManager: reevaluateVisibility focusApp:AppWindowToken{d068140 token=Token{6ef6872 ActivityRecord{42e817d u0 com.oppo.launcher/.Launcher t2}}}
03-27 21:46:02.543  1666  1756 V WindowManager: reevaluateVisibility focusApp:AppWindowToken{d068140 token=Token{6ef6872 ActivityRecord{42e817d u0 com.oppo.launcher/.Launcher t2}}}
03-27 21:46:02.586  1666  1756 V WindowManager: reevaluateVisibility focusApp:AppWindowToken{d068140 token=Token{6ef6872 ActivityRecord{42e817d u0 com.oppo.launcher/.Launcher t2}}}
03-27 21:46:02.650  1666  1756 V WindowManager: reevaluateVisibility focusApp:AppWindowToken{d068140 token=Token{6ef6872 ActivityRecord{42e817d u0 com.oppo.launcher/.Launcher t2}}}
03-27 21:46:02.651  1666  1756 V WindowManager: reevaluateVisibility focusApp:AppWindowToken{d068140 token=Token{6ef6872 ActivityRecord{42e817d u0 com.oppo.launcher/.Launcher t2}}}
03-27 21:46:02.652  1666  1756 V WindowManager: reevaluateVisibility focusApp:AppWindowToken{d068140 token=Token{6ef6872 ActivityRecord{42e817d u0 com.oppo.launcher/.Launcher t2}}}
03-27 21:46:02.741  1666  1792 D ColorPackageManager: addPkgToNotLaunchedList com.projekt_x.studybuddy
03-27 21:46:02.744  1666  1792 I ActivityManager: Force stopping com.projekt_x.studybuddy appid=10287 user=0: pkg removed
03-27 21:46:02.803  1666  1722 I ActivityManager: Start proc 5433:com.android.keychain/1000 for broadcast com.android.keychain/.KeyChainBroadcastReceiver
03-27 21:46:02.902  1666  1722 I ActivityManager: Start proc 5447:android.process.acore/u0a3 for broadcast com.android.providers.contacts/.PackageIntentReceiver
03-27 21:46:03.015  1666  1792 D ColorPackageManager: mIconCacheMaxNum:0,mIconCacheMinMemory:0.0
03-27 21:46:03.025  1666  1722 I ActivityManager: Start proc 5462:com.android.settings/1000 for broadcast com.android.settings/.location.GPSAppAddRemovedReceiver
03-27 21:46:03.091  1666  1722 I ActivityManager: Start proc 5478:com.android.vending/u0a44 for broadcast com.android.vending/com.google.android.finsky.packagemonitor.impl.PackageMonitorReceiverImpl$RegisteredReceiver
03-27 21:46:03.151  1666  1722 I ActivityManager: Start proc 5491:com.android.vending:background/u0a44 for broadcast com.android.vending/com.google.android.finsky.packagemonitor.backgroundimpl.BackgroundPackageMonitorReceiverImpl$RegisteredReceiver
03-27 21:46:03.201  1666  1722 I ActivityManager: Start proc 5505:com.coloros.childrenspace/1000 for broadcast com.coloros.childrenspace/.controller.ChildrenReceiver
03-27 21:46:03.280  1666  1722 I ActivityManager: Start proc 5521:com.coloros.gamespace/1000 for broadcast com.coloros.gamespace/.receiver.AppListUpdateReceiver
03-27 21:46:03.352  1666  1722 I ActivityManager: Start proc 5535:com.coloros.providers.fileinfo/u0a71 for broadcast com.coloros.providers.fileinfo/.receiver.DataUpdaterReceiver
03-27 21:46:03.422  1666  1722 I ActivityManager: Start proc 5549:com.coloros.sau/1000 for broadcast com.coloros.sau/.strategy.AppInstallReceiver
03-27 21:46:03.423  1666  3600 D ActivityManager: bringUpService for proc:com.coloros.safecenter, isolated:false
03-27 21:46:03.428  1666  2982 D ActivityManager: bringUpService for proc:com.coloros.safecenter, isolated:false
03-27 21:46:03.477  1666  1722 I ActivityManager: Start proc 5564:com.coloros.securepay/1000 for broadcast com.coloros.securepay/.SecurePayReceiver
03-27 21:46:03.543  1666  1722 I ActivityManager: Start proc 5578:com.coloros.weather/u0a114 for broadcast com.coloros.weather/.receiver.WeatherUIAppChangedReceiver
03-27 21:46:03.674  1666  1722 I ActivityManager: Start proc 5597:com.daemon.shelper/1000 for broadcast com.daemon.shelper/.wechat.MonoitoringRecevier
03-27 21:46:03.746  1666  1722 I ActivityManager: Start proc 5610:com.facebook.appmanager/u0a143 for broadcast com.facebook.appmanager/com.facebook.oxygen.appmanager.common.packages.PackageEventReceiver
03-27 21:46:03.857  1666  1722 I ActivityManager: Start proc 5627:com.google.android.apps.maps/u0a132 for broadcast com.google.android.apps.maps/com.google.android.libraries.social.peoplekit.thirdparty.viewcontrollers.ThirdPartyReceiver
03-27 21:46:03.949  1666  1722 I ActivityManager: Start proc 5643:com.google.android.googlequicksearchbox:search/u0a45 for broadcast com.google.android.googlequicksearchbox/com.google.android.apps.gsa.googlequicksearchbox.GelStubAppWatcher
03-27 21:46:03.971  1666  3584 I ActivityManager: Start proc 5648:com.google.android.gms/u0a14 for service com.google.android.gms/.chimera.GmsIntentOperationService
03-27 21:46:04.093  1666  3597 D ActivityManager: bringUpService for proc:com.coloros.safecenter:task, isolated:false
03-27 21:46:04.114  1666  3597 I ActivityManager: Start proc 5681:com.coloros.safecenter:task/1000 for service com.coloros.safecenter/.virusdetect.service.VirusScanService
03-27 21:46:04.334  1666  1722 I ActivityManager: Start proc 5701:com.facebook.system/u0a43 for broadcast com.facebook.system/com.facebook.oxygen.installer.service.PackageReceiver
03-27 21:46:04.419  1666  1722 I ActivityManager: Start proc 5718:com.google.android.partnersetup/u0a18 for broadcast com.google.android.partnersetup/.RlzPingBroadcastReceiver
03-27 21:46:04.507  1666  3584 D ActivityManager: getContentProviderImpl, cpr:ContentProviderRecord{67419b6 u0 com.coloros.safecenter/.common.provider.SafeProvider}, name:com.color.provider.SafeProvider
03-27 21:46:04.507  1666  3584 D ActivityManager: getContentProviderImpl 02, cpr:ContentProviderRecord{67419b6 u0 com.coloros.safecenter/.common.provider.SafeProvider}
03-27 21:46:04.582  1666  1722 I ActivityManager: Start proc 5740:com.nearme.themespace/u0a28 for broadcast com.nearme.themespace/.receiver.ThemeReceiver
03-27 21:46:04.748  1666  1760 D ColorPackageManager: removePkgFromNotLaunchedList com.projekt_x.studybuddy
03-27 21:46:04.749  1666  1760 I ActivityManager: START u0 {flg=0x10000000 cmp=com.projekt_x.studybuddy/.MainActivity} from uid 2000 and from pid 5432 on display 0
03-27 21:46:04.793  1666  1760 I ActivityManager: Start proc 5775:com.projekt_x.studybuddy/u0a287 for activity com.projekt_x.studybuddy/.MainActivity
03-27 21:46:04.800  1666  1756 V WindowManager: reevaluateVisibility focusApp:AppWindowToken{d3f5ea token=Token{4b63e8c ActivityRecord{ef4d7bf u0 com.projekt_x.studybuddy/.MainActivity t68}}}
03-27 21:46:04.830  1666 31900 D ActivityManager: zjm TOP_APP is ProcessRecord{8bade51 5775:com.projekt_x.studybuddy/u0a287} uid is 10287
03-27 21:46:04.851  1666 31900 I ActivityManager: OifaceUtil cann't get currentPackage
03-27 21:46:04.855  1666  1756 V WindowManager: reevaluateVisibility focusApp:AppWindowToken{d3f5ea token=Token{4b63e8c ActivityRecord{ef4d7bf u0 com.projekt_x.studybuddy/.MainActivity t68}}}
03-27 21:46:04.860  1666  1756 V WindowManager: reevaluateVisibility focusApp:AppWindowToken{d3f5ea token=Token{4b63e8c ActivityRecord{ef4d7bf u0 com.projekt_x.studybuddy/.MainActivity t68}}}
03-27 21:46:04.869  1666  1756 V WindowManager: reevaluateVisibility focusApp:AppWindowToken{d3f5ea token=Token{4b63e8c ActivityRecord{ef4d7bf u0 com.projekt_x.studybuddy/.MainActivity t68}}}
03-27 21:46:04.922  1666  2897 D PackageManager:  getInstalledPackages shareName = oppo.uid.nearme
03-27 21:46:05.352  1666  1718 W ActivityManager: Activity pause timeout for ActivityRecord{ef4d7bf u0 com.projekt_x.studybuddy/.MainActivity t68}
03-27 21:46:06.106  1666  1756 V WindowManager: reevaluateVisibility focusApp:AppWindowToken{d3f5ea token=Token{4b63e8c ActivityRecord{ef4d7bf u0 com.projekt_x.studybuddy/.MainActivity t68}}}
03-27 21:46:06.107  1666  1756 V WindowManager: reevaluateVisibility focusApp:AppWindowToken{d3f5ea token=Token{4b63e8c ActivityRecord{ef4d7bf u0 com.projekt_x.studybuddy/.MainActivity t68}}}
03-27 21:46:06.527  1666  1756 V WindowManager: reevaluateVisibility focusApp:AppWindowToken{d3f5ea token=Token{4b63e8c ActivityRecord{ef4d7bf u0 com.projekt_x.studybuddy/.MainActivity t68}}}
03-27 21:46:06.530  1666  1756 V WindowManager: reevaluateVisibility focusApp:AppWindowToken{d3f5ea token=Token{4b63e8c ActivityRecord{ef4d7bf u0 com.projekt_x.studybuddy/.MainActivity t68}}}
03-27 21:46:06.565  1666  2049 E TaskPersister: File error accessing recents directory (directory doesn't exist?).
03-27 21:46:11.012  1666  1717 I ActivityManager: Start proc 5954:com.android.printspooler/u0a118 for service com.android.printspooler/.model.PrintSpoolerService
03-27 21:46:11.642  5610  5974 E ActivityThread: Failed to find provider info for com.facebook.appmanager.oxygen.nekodirect.progress
03-27 21:46:13.344  1666  2955 D ConnectivityService: requestNetwork for uid/pid:10044/5491 NetworkRequest [ TRACK_DEFAULT id=362, [ Capabilities: INTERNET&NOT_RESTRICTED&TRUSTED&NOT_VPN] ]
03-27 21:46:13.395  1666  3600 I ActivityManager: Killing 5433:com.android.keychain/1000 (adj 906): empty #17
03-27 21:46:13.450  1666  1782 D ActivityManager: cleanUpApplicationRecord -- 5433
03-27 21:46:14.284  1666  2748 I ActivityManager: Killing 5505:com.coloros.childrenspace/1000 (adj 906): empty #17
03-27 21:46:14.340  1666  3578 D ActivityManager: cleanUpApplicationRecord -- 5505
03-27 21:46:15.181  1666  3576 D ConnectivityService: requestNetwork for uid/pid:10132/5627 NetworkRequest [ TRACK_DEFAULT id=363, [ Capabilities: INTERNET&NOT_RESTRICTED&TRUSTED&NOT_VPN] ]
03-27 21:46:15.562  1666  2955 D PackageManager:  getInstalledPackages shareName = com.google.uid.shared
03-27 21:46:15.562  1666  2955 D PackageManager:  getInstalledPackages shareUidPkg = com.google.android.gsf
03-27 21:46:15.863  1666  2931 D PackageManager:  getInstalledPackages shareName = com.google.uid.shared
03-27 21:46:15.864  1666  2931 D PackageManager:  getInstalledPackages shareUidPkg = com.google.android.gsf
03-27 21:46:16.223  1666  3577 I ActivityManager: Killing 5366:com.coloros.weather.service/u0a115 (adj 906): empty #17
03-27 21:46:16.252  1666  2748 D ActivityManager: cleanUpApplicationRecord -- 5366
03-27 21:46:16.412  1666  1755 D BluetoothManagerService: Message: 20
03-27 21:46:16.412  1666  1755 D BluetoothManagerService: Added callback: android.bluetooth.IBluetoothManagerCallback$Stub$Proxy@40971da:true
03-27 21:46:17.344  1666  3584 I ActivityManager: Killing 5627:com.google.android.apps.maps/u0a132 (adj 906): empty #17
03-27 21:46:17.642  1666  2897 D ConnectivityService: ConnectivityService NetworkRequestInfo binderDied(NetworkRequest [ TRACK_DEFAULT id=363, [ Capabilities: INTERNET&NOT_RESTRICTED&TRUSTED&NOT_VPN] ], android.os.BinderProxy@ca7b42e)
03-27 21:46:17.642  1666  1971 D ConnectivityService: releasing NetworkRequest [ TRACK_DEFAULT id=363, [ Capabilities: INTERNET&NOT_RESTRICTED&TRUSTED&NOT_VPN] ]
03-27 21:46:17.645  1666  3585 D ActivityManager: cleanUpApplicationRecord -- 5627
03-27 21:46:17.650  1666  1971 E ConnectivityService: RemoteException caught trying to send a callback msg for NetworkRequest [ TRACK_DEFAULT id=363, [ Capabilities: INTERNET&NOT_RESTRICTED&TRUSTED&NOT_VPN] ]
03-27 21:46:17.692  1666  1723 E libprocessgroup: failed to kill 1 processes for processgroup 5627
03-27 21:46:19.379  1666  1782 D ConnectivityService: requestNetwork for uid/pid:10045/5643 NetworkRequest [ TRACK_DEFAULT id=364, [ Capabilities: INTERNET&NOT_RESTRICTED&TRUSTED&NOT_VPN] ]
03-27 21:46:21.443  1666  1889 I ActivityManager: Start proc 6181:com.coloros.oppomorningsystem/1000 for service com.coloros.oppomorningsystem/.OppoAutoClearService
03-27 21:46:24.330  1666  3598 D ConnectivityService: requestNetwork for uid/pid:10044/5491 NetworkRequest [ TRACK_DEFAULT id=366, [ Capabilities: INTERNET&NOT_RESTRICTED&TRUSTED&NOT_VPN] ]
03-27 21:46:27.197  1666  1760 I ActivityManager: Process com.google.android.tts (pid 7805) has died
03-27 21:46:27.198  1666  1760 D ActivityManager: cleanUpApplicationRecord -- 7805
03-27 21:46:27.270  1666  2987 I ActivityManager: Force stopping com.android.printspooler appid=10118 user=0: from pid 6181
03-27 21:46:27.270  1666  2987 I ActivityManager: Killing 5954:com.android.printspooler/u0a118 (adj 900): stop com.android.printspooler
03-27 21:46:27.271  1666  2987 D ActivityManager: cleanUpApplicationRecord -- 5954
03-27 21:46:27.319  1666  2987 I ActivityManager: Force stopping com.facebook.appmanager appid=10143 user=0: from pid 6181
03-27 21:46:27.320  1666  2987 I ActivityManager: Killing 5610:com.facebook.appmanager/u0a143 (adj 900): stop com.facebook.appmanager
03-27 21:46:27.320  1666  2987 D ActivityManager: cleanUpApplicationRecord -- 5610
03-27 21:46:27.347  1666  2758 D ConnectivityService: ConnectivityService NetworkRequestInfo binderDied(NetworkRequest [ TRACK_DEFAULT id=362, [ Capabilities: INTERNET&NOT_RESTRICTED&TRUSTED&NOT_VPN] ], android.os.BinderProxy@3137684)
03-27 21:46:27.347  1666  1760 I ActivityManager: Process com.android.vending:background (pid 5491) has died
03-27 21:46:27.348  1666  1971 D ConnectivityService: releasing NetworkRequest [ TRACK_DEFAULT id=362, [ Capabilities: INTERNET&NOT_RESTRICTED&TRUSTED&NOT_VPN] ]
03-27 21:46:27.348  1666  2758 D ConnectivityService: ConnectivityService NetworkRequestInfo binderDied(NetworkRequest [ TRACK_DEFAULT id=366, [ Capabilities: INTERNET&NOT_RESTRICTED&TRUSTED&NOT_VPN] ], android.os.BinderProxy@b7dde6d)
03-27 21:46:27.348  1666  1760 D ActivityManager: cleanUpApplicationRecord -- 5491
03-27 21:46:27.349  1666  1971 E ConnectivityService: RemoteException caught trying to send a callback msg for NetworkRequest [ TRACK_DEFAULT id=362, [ Capabilities: INTERNET&NOT_RESTRICTED&TRUSTED&NOT_VPN] ]
03-27 21:46:27.349  1666  1971 D ConnectivityService: releasing NetworkRequest [ TRACK_DEFAULT id=366, [ Capabilities: INTERNET&NOT_RESTRICTED&TRUSTED&NOT_VPN] ]
03-27 21:46:27.351  1666  1971 E ConnectivityService: RemoteException caught trying to send a callback msg for NetworkRequest [ TRACK_DEFAULT id=366, [ Capabilities: INTERNET&NOT_RESTRICTED&TRUSTED&NOT_VPN] ]
