03-27 23:06:01.517   844  6122 D AudioPolicyManagerCustom: get_current_scence in scenceState is 0
03-27 23:06:01.518   844  6122 D APM_AudioPolicyManager: getInputForAttr() source 6, samplingRate 16000, format 1, channelMask 10, session 2801, flags 0
03-27 23:06:01.518   844  6122 D audio_hw_primary: adev_open_input_stream: enter: sample_rate(16000) channel_mask(0x10) devices(0x80000004)        stream_handle(0xf22cb700) io_handle(822) source(6) format 1
03-27 23:06:01.518   844  6122 I msm8916_platform: get_oppo_media_record_type: prop:oppo.media.record.type 1 = 
03-27 23:06:01.518   844  6122 D audio_hw_primary: adev_open_input_stream:scence = 0
03-27 23:06:01.520   844 19218 I AudioFlinger: AudioFlinger's thread 0xf0103d00 ready to run
03-27 23:06:01.520   844 19218 D audio_hw_primary: in_standby: enter: stream (0xf22cb700) usecase(16: audio-record)
03-27 23:06:01.521   844 19218 D audio_hw_primary: in_standby: enter: stream (0xf22cb700) usecase(16: audio-record)
03-27 23:06:01.568 18353 18353 I chatty  : uid=10287(com.projekt_x.studybuddy) expire 150 lines
03-27 23:06:01.570   844  1984 D AudioFlinger: mActiveRecordTrackPids add session 2801 pid 18353
03-27 23:06:01.570   844  1984 D AudioPolicyManagerCustom: startInput() input 822 session 2801
03-27 23:06:01.570   844  1984 D mmscene : getHint applicationScene=com.projekt_x.studybuddy,idx=3 none
03-27 23:06:01.571   844  1312 I SoundTriggerHwService::Module: void android::SoundTriggerHwService::Module::onCallbackEvent(const sp<android::SoundTriggerHwService::CallbackEvent> &) mClient == 0
03-27 23:06:01.572   844 19218 D audio_hw_primary: in_set_parameters: enter: kvpairs=input_source=6;routing=-2147483644
03-27 23:06:01.574   844  1984 D AudioPolicyManagerCustom: MSG_RECORD_START recorderPid : 18353
03-27 23:06:01.574   844  1984 D LocalSocketClient: sendMessage info 8:18353 info length 7
03-27 23:06:01.574   844  1984 D LocalSocketClient: sendMessage end
03-27 23:06:01.574  1666  1991 D LocalSocketServer: new client coming !
03-27 23:06:01.575  1666  1991 D LocalSocketServer: wait for new client coming !
03-27 23:06:01.575   844 19218 D oppo_smartvolume: smartvolume_stoprecord: 
03-27 23:06:01.575   844 19218 D audio_hw_primary: start_input_stream: enter: stream(0xf22cb700)usecase(16: audio-record)
03-27 23:06:01.575   844 19218 D audio_hw_primary: select_devices for use case (audio-record)
03-27 23:06:01.575   844 19218 D msm8916_platform: platform_get_input_snd_device: enter: out_device(0) in_device(0x4) channel_count (1) channel_mask (0x10)
03-27 23:06:01.575   844 19218 D audio_hw_primary: select_devices: out_snd_device(0: ) in_snd_device(89: voice-rec-mic)
03-27 23:06:01.576   844 19218 I msm8916_platform: platform_check_and_set_capture_codec_backend_cfg:txbecf: afe: bitwidth 16, samplerate 16000, backend_idx 0 usecase = 16 device (voice-rec-mic)
03-27 23:06:01.576   844 19218 I msm8916_platform: platform_check_capture_codec_backend_cfg:txbecf: afe: Codec selected backend: 0 current bit width: 16 and sample rate: 16000
03-27 23:06:01.576   844 19218 W msm8916_platform: platform_check_capture_codec_backend_cfg:txbecf: afe:Use default bw and sr for voice/voip calls
03-27 23:06:01.576   844 19218 I msm8916_platform: platform_check_capture_codec_backend_cfg:txbecf: afe: Codec selected backend: 0 updated bit width: 16 and sample rate: 48000
03-27 23:06:01.576   844 19218 D audio_hw_primary: check_usecases_capture_codec_backend:becf: force routing 0
03-27 23:06:01.576   844 19218 D hardware_info: hw_info_append_hw_type : device_name = voice-rec-mic
03-27 23:06:01.576   844 19218 D msm8916_platform: platform_split_snd_device: snd_device(89) num devices(0) new_snd_devices(-231734016)
03-27 23:06:01.576   844 19218 D audio_hw_primary: enable_snd_device: snd_device(89: voice-rec-mic)
03-27 23:06:01.576   844 19218 I soundtrigger: audio_extn_sound_trigger_update_device_status: device 0x59 of type 1 for Event 1, with Raise=1
03-27 23:06:01.576   844 19218 D sound_trigger_platform: platform_stdev_check_and_update_concurrency: concurrency active 0, tx 1, rx 1, concurrency session_allowed 0
03-27 23:06:01.577  1666  3912 D LocalSocketServer: readBytes = 7
03-27 23:06:01.577  1666  3912 D LocalSocketServer: ClientSocket read info = 8:18353
03-27 23:06:01.578   487  2779 E ANDR-PERF-MPCTL: Invalid profile no. 0, total profiles 0 only
03-27 23:06:01.581   844 19218 E audio_hw_dolby: audio_extn_dolby_ds2_set_endpoint: Dolby set endpint :0x2
03-27 23:06:01.581   844 19218 D soundtrigger: audio_extn_sound_trigger_update_stream_status: uc_id 16 of type 1 for Event 3, with Raise=0
03-27 23:06:01.582   844 19218 I audio_hw_utils: audio_extn_utils_send_app_type_cfg CAPTURE app_type = 69938, acdb_dev_id = 107, sample_rate = 48000
03-27 23:06:01.582   844 19218 D msm8916_platform: platform_split_snd_device: snd_device(89) num devices(1) new_snd_devices(-187388229)
03-27 23:06:01.582   844 19218 D ACDB-LOADER: ACDB -> send_audio_cal, acdb_id = 107, path = 1, app id = 0x11132, sample rate = 48000
03-27 23:06:01.582   844 19218 D ACDB-LOADER: ACDB -> ACDB_CMD_GET_AUDPROC_GAIN_DEP_STEP_TABLE, vol index 0
03-27 23:06:01.582   844 19218 D         : Failed to fetch the lookup information of the device 0000006B 
03-27 23:06:01.582   844 19218 E ACDB-LOADER: Error: ACDB AudProc vol returned = -19
03-27 23:06:01.582   844 19218 D ACDB-LOADER: ACDB -> AUDIO_SET_VOL_CAL cal type = 12
03-27 23:06:01.582   844 19218 D ACDB-LOADER: ACDB -> audstrm_cal->cal_type.cal_data.cal_size = 16
03-27 23:06:01.582   844 19218 D         : Failed to fetch the lookup information of the device 0000006B 
03-27 23:06:01.582   844 19218 E ACDB-LOADER: Error: ACDB AFE returned = -19
03-27 23:06:01.582   844 19218 D audio_hw_primary: enable_audio_route: apply mixer and update path: audio-record
03-27 23:06:01.584   844 19218 E msm8916_platform: platform_get_snd_device_acdb_id: Invalid snd_device = 0
03-27 23:06:01.584   844 19218 D audio_hw_primary: select_devices: done acdb_id_in: 107  acdb_id_out: -22
03-27 23:06:01.642   844 19218 D audio_hw_primary: start_input_stream: exit
03-27 23:06:01.762  1666  2385 W Watchdog_N: !@WatchDog_2196;
03-27 23:06:02.522   844 19218 D audio_hw_primary: in_standby: enter: stream (0xf22cb700) usecase(16: audio-record)
03-27 23:06:02.564   844 19218 D audio_hw_primary: disable_audio_route: reset and update mixer path: audio-record
03-27 23:06:02.565   844 19218 D soundtrigger: audio_extn_sound_trigger_update_stream_status: uc_id 16 of type 1 for Event 2, with Raise=0
03-27 23:06:02.566   844 19218 D hardware_info: hw_info_append_hw_type : device_name = voice-rec-mic
03-27 23:06:02.566   844 19218 D audio_hw_primary: disable_snd_device: snd_device(89: voice-rec-mic)
03-27 23:06:02.566   844 19218 D msm8916_platform: platform_split_snd_device: snd_device(89) num devices(0) new_snd_devices(0)
03-27 23:06:02.568   844 19218 I soundtrigger: audio_extn_sound_trigger_update_device_status: device 0x59 of type 1 for Event 0, with Raise=1
03-27 23:06:02.568   844 19218 D sound_trigger_platform: platform_stdev_check_and_update_concurrency: concurrency active 0, tx 0, rx 1, concurrency session_allowed 1
03-27 23:06:02.569   844   844 D APM_AudioPolicyManager: stopInput() input 822
03-27 23:06:02.569   844 19218 D audio_hw_primary: in_set_parameters: enter: kvpairs=routing=0
03-27 23:06:02.570   844   844 D APM_AudioPolicyManager: MSG_RECORD_STOP recorderPid : 18353
03-27 23:06:02.570   844  1312 I SoundTriggerHwService::Module: void android::SoundTriggerHwService::Module::onCallbackEvent(const sp<android::SoundTriggerHwService::CallbackEvent> &) mClient == 0
03-27 23:06:02.570   844   844 D LocalSocketClient: sendMessage info 9:18353 info length 7
03-27 23:06:02.570   844   844 D LocalSocketClient: sendMessage end
03-27 23:06:02.570   844   844 D mmscene : getHint applicationScene=com.projekt_x.studybuddy,idx=3 none
03-27 23:06:02.570   844   844 D AudioFlinger: ActiveRecordTrackPids.removeItem session 2801 when stop
03-27 23:06:02.570  1666  1991 D LocalSocketServer: new client coming !
03-27 23:06:02.570  1666  1991 D LocalSocketServer: wait for new client coming !
03-27 23:06:02.571  1666  4070 D LocalSocketServer: readBytes = 7
03-27 23:06:02.571  1666  4070 D LocalSocketServer: ClientSocket read info = 9:18353
03-27 23:06:02.577   844  1313 D audio_hw_primary: adev_close_input_stream: enter:stream_handle(0xf22cb700)
03-27 23:06:02.577   844  1313 D audio_hw_primary: in_standby: enter: stream (0xf22cb700) usecase(16: audio-record)
03-27 23:06:02.578  1666  1690 I MediaFocusControl:  AudioFocus  abandonAudioFocus() from uid/pid 10287/18353 clientId=android.media.AudioManager@b16a2c7com.projekt_x.studybuddy.bridge.VoicePipelineManager$$ExternalSyntheticLambda0@b2620f4
03-27 23:06:02.808   878   878 E cnss-daemon: Stale or unreachable neighbors, ndm state: 4
03-27 23:06:03.081  1666  1691 I MediaFocusControl:  AudioFocus  requestAudioFocus() from uid/pid 10287/18353 clientId=android.media.AudioManager@b16a2c7com.projekt_x.studybuddy.bridge.VoicePipelineManager$$ExternalSyntheticLambda0@b2620f4 req=2 flags=0x0
03-27 23:06:03.095   844  6122 D voice_scence_discern: add name:sample_rate,  value:16000
03-27 23:06:03.095   844  6122 V voice_scence_discern: add name:sample_rate value:16000 list:0xf05e6960
03-27 23:06:03.095   844  6122 D voice_scence_discern: add name:channels,  value:1
03-27 23:06:03.095   844  6122 V voice_scence_discern: add name:channels value:1 list:0xf05e6960
03-27 23:06:03.096   844  6122 D voice_scence_discern: get scence process pid:18353, name:com.projekt_x.studybuddy
03-27 23:06:03.096   844  6122 V voice_scence_discern: this process not in init apk. apk_list:0xf07ffb90
03-27 23:06:03.096   844  6122 D AudioPolicyManagerCustom: get_current_scence in scenceState is 0
03-27 23:06:03.096   844  6122 D APM_AudioPolicyManager: getInputForAttr() source 6, samplingRate 16000, format 1, channelMask 10, session 2809, flags 0
03-27 23:06:03.096   844  6122 D audio_hw_primary: adev_open_input_stream: enter: sample_rate(16000) channel_mask(0x10) devices(0x80000004)        stream_handle(0xf22cb700) io_handle(830) source(6) format 1
03-27 23:06:03.096   844  6122 I msm8916_platform: get_oppo_media_record_type: prop:oppo.media.record.type 1 = 
03-27 23:06:03.096   844  6122 D audio_hw_primary: adev_open_input_stream:scence = 0
03-27 23:06:03.098   844 19223 I AudioFlinger: AudioFlinger's thread 0xef783340 ready to run
03-27 23:06:03.098   844 19223 D audio_hw_primary: in_standby: enter: stream (0xf22cb700) usecase(16: audio-record)
03-27 23:06:03.099   844 19223 D audio_hw_primary: in_standby: enter: stream (0xf22cb700) usecase(16: audio-record)
03-27 23:06:03.155   844 10119 D AudioFlinger: mActiveRecordTrackPids add session 2809 pid 18353
03-27 23:06:03.155   844 10119 D AudioPolicyManagerCustom: startInput() input 830 session 2809
03-27 23:06:03.159   844 10119 D mmscene : getHint applicationScene=com.projekt_x.studybuddy,idx=3 none
03-27 23:06:03.159   844  1312 I SoundTriggerHwService::Module: void android::SoundTriggerHwService::Module::onCallbackEvent(const sp<android::SoundTriggerHwService::CallbackEvent> &) mClient == 0
03-27 23:06:03.159   844 19223 D audio_hw_primary: in_set_parameters: enter: kvpairs=input_source=6;routing=-2147483644
03-27 23:06:03.163   844 10119 D AudioPolicyManagerCustom: MSG_RECORD_START recorderPid : 18353
03-27 23:06:03.163   844 10119 D LocalSocketClient: sendMessage info 8:18353 info length 7
03-27 23:06:03.163   844 10119 D LocalSocketClient: sendMessage end
03-27 23:06:03.163  1666  1991 D LocalSocketServer: new client coming !
03-27 23:06:03.163  1666  1991 D LocalSocketServer: wait for new client coming !
03-27 23:06:03.164  1666  4200 D LocalSocketServer: readBytes = 7
03-27 23:06:03.164  1666  4200 D LocalSocketServer: ClientSocket read info = 8:18353
03-27 23:06:03.165   844 19223 D oppo_smartvolume: smartvolume_stoprecord: 
03-27 23:06:03.165   844 19223 D audio_hw_primary: start_input_stream: enter: stream(0xf22cb700)usecase(16: audio-record)
03-27 23:06:03.165   844 19223 D audio_hw_primary: select_devices for use case (audio-record)
03-27 23:06:03.165   844 19223 D msm8916_platform: platform_get_input_snd_device: enter: out_device(0) in_device(0x4) channel_count (1) channel_mask (0x10)
03-27 23:06:03.165   844 19223 D audio_hw_primary: select_devices: out_snd_device(0: ) in_snd_device(89: voice-rec-mic)
03-27 23:06:03.165   844 19223 I msm8916_platform: platform_check_and_set_capture_codec_backend_cfg:txbecf: afe: bitwidth 16, samplerate 16000, backend_idx 0 usecase = 16 device (voice-rec-mic)
03-27 23:06:03.165   844 19223 I msm8916_platform: platform_check_capture_codec_backend_cfg:txbecf: afe: Codec selected backend: 0 current bit width: 16 and sample rate: 16000
03-27 23:06:03.165   844 19223 W msm8916_platform: platform_check_capture_codec_backend_cfg:txbecf: afe:Use default bw and sr for voice/voip calls
03-27 23:06:03.165   844 19223 I msm8916_platform: platform_check_capture_codec_backend_cfg:txbecf: afe: Codec selected backend: 0 updated bit width: 16 and sample rate: 48000
03-27 23:06:03.166   844 19223 D audio_hw_primary: check_usecases_capture_codec_backend:becf: force routing 0
03-27 23:06:03.166   844 19223 D hardware_info: hw_info_append_hw_type : device_name = voice-rec-mic
03-27 23:06:03.166   844 19223 D msm8916_platform: platform_split_snd_device: snd_device(89) num devices(0) new_snd_devices(-231734016)
03-27 23:06:03.166   844 19223 D audio_hw_primary: enable_snd_device: snd_device(89: voice-rec-mic)
03-27 23:06:03.166   844 19223 I soundtrigger: audio_extn_sound_trigger_update_device_status: device 0x59 of type 1 for Event 1, with Raise=1
03-27 23:06:03.166   844 19223 D sound_trigger_platform: platform_stdev_check_and_update_concurrency: concurrency active 0, tx 1, rx 1, concurrency session_allowed 0
03-27 23:06:03.169   844 19223 E audio_hw_dolby: audio_extn_dolby_ds2_set_endpoint: Dolby set endpint :0x2
03-27 23:06:03.169   844 19223 D soundtrigger: audio_extn_sound_trigger_update_stream_status: uc_id 16 of type 1 for Event 3, with Raise=0
03-27 23:06:03.169   844 19223 I audio_hw_utils: audio_extn_utils_send_app_type_cfg CAPTURE app_type = 69938, acdb_dev_id = 107, sample_rate = 48000
03-27 23:06:03.169   844 19223 D msm8916_platform: platform_split_snd_device: snd_device(89) num devices(1) new_snd_devices(-187388229)
03-27 23:06:03.169   844 19223 D ACDB-LOADER: ACDB -> send_audio_cal, acdb_id = 107, path = 1, app id = 0x11132, sample rate = 48000
03-27 23:06:03.169   844 19223 D ACDB-LOADER: ACDB -> ACDB_CMD_GET_AUDPROC_GAIN_DEP_STEP_TABLE, vol index 0
03-27 23:06:03.169   844 19223 D         : Failed to fetch the lookup information of the device 0000006B 
03-27 23:06:03.169   844 19223 E ACDB-LOADER: Error: ACDB AudProc vol returned = -19
03-27 23:06:03.169   844 19223 D ACDB-LOADER: ACDB -> AUDIO_SET_VOL_CAL cal type = 12
03-27 23:06:03.169   844 19223 D ACDB-LOADER: ACDB -> audstrm_cal->cal_type.cal_data.cal_size = 16
03-27 23:06:03.169   844 19223 D         : Failed to fetch the lookup information of the device 0000006B 
03-27 23:06:03.170   844 19223 E ACDB-LOADER: Error: ACDB AFE returned = -19
03-27 23:06:03.170   844 19223 D audio_hw_primary: enable_audio_route: apply mixer and update path: audio-record
03-27 23:06:03.171   844 19223 E msm8916_platform: platform_get_snd_device_acdb_id: Invalid snd_device = 0
03-27 23:06:03.171   844 19223 D audio_hw_primary: select_devices: done acdb_id_in: 107  acdb_id_out: -22
03-27 23:06:03.172   487  2779 E ANDR-PERF-MPCTL: Invalid profile no. 0, total profiles 0 only
03-27 23:06:03.220   878   878 E cnss-daemon: gateway mac address: %02x:%02x:%02x:%02x:%02x:%02x
03-27 23:06:03.220   878   878 E cnss-daemon: : 00:00:00:00:00:00
03-27 23:06:03.220   878   878 E cnss-daemon: Invalid mac address: 0x555555f110M
03-27 23:06:03.231   844 19223 D audio_hw_primary: start_input_stream: exit
03-27 23:06:03.401 18353 18519 I chatty  : uid=10287(com.projekt_x.studybuddy) DefaultDispatch expire 70 lines
03-27 23:06:03.801  2487  2562 W QCNEJ   : |CORE| CNE received unexpected action: android.intent.action.BATTERY_CHANGED
03-27 23:06:03.821  2502  2502 E libc    : Access denied finding property "oppo.hide.navigationbar"
03-27 23:06:03.810  2502  2502 W m.android.phone: type=1400 audit(0.0:531): avc: denied { read } for uid=1001 name="u:object_r:oppo_prop:s0" dev="tmpfs" ino=16710 scontext=u:r:radio:s0 tcontext=u:object_r:oppo_prop:s0 tclass=file permissive=0
03-27 23:06:04.076 18353 18353 I chatty  : uid=10287(com.projekt_x.studybuddy) expire 203 lines
03-27 23:06:04.284   844  1276 D audio_hw_primary: disable_audio_route: reset and update mixer path: deep-buffer-playback
03-27 23:06:04.285   844  1276 D soundtrigger: audio_extn_sound_trigger_update_stream_status: uc_id 0 of type 0 for Event 2, with Raise=1
03-27 23:06:04.285   844  1276 D sound_trigger_platform: platform_stdev_check_and_update_concurrency: concurrency active 0, tx 1, rx 0, concurrency session_allowed 0
03-27 23:06:04.285   844  1276 D hardware_info: hw_info_append_hw_type : device_name = speaker
03-27 23:06:04.285   844  1276 D audio_hw_primary: disable_snd_device: snd_device(2: speaker)
03-27 23:06:04.285   844  1276 D msm8916_platform: platform_split_snd_device: snd_device(2) num devices(0) new_snd_devices(0)
03-27 23:06:04.288   844  1276 D aud_dev_arbi: releaseOneDevice: not sending command, device argument (2) does not match any registered device
03-27 23:06:04.288   844  1276 D aud_dev_arbi: releaseOneDevice: device 2 owner is 0
03-27 23:06:04.288   844  1276 I soundtrigger: audio_extn_sound_trigger_update_device_status: device 0x2 of type 0 for Event 0, with Raise=0
03-27 23:06:04.288   844  1276 D audio_hw_primary: out_standby: exit
03-27 23:06:04.353 18353 18445 I chatty  : uid=10287(com.projekt_x.studybuddy) DefaultDispatch expire 21 lines
03-27 23:06:05.504 18353 18353 I chatty  : uid=10287(com.projekt_x.studybuddy) expire 205 lines
03-27 23:06:05.505 18353 18519 I chatty  : uid=10287(com.projekt_x.studybuddy) DefaultDispatch expire 74 lines
03-27 23:06:06.795 18353 18445 I chatty  : uid=10287(com.projekt_x.studybuddy) DefaultDispatch expire 17 lines
03-27 23:06:06.801 18353 18353 I chatty  : uid=10287(com.projekt_x.studybuddy) expire 173 lines
03-27 23:06:07.602 18353 18442 I chatty  : uid=10287(com.projekt_x.studybuddy) DefaultDispatch expire 8 lines
03-27 23:06:07.611 18353 18865 I chatty  : uid=10287(com.projekt_x.studybuddy) DefaultDispatch expire 8 lines
03-27 23:06:07.836   878   878 E cnss-daemon: Stale or unreachable neighbors, ndm state: 4
03-27 23:06:08.032 18353 18443 I chatty  : uid=10287(com.projekt_x.studybuddy) DefaultDispatch expire 60 lines
03-27 23:06:08.852 18353 18353 I chatty  : uid=10287(com.projekt_x.studybuddy) expire 159 lines
03-27 23:06:08.992 18353 18519 I chatty  : uid=10287(com.projekt_x.studybuddy) DefaultDispatch expire 98 lines
03-27 23:06:09.932   878   878 E cnss-daemon: Stale or unreachable neighbors, ndm state: 4
03-27 23:06:11.398 18353 18353 I chatty  : uid=10287(com.projekt_x.studybuddy) expire 161 lines
03-27 23:06:11.414 18353 18443 I chatty  : uid=10287(com.projekt_x.studybuddy) DefaultDispatch expire 77 lines
03-27 23:06:13.912 18353 18519 I chatty  : uid=10287(com.projekt_x.studybuddy) DefaultDispatch expire 17 lines
03-27 23:06:13.953 18353 18353 I chatty  : uid=10287(com.projekt_x.studybuddy) expire 82 lines
03-27 23:06:14.766   844   844 D AudioFlinger: getActiveAudioPids pids = 
03-27 23:06:14.781 14381 14391 I art     : CollectorTransition marksweep + semispace GC freed 24(-1160B) AllocSpace objects, 0(0B) LOS objects, 54% free, 3MB/7MB, paused 10.132ms total 10.132ms
03-27 23:06:15.232 18353 18519 I chatty  : uid=10287(com.projekt_x.studybuddy) DefaultDispatch expire 3 lines
03-27 23:06:15.236 18353 18353 I chatty  : uid=10287(com.projekt_x.studybuddy) expire 6 lines
03-27 23:06:15.242 18353 18519 I chatty  : uid=10287(com.projekt_x.studybuddy) DefaultDispatch expire 3 lines
03-27 23:06:15.254 18353 18353 I chatty  : uid=10287(com.projekt_x.studybuddy) expire 4 lines
03-27 23:06:15.393 18353 18519 I chatty  : uid=10287(com.projekt_x.studybuddy) DefaultDispatch expire 4 lines
03-27 23:06:15.397 18353 18353 I chatty  : uid=10287(com.projekt_x.studybuddy) expire 169 lines
03-27 23:06:15.407 18353 18519 I chatty  : uid=10287(com.projekt_x.studybuddy) DefaultDispatch expire 44 lines
03-27 23:06:15.416 18353 18443 I chatty  : uid=10287(com.projekt_x.studybuddy) DefaultDispatch expire 42 lines
03-27 23:06:17.472 18353 18442 I chatty  : uid=10287(com.projekt_x.studybuddy) DefaultDispatch expire 21 lines
03-27 23:06:17.742   878   878 E cnss-daemon: Stale or unreachable neighbors, ndm state: 16
03-27 23:06:17.807 18353 18519 I chatty  : uid=10287(com.projekt_x.studybuddy) DefaultDispatch expire 19 lines
03-27 23:06:17.810 18353 18353 I chatty  : uid=10287(com.projekt_x.studybuddy) expire 36 lines
03-27 23:06:18.132   844 19223 D audio_hw_primary: in_standby: enter: stream (0xf22cb700) usecase(16: audio-record)
03-27 23:06:18.174   844 19223 D audio_hw_primary: disable_audio_route: reset and update mixer path: audio-record
03-27 23:06:18.174   844 19223 D soundtrigger: audio_extn_sound_trigger_update_stream_status: uc_id 16 of type 1 for Event 2, with Raise=0
03-27 23:06:18.174   844 19223 D hardware_info: hw_info_append_hw_type : device_name = voice-rec-mic
03-27 23:06:18.174   844 19223 D audio_hw_primary: disable_snd_device: snd_device(89: voice-rec-mic)
03-27 23:06:18.174   844 19223 D msm8916_platform: platform_split_snd_device: snd_device(89) num devices(0) new_snd_devices(0)
03-27 23:06:18.175   844 19223 I soundtrigger: audio_extn_sound_trigger_update_device_status: device 0x59 of type 1 for Event 0, with Raise=1
03-27 23:06:18.175   844 19223 D sound_trigger_platform: platform_stdev_check_and_update_concurrency: concurrency active 0, tx 0, rx 0, concurrency session_allowed 1
03-27 23:06:18.176   844  1984 D APM_AudioPolicyManager: stopInput() input 830
03-27 23:06:18.176   844 19223 D audio_hw_primary: in_set_parameters: enter: kvpairs=routing=0
03-27 23:06:18.170  1984  1984 W Binder:844_2: type=1400 audit(0.0:532): avc: denied { getattr } for uid=1041 path="/proc/18353/cmdline" dev="proc" ino=1604077 scontext=u:r:audioserver:s0 tcontext=u:r:untrusted_app:s0:c512,c768 tclass=file permissive=0
03-27 23:06:18.177   844  1984 D APM_AudioPolicyManager: MSG_RECORD_STOP recorderPid : 18353
03-27 23:06:18.177   844  1312 I SoundTriggerHwService::Module: void android::SoundTriggerHwService::Module::onCallbackEvent(const sp<android::SoundTriggerHwService::CallbackEvent> &) mClient == 0
03-27 23:06:18.177   844  1984 D LocalSocketClient: sendMessage info 9:18353 info length 7
03-27 23:06:18.177   844  1984 D LocalSocketClient: sendMessage end
03-27 23:06:18.177  1666  1991 D LocalSocketServer: new client coming !
03-27 23:06:18.178  1666  1991 D LocalSocketServer: wait for new client coming !
03-27 23:06:18.178   844  1984 D mmscene : getHint applicationScene=com.projekt_x.studybuddy,idx=3 none
03-27 23:06:18.178   844  1984 D AudioFlinger: ActiveRecordTrackPids.removeItem session 2809 when stop
03-27 23:06:18.178  1666  3912 D LocalSocketServer: readBytes = 7
03-27 23:06:18.178  1666  3912 D LocalSocketServer: ClientSocket read info = 9:18353
03-27 23:06:18.181   844  6122 D audio_hw_primary: adev_close_input_stream: enter:stream_handle(0xf22cb700)
03-27 23:06:18.181   844  6122 D audio_hw_primary: in_standby: enter: stream (0xf22cb700) usecase(16: audio-record)
03-27 23:06:18.182   844 10119 W AudioFlinger::EffectHandle: disconnect Effect handle 0xf1b09d00 disconnected after thread destruction
03-27 23:06:18.183  1666  2925 I MediaFocusControl:  AudioFocus  abandonAudioFocus() from uid/pid 10287/18353 clientId=android.media.AudioManager@b16a2c7com.projekt_x.studybuddy.bridge.VoicePipelineManager$$ExternalSyntheticLambda0@b2620f4
03-27 23:06:22.792   878   878 E cnss-daemon: Stale or unreachable neighbors, ndm state: 16
03-27 23:06:22.812   878   878 E cnss-daemon: Stale or unreachable neighbors, ndm state: 4
03-27 23:06:23.359  2864  2883 I art     : Background partial concurrent mark sweep GC freed 104(3KB) AllocSpace objects, 0(0B) LOS objects, 42% free, 5MB/9MB, paused 763us total 169.892ms
03-27 23:06:29.972   878   878 E cnss-daemon: Stale or unreachable neighbors, ndm state: 4
03-27 23:06:30.429 18353 18353 I chatty  : uid=10287(com.projekt_x.studybuddy) expire 13 lines
03-27 23:06:31.314 18353 18445 I chatty  : uid=10287(com.projekt_x.studybuddy) DefaultDispatch expire 14 lines
03-27 23:06:31.316 18353 18442 I chatty  : uid=10287(com.projekt_x.studybuddy) DefaultDispatch expire 11 lines
03-27 23:06:31.767  1666  2385 W Watchdog_N: !@WatchDog_2197;
03-27 23:06:38.562   878   878 E cnss-daemon: Stale or unreachable neighbors, ndm state: 16
03-27 23:06:41.452   878   878 E cnss-daemon: Stale or unreachable neighbors, ndm state: 4
03-27 23:06:41.937 18353 18442 I chatty  : uid=10287(com.projekt_x.studybuddy) DefaultDispatch expire 14 lines
03-27 23:06:42.438 18353 18353 I chatty  : uid=10287(com.projekt_x.studybuddy) expire 11 lines
03-27 23:06:46.168  1666  1838 E qti_sensors_hal: processReportInd:accel X: 0.129944 Y: -0.261108 Z: 9.831177 , timestamp = 800396968
03-27 23:06:48.355 31586 31596 I art     : Background partial concurrent mark sweep GC freed 1671(167KB) AllocSpace objects, 6(120KB) LOS objects, 47% free, 4MB/8MB, paused 578us total 144.977ms
03-27 23:06:50.772   878   878 E cnss-daemon: Stale or unreachable neighbors, ndm state: 4
03-27 23:06:52.983   878   878 E cnss-daemon: Stale or unreachable neighbors, ndm state: 4
03-27 23:06:53.448 18353 18353 I chatty  : uid=10287(com.projekt_x.studybuddy) expire 15 lines
03-27 23:06:54.859   844  6122 D AudioFlinger: getActiveAudioPids pids = 
03-27 23:06:54.876 14381 14391 I art     : CollectorTransition marksweep + semispace GC freed 33(-872B) AllocSpace objects, 0(0B) LOS objects, 54% free, 3MB/7MB, paused 10.610ms total 10.610ms
03-27 23:06:57.882   878   878 E cnss-daemon: Stale or unreachable neighbors, ndm state: 16
03-27 23:06:58.037   878   878 E cnss-daemon: Stale or unreachable neighbors, ndm state: 4
03-27 23:07:00.001 31901 31901 D PhoneStatusBar: recevie time tick broadcast
03-27 23:07:01.072 31901 31901 I Choreographer: Skipped 1 frames!  The application may be doing too much work on its main thread.
03-27 23:07:01.770  1666  2385 W Watchdog_N: !@WatchDog_2198;
03-27 23:07:03.037   878   878 E cnss-daemon: Stale or unreachable neighbors, ndm state: 4
03-27 23:07:05.051 18353 18445 I chatty  : uid=10287(com.projekt_x.studybuddy) DefaultDispatch expire 23 lines
03-27 23:07:05.433 18353 18443 I chatty  : uid=10287(com.projekt_x.studybuddy) DefaultDispatch expire 8 lines
03-27 23:07:08.036   878   878 E cnss-daemon: Stale or unreachable neighbors, ndm state: 4
03-27 23:07:08.308 18353 18519 I chatty  : uid=10287(com.projekt_x.studybuddy) DefaultDispatch expire 16 lines
03-27 23:07:08.463 18353 18353 I chatty  : uid=10287(com.projekt_x.studybuddy) expire 8 lines
03-27 23:07:10.132   878   878 E cnss-daemon: Stale or unreachable neighbors, ndm state: 4
03-27 23:07:11.188 18353 18442 I chatty  : uid=10287(com.projekt_x.studybuddy) DefaultDispatch expire 33 lines
03-27 23:07:12.281  9229 18818 D AudioAttributes: setLegacyStreamType streamType 3
03-27 23:07:12.281  9229 18818 I TTS     : Synthesis request for locale eng-USA and name en-US-language
03-27 23:07:12.282  9229 18818 I TTS     : Couldn't read preferred locale from settings.
03-27 23:07:12.283  9229 18818 I TTS     : TTS dispatch: en-us-x-sfg-lstm-embedded
03-27 23:07:12.284  9229 18818 I TTS     : LocalSynthesizer sr: 22050
03-27 23:07:12.284  9229 18818 I TTS     : 22050, 2, 1
03-27 23:07:12.285 18353 19211 I chatty  : uid=10287(com.projekt_x.studybuddy) Binder:18353_3 expire 1 line
03-27 23:07:12.285   844  1313 I AudioPolicyManagerCustom: setting force DEEP buffer now 
03-27 23:07:12.285   844   844 I AudioPolicyManagerCustom: setting force DEEP buffer now 
03-27 23:07:12.285   844  6122 I AudioPolicyManagerCustom: setting force DEEP buffer now 
03-27 23:07:12.288   844 10119 D audio_hw_spkr_prot: audio_extn_fbsp_get_parameters: Speaker protection disabled
03-27 23:07:12.288   844 10119 D audio_hw_extn: audio_extn_get_parameters: returns 
03-27 23:07:12.288  9229 18819 D mmscene : getHint applicationScene=com.google.android.tts,idx=5 none
03-27 23:07:12.288  9229 18819 D OppoSmartVolume: mEnginerringFeatureSwtich:1, mSmartVolumeAPKSwtich:-22, mSmartVolumePcmDumpSwitch:0
03-27 23:07:12.288  9229 18819 D OppoSmartVolume: mWechatDbLevel:19, mWechatUseDynamicMode:1
03-27 23:07:12.288  9229 18819 D AudioTrack: set() streamType -1, sampleRate 22050, format 0x1, channelMask 0x1, frameCount 4096, flags #0, notificationFrames 0, sessionId 0, transferType 3, uid -1, pid -1 cbf 1
03-27 23:07:12.289   844  1313 I AudioPolicyManagerCustom: Direct PCM is disabled for this request
03-27 23:07:12.289   844  1313 D voice_scence_discern: add name:sample_rate,  value:22050
03-27 23:07:12.289   844  1313 V voice_scence_discern: add name:sample_rate value:22050 list:0xf05e6870
03-27 23:07:12.289   844  1313 D voice_scence_discern: add name:channels,  value:1
03-27 23:07:12.289   844  1313 V voice_scence_discern: add name:channels value:1 list:0xf05e6870
03-27 23:07:12.289   844  1313 D voice_scence_discern: get scence process pid:9229, name:com.google.android.tts
03-27 23:07:12.289   844  1313 V voice_scence_discern: this process not in init apk. apk_list:0xf07ffb90
03-27 23:07:12.289   844  1313 D AudioPolicyManagerCustom: get_current_scence out scenceState is 0
03-27 23:07:12.289   844  1313 I AudioPolicyManagerCustom: setting force DEEP buffer now 
03-27 23:07:12.290   844   844 D compress_voip: voice_extn_compress_voip_out_get_parameters: enter
03-27 23:07:12.290  9229 18819 D AudioTrack: createTrack_l() output 29 afLatency 80
03-27 23:07:12.292  9229 18819 D AudioTrack: Client defaulted notificationFrames to 1365 for frameCount 4096
03-27 23:07:12.368 18353 18358 I chatty  : uid=10287(com.projekt_x.studybuddy) Jit thread pool expire 1 line
03-27 23:07:13.719  9229 18819 D AudioTrack: start() output 29 stream 3 session 2817 state 1
03-27 23:07:13.720   844  1178 D APM_AudioPolicyManager: startOutput() output 29, stream 3, session 2817
03-27 23:07:13.720   844  1178 D APM_AudioPolicyManager: setOutputDevice() output 29 device 0002 force 1 delayMs 0
03-27 23:07:13.721   844  1276 D audio_hw_primary: out_set_parameters: enter: usecase(0: deep-buffer-playback) kvpairs: routing=2
03-27 23:07:13.722   844  6122 D AudioFlinger: Notify dirac service when music track add
03-27 23:07:13.722   844  6122 D LocalSocketClient: sendMessage info 1:2817,3 info length 8
03-27 23:07:13.722   844  6122 D LocalSocketClient: sendMessage end
03-27 23:07:13.723  1666  1991 D LocalSocketServer: new client coming !
03-27 23:07:13.723  1666  1991 D LocalSocketServer: wait for new client coming !
03-27 23:07:13.724  1666  4070 D LocalSocketServer: readBytes = 8
03-27 23:07:13.724  1666  4070 D LocalSocketServer: ClientSocket read info = 1:2817,3
03-27 23:07:13.724   844 19338 D AudioFlinger: socketSendString +++
03-27 23:07:13.725  2924  3822 D DiracDetectSceneService: +new tast
03-27 23:07:13.725  2924  3822 D DiracDetectSceneService: -new tast
03-27 23:07:13.726  2924  4202 D DiracDetectSceneService: Task.run, effectenable = true
03-27 23:07:13.726   844 19338 D AudioFlinger: socketSendString ---
03-27 23:07:13.726   844  1985 D AudioFlinger: getActiveAudioPids pids = :9229
03-27 23:07:13.726   844  1276 D audio_hw_primary: start_output_stream: enter: stream(0xf1866e00)usecase(0: deep-buffer-playback) devices(0x2)
03-27 23:07:13.726   844  1276 D audio_hw_primary: start_output_stream: out->scence:0
03-27 23:07:13.726  2924  4202 D DiracDetectSceneService: checkAndSetDirac : activeAudioPids = :9229
03-27 23:07:13.727  2924  4202 D DiracDetectSceneService: activePidList = [9229]
03-27 23:07:13.727   844  1276 D audio_hw_primary: select_devices for use case (deep-buffer-playback)
03-27 23:07:13.727   844  1276 D msm8916_platform: platform_get_output_snd_device: enter:  out->handle = 29 devices(0x2) mode = 0 sample_rate = 48000
03-27 23:07:13.727   844  1276 D msm8916_platform: handle:29;scence:0,out->usecase:0
03-27 23:07:13.727   844  1276 D audio_hw_primary: select_devices: out_snd_device(2: speaker) in_snd_device(0: )
03-27 23:07:13.727   844  1276 I msm8916_platform: platform_check_and_set_codec_backend_cfg:becf: afe: bitwidth 16, samplerate 48000 channels 2, backend_idx 0 usecase = 0 device (speaker)
03-27 23:07:13.727   844  1276 D msm8916_platform: platform_split_snd_device: snd_device(2) num devices(1) new_snd_devices(107)
03-27 23:07:13.727   844  1276 I msm8916_platform: platform_check_and_set_codec_backend_cfg: becf: new_snd_devices[0] is speaker
03-27 23:07:13.727   844  1276 I msm8916_platform: platform_check_codec_backend_cfg:becf: afe: Codec selected backend: 0 current bit width: 16 sample rate: 48000 channels: 2
03-27 23:07:13.727   844  1276 D msm8916_platform: platform_check_codec_backend_cfg:becf: afe: playback on non-44.1-support device Configure afe to default Sample Rate(48k)
03-27 23:07:13.727   844  1276 D msm8916_platform: platform_check_codec_backend_cfg:becf: afe: only 48KHZ sample rate is supported Configure afe to default Sample Rate(48k)
03-27 23:07:13.727   844  1276 I msm8916_platform: platform_check_codec_backend_cfg:becf: afe: Codec selected backend: 0 updated bit width: 16 and sample rate: 48000
03-27 23:07:13.727   844  1276 D audio_hw_primary: check_usecases_codec_backend:becf: force routing 0
03-27 23:07:13.727   844  1276 E msm8916_platform: platform_check_backends_match: Invalid snd_device = 
03-27 23:07:13.727   844  1276 D audio_hw_primary: check_usecases_codec_backend:becf: (41) check_usecases curr device: speaker, usecase device: backends match 0
03-27 23:07:13.727   844  1276 D audio_hw_primary: check_usecases_codec_backend:becf: check_usecases num.of Usecases to switch 0
03-27 23:07:13.727   844  1276 D hardware_info: hw_info_append_hw_type : device_name = speaker
03-27 23:07:13.727   844  1276 D msm8916_platform: platform_split_snd_device: snd_device(2) num devices(0) new_snd_devices(0)
03-27 23:07:13.727   844  1276 D audio_hw_primary: enable_snd_device: snd_device(2: speaker)
03-27 23:07:13.727   844  1276 I soundtrigger: audio_extn_sound_trigger_update_device_status: device 0x2 of type 0 for Event 1, with Raise=0
03-27 23:07:13.727   844  1276 D aud_dev_arbi: acquireOneDevice: device owner for device 2 is 1
03-27 23:07:13.728   487  2779 E ANDR-PERF-MPCTL: Invalid profile no. 0, total profiles 0 only
03-27 23:07:13.729  2924  4202 D DiracDetectSceneService: activeAudioAppList = [com.google.android.tts]
03-27 23:07:13.729  2924  4202 D DiracDetectSceneService: this case is not in app list
03-27 23:07:13.729  2924  4202 D OppoDiracService: setDiracEffectInternal +++ enable = false mode = NONE
03-27 23:07:13.729  2924  4202 D OppoDiracService: setDiracEffectInternal --- Dirac internal already disabled
03-27 23:07:13.734   844  1276 I audio_hw_primary: select_devices Selected apptype: 69936
03-27 23:07:13.734   844  1276 E audio_hw_dolby: audio_extn_dolby_ds2_set_endpoint: Dolby set endpint :0x2
03-27 23:07:13.734   844  1276 D soundtrigger: audio_extn_sound_trigger_update_stream_status: uc_id 0 of type 0 for Event 3, with Raise=1
03-27 23:07:13.734   844  1276 D sound_trigger_platform: platform_stdev_check_and_update_concurrency: concurrency active 0, tx 0, rx 1, concurrency session_allowed 1
03-27 23:07:13.734   844  1276 I audio_hw_utils: audio_extn_utils_send_app_type_cfg PLAYBACK app_type = 69936, acdb_dev_id = 15, sample_rate = 48000
03-27 23:07:13.734   844  1276 D msm8916_platform: platform_split_snd_device: snd_device(2) num devices(1) new_snd_devices(-187388229)
03-27 23:07:13.734   844  1276 D ACDB-LOADER: ACDB -> send_audio_cal, acdb_id = 15, path = 0, app id = 0x11130, sample rate = 48000
03-27 23:07:13.735   844  1276 D ACDB-LOADER: ACDB -> ACDB_CMD_GET_AUDPROC_GAIN_DEP_STEP_TABLE, vol index 0
03-27 23:07:13.735   844  1276 D         : Failed to fetch the lookup information of the device 0000000F 
03-27 23:07:13.735   844  1276 E ACDB-LOADER: Error: ACDB AudProc vol returned = -19
03-27 23:07:13.735   844  1276 D ACDB-LOADER: ACDB -> AUDIO_SET_VOL_CAL cal type = 12
03-27 23:07:13.735   844  1276 D ACDB-LOADER: ACDB -> audstrm_cal->cal_type.cal_data.cal_size = 456
03-27 23:07:13.735   844  1276 D audio_hw_primary: enable_audio_route: apply mixer and update path: deep-buffer-playback
03-27 23:07:13.736   844  1276 E msm8916_platform: platform_get_snd_device_acdb_id: Invalid snd_device = 0
03-27 23:07:13.736   844  1276 D audio_hw_primary: select_devices: done acdb_id_in: -22  acdb_id_out: 15
03-27 23:07:13.738   844  1276 D msm8916_platform: platform_set_channel_map mixer_ctl_name:Playback Channel Map0
03-27 23:07:13.738   844  1276 D msm8916_platform: platform_set_channel_map: set mapping(1 2 0 0 0 0 0 0) for channel:2
03-27 23:07:13.768   844  1276 D audio_hw_primary: start_output_stream: exit
03-27 23:07:13.862   844  1276 D AudioFlinger: mixer(0xf0c03cc0) throttle end: throttle time(48)
03-27 23:07:14.101 18353 18442 I chatty  : uid=10287(com.projekt_x.studybuddy) DefaultDispatch expire 59 lines
03-27 23:07:14.468 18353 18353 I chatty  : uid=10287(com.projekt_x.studybuddy) expire 123 lines
03-27 23:07:15.001   844 10119 D AudioFlinger: getActiveAudioPids pids = :9229
03-27 23:07:15.019 14381 14391 I art     : CollectorTransition marksweep + semispace GC freed 24(-1160B) AllocSpace objects, 0(0B) LOS objects, 54% free, 3MB/7MB, paused 11.547ms total 11.547ms
03-27 23:07:15.060  9229  9239 I art     : Background sticky concurrent mark sweep GC freed 21469(2MB) AllocSpace objects, 4(108KB) LOS objects, 43% free, 4MB/7MB, paused 604us total 102.116ms
03-27 23:07:15.061  1666  2748 W AppOps  : stopWatchingMode, callback is null! caller Pid:10087, Uid:10087
03-27 23:07:15.062  1666  1766 W AppOps  : stopWatchingMode, callback is null! caller Pid:10087, Uid:10087
03-27 23:07:15.111  1666  2925 I ActivityManager: Process com.coloros.safecenter:task (pid 18308) has died
03-27 23:07:15.112  1666  2925 D ActivityManager: cleanUpApplicationRecord -- 18308
03-27 23:07:15.118  1666  1666 I OppoPhoneWindowManager: KeyLockModeReceiver KeyLockMode: 0 ProcessName: com.coloros.safecenter:task
03-27 23:07:15.125  1666  2896 I OppoListManager: removeStageProtectInfo from com.coloros.safesdkproxy for com.coloros.safesdkproxy
03-27 23:07:15.141 18647 18647 I SafeSdkProxy.AvastScanBinder: avast releaseBinder
03-27 23:07:15.247  1666  3598 I ActivityManager: Process com.coloros.weather.service (pid 18193) has died
03-27 23:07:15.248  1666  3598 D ActivityManager: cleanUpApplicationRecord -- 18193
03-27 23:07:15.252  1666  1666 I OppoPhoneWindowManager: KeyLockModeReceiver KeyLockMode: 0 ProcessName: com.coloros.weather.service
03-27 23:07:17.972   878   878 E cnss-daemon: Stale or unreachable neighbors, ndm state: 16
03-27 23:07:18.061 18353 18519 I chatty  : uid=10287(com.projekt_x.studybuddy) DefaultDispatch expire 66 lines
03-27 23:07:18.200  9229 18819 D AudioTrack: stop() output 29 stream 3 session 2817 state 0
03-27 23:07:18.202  9229 18819 D AudioTrack: stop() output 29 stream 3 session 2817 state 1
03-27 23:07:18.203 18353 18369 I chatty  : uid=10287(com.projekt_x.studybuddy) Binder:18353_2 expire 1 line
03-27 23:07:18.303   844  1276 D LocalSocketClient: sendMessage info 2:2817,3 info length 8
03-27 23:07:18.303   844  1276 D LocalSocketClient: sendMessage end
03-27 23:07:18.304  1666  1991 D LocalSocketServer: new client coming !
03-27 23:07:18.304  1666  1991 D LocalSocketServer: wait for new client coming !
03-27 23:07:18.304  1666  4200 D LocalSocketServer: readBytes = 8
03-27 23:07:18.304  1666  4200 D LocalSocketServer: ClientSocket read info = 2:2817,3
03-27 23:07:18.313   844  1984 D AudioFlinger: getActiveAudioPids pids = 
03-27 23:07:18.314   844  1985 D AudioFlinger: pid 31901 mSessionid 313
03-27 23:07:18.314   844  1985 D AudioFlinger: pid 24 mSessionid 4194304
03-27 23:07:18.314   844  1985 D AudioFlinger: getAudioInfos ;;get_playback_infos,313:31901:4194304:24;
03-27 23:07:18.322   844   844 D APM_AudioPolicyManager: getParameters key :audio_policy_infos
03-27 23:07:18.322   844   844 D APM::AudioOutputDescriptor: +SwAudioOutputCollection::getInfo
03-27 23:07:18.322   844   844 D APM::AudioOutputDescriptor: +AudioOutputDescriptor::getInfo
03-27 23:07:18.322   844   844 D APM::AudioOutputDescriptor: -AudioOutputDescriptor::getInfo
03-27 23:07:18.323   844   844 D APM::AudioOutputDescriptor: +AudioOutputDescriptor::getInfo
03-27 23:07:18.323   844   844 D APM::AudioOutputDescriptor: -AudioOutputDescriptor::getInfo
03-27 23:07:18.323   844   844 D APM::AudioOutputDescriptor: +AudioOutputDescriptor::getInfo
03-27 23:07:18.323   844   844 D APM::AudioOutputDescriptor: -AudioOutputDescriptor::getInfo
03-27 23:07:18.323   844   844 D APM::AudioOutputDescriptor: +AudioOutputDescriptor::getInfo
03-27 23:07:18.323   844   844 D APM::AudioOutputDescriptor: -AudioOutputDescriptor::getInfo
03-27 23:07:18.323   844   844 D APM::AudioOutputDescriptor: -SwAudioOutputCollection::getInfo : - Output 13 dump:
03-27 23:07:18.323   844   844 D APM::AudioOutputDescriptor:  ID: 3
03-27 23:07:18.323   844   844 D APM::AudioOutputDescriptor:  Sampling rate: 48000
03-27 23:07:18.323   844   844 D APM::AudioOutputDescriptor:  Format: 00000001
03-27 23:07:18.323   844   844 D APM::AudioOutputDescriptor:  Channels: 00000003
03-27 23:07:18.323   844   844 D APM::AudioOutputDescriptor:  Devices 00000002
03-27 23:07:18.323   844   844 D APM::AudioOutputDescriptor:  Stream volume refCount muteCount
03-27 23:07:18.323   844   844 D APM::AudioOutputDescriptor:  00     -7.765     00       00
03-27 23:07:18.323   844   844 D APM::AudioOutputDescriptor:  01     -6.000     00       00
03-27 23:07:18.323   844   844 D APM::AudioOutputDescriptor:  02     0.000     00       00
03-27 23:07:18.323   844   844 D APM::AudioOutputDescriptor:  03     -29.000     00       00
03-27 23:07:18.323   844   844 D APM::AudioOutputDescriptor:  04     0.000     00       00
03-27 23:07:18.323   844   844 D APM::AudioOutputDescriptor:  05     0.000     00       00
03-27 23:07:18.323   844   844 D APM::AudioOutputDescriptor:  06     -1.000     00       00
03-27 23:07:18.323   844   844 D APM::AudioOutputDescriptor:  07     -6.000     00       00
03-27 23:07:18.323   844   844 D APM::AudioOutputDescriptor:  08     -28.000     00       00
03-27 23:07:18.323   844   844 D APM::AudioOutputDescriptor:  09     0.000     00       00
03-27 23:07:18.323   844   844 D APM::AudioOutputDescriptor:  10     -29.000     00       00
03-27 23:07:18.323   844   844 D APM::AudioOutputDescriptor:  11     0.000     00       00
03-27 23:07:18.323   844   844 D APM::AudioOutputDescriptor:  12     -1.000     00       00
03-27 23:07:18.323   844   844 D APM::AudioOutputDescriptor: - Output 21 dump:
03-27 23:07:18.323   844   844 D APM::AudioOutputDescriptor:  ID: 4
03-27 23:07:18.323   844   844 D APM::AudioOutputDescriptor:  Sampling rate: 48000
03-27 23:07:18.323   844   844 D APM::AudioOutputDescriptor:  Format: 00000001
03-27 23:07:18.323   844   844 D APM::AudioOutputDescriptor:  Channels: 00000003
03-27 23:07:18.323   844   844 D APM::AudioOutputDescriptor:  Devices 00000002
03-27 23:07:18.323   844   844 D APM::AudioOutputDescriptor:  Stream volume refCount muteCount
03-27 23:07:18.323   844   844 D APM::AudioOutputDescriptor:  00     -24.000     00       00
03-27 23:07:18.323   844   844 D APM::AudioOutputDescriptor:  01     -758.000     00       00
03-27 23:07:18.323   844   844 D APM::AudioOutputDescriptor:  02     -758.000     00       00
03-27 23:07:18.323   844   844 D APM::AudioOutputDescriptor:  03     -758.000     00       00
03-27 23:07:18.323   844   844 D APM::AudioOutputDescriptor:  04     -758.000     00       00
03-27 23:07:18.323   844   844 D APM::AudioOutputDescriptor:  05     -758.000     00       00
03-27 23:07:18.323   844   844 D APM::AudioOutputDescriptor:  06     -1.000     00       00
03-27 23:07:18.323   844   844 D APM::AudioOutputDescriptor:  07     -758.000     00       00
03-27 23:07:18.323   844   844 D APM::AudioOutputDescriptor:  08     -758.000     00       00
03-27 23:07:18.323   844   844 D APM::AudioOutputDescriptor:  09     0.000     
03-27 23:07:18.324   844  1178 D APM_AudioPolicyManager: stopOutput() output 29, stream 3, session 2817
03-27 23:07:18.324   844  1178 D APM_AudioPolicyManager: setOutputDevice() output 29 device 0000 force 0 delayMs 160
03-27 23:07:18.526   844  1313 D voice_scence_discern: add name:sample_rate,  value:16000
03-27 23:07:18.526   844  1313 V voice_scence_discern: add name:sample_rate value:16000 list:0xf05e6850
03-27 23:07:18.526   844  1313 D voice_scence_discern: add name:channels,  value:1
03-27 23:07:18.526   844  1313 V voice_scence_discern: add name:channels value:1 list:0xf05e6850
03-27 23:07:18.527   844  1313 D voice_scence_discern: get scence process pid:18353, name:com.projekt_x.studybuddy
03-27 23:07:18.527   844  1313 V voice_scence_discern: this process not in init apk. apk_list:0xf07ffb90
03-27 23:07:18.527   844  1313 D AudioPolicyManagerCustom: get_current_scence in scenceState is 0
03-27 23:07:18.527   844  1313 D APM_AudioPolicyManager: getInputForAttr() source 6, samplingRate 16000, format 1, channelMask 10, session 2825, flags 0
03-27 23:07:18.527   844  1313 D audio_hw_primary: adev_open_input_stream: enter: sample_rate(16000) channel_mask(0x10) devices(0x80000004)        stream_handle(0xf22cb700) io_handle(838) source(6) format 1
03-27 23:07:18.527   844  1313 I msm8916_platform: get_oppo_media_record_type: prop:oppo.media.record.type 1 = 
03-27 23:07:18.527   844  1313 D audio_hw_primary: adev_open_input_stream:scence = 0
03-27 23:07:18.528   844 19342 I AudioFlinger: AudioFlinger's thread 0xef783c00 ready to run
03-27 23:07:18.528   844 19342 D audio_hw_primary: in_standby: enter: stream (0xf22cb700) usecase(16: audio-record)
03-27 23:07:18.530   844 19342 D audio_hw_primary: in_standby: enter: stream (0xf22cb700) usecase(16: audio-record)
03-27 23:07:18.586   844  1985 D AudioFlinger: mActiveRecordTrackPids add session 2825 pid 18353
03-27 23:07:18.586   844  1985 D AudioPolicyManagerCustom: startInput() input 838 session 2825
03-27 23:07:18.586   844  1985 D mmscene : getHint applicationScene=com.projekt_x.studybuddy,idx=3 none
03-27 23:07:18.586   844  1312 I SoundTriggerHwService::Module: void android::SoundTriggerHwService::Module::onCallbackEvent(const sp<android::SoundTriggerHwService::CallbackEvent> &) mClient == 0
03-27 23:07:18.586   844 19342 D audio_hw_primary: in_set_parameters: enter: kvpairs=input_source=6;routing=-2147483644
03-27 23:07:18.587   844  1985 D AudioPolicyManagerCustom: MSG_RECORD_START recorderPid : 18353
03-27 23:07:18.588   844  1985 D LocalSocketClient: sendMessage info 8:18353 info length 7
03-27 23:07:18.588   844  1985 D LocalSocketClient: sendMessage end
03-27 23:07:18.588  1666  1991 D LocalSocketServer: new client coming !
03-27 23:07:18.588   844 19342 D oppo_smartvolume: smartvolume_stoprecord: 
03-27 23:07:18.588   844 19342 D audio_hw_primary: start_input_stream: enter: stream(0xf22cb700)usecase(16: audio-record)
03-27 23:07:18.588  1666  3912 D LocalSocketServer: readBytes = 7
03-27 23:07:18.588  1666  3912 D LocalSocketServer: ClientSocket read info = 8:18353
03-27 23:07:18.589   844 19342 D audio_hw_primary: select_devices for use case (audio-record)
03-27 23:07:18.588  1666  1991 D LocalSocketServer: wait for new client coming !
03-27 23:07:18.589   844 19342 D msm8916_platform: platform_get_input_snd_device: enter: out_device(0) in_device(0x4) channel_count (1) channel_mask (0x10)
03-27 23:07:18.589   844 19342 D audio_hw_primary: select_devices: out_snd_device(0: ) in_snd_device(89: voice-rec-mic)
03-27 23:07:18.589   844 19342 I msm8916_platform: platform_check_and_set_capture_codec_backend_cfg:txbecf: afe: bitwidth 16, samplerate 16000, backend_idx 0 usecase = 16 device (voice-rec-mic)
03-27 23:07:18.589   844 19342 I msm8916_platform: platform_check_capture_codec_backend_cfg:txbecf: afe: Codec selected backend: 0 current bit width: 16 and sample rate: 16000
03-27 23:07:18.589   844 19342 W msm8916_platform: platform_check_capture_codec_backend_cfg:txbecf: afe:Use default bw and sr for voice/voip calls
03-27 23:07:18.589   844 19342 I msm8916_platform: platform_check_capture_codec_backend_cfg:txbecf: afe: Codec selected backend: 0 updated bit width: 16 and sample rate: 48000
03-27 23:07:18.589   844 19342 D audio_hw_primary: check_usecases_capture_codec_backend:becf: force routing 0
03-27 23:07:18.589   844 19342 D hardware_info: hw_info_append_hw_type : device_name = voice-rec-mic
03-27 23:07:18.589   844 19342 D msm8916_platform: platform_split_snd_device: snd_device(89) num devices(0) new_snd_devices(-231734016)
03-27 23:07:18.589   844 19342 D audio_hw_primary: enable_snd_device: snd_device(89: voice-rec-mic)
03-27 23:07:18.589   844 19342 I soundtrigger: audio_extn_sound_trigger_update_device_status: device 0x59 of type 1 for Event 1, with Raise=1
03-27 23:07:18.589   844 19342 D sound_trigger_platform: platform_stdev_check_and_update_concurrency: concurrency active 0, tx 1, rx 1, concurrency session_allowed 0
03-27 23:07:18.590   487  2779 E ANDR-PERF-MPCTL: Invalid profile no. 0, total profiles 0 only
03-27 23:07:18.593   844 19342 E audio_hw_dolby: audio_extn_dolby_ds2_set_endpoint: Dolby set endpint :0x2
03-27 23:07:18.593   844 19342 D soundtrigger: audio_extn_sound_trigger_update_stream_status: uc_id 16 of type 1 for Event 3, with Raise=0
