03-27 23:00:29.860  1666  1760 D ConnectivityService: ConnectivityService NetworkRequestInfo binderDied(NetworkRequest [ TRACK_DEFAULT id=405, [ Capabilities: INTERNET&NOT_RESTRICTED&TRUSTED&NOT_VPN] ], android.os.BinderProxy@90c8609)
03-27 23:00:29.860  1666  3600 D ActivityManager: cleanUpApplicationRecord -- 16869
03-27 23:00:29.860  1666  1971 D ConnectivityService: releasing NetworkRequest [ TRACK_DEFAULT id=405, [ Capabilities: INTERNET&NOT_RESTRICTED&TRUSTED&NOT_VPN] ]
03-27 23:00:29.862  1666  1971 E ConnectivityService: RemoteException caught trying to send a callback msg for NetworkRequest [ TRACK_DEFAULT id=405, [ Capabilities: INTERNET&NOT_RESTRICTED&TRUSTED&NOT_VPN] ]
03-27 23:00:31.373  1666  2987 I ActivityManager: Killing 16702:com.android.settings/1000 (adj 906): empty #17
03-27 23:00:31.388  1666  1690 D ActivityManager: cleanUpApplicationRecord -- 16702
03-27 23:00:31.893  1666  3585 D ConnectivityService: requestNetwork for uid/pid:10044/16745 NetworkRequest [ TRACK_DEFAULT id=408, [ Capabilities: INTERNET&NOT_RESTRICTED&TRUSTED&NOT_VPN] ]
03-27 23:00:32.161  1666  3576 I ActivityManager: Killing 16909:com.coloros.safecenter:task/1000 (adj 906): empty #17
03-27 23:00:32.184  1666  2982 D ActivityManager: cleanUpApplicationRecord -- 16909
03-27 23:00:32.575  1666  2896 I ActivityManager: Killing 16788:com.coloros.providers.fileinfo/u0a71 (adj 906): empty #17
03-27 23:00:32.598  1666  3597 D ActivityManager: cleanUpApplicationRecord -- 16788
03-27 23:00:52.310  1666  1760 I ActivityManager: Killing 16802:com.coloros.securepay/1000 (adj 906): empty #17
03-27 23:00:52.328  1666  1782 D ActivityManager: cleanUpApplicationRecord -- 16802
03-27 23:02:13.777  1666  1718 I ProcessStatsService: Prepared write state in 12ms
03-27 23:04:20.433  1666  1763 I ActivityManager: Process com.coloros.sau (pid 14535) has died
03-27 23:04:20.434  1666  1763 D ActivityManager: cleanUpApplicationRecord -- 14535
03-27 23:04:20.510  1666  3598 I ActivityManager: Process android.process.acore (pid 16688) has died
03-27 23:04:20.510  1666  3598 D ActivityManager: cleanUpApplicationRecord -- 16688
03-27 23:04:20.602  1666  2973 I ActivityManager: Process com.facebook.system (pid 16935) has died
03-27 23:04:20.603  1666  2973 D ActivityManager: cleanUpApplicationRecord -- 16935
03-27 23:04:20.631  1666 31900 I ActivityManager: Process com.coloros.weather (pid 16818) has died
03-27 23:04:20.632  1666 31900 D ActivityManager: cleanUpApplicationRecord -- 16818
03-27 23:04:20.682  1666  2982 I ActivityManager: Process com.nearme.themespace (pid 17019) has died
03-27 23:04:20.684  1666  2982 D ActivityManager: cleanUpApplicationRecord -- 17019
03-27 23:04:23.887  1666  1690 I ActivityManager: Process com.google.android.partnersetup (pid 16969) has died
03-27 23:04:23.888  1666  1690 D ActivityManager: cleanUpApplicationRecord -- 16969
03-27 23:04:24.020  1666  1766 I ActivityManager: Process com.coloros.gamespace (pid 16773) has died
03-27 23:04:24.021  1666  1766 D ActivityManager: cleanUpApplicationRecord -- 16773
03-27 23:04:24.063  1666  2973 I ActivityManager: Process com.daemon.shelper (pid 16835) has died
03-27 23:04:24.064  1666  2973 D ActivityManager: cleanUpApplicationRecord -- 16835
03-27 23:04:24.145  1666  3576 D ConnectivityService: ConnectivityService NetworkRequestInfo binderDied(NetworkRequest [ TRACK_DEFAULT id=397, [ Capabilities: INTERNET&NOT_RESTRICTED&TRUSTED&NOT_VPN] ], android.os.BinderProxy@2b0948a)
03-27 23:04:24.145  1666  1691 I ActivityManager: Process com.google.android.apps.photos (pid 16264) has died
03-27 23:04:24.146  1666  1971 D ConnectivityService: releasing NetworkRequest [ TRACK_DEFAULT id=397, [ Capabilities: INTERNET&NOT_RESTRICTED&TRUSTED&NOT_VPN] ]
03-27 23:04:24.146  1666  1691 D ActivityManager: cleanUpApplicationRecord -- 16264
03-27 23:04:24.148  1666  1971 E ConnectivityService: RemoteException caught trying to send a callback msg for NetworkRequest [ TRACK_DEFAULT id=397, [ Capabilities: INTERNET&NOT_RESTRICTED&TRUSTED&NOT_VPN] ]
03-27 23:04:24.212  1666  2982 I ActivityManager: Process com.facebook.appmanager (pid 16854) has died
03-27 23:04:24.213  1666  2982 D ActivityManager: cleanUpApplicationRecord -- 16854
03-27 23:04:24.216  1666  3597 I ActivityManager: Process com.android.printspooler (pid 16716) has died
03-27 23:04:24.217  1666  3597 D ActivityManager: cleanUpApplicationRecord -- 16716
03-27 23:04:24.240  1666  2897 I ActivityManager: Process com.google.android.gms (pid 14707) has died
03-27 23:04:24.240  1666  2897 D ActivityManager: cleanUpApplicationRecord -- 14707
03-27 23:04:24.252  1666  2758 I ActivityManager: Process com.google.process.gapps (pid 17059) has died
03-27 23:04:24.253  1666  2758 D ActivityManager: cleanUpApplicationRecord -- 17059
03-27 23:04:24.304  1666  2748 D ConnectivityService: ConnectivityService NetworkRequestInfo binderDied(NetworkRequest [ TRACK_DEFAULT id=404, [ Capabilities: INTERNET&NOT_RESTRICTED&TRUSTED&NOT_VPN] ], android.os.BinderProxy@f2d7afb)
03-27 23:04:24.304  1666  3600 D ConnectivityService: ConnectivityService NetworkRequestInfo binderDied(NetworkRequest [ TRACK_DEFAULT id=408, [ Capabilities: INTERNET&NOT_RESTRICTED&TRUSTED&NOT_VPN] ], android.os.BinderProxy@af80718)
03-27 23:04:24.305  1666  2955 I ActivityManager: Process com.android.vending:background (pid 16745) has died
03-27 23:04:24.305  1666  1971 D ConnectivityService: releasing NetworkRequest [ TRACK_DEFAULT id=404, [ Capabilities: INTERNET&NOT_RESTRICTED&TRUSTED&NOT_VPN] ]
03-27 23:04:24.305  1666  2955 D ActivityManager: cleanUpApplicationRecord -- 16745
03-27 23:04:24.306  1666  1971 E ConnectivityService: RemoteException caught trying to send a callback msg for NetworkRequest [ TRACK_DEFAULT id=404, [ Capabilities: INTERNET&NOT_RESTRICTED&TRUSTED&NOT_VPN] ]
03-27 23:04:24.306  1666  1971 D ConnectivityService: releasing NetworkRequest [ TRACK_DEFAULT id=408, [ Capabilities: INTERNET&NOT_RESTRICTED&TRUSTED&NOT_VPN] ]
03-27 23:04:24.308  1666  1971 E ConnectivityService: RemoteException caught trying to send a callback msg for NetworkRequest [ TRACK_DEFAULT id=408, [ Capabilities: INTERNET&NOT_RESTRICTED&TRUSTED&NOT_VPN] ]
03-27 23:04:24.352  1666  2982 I ActivityManager: Process com.android.vending (pid 16730) has died
03-27 23:04:24.352  1666  3584 D ConnectivityService: ConnectivityService NetworkRequestInfo binderDied(NetworkRequest [ LISTEN id=403, [ Capabilities: INTERNET&NOT_RESTRICTED&TRUSTED] ], android.os.BinderProxy@2548571)
03-27 23:04:24.353  1666  2982 D ActivityManager: cleanUpApplicationRecord -- 16730
03-27 23:04:24.354  1666  1971 E ConnectivityService: RemoteException caught trying to send a callback msg for NetworkRequest [ LISTEN id=403, [ Capabilities: INTERNET&NOT_RESTRICTED&TRUSTED] ]
03-27 23:04:24.361  1666  3578 I ActivityManager: Process com.android.defcontainer (pid 16621) has died
03-27 23:04:24.362  1666  3578 D ActivityManager: cleanUpApplicationRecord -- 16621
03-27 23:04:25.066  1666  2973 D ConnectivityService: ConnectivityService NetworkRequestInfo binderDied(NetworkRequest [ TRACK_DEFAULT id=406, [ Capabilities: INTERNET&NOT_RESTRICTED&TRUSTED&NOT_VPN] ], android.os.BinderProxy@44ecbd7)
03-27 23:04:25.066  1666  2931 D ConnectivityService: ConnectivityService NetworkRequestInfo binderDied(NetworkRequest [ LISTEN id=407, [ Capabilities: INTERNET&NOT_RESTRICTED&TRUSTED] ], android.os.BinderProxy@50b6f56)
03-27 23:04:25.067  1666  1971 D ConnectivityService: releasing NetworkRequest [ TRACK_DEFAULT id=406, [ Capabilities: INTERNET&NOT_RESTRICTED&TRUSTED&NOT_VPN] ]
03-27 23:04:25.067  1666  2748 I ActivityManager: Process com.google.android.googlequicksearchbox:search (pid 16886) has died
03-27 23:04:25.067  1666  2748 D ActivityManager: cleanUpApplicationRecord -- 16886
03-27 23:04:25.068  1666  1971 E ConnectivityService: RemoteException caught trying to send a callback msg for NetworkRequest [ TRACK_DEFAULT id=406, [ Capabilities: INTERNET&NOT_RESTRICTED&TRUSTED&NOT_VPN] ]
03-27 23:04:25.069  1666  1971 E ConnectivityService: RemoteException caught trying to send a callback msg for NetworkRequest [ LISTEN id=407, [ Capabilities: INTERNET&NOT_RESTRICTED&TRUSTED] ]
03-27 23:04:25.115  1666  3577 I ActivityManager: Process com.coloros.usbselection (pid 15341) has died
03-27 23:04:25.116  1666  3577 D ActivityManager: cleanUpApplicationRecord -- 15341
03-27 23:04:26.146  1666  1718 I ActivityManager: Start proc 17977:com.coloros.usbselection/1000 for service com.coloros.usbselection/.UsbService
03-27 23:04:37.712  1666  1803 D PackageManager: installStage send adb install pkg:com.projekt_x.studybuddy   path: /data/app/vmdl2231364.tmp/base.apk
03-27 23:04:37.712  1666  1803 D PackageManager: installStage com.projekt_x.studybuddy, dir=/data/app/vmdl2231364.tmp, installerPackageName=pc, installerUid=2000, full=false
03-27 23:04:37.728  1666  1792 I ActivityManager: Start proc 17995:com.android.defcontainer/u0a9 for service com.android.defcontainer/.DefaultContainerService
03-27 23:04:44.224  1666  1718 I ActivityManager: Force stopping com.projekt_x.studybuddy appid=10287 user=-1: installPackageLI
03-27 23:04:44.618  1666  1718 I ActivityManager: Killing 17076:com.projekt_x.studybuddy/u0a287 (adj 0): stop com.projekt_x.studybuddy
03-27 23:04:44.618  1666  1718 D ActivityManager: cleanUpApplicationRecord -- 17076
03-27 23:04:44.621  1666  1718 W ActivityManager: Force removing ActivityRecord{d949d60 u0 com.projekt_x.studybuddy/.MainActivity t74}: app died, no saved state
03-27 23:04:44.622  1666  1718 V WindowManager: Changing focus from Window{30898a2 u0 com.projekt_x.studybuddy/com.projekt_x.studybuddy.MainActivity} to null
03-27 23:04:44.623  1666  1792 I PackageManager: Package com.projekt_x.studybuddy codePath changed from /data/app/com.projekt_x.studybuddy-1 to /data/app/com.projekt_x.studybuddy-2; Retaining data and using new
03-27 23:04:44.625  1666  1792 W PackageManager: Code path for com.projekt_x.studybuddy changing from /data/app/com.projekt_x.studybuddy-1 to /data/app/com.projekt_x.studybuddy-2
03-27 23:04:44.625  1666  1792 W PackageManager: Resource path for com.projekt_x.studybuddy changing from /data/app/com.projekt_x.studybuddy-1 to /data/app/com.projekt_x.studybuddy-2
03-27 23:04:44.640  1666  1718 W WindowManager: CHECK_FOCUS_WINDOW_ERROR_MSG start check
03-27 23:04:44.655  1666  1756 V WindowManager: reevaluateVisibility focusApp:AppWindowToken{d068140 token=Token{6ef6872 ActivityRecord{42e817d u0 com.oppo.launcher/.Launcher t2}}}
03-27 23:04:44.832  1666  1723 E libprocessgroup: failed to kill 1 processes for processgroup 17076
03-27 23:04:45.050  1666  1792 I PackageManager: Un-granting permission android.permission.INSTALL_PACKAGES from package com.nearme.deamon (protectionLevel=18 flags=0x38883e45)
03-27 23:04:45.050  1666  1792 I PackageManager: Un-granting permission android.permission.DELETE_PACKAGES from package com.nearme.deamon (protectionLevel=18 flags=0x38883e45)
03-27 23:04:45.440  1666  1718 D ActivityManager: zjm TOP_APP is ProcessRecord{2780c83 3020:com.oppo.launcher/u0a28} uid is 10028
03-27 23:04:45.450  1666  1718 I ActivityManager: OifaceUtil cann't get currentPackage
03-27 23:04:45.479  1666  1760 D ActivityManager: bringUpService for proc:com.coloros.safecenter, isolated:false
03-27 23:04:45.479  1666  1756 V WindowManager: reevaluateVisibility focusApp:AppWindowToken{d068140 token=Token{6ef6872 ActivityRecord{42e817d u0 com.oppo.launcher/.Launcher t2}}}
03-27 23:04:45.522  1666  1756 V WindowManager: reevaluateVisibility focusApp:AppWindowToken{d068140 token=Token{6ef6872 ActivityRecord{42e817d u0 com.oppo.launcher/.Launcher t2}}}
03-27 23:04:45.547  1666  2931 V WindowManager: Changing focus from null to Window{a0ebd55 u0 com.oppo.launcher/com.oppo.launcher.Launcher}
03-27 23:04:45.550  1666  1756 V WindowManager: reevaluateVisibility focusApp:AppWindowToken{d068140 token=Token{6ef6872 ActivityRecord{42e817d u0 com.oppo.launcher/.Launcher t2}}}
03-27 23:04:45.665  1666  1756 V WindowManager: reevaluateVisibility focusApp:AppWindowToken{d068140 token=Token{6ef6872 ActivityRecord{42e817d u0 com.oppo.launcher/.Launcher t2}}}
03-27 23:04:45.666  1666  1756 V WindowManager: reevaluateVisibility focusApp:AppWindowToken{d068140 token=Token{6ef6872 ActivityRecord{42e817d u0 com.oppo.launcher/.Launcher t2}}}
03-27 23:04:45.679  1666  1756 V WindowManager: reevaluateVisibility focusApp:AppWindowToken{d068140 token=Token{6ef6872 ActivityRecord{42e817d u0 com.oppo.launcher/.Launcher t2}}}
03-27 23:04:45.737  1666  1792 D ColorPackageManager: addPkgToNotLaunchedList com.projekt_x.studybuddy
03-27 23:04:45.740  1666  1792 I ActivityManager: Force stopping com.projekt_x.studybuddy appid=10287 user=0: pkg removed
03-27 23:04:45.780  1666  1722 I ActivityManager: Start proc 18022:com.android.keychain/1000 for broadcast com.android.keychain/.KeyChainBroadcastReceiver
03-27 23:04:45.870  1666  1722 I ActivityManager: Start proc 18035:android.process.acore/u0a3 for broadcast com.android.providers.contacts/.PackageIntentReceiver
03-27 23:04:45.883  1666  1756 V WindowManager: reevaluateVisibility focusApp:AppWindowToken{d068140 token=Token{6ef6872 ActivityRecord{42e817d u0 com.oppo.launcher/.Launcher t2}}}
03-27 23:04:45.886  1666  1756 V WindowManager: reevaluateVisibility focusApp:AppWindowToken{d068140 token=Token{6ef6872 ActivityRecord{42e817d u0 com.oppo.launcher/.Launcher t2}}}
03-27 23:04:45.901  1666  1792 D ColorPackageManager: mIconCacheMaxNum:0,mIconCacheMinMemory:0.0
03-27 23:04:46.011  1666  1722 I ActivityManager: Start proc 18051:com.android.settings/1000 for broadcast com.android.settings/.location.GPSAppAddRemovedReceiver
03-27 23:04:46.049  1666  1722 I ActivityManager: Start proc 18066:com.android.vending/u0a44 for broadcast com.android.vending/com.google.android.finsky.packagemonitor.impl.PackageMonitorReceiverImpl$RegisteredReceiver
03-27 23:04:46.084  1666  1722 I ActivityManager: Start proc 18080:com.android.vending:background/u0a44 for broadcast com.android.vending/com.google.android.finsky.packagemonitor.backgroundimpl.BackgroundPackageMonitorReceiverImpl$RegisteredReceiver
03-27 23:04:46.119  1666  1722 I ActivityManager: Start proc 18094:com.coloros.childrenspace/1000 for broadcast com.coloros.childrenspace/.controller.ChildrenReceiver
03-27 23:04:46.153  1666  1722 I ActivityManager: Start proc 18108:com.coloros.gamespace/1000 for broadcast com.coloros.gamespace/.receiver.AppListUpdateReceiver
03-27 23:04:46.207  1666  1722 I ActivityManager: Start proc 18121:com.coloros.providers.fileinfo/u0a71 for broadcast com.coloros.providers.fileinfo/.receiver.DataUpdaterReceiver
03-27 23:04:46.263  1666  1722 I ActivityManager: Start proc 18137:com.coloros.sau/1000 for broadcast com.coloros.sau/.strategy.AppInstallReceiver
03-27 23:04:46.271  1666  2748 D ActivityManager: bringUpService for proc:com.coloros.safecenter, isolated:false
03-27 23:04:46.276  1666  2931 D ActivityManager: bringUpService for proc:com.coloros.safecenter, isolated:false
03-27 23:04:46.322  1666  1722 I ActivityManager: Start proc 18156:com.coloros.securepay/1000 for broadcast com.coloros.securepay/.SecurePayReceiver
03-27 23:04:46.376  1666  1722 I ActivityManager: Start proc 18175:com.coloros.weather/u0a114 for broadcast com.coloros.weather/.receiver.WeatherUIAppChangedReceiver
03-27 23:04:46.437  1666  1722 I ActivityManager: Start proc 18193:com.coloros.weather.service/u0a115 for broadcast com.coloros.weather.service/com.coloros.weather.receiver.WeatherUIAppChangedReceiver
03-27 23:04:46.503  1666  1722 I ActivityManager: Start proc 18213:com.daemon.shelper/1000 for broadcast com.daemon.shelper/.wechat.MonoitoringRecevier
03-27 23:04:46.564  1666  1722 I ActivityManager: Start proc 18235:com.facebook.appmanager/u0a143 for broadcast com.facebook.appmanager/com.facebook.oxygen.appmanager.common.packages.PackageEventReceiver
03-27 23:04:46.614  1666  1722 I ActivityManager: Start proc 18252:com.google.android.apps.maps/u0a132 for broadcast com.google.android.apps.maps/com.google.android.libraries.social.peoplekit.thirdparty.viewcontrollers.ThirdPartyReceiver
03-27 23:04:46.674  1666  1722 I ActivityManager: Start proc 18273:com.google.android.googlequicksearchbox:search/u0a45 for broadcast com.google.android.googlequicksearchbox/com.google.android.apps.gsa.googlequicksearchbox.GelStubAppWatcher
03-27 23:04:46.710  1666  2748 I ActivityManager: Start proc 18286:com.google.android.gms/u0a14 for service com.google.android.gms/.chimera.GmsIntentOperationService
03-27 23:04:46.771  1666  3578 D ActivityManager: bringUpService for proc:com.coloros.safecenter:task, isolated:false
03-27 23:04:46.795  1666  3578 I ActivityManager: Start proc 18308:com.coloros.safecenter:task/1000 for service com.coloros.safecenter/.virusdetect.service.VirusScanService
03-27 23:04:46.921  1666  3599 D ColorPackageManager: removePkgFromNotLaunchedList com.projekt_x.studybuddy
03-27 23:04:46.922  1666  3599 I ActivityManager: START u0 {flg=0x10000000 cmp=com.projekt_x.studybuddy/.MainActivity} from uid 2000 and from pid 18020 on display 0
03-27 23:04:46.932  1666  3599 V WindowManager: Changing focus from Window{a0ebd55 u0 com.oppo.launcher/com.oppo.launcher.Launcher} to null
03-27 23:04:46.942  1666  3599 W WindowManager: CHECK_FOCUS_WINDOW_ERROR_MSG start check
03-27 23:04:46.996  1666  1756 V WindowManager: reevaluateVisibility focusApp:AppWindowToken{fe1ce3c token=Token{f2560e ActivityRecord{5307409 u0 com.projekt_x.studybuddy/.MainActivity t75}}}
03-27 23:04:47.023  1666  1782 I ActivityManager: Start proc 18353:com.projekt_x.studybuddy/u0a287 for activity com.projekt_x.studybuddy/.MainActivity
03-27 23:04:47.036  1666  1756 V WindowManager: reevaluateVisibility focusApp:AppWindowToken{fe1ce3c token=Token{f2560e ActivityRecord{5307409 u0 com.projekt_x.studybuddy/.MainActivity t75}}}
03-27 23:04:47.055  1666  1763 D ActivityManager: getContentProviderImpl, cpr:ContentProviderRecord{67419b6 u0 com.coloros.safecenter/.common.provider.SafeProvider}, name:com.color.provider.SafeProvider
03-27 23:04:47.055  1666  1763 D ActivityManager: getContentProviderImpl 02, cpr:ContentProviderRecord{67419b6 u0 com.coloros.safecenter/.common.provider.SafeProvider}
03-27 23:04:47.064  1666  1756 V WindowManager: reevaluateVisibility focusApp:AppWindowToken{fe1ce3c token=Token{f2560e ActivityRecord{5307409 u0 com.projekt_x.studybuddy/.MainActivity t75}}}
03-27 23:04:47.069  1666  1756 V WindowManager: reevaluateVisibility focusApp:AppWindowToken{fe1ce3c token=Token{f2560e ActivityRecord{5307409 u0 com.projekt_x.studybuddy/.MainActivity t75}}}
03-27 23:04:47.100  1666  1722 I ActivityManager: Start proc 18370:com.facebook.system/u0a43 for broadcast com.facebook.system/com.facebook.oxygen.installer.service.PackageReceiver
03-27 23:04:47.146  1666  2969 D ActivityManager: zjm TOP_APP is ProcessRecord{d228722 18353:com.projekt_x.studybuddy/u0a287} uid is 10287
03-27 23:04:47.168  1666  2969 I ActivityManager: OifaceUtil cann't get currentPackage
03-27 23:04:47.201  1666  1756 V WindowManager: reevaluateVisibility focusApp:AppWindowToken{fe1ce3c token=Token{f2560e ActivityRecord{5307409 u0 com.projekt_x.studybuddy/.MainActivity t75}}}
03-27 23:04:47.212  1666  1756 V WindowManager: reevaluateVisibility focusApp:AppWindowToken{fe1ce3c token=Token{f2560e ActivityRecord{5307409 u0 com.projekt_x.studybuddy/.MainActivity t75}}}
03-27 23:04:47.253  1666  1722 I ActivityManager: Start proc 18397:com.google.android.partnersetup/u0a18 for broadcast com.google.android.partnersetup/.RlzPingBroadcastReceiver
03-27 23:04:47.474  1666  1722 I ActivityManager: Start proc 18426:com.nearme.themespace/u0a28 for broadcast com.nearme.themespace/.receiver.ThemeReceiver
03-27 23:04:47.598  1666  1717 I ActivityManager: Start proc 18448:com.android.printspooler/u0a118 for service com.android.printspooler/.model.PrintSpoolerService
03-27 23:04:47.603  1666  1756 V WindowManager: reevaluateVisibility focusApp:AppWindowToken{fe1ce3c token=Token{f2560e ActivityRecord{5307409 u0 com.projekt_x.studybuddy/.MainActivity t75}}}
03-27 23:04:47.801  1666  2987 D PackageManager:  getInstalledPackages shareName = oppo.uid.nearme
03-27 23:04:47.914  1666  1756 V WindowManager: reevaluateVisibility focusApp:AppWindowToken{fe1ce3c token=Token{f2560e ActivityRecord{5307409 u0 com.projekt_x.studybuddy/.MainActivity t75}}}
03-27 23:04:47.987  1666  3584 I ActivityManager: Start proc 18482:com.google.process.gapps/u0a14 for content provider com.google.android.gsf/.gservices.GservicesProvider
03-27 23:04:48.424  1666  2925 V WindowManager: Changing focus from null to Window{76e2dcf u0 com.projekt_x.studybuddy/com.projekt_x.studybuddy.MainActivity}
03-27 23:04:48.431  1666  1756 V WindowManager: reevaluateVisibility focusApp:AppWindowToken{fe1ce3c token=Token{f2560e ActivityRecord{5307409 u0 com.projekt_x.studybuddy/.MainActivity t75}}}
03-27 23:04:48.724  1666  2049 E TaskPersister: File error accessing recents directory (directory doesn't exist?).
03-27 23:04:49.778 18235 18550 E ActivityThread: Failed to find provider info for com.facebook.appmanager.oxygen.nekodirect.progress
03-27 23:04:49.901  1666  1756 V WindowManager: reevaluateVisibility focusApp:AppWindowToken{fe1ce3c token=Token{f2560e ActivityRecord{5307409 u0 com.projekt_x.studybuddy/.MainActivity t75}}}
03-27 23:04:49.902  1666  1756 V WindowManager: reevaluateVisibility focusApp:AppWindowToken{fe1ce3c token=Token{f2560e ActivityRecord{5307409 u0 com.projekt_x.studybuddy/.MainActivity t75}}}
03-27 23:04:49.919  1666  1756 V WindowManager: reevaluateVisibility focusApp:AppWindowToken{fe1ce3c token=Token{f2560e ActivityRecord{5307409 u0 com.projekt_x.studybuddy/.MainActivity t75}}}
03-27 23:04:50.001  1666  1756 V WindowManager: reevaluateVisibility focusApp:AppWindowToken{fe1ce3c token=Token{f2560e ActivityRecord{5307409 u0 com.projekt_x.studybuddy/.MainActivity t75}}}
03-27 23:04:50.006  1666  1756 V WindowManager: reevaluateVisibility focusApp:AppWindowToken{fe1ce3c token=Token{f2560e ActivityRecord{5307409 u0 com.projekt_x.studybuddy/.MainActivity t75}}}
03-27 23:04:50.026  1666  2925 D ConnectivityService: requestNetwork for uid/pid:10044/18080 NetworkRequest [ TRACK_DEFAULT id=410, [ Capabilities: INTERNET&NOT_RESTRICTED&TRUSTED&NOT_VPN] ]
--------- beginning of main
03-27 23:04:50.925 18066 18066 E ANR_LOG : Current msg <13>  = { when=-601ms what=0 target=android.os.Handler callback=uaj }
03-27 23:04:50.925 18066 18066 E ANR_LOG : Current msg <14>  = { when=-601ms what=0 target=android.os.Handler callback=uaj }
03-27 23:04:50.925 18066 18066 E ANR_LOG : Current msg <15>  = { when=-601ms what=0 target=android.os.Handler callback=uaj }
03-27 23:04:50.926 18066 18066 E ANR_LOG : Current msg <16>  = { when=-601ms what=0 target=android.os.Handler callback=uaj }
03-27 23:04:50.926 18066 18066 E ANR_LOG : Current msg <17>  = { when=-601ms what=0 target=android.os.Handler callback=uaj }
03-27 23:04:50.926 18066 18066 E ANR_LOG : Current msg <18>  = { when=-601ms what=0 target=android.os.Handler callback=uaj }
03-27 23:04:50.926 18066 18066 E ANR_LOG : Current msg <19>  = { when=-601ms what=0 target=android.os.Handler callback=uaj }
03-27 23:04:50.926 18066 18066 E ANR_LOG : Current msg <20>  = { when=-601ms what=0 target=android.os.Handler callback=uaj }
03-27 23:04:50.926 18066 18066 E ANR_LOG : >>>CURRENT MSG DUMP OVER<<<
03-27 23:04:50.929 18066 18066 I Finsky  : [1] aimx - Received: android.intent.action.PACKAGE_ADDED, [oq9HbrP83vgIUnSKV0BFAE8Q1dbhy2-6-rq8qEaCjew]
03-27 23:04:50.935 18066 18066 I Finsky  : [1] AIM: AppInfoCacheUpdater -> invalidating apps: [com.projekt_x.studybuddy]
03-27 23:04:50.935 18066 18622 I Finsky  : [6231] SCH: Received scheduling request: Id: 12-1, Constraints: [{ L: 15000, D: 86400000, C: CHARGING_NONE, I: IDLE_NONE, N: NET_ANY, B: BATTERY_ANY }]
03-27 23:04:50.935 18066 18066 I Finsky  : [1] AIM: AppInfoManager-Perf > getApps > called for 1 apps
03-27 23:04:50.972 16644 16668 W ResourceType: ResTable_typeSpec entry count inconsistent: given 84, previously 85
03-27 23:04:50.972 16644 16668 W ResourceType: ResTable_typeSpec entry count inconsistent: given 4764, previously 4790
03-27 23:04:50.972 16644 16668 W ResourceType: ResTable_typeSpec entry count inconsistent: given 6194, previously 6232
03-27 23:04:50.972 16644 16668 W ResourceType: ResTable_typeSpec entry count inconsistent: given 5098, previously 5122
03-27 23:04:50.973 16644 16668 W ResourceType: ResTable_typeSpec entry count inconsistent: given 5121, previously 5122
03-27 23:04:50.973 16644 16668 W ResourceType: ResTable_typeSpec entry count inconsistent: given 510, previously 4795
03-27 23:04:50.985 18066 18471 I OppoConvertIcon: maskBitmap -- mIconBackground == null
03-27 23:04:50.985 16644 16668 W ResourceType: ResTable_typeSpec entry count inconsistent: given 34, previously 36
03-27 23:04:50.986 16644 16668 W ResourceType: ResTable_typeSpec entry count inconsistent: given 2917, previously 2939
03-27 23:04:50.986 16644 16668 W ResourceType: ResTable_typeSpec entry count inconsistent: given 371, previously 3838
03-27 23:04:50.987 18066 18471 I Finsky  : [6196] AIM: AppInfoManager-Perf > OnDeviceAppInfo > cacheHitCount=0, cacheMissCount=1. Missed  in cache (limit 10) : [com.projekt_x.studybuddy]
03-27 23:04:50.993 18066 18446 I Finsky  : [6193] AIM: Got app ownership map. App counts: . Unique apps: 0
03-27 23:04:50.993 18066 18446 E Finsky  : [6193] [Counters] attempted to use a non-positive increment for: 4752
03-27 23:04:50.994 18066 18446 I Finsky  : [6193] AIM: AppInfoManager-Perf > OnDeviceAppInfo > cacheHitCount=1, cacheMissCount=0. Missed  in cache (limit 10) : []
03-27 23:04:50.994 18066 18446 E Finsky  : [6193] [Counters] attempted to use a non-positive increment for: 4753
03-27 23:04:50.995 18066 18446 I Finsky  : [6193] AIM: Got app ownership map. App counts: . Unique apps: 0
03-27 23:04:50.995 18066 18446 E Finsky  : [6193] [Counters] attempted to use a non-positive increment for: 4752
03-27 23:04:50.995 18066 18446 E Finsky  : [6193] [Counters] attempted to use a non-positive increment for: 4753
03-27 23:04:51.034 18066 18066 I Finsky  : [1] DTU: Received onPackageAdded, replacing: true
03-27 23:04:51.039 18066 18231 I Finsky  : [6182] RECEIVER_PACKAGE_MONITOR#logWorkEndAndFinishGoAsync: SUCCESS
03-27 23:04:51.071 18066 18231 I Finsky  : [6182] RECEIVER_SINGLE_USER_SETTINGS#logWorkEndAndFinishGoAsync: SUCCESS
03-27 23:04:51.109 16644 16668 W ResourceType: ResTable_typeSpec entry count inconsistent: given 20, previously 33
03-27 23:04:51.109 16644 16668 W ResourceType: ResTable_typeSpec entry count inconsistent: given 969, previously 2450
03-27 23:04:51.109 16644 16668 W ResourceType: ResTable_typeSpec entry count inconsistent: given 1697, previously 1700
03-27 23:04:51.109 16644 16668 W ResourceType: ResTable_typeSpec entry count inconsistent: given 373, previously 3274
03-27 23:04:51.118  1666  1760 I ActivityManager: Killing 18022:com.android.keychain/1000 (adj 906): empty #17
03-27 23:04:51.120 16644 16668 W ResourceType: ResTable_typeSpec entry count inconsistent: given 34, previously 36
03-27 23:04:51.120 16644 16668 W ResourceType: ResTable_typeSpec entry count inconsistent: given 9326, previously 9327
03-27 23:04:51.120 16644 16668 W ResourceType: ResTable_typeSpec entry count inconsistent: given 3580, previously 3599
03-27 23:04:51.120 16644 16668 W ResourceType: ResTable_typeSpec entry count inconsistent: given 380, previously 3014
03-27 23:04:51.134  1666  1690 D ActivityManager: cleanUpApplicationRecord -- 18022
03-27 23:04:51.192 18066 18076 W art     : Suspending all threads took: 9.953ms
03-27 23:04:51.259 16644 16668 W ResourceType: ResTable_typeSpec entry count inconsistent: given 107, previously 110
03-27 23:04:51.259 16644 16668 W ResourceType: ResTable_typeSpec entry count inconsistent: given 4755, previously 5382
03-27 23:04:51.259 16644 16668 W ResourceType: ResTable_typeSpec entry count inconsistent: given 3523, previously 3544
03-27 23:04:51.259 16644 16668 W ResourceType: ResTable_typeSpec entry count inconsistent: given 234, previously 238
03-27 23:04:51.259 16644 16668 W ResourceType: ResTable_typeSpec entry count inconsistent: given 508, previously 5671
03-27 23:04:51.276 18066 18076 W art     : Suspending all threads took: 63.708ms
03-27 23:04:51.295 16644 16668 W ResourceType: ResTable_typeSpec entry count inconsistent: given 23, previously 37
03-27 23:04:51.295 16644 16668 W ResourceType: ResTable_typeSpec entry count inconsistent: given 700, previously 3399
03-27 23:04:51.295 16644 16668 W ResourceType: ResTable_typeSpec entry count inconsistent: given 1910, previously 2066
03-27 23:04:51.296 16644 16668 W ResourceType: ResTable_typeSpec entry count inconsistent: given 395, previously 3628
03-27 23:04:51.351 16644 16668 W ResourceType: ResTable_typeSpec entry count inconsistent: given 45, previously 50
03-27 23:04:51.352 16644 16668 W ResourceType: ResTable_typeSpec entry count inconsistent: given 3765, previously 4723
03-27 23:04:51.352 16644 16668 W ResourceType: ResTable_typeSpec entry count inconsistent: given 3004, previously 3018
03-27 23:04:51.352 16644 16668 W ResourceType: ResTable_typeSpec entry count inconsistent: given 418, previously 4253
03-27 23:04:51.361 16644 16668 W ResourceType: ResTable_typeSpec entry count inconsistent: given 2129, previously 2249
03-27 23:04:51.361 16644 16668 W ResourceType: ResTable_typeSpec entry count inconsistent: given 1163, previously 1222
03-27 23:04:51.361 16644 16668 W ResourceType: ResTable_typeSpec entry count inconsistent: given 375, previously 2643
03-27 23:04:51.396 18066 18234 D NetworkSecurityConfig: No Network Security Config specified, using platform default
03-27 23:04:51.397 18066 18234 I DpmTcmClient: RegisterTcmMonitor from: com.android.okhttp.TcmIdleTimerMonitor
03-27 23:04:51.496  1666  3598 I ActivityManager: Process com.coloros.safesdkproxy (pid 14293) has died
03-27 23:04:51.497  1666  3598 D ActivityManager: cleanUpApplicationRecord -- 14293
03-27 23:04:51.565  1666 31900 I ActivityManager: Start proc 18647:com.coloros.safesdkproxy/u0a124 for service com.coloros.safesdkproxy/.virus.avast.AvastVirusScanService
03-27 23:04:51.626 18273 18633 I A       : Device Compliance Fetch time taken = 831ms
03-27 23:04:51.626 18273 18633 I A       : Device is compliant!
03-27 23:04:51.627 18273 18633 I A       : Invoking "compliant" action...
03-27 23:04:51.650 18066 18066 I Finsky  : [1] onSubscriptionsChanged
03-27 23:04:51.656 18066 18234 I System.out: sLuckyMoneyUrl = wx.gtimg.com/hongbao/
03-27 23:04:51.684 18647 18647 W System  : ClassLoader referenced unknown path: /system/app/SafeSdkProxy/lib/arm64
03-27 23:04:51.685 18066 18555 I Finsky  : [6205] AIM: AppInfoManager-Perf > ItemModel > CacheSize=17, cacheHitCount=0, cacheMissCount=0, total appsWithNoServerDataCount=0. Missed  in cache (limit 10) : []
03-27 23:04:51.693 18066 18555 I Finsky  : [6205] AIM: AppInfoManager-Perf > getApps > data collection finished
03-27 23:04:51.694 18066 18555 I Finsky  : [6205] AIM: AppInfoManager-Perf > maybeDestroyAppInfoManager is called. actives = 1
03-27 23:04:51.697  1666 31900 I ActivityManager: Killing 18094:com.coloros.childrenspace/1000 (adj 906): empty #17
03-27 23:04:51.708 18066 18543 I Finsky  : [6203] AIM: AppInfoManager-Perf > ItemModel > CacheSize=17, cacheHitCount=0, cacheMissCount=0, total appsWithNoServerDataCount=0. Missed  in cache (limit 10) : []
03-27 23:04:51.709 18066 18555 I Finsky  : [6205] AIM: AppInfoManager-Perf > ItemModel > CacheSize=17, cacheHitCount=0, cacheMissCount=0, total appsWithNoServerDataCount=0. Missed  in cache (limit 10) : []
03-27 23:04:51.717 18066 18555 I Finsky  : [6205] AIM: AppInfoManager-Perf > getApps > data collection finished
03-27 23:04:51.718 18066 18555 I Finsky  : [6205] AIM: AppInfoManager-Perf > maybeDestroyAppInfoManager is called. actives = 0
03-27 23:04:51.731 26044 26117 W GetConfigSnapshotOp: Succeeded but not registered: com.google.android.gms.gmscompliance_client#com.android.vending [CONTEXT service_id=51 ]
03-27 23:04:51.739  1666  1691 D ActivityManager: cleanUpApplicationRecord -- 18094
03-27 23:04:51.740 26044 30502 W GetConfigSnapshotOp: Succeeded but not registered: com.google.android.libraries.onegoogle#com.android.vending [CONTEXT service_id=51 ]
03-27 23:04:51.776 18066 18681 I Finsky  : [6244] SM: There are no stale sessions to be pruned
03-27 23:04:51.784 18066 18066 I Finsky  : [1] Connecting InstallListener to SplitInstallService broadcaster...
03-27 23:04:51.785 18252 18675 I Adreno  : QUALCOMM build                   : e0ff253, I1b6e53de78
03-27 23:04:51.785 18252 18675 I Adreno  : Build Date                       : 02/16/18
03-27 23:04:51.785 18252 18675 I Adreno  : OpenGL ES Shader Compiler Version: XE031.09.00.04
03-27 23:04:51.785 18252 18675 I Adreno  : Local Branch                     : 
03-27 23:04:51.785 18252 18675 I Adreno  : Remote Branch                    : quic/gfx-adreno.lnx.1.0.c15-rel
03-27 23:04:51.785 18252 18675 I Adreno  : Remote Branch                    : NONE
03-27 23:04:51.785 18252 18675 I Adreno  : Reconstruct Branch               : NOTHING
03-27 23:04:51.808 26044 26044 D BoundBrokerSvc: onBind: Intent { act=com.google.android.gms.clearcut.bootcount.service.START pkg=com.google.android.gms }
03-27 23:04:51.808 26044 26044 D BoundBrokerSvc: Loading bound service for intent: Intent { act=com.google.android.gms.clearcut.bootcount.service.START pkg=com.google.android.gms }
03-27 23:04:51.846 18286 18286 W ProviderHelper: Unknown dynamite feature providerinstaller.dynamite
03-27 23:04:51.847 18286 18286 I DynamiteModule: Considering local module com.google.android.gms.providerinstaller.dynamite:1 and remote module com.google.android.gms.providerinstaller.dynamite:0
03-27 23:04:51.847 18286 18286 I DynamiteModule: Selected local version of com.google.android.gms.providerinstaller.dynamite
03-27 23:04:51.855 18647 18647 I SafeSdkProxy: OppoLog, isQELogOn = false, isQELogOnMTK = false, isDebugTagOn = false
03-27 23:04:51.889 18252 18252 E ANR_LOG : >>> msg's executing time is too long
03-27 23:04:51.889 18252 18252 E ANR_LOG : Blocked msg = { when=-5s245ms what=110 target=android.app.ActivityThread$H obj=AppBindData{appInfo=ApplicationInfo{3c8aca6 com.google.android.apps.maps}} } , cost  = 5217 ms
03-27 23:04:51.889 18252 18252 E ANR_LOG : >>>Current msg List is:
03-27 23:04:51.889 18252 18252 E ANR_LOG : Current msg <1>  = { when=-5s241ms what=140 target=android.app.ActivityThread$H arg1=5 }
03-27 23:04:51.889 18252 18252 E ANR_LOG : Current msg <2>  = { when=-5s239ms what=113 target=android.app.ActivityThread$H obj=ReceiverData{intent=Intent { act=android.intent.action.PACKAGE_REMOVED dat=package:com.projekt_x.studybuddy flg=0x4000010 cmp=com.google.android.apps.maps/com.google.android.libraries.social.peoplekit.thirdparty.viewcontrollers.ThirdPartyReceiver (has extras) } packageName=com.google.android.apps.maps resultCode=0 resultData=null resultExtras=null} }
03-27 23:04:51.889 18252 18252 E ANR_LOG : Current msg <3>  = { when=-2s169ms what=0 target=android.os.Handler callback=bhdv }
03-27 23:04:51.889 18252 18252 E ANR_LOG : Current msg <4>  = { when=-2s159ms what=0 target=android.os.Handler callback=bhdv }
03-27 23:04:51.889 18252 18252 E ANR_LOG : Current msg <5>  = { when=-2s69ms what=0 target=android.os.Handler callback=bhdv }
03-27 23:04:51.889 18252 18252 E ANR_LOG : Current msg <6>  = { when=-1s919ms what=0 target=android.os.Handler callback=bhdv }
03-27 23:04:51.889 18252 18252 E ANR_LOG : Current msg <7>  = { when=-1s669ms what=0 target=android.os.Handler callback=bhdv }
03-27 23:04:51.889 18252 18252 E ANR_LOG : Current msg <8>  = { when=-764ms what=0 target=android.app.ActivityThread$H callback=android.app.LoadedApk$ServiceDispatcher$RunConnection }
03-27 23:04:51.889 18252 18252 E ANR_LOG : Current msg <9>  = { when=-76ms what=0 target=android.app.ActivityThread$H callback=android.app.LoadedApk$ServiceDispatcher$RunConnection }
03-27 23:04:51.889 18252 18252 E ANR_LOG : Current msg <10>  = { when=+7s720ms what=132 target=android.app.ActivityThread$H }
03-27 23:04:51.890 18252 18252 E ANR_LOG : Current msg <11>  = { when=+4m59s238ms what=1 target=ayht obj=com.google.android.gms.clearcut.service.START }
03-27 23:04:51.890 18252 18252 E ANR_LOG : Current msg <12>  = { when=+4m59s922ms what=1 target=ayht obj=com.google.android.gms.clearcut.bootcount.service.START }
03-27 23:04:51.890 18252 18252 E ANR_LOG : >>>CURRENT MSG DUMP OVER<<<
03-27 23:04:51.897  1666  3599 I ActivityManager: Killing 18175:com.coloros.weather/u0a114 (adj 906): empty #17
03-27 23:04:51.908 18286 18286 V NativeCrypto: Registering com/google/android/gms/org/conscrypt/NativeCrypto's 334 native methods...
03-27 23:04:51.913 16644 16668 I DCS-NetHelper: isOppoCtaUpdateServiceOn val:true
03-27 23:04:51.913  1666  3578 D ActivityManager: cleanUpApplicationRecord -- 18175
03-27 23:04:51.947 18066 18337 I Finsky  : [6190] WM::SCH: Logging work initialize for 12-1
03-27 23:04:51.960 18647 18647 I SafeSdkProxy.OppoFileShieldService: onCreate
03-27 23:04:51.961 18066 18337 I Finsky  : [6190] WM::SCH: Logging work initialize for 12-1
03-27 23:04:51.986 18066 18555 I Finsky  : [6205] SCH: Scheduling phonesky job Id: 12-1, CT: 1774631990778, Constraints: [{ L: 15000, D: 86400000, C: CHARGING_NONE, I: IDLE_NONE, N: NET_ANY, B: BATTERY_ANY }]
03-27 23:04:52.005 18066 18471 I Finsky  : [6196] SCH: Scheduling 1 system job(s)
03-27 23:04:52.006 18066 18471 I Finsky  : [6196] SCH: Scheduling system job Id: 9038, L: 13773, D: 44596481, C: false, I: false, N: 1
03-27 23:04:52.008 18647 18661 I avast-vps!: Initialization of properties from apk: /data/user/0/com.coloros.safesdkproxy/app_dex/avast-android-vps-v4-release.apk
03-27 23:04:52.017 18252 18677 I art     : Rejecting re-init on previously-failed class java.lang.Class<hsg>: java.lang.NoClassDefFoundError: Failed resolution of: Landroid/graphics/ImageDecoder$OnHeaderDecodedListener;
03-27 23:04:52.017 18252 18677 I art     :   at java.lang.Object gwf.d(java.lang.Object, java.lang.Object, java.lang.Object, java.lang.Object, java.lang.Object, java.lang.Object) (PG:55)
03-27 23:04:52.017 18252 18677 I art     :   at void gwe.j(android.content.Context, gtv) (PG:354)
03-27 23:04:52.017 18252 18677 I art     :   at gwe gwe.i(android.content.Context) (PG:31)
03-27 23:04:52.017 18252 18677 I art     :   at guw ldc.a(android.content.Context) (PG:7)
03-27 23:04:52.017 18252 18677 I art     :   at java.lang.Object kfl.k() (PG:1763)
03-27 23:04:52.017 18252 18677 I art     :   at java.lang.Object kfl.b() (PG:238)
03-27 23:04:52.017 18252 18677 I art     :   at java.lang.Object bzbb.b() (PG:16)
03-27 23:04:52.017 18252 18677 I art     :   at void kpk.run() (PG:380)
03-27 23:04:52.017 18252 18677 I art     :   at void aoov.run() (PG:428)
03-27 23:04:52.017 18252 18677 I art     :   at java.lang.Object java.util.concurrent.Executors$RunnableAdapter.call() (Executors.java:428)
03-27 23:04:52.017 18252 18677 I art     :   at void aoro.run() (PG:19)
03-27 23:04:52.017 18252 18677 I art     :   at void java.util.concurrent.ThreadPoolExecutor.runWorker(java.util.concurrent.ThreadPoolExecutor$Worker) (ThreadPoolExecutor.java:1133)
03-27 23:04:52.017 18252 18677 I art     :   at void java.util.concurrent.ThreadPoolExecutor$Worker.run() (ThreadPoolExecutor.java:607)
03-27 23:04:52.017 18252 18677 I art     :   at void aonu.run() (PG:708)
03-27 23:04:52.017 18252 18677 I art     :   at void java.lang.Thread.run() (Thread.java:761)
03-27 23:04:52.017 18252 18677 I art     : Caused by: java.lang.ClassNotFoundException: Didn't find class "android.graphics.ImageDecoder$OnHeaderDecodedListener" on path: DexPathList[[zip file "/data/app/com.google.android.apps.maps-1/base.apk", zip file "/data/app/com.google.android.apps.maps-1/split_config.arm64_v8a.apk", zip file "/data/app/com.google.android.apps.maps-1/split_config.en.apk", zip file "/data/app/com.google.android.apps.maps-1/split_config.xhdpi.apk"],nativeLibraryDirectories=[/data/app/com.google.android.apps.maps-1/lib/arm64, /data/app/com.google.android.apps.maps-1/base.apk!/lib/arm64-v8a, /data/app/com.google.android.apps.maps-1/split_config.arm64_v8a.apk!/lib/arm64-v8a, /data/app/com.google.android.apps.maps-1/split_config.en.apk!/lib/arm64-v8a, /data/app/com.google.android.apps.maps-1/split_config.xhdpi.apk!/lib/arm64-v8a, /system/lib64, /vendor/lib64]]
03-27 23:04:52.017 18252 18677 I art     :   at java.lang.Class dalvik.system.BaseDexClassLoader.findClass(java.lang.String) (BaseDexClassLoader.java:56)
03-27 23:04:52.017 18252 18677 I art     :   at java.lang.Class java.lang.ClassLoader.loadClass(java.lang.String, boolean) (ClassLoader.java:380)
03-27 23:04:52.017 18252 18677 I art     :   at java.lang.Class java.lang.ClassLoader.loadClass(java.lang.String) (ClassLoader.java:312)
03-27 23:04:52.017 18252 18677 I art     :   at java.lang.Object gwf.d(java.lang.Object, java.lang.Object, java.lang.Object, java.lang.Object, java.lang.Object, java.lang.Object) (PG:55)
03-27 23:04:52.017 18252 18677 I art     :   at void gwe.j(android.content.Context, gtv) (PG:354)
03-27 23:04:52.017 18252 18677 I art     :   at gwe gwe.i(android.content.Context) (PG:31)
03-27 23:04:52.017 18252 18677 I art     :   at guw ldc.a(android.content.Context) (PG:7)
03-27 23:04:52.017 18252 18677 I art     :   at java.lang.Object kfl.k() (PG:1763)
03-27 23:04:52.017 18252 18677 I art     :   at java.lang.Object kfl.b() (PG:238)
03-27 23:04:52.017 18252 18677 I art     :   at java.lang.Object bzbb.b() (PG:16)
03-27 23:04:52.017 18252 18677 I art     :   at void kpk.run() (PG:380)
03-27 23:04:52.017 18252 18677 I art     :   at void aoov.run() (PG:428)
03-27 23:04:52.017 18252 18677 I art     :   at java.lang.Object java.util.concurrent.Executors$RunnableAdapter.call() (Executors.java:428)
03-27 23:04:52.017 18252 18677 I art     :   at void aoro.run() (PG:19)
03-27 23:04:52.017 18252 18677 I art     :   at void java.util.concurrent.ThreadPoolExecutor.runWorker(java.util.concurrent.ThreadPoolExecutor$Worker) (ThreadPoolExecutor.java:1133)
03-27 23:04:52.017 18252 18677 I art     :   at void java.util.concurrent.ThreadPoolExecutor$Worker.run() (ThreadPoolExecutor.java:607)
03-27 23:04:52.017 18252 18677 I art     :   at void aonu.run() (PG:708)
03-27 23:04:52.017 18252 18677 I art     :   at void java.lang.Thread.run() (Thread.java:761)
03-27 23:04:52.017 18252 18677 I art     : 
03-27 23:04:52.023 18066 18578 I cn_CronetUrlRequestContext: destroyNativeStreamLocked org.chromium.net.impl.CronetBidirectionalStream@f497603
03-27 23:04:52.024 18286 18286 D NetworkSecurityConfig: Using Network Security Config from resource network_security_config debugBuild: false
03-27 23:04:52.029 18066 18555 I Finsky  : [6205] SCH: Scheduling phonesky job Id: 12-1, CT: 1774631990935, Constraints: [{ L: 15000, D: 86400000, C: CHARGING_NONE, I: IDLE_NONE, N: NET_ANY, B: BATTERY_ANY }]
03-27 23:04:52.029 18066 18324 I Finsky  : [6188] [ContentSync] finished, scheduled=true
03-27 23:04:52.035  1666  2973 D ConnectivityService: requestNetwork for uid/pid:10132/18252 NetworkRequest [ TRACK_DEFAULT id=411, [ Capabilities: INTERNET&NOT_RESTRICTED&TRUSTED&NOT_VPN] ]
03-27 23:04:52.037  2502  2502 D PhoneSwitcherNetworkRequstListener: got request NetworkRequest [ TRACK_DEFAULT id=411, [ Capabilities: INTERNET&NOT_RESTRICTED&TRUSTED&NOT_VPN] ] with score 100
03-27 23:04:52.039  2502  2502 E QtiRilInterface: instance = com.qualcomm.qti.internal.telephony.QtiRilInterface@52e63cd
03-27 23:04:52.039  2502  2502 D QC_RIL_OEM_HOOK: dds phoneId: 1
03-27 23:04:52.039  2502  2502 V QC_RIL_OEM_HOOK: sendRilOemHookMsg: Outgoing Data is 514f454d484f4f4b270008000400000001000000
03-27 23:04:52.039  2683  2683 D QcrilMsgTunnelIfaceManager: handleMessage what = 1
03-27 23:04:52.042  2683  2683 D QcrilMsgTunnelIfaceManager: handleMessage what = 2
03-27 23:04:52.042  2502  2502 D QC_RIL_OEM_HOOK: sendOemRilRequestRaw returns value = 0
03-27 23:04:52.042  2502  2502 D QC_RIL_OEM_HOOK: dds phoneId: 1
03-27 23:04:52.042  2502  2502 V QC_RIL_OEM_HOOK: sendRilOemHookMsg: Outgoing Data is 514f454d484f4f4b270008000400000001000000
03-27 23:04:52.043  2683  2683 D QcrilMsgTunnelIfaceManager: handleMessage what = 1
03-27 23:04:52.044  2683  2683 D QcrilMsgTunnelIfaceManager: handleMessage what = 0
03-27 23:04:52.053  2683  2683 D QcrilMsgTunnelIfaceManager: handleMessage what = 2
03-27 23:04:52.053  2683  2683 D QcrilMsgTunnelIfaceManager: handleMessage what = 0
03-27 23:04:52.053  2502  2502 D QC_RIL_OEM_HOOK: sendOemRilRequestRaw returns value = 0
03-27 23:04:52.054  2502  2502 D QC_RIL_OEM_HOOK: Received Broadcast Intent ACTION_UNSOL_RESPONSE_OEM_HOOK_RAW
03-27 23:04:52.054  2502  2502 D QC_RIL_OEM_HOOK: Oem ID in QCRILHOOK UNSOL RESP is QOEMHOOK
03-27 23:04:52.054  2502  2502 D QC_RIL_OEM_HOOK: Received Broadcast Intent ACTION_UNSOL_RESPONSE_OEM_HOOK_RAW
03-27 23:04:52.054  2502  2502 D QC_RIL_OEM_HOOK: Oem ID in QCRILHOOK UNSOL RESP is QOEMHOOK
03-27 23:04:52.054  2502  2502 D QC_RIL_OEM_HOOK: Received Broadcast Intent ACTION_UNSOL_RESPONSE_OEM_HOOK_RAW
03-27 23:04:52.054  2502  2502 D QC_RIL_OEM_HOOK: Oem ID in QCRILHOOK UNSOL RESP is QOEMHOOK
03-27 23:04:52.055 18066 18446 I Finsky  : [6193] SCH: Scheduling 0 system job(s)
03-27 23:04:52.056  2502  2502 D QC_RIL_OEM_HOOK: Received Broadcast Intent ACTION_UNSOL_RESPONSE_OEM_HOOK_RAW
03-27 23:04:52.056 18286 18286 I ProviderInstaller: Installed default security provider GmsCore_OpenSSL
03-27 23:04:52.056  2502  2502 D QC_RIL_OEM_HOOK: Oem ID in QCRILHOOK UNSOL RESP is QOEMHOOK
03-27 23:04:52.056  2502  2502 D QC_RIL_OEM_HOOK: Received Broadcast Intent ACTION_UNSOL_RESPONSE_OEM_HOOK_RAW
03-27 23:04:52.056  2502  2502 D QC_RIL_OEM_HOOK: Oem ID in QCRILHOOK UNSOL RESP is QOEMHOOK
03-27 23:04:52.056  2502  2502 D QC_RIL_OEM_HOOK: Received Broadcast Intent ACTION_UNSOL_RESPONSE_OEM_HOOK_RAW
03-27 23:04:52.056  2502  2502 D QC_RIL_OEM_HOOK: Oem ID in QCRILHOOK UNSOL RESP is QOEMHOOK
03-27 23:04:52.056 18066 18446 I Finsky  : [6193] [ContentSync] finished, scheduled=true
03-27 23:04:52.094 18647 18661 I avast-vps!: (260327-00): Trying to init engine from zip file: /data/user/0/com.coloros.safesdkproxy/app_dex/avast-android-vps-v4-release.apk
03-27 23:04:52.179 18286 18704 I Watchcat: Started
03-27 23:04:52.187 18286 18286 E ANR_LOG : >>> msg's executing time is too long
03-27 23:04:52.187 18286 18286 E ANR_LOG : Blocked msg = { when=-5s383ms what=110 target=android.app.ActivityThread$H obj=AppBindData{appInfo=ApplicationInfo{63b83a7 com.google.android.gms}} } , cost  = 5365 ms
03-27 23:04:52.187 18286 18286 E ANR_LOG : >>>Current msg List is:
03-27 23:04:52.187 18286 18286 E ANR_LOG : Current msg <1>  = { when=-5s379ms what=114 target=android.app.ActivityThread$H obj=CreateServiceData{token=android.os.BinderProxy@39e2054 className=com.google.android.gms.chimera.GmsIntentOperationService packageName=com.google.android.gms intent=null} }
03-27 23:04:52.187 18286 18286 E ANR_LOG : Current msg <2>  = { when=-5s378ms what=115 target=android.app.ActivityThread$H obj=ServiceArgsData{token=android.os.BinderProxy@39e2054 startId=1 args=Intent { act=android.intent.action.PACKAGE_REMOVED dat=package:com.projekt_x.studybuddy flg=0x4000010 pkg=com.google.android.gms cmp=com.google.android.gms/.chimera.GmsIntentOperationService (has extras) }} }
03-27 23:04:52.187 18286 18286 E ANR_LOG : Current msg <3>  = { when=-5s1ms what=113 target=android.app.ActivityThread$H obj=ReceiverData{intent=Intent { act=android.intent.action.PACKAGE_ADDED dat=package:com.projekt_x.studybuddy flg=0x4000010 cmp=com.google.android.gms/.gass.chimera.PackageChangeBroadcastReceiver (has extras) } packageName=com.google.android.gms resultCode=0 resultData=null resultExtras=null} }
03-27 23:04:52.187 18286 18286 E ANR_LOG : Current msg <4>  = { when=-4s969ms what=115 target=android.app.ActivityThread$H obj=ServiceArgsData{token=android.os.BinderProxy@39e2054 startId=2 args=Intent { act=android.intent.action.PACKAGE_ADDED dat=package:com.projekt_x.studybuddy flg=0x4000010 pkg=com.google.android.gms cmp=com.google.android.gms/.chimera.GmsIntentOperationService (has extras) }} }
03-27 23:04:52.187 18286 18286 E ANR_LOG : Current msg <5>  = { when=-4s739ms what=113 target=android.app.ActivityThread$H obj=ReceiverData{intent=Intent { act=android.intent.action.PACKAGE_REPLACED dat=package:com.projekt_x.studybuddy flg=0x4000010 cmp=com.google.android.gms/.gass.chimera.PackageChangeBroadcastReceiver (has extras) } packageName=com.google.android.gms resultCode=0 resultData=null resultExtras=null} }
03-27 23:04:52.187 18286 18286 E ANR_LOG : Current msg <6>  = { when=-4s709ms what=115 target=android.app.ActivityThread$H obj=ServiceArgsData{token=android.os.BinderProxy@39e2054 startId=3 args=Intent { act=android.intent.action.PACKAGE_REPLACED dat=package:com.projekt_x.studybuddy flg=0x4000010 pkg=com.google.android.gms cmp=com.google.android.gms/.chimera.GmsIntentOperationService (has extras) }} }
03-27 23:04:52.187 18286 18286 E ANR_LOG : Current msg <7>  = { when=-1s551ms what=114 target=android.app.ActivityThread$H obj=CreateServiceData{token=android.os.BinderProxy@d258bfd className=com.google.android.gms.chimera.GmsBoundBrokerService packageName=com.google.android.gms intent=null} }
03-27 23:04:52.187 18286 18286 E ANR_LOG : Current msg <8>  = { when=-1s551ms what=121 target=android.app.ActivityThread$H obj=BindServiceData{token=android.os.BinderProxy@d258bfd intent=Intent { act=com.google.android.gms.safetynet.service.START pkg=com.google.android.gms }} }
03-27 23:04:52.187 18286 18286 E ANR_LOG : Current msg <9>  = { when=-547ms what=0 target=android.app.ActivityThread$H callback=android.app.LoadedApk$ServiceDispatcher$RunConnection }
