--------- beginning of main
03-27 21:28:59.555  1433  1492 I chatty  : uid=10287(com.projekt_x.studybuddy) DefaultDispatch expire 43 lines
03-27 21:29:01.555  1433  1490 I chatty  : uid=10287(com.projekt_x.studybuddy) DefaultDispatch expire 8 lines
03-27 21:29:01.799  1433  1492 I chatty  : uid=10287(com.projekt_x.studybuddy) DefaultDispatch expire 43 lines
03-27 21:29:01.799  1433  1433 I chatty  : uid=10287(com.projekt_x.studybuddy) expire 149 lines
03-27 21:29:01.810  1433  1956 I chatty  : uid=10287(com.projekt_x.studybuddy) DefaultDispatch expire 6 lines
03-27 21:29:02.126  1433  1955 I chatty  : uid=10287(com.projekt_x.studybuddy) DefaultDispatch expire 33 lines
03-27 21:29:03.562  1433  2356 I chatty  : uid=10287(com.projekt_x.studybuddy) DefaultDispatch expire 59 lines
03-27 21:29:04.059  1433  1433 I chatty  : uid=10287(com.projekt_x.studybuddy) expire 141 lines
03-27 21:29:04.141  1433  1490 I chatty  : uid=10287(com.projekt_x.studybuddy) DefaultDispatch expire 6 lines
03-27 21:29:04.194  1433  1955 I chatty  : uid=10287(com.projekt_x.studybuddy) DefaultDispatch expire 39 lines
03-27 21:29:04.526  1433  1438 I chatty  : uid=10287(com.projekt_x.studybuddy) Jit thread pool expire 3 lines
03-27 21:29:04.541  1433  1492 I chatty  : uid=10287(com.projekt_x.studybuddy) DefaultDispatch expire 24 lines
03-27 21:29:06.000  1433  1448 I chatty  : uid=10287(com.projekt_x.studybuddy) Binder:1433_3 expire 1 line
03-27 21:29:06.291  1433  1433 I chatty  : uid=10287(com.projekt_x.studybuddy) expire 164 lines
03-27 21:29:06.295  1433  1955 I chatty  : uid=10287(com.projekt_x.studybuddy) DefaultDispatch expire 10 lines
03-27 21:29:06.347  1433  1490 I chatty  : uid=10287(com.projekt_x.studybuddy) DefaultDispatch expire 12 lines
03-27 21:29:06.347  1433  1492 I chatty  : uid=10287(com.projekt_x.studybuddy) DefaultDispatch expire 37 lines
03-27 21:29:06.769  1433  2356 I chatty  : uid=10287(com.projekt_x.studybuddy) DefaultDispatch expire 50 lines
03-27 21:29:08.034  1433  1492 I chatty  : uid=10287(com.projekt_x.studybuddy) DefaultDispatch expire 40 lines
03-27 21:29:08.039  1433  1433 I chatty  : uid=10287(com.projekt_x.studybuddy) expire 383 lines
03-27 21:29:09.325  1433  1492 I chatty  : uid=10287(com.projekt_x.studybuddy) DefaultDispatch expire 53 lines
03-27 21:29:09.434  1433  2356 I chatty  : uid=10287(com.projekt_x.studybuddy) DefaultDispatch expire 5 lines
03-27 21:29:09.542  1433  1448 I chatty  : uid=10287(com.projekt_x.studybuddy) Binder:1433_3 expire 2 lines
03-27 21:29:09.833  1433  1490 I chatty  : uid=10287(com.projekt_x.studybuddy) DefaultDispatch expire 8 lines
03-27 21:29:10.746  1433  1449 I chatty  : uid=10287(com.projekt_x.studybuddy) Binder:1433_4 expire 1 line
03-27 21:29:10.762  1433  1433 I chatty  : uid=10287(com.projekt_x.studybuddy) expire 161 lines
03-27 21:29:10.768  1433  1492 I chatty  : uid=10287(com.projekt_x.studybuddy) DefaultDispatch expire 14 lines
03-27 21:29:10.778  1433  1490 I chatty  : uid=10287(com.projekt_x.studybuddy) DefaultDispatch expire 45 lines
03-27 21:29:11.275  1433  2356 I chatty  : uid=10287(com.projekt_x.studybuddy) DefaultDispatch expire 6 lines
03-27 21:29:11.714  1433  1956 I chatty  : uid=10287(com.projekt_x.studybuddy) DefaultDispatch expire 47 lines
03-27 21:29:12.866  1433  1433 I chatty  : uid=10287(com.projekt_x.studybuddy) expire 205 lines
03-27 21:29:13.024  1433  1490 I chatty  : uid=10287(com.projekt_x.studybuddy) DefaultDispatch expire 59 lines
03-27 21:29:14.164  1433  1433 I chatty  : uid=10287(com.projekt_x.studybuddy) expire 187 lines
03-27 21:29:14.275  1433  1956 I chatty  : uid=10287(com.projekt_x.studybuddy) DefaultDispatch expire 28 lines
03-27 21:29:15.456  1433  2356 I chatty  : uid=10287(com.projekt_x.studybuddy) DefaultDispatch expire 51 lines
03-27 21:29:15.878  1433  1433 I chatty  : uid=10287(com.projekt_x.studybuddy) expire 161 lines
03-27 21:29:15.882  1433  1956 I chatty  : uid=10287(com.projekt_x.studybuddy) DefaultDispatch expire 25 lines
03-27 21:29:17.485  1433  1955 I chatty  : uid=10287(com.projekt_x.studybuddy) DefaultDispatch expire 17 lines
03-27 21:29:17.495  1433  1492 I chatty  : uid=10287(com.projekt_x.studybuddy) DefaultDispatch expire 48 lines
03-27 21:29:18.439  1433  1433 I chatty  : uid=10287(com.projekt_x.studybuddy) expire 159 lines
03-27 21:29:18.448  1433  2356 I chatty  : uid=10287(com.projekt_x.studybuddy) DefaultDispatch expire 51 lines
03-27 21:29:20.054  1433  1955 I chatty  : uid=10287(com.projekt_x.studybuddy) DefaultDispatch expire 26 lines
03-27 21:29:20.863  1433  1433 I chatty  : uid=10287(com.projekt_x.studybuddy) expire 159 lines
03-27 21:29:21.014  1433  2356 I chatty  : uid=10287(com.projekt_x.studybuddy) DefaultDispatch expire 37 lines
03-27 21:29:21.647  1433  1956 I chatty  : uid=10287(com.projekt_x.studybuddy) DefaultDispatch expire 25 lines
03-27 21:29:22.449  1433  1492 I chatty  : uid=10287(com.projekt_x.studybuddy) DefaultDispatch expire 18 lines
03-27 21:29:22.549  1433  1444 I chatty  : uid=10287(com.projekt_x.studybuddy) HeapTaskDaemon expire 1 line
03-27 21:29:23.399  1433  1433 I chatty  : uid=10287(com.projekt_x.studybuddy) expire 160 lines
03-27 21:29:23.407  1433  2356 I chatty  : uid=10287(com.projekt_x.studybuddy) DefaultDispatch expire 6 lines
03-27 21:29:23.417  1433  1492 I chatty  : uid=10287(com.projekt_x.studybuddy) DefaultDispatch expire 47 lines
03-27 21:29:23.874  1433  1956 I chatty  : uid=10287(com.projekt_x.studybuddy) DefaultDispatch expire 58 lines
03-27 21:29:25.954  1433  1492 I chatty  : uid=10287(com.projekt_x.studybuddy) DefaultDispatch expire 11 lines
03-27 21:29:25.954  1433  1433 I chatty  : uid=10287(com.projekt_x.studybuddy) expire 45 lines
03-27 21:29:29.507  1433  1490 I chatty  : uid=10287(com.projekt_x.studybuddy) DefaultDispatch expire 17 lines
03-27 21:29:31.511  1433  2356 I chatty  : uid=10287(com.projekt_x.studybuddy) DefaultDispatch expire 12 lines
03-27 21:29:40.077  1433  1433 I chatty  : uid=10287(com.projekt_x.studybuddy) expire 15 lines
03-27 21:29:41.523  1433  1956 I chatty  : uid=10287(com.projekt_x.studybuddy) DefaultDispatch expire 10 lines
03-27 21:29:55.090  1433  1433 I chatty  : uid=10287(com.projekt_x.studybuddy) expire 17 lines
03-27 21:30:05.550  1433  1956 I chatty  : uid=10287(com.projekt_x.studybuddy) DefaultDispatch expire 23 lines
03-27 21:30:12.109  1433  1433 I chatty  : uid=10287(com.projekt_x.studybuddy) expire 13 lines
03-27 21:30:21.571  1433  2356 I chatty  : uid=10287(com.projekt_x.studybuddy) DefaultDispatch expire 5 lines
03-27 21:30:25.121  1433  1433 I chatty  : uid=10287(com.projekt_x.studybuddy) expire 14 lines
03-27 21:30:35.250  1433  1490 I chatty  : uid=10287(com.projekt_x.studybuddy) DefaultDispatch expire 21 lines
03-27 21:30:39.036  1433  1956 I chatty  : uid=10287(com.projekt_x.studybuddy) DefaultDispatch expire 18 lines
03-27 21:30:39.036  1433  1492 I chatty  : uid=10287(com.projekt_x.studybuddy) DefaultDispatch expire 13 lines
03-27 21:30:39.131  1433  1433 I chatty  : uid=10287(com.projekt_x.studybuddy) expire 11 lines
03-27 21:30:44.343  1433  1956 I chatty  : uid=10287(com.projekt_x.studybuddy) DefaultDispatch expire 83 lines
03-27 21:30:44.724  1433  1492 I chatty  : uid=10287(com.projekt_x.studybuddy) DefaultDispatch expire 81 lines
03-27 21:30:47.021  1433  1449 I chatty  : uid=10287(com.projekt_x.studybuddy) Binder:1433_4 expire 1 line
03-27 21:30:50.140  1433  1433 I chatty  : uid=10287(com.projekt_x.studybuddy) expire 3 lines
03-27 21:30:50.466  1433  2356 I chatty  : uid=10287(com.projekt_x.studybuddy) DefaultDispatch expire 99 lines
03-27 21:30:52.789  1433  1956 I chatty  : uid=10287(com.projekt_x.studybuddy) DefaultDispatch expire 163 lines
03-27 21:30:53.142  1433  1433 I chatty  : uid=10287(com.projekt_x.studybuddy) expire 6 lines
03-27 21:30:55.885  1433  1447 I chatty  : uid=10287(com.projekt_x.studybuddy) Binder:1433_2 expire 2 lines
03-27 21:30:57.165  1433  1448 I chatty  : uid=10287(com.projekt_x.studybuddy) Binder:1433_3 expire 1 line
03-27 21:30:57.165  1433  1449 I chatty  : uid=10287(com.projekt_x.studybuddy) Binder:1433_4 expire 2 lines
03-27 21:30:58.201  1433  1956 I chatty  : uid=10287(com.projekt_x.studybuddy) DefaultDispatch expire 138 lines
03-27 21:30:58.616  1433  2356 I chatty  : uid=10287(com.projekt_x.studybuddy) DefaultDispatch expire 75 lines
03-27 21:30:59.149  1433  1433 I chatty  : uid=10287(com.projekt_x.studybuddy) expire 14 lines
03-27 21:31:00.928  1433  1492 I chatty  : uid=10287(com.projekt_x.studybuddy) DefaultDispatch expire 118 lines
03-27 21:31:02.628  1433  1956 I chatty  : uid=10287(com.projekt_x.studybuddy) DefaultDispatch expire 50 lines
03-27 21:31:02.628  1433  1433 I chatty  : uid=10287(com.projekt_x.studybuddy) expire 108 lines
03-27 21:31:04.363  1433  1444 I chatty  : uid=10287(com.projekt_x.studybuddy) HeapTaskDaemon expire 1 line
03-27 21:31:05.188  1433  2356 I chatty  : uid=10287(com.projekt_x.studybuddy) DefaultDispatch expire 56 lines
03-27 21:31:05.988  1433  1492 I chatty  : uid=10287(com.projekt_x.studybuddy) DefaultDispatch expire 33 lines
03-27 21:31:05.988  1433  1433 I chatty  : uid=10287(com.projekt_x.studybuddy) expire 105 lines
03-27 21:31:06.003  1433  1956 I chatty  : uid=10287(com.projekt_x.studybuddy) DefaultDispatch expire 65 lines
03-27 21:31:07.972  1433  1447 I chatty  : uid=10287(com.projekt_x.studybuddy) Binder:1433_2 expire 1 line
03-27 21:31:09.188  1433  2356 I chatty  : uid=10287(com.projekt_x.studybuddy) DefaultDispatch expire 19 lines
03-27 21:31:09.188  1433  1433 I chatty  : uid=10287(com.projekt_x.studybuddy) expire 66 lines
03-27 21:31:09.193  1433  1956 I chatty  : uid=10287(com.projekt_x.studybuddy) DefaultDispatch expire 76 lines
03-27 21:31:09.509  1433  1492 I chatty  : uid=10287(com.projekt_x.studybuddy) DefaultDispatch expire 28 lines
03-27 21:31:09.844  1433  1955 I chatty  : uid=10287(com.projekt_x.studybuddy) DefaultDispatch expire 133 lines
03-27 21:31:11.270  1433  1433 I chatty  : uid=10287(com.projekt_x.studybuddy) expire 71 lines
03-27 21:31:11.272  1433  1956 I chatty  : uid=10287(com.projekt_x.studybuddy) DefaultDispatch expire 52 lines
03-27 21:31:11.449  1433  1449 I chatty  : uid=10287(com.projekt_x.studybuddy) Binder:1433_4 expire 1 line
03-27 21:31:11.506  1433  1492 I chatty  : uid=10287(com.projekt_x.studybuddy) DefaultDispatch expire 59 lines
03-27 21:31:13.069  1433  1491 I chatty  : uid=10287(com.projekt_x.studybuddy) DefaultDispatch expire 4 lines
03-27 21:31:13.095  1433  1445 I chatty  : uid=10287(com.projekt_x.studybuddy) Binder:1433_1 expire 1 line
03-27 21:31:13.350  1433  1955 I chatty  : uid=10287(com.projekt_x.studybuddy) DefaultDispatch expire 95 lines
03-27 21:31:13.350  1433  1433 I chatty  : uid=10287(com.projekt_x.studybuddy) expire 78 lines
03-27 21:31:13.508  1433  1491 I chatty  : uid=10287(com.projekt_x.studybuddy) DefaultDispatch expire 40 lines
03-27 21:31:13.672  1433  1492 I chatty  : uid=10287(com.projekt_x.studybuddy) DefaultDispatch expire 78 lines
03-27 21:31:15.756  1433  1955 I chatty  : uid=10287(com.projekt_x.studybuddy) DefaultDispatch expire 94 lines
03-27 21:31:15.839  1433  1491 I chatty  : uid=10287(com.projekt_x.studybuddy) DefaultDispatch expire 43 lines
03-27 21:31:15.908  1433  1433 I chatty  : uid=10287(com.projekt_x.studybuddy) expire 65 lines
03-27 21:31:17.188  1433  2356 I chatty  : uid=10287(com.projekt_x.studybuddy) DefaultDispatch expire 16 lines
03-27 21:31:17.661  1433  1447 I chatty  : uid=10287(com.projekt_x.studybuddy) Binder:1433_2 expire 1 line
03-27 21:31:17.830  1433  2356 I chatty  : uid=10287(com.projekt_x.studybuddy) DefaultDispatch expire 61 lines
03-27 21:31:17.830  1433  1433 I chatty  : uid=10287(com.projekt_x.studybuddy) expire 66 lines
03-27 21:31:17.840  1433  1955 I chatty  : uid=10287(com.projekt_x.studybuddy) DefaultDispatch expire 85 lines
03-27 21:31:18.006  1433  1491 I chatty  : uid=10287(com.projekt_x.studybuddy) DefaultDispatch expire 59 lines
03-27 21:31:19.908  1433  1433 I chatty  : uid=10287(com.projekt_x.studybuddy) expire 67 lines
03-27 21:31:19.923  1433  2356 I chatty  : uid=10287(com.projekt_x.studybuddy) DefaultDispatch expire 75 lines
03-27 21:31:20.221  1433  1492 I chatty  : uid=10287(com.projekt_x.studybuddy) DefaultDispatch expire 62 lines
03-27 21:31:20.708  1433  1955 I chatty  : uid=10287(com.projekt_x.studybuddy) DefaultDispatch expire 55 lines
03-27 21:31:21.992  1433  1433 I chatty  : uid=10287(com.projekt_x.studybuddy) expire 99 lines
03-27 21:31:22.147  1433  2356 I chatty  : uid=10287(com.projekt_x.studybuddy) DefaultDispatch expire 62 lines
03-27 21:31:22.294  1433  1491 I chatty  : uid=10287(com.projekt_x.studybuddy) DefaultDispatch expire 40 lines
03-27 21:31:22.313  1433  1492 I chatty  : uid=10287(com.projekt_x.studybuddy) DefaultDispatch expire 33 lines
03-27 21:31:22.321  1433  1449 I chatty  : uid=10287(com.projekt_x.studybuddy) Binder:1433_4 expire 1 line
03-27 21:31:25.029  1433  2356 I chatty  : uid=10287(com.projekt_x.studybuddy) DefaultDispatch expire 58 lines
03-27 21:31:25.029  1433  1433 I chatty  : uid=10287(com.projekt_x.studybuddy) expire 109 lines
03-27 21:31:25.090  1433  1492 I chatty  : uid=10287(com.projekt_x.studybuddy) DefaultDispatch expire 29 lines
03-27 21:31:25.091  1433  1491 I chatty  : uid=10287(com.projekt_x.studybuddy) DefaultDispatch expire 40 lines
03-27 21:31:25.829  1433  1955 I chatty  : uid=10287(com.projekt_x.studybuddy) DefaultDispatch expire 57 lines
03-27 21:31:28.389  1433  2356 I chatty  : uid=10287(com.projekt_x.studybuddy) DefaultDispatch expire 33 lines
03-27 21:31:28.389  1433  1433 I chatty  : uid=10287(com.projekt_x.studybuddy) expire 109 lines
03-27 21:31:28.538  1433  1447 I chatty  : uid=10287(com.projekt_x.studybuddy) Binder:1433_2 expire 1 line
03-27 21:31:29.509  1433  1492 I chatty  : uid=10287(com.projekt_x.studybuddy) DefaultDispatch expire 44 lines
03-27 21:31:29.671  1433  1491 I chatty  : uid=10287(com.projekt_x.studybuddy) DefaultDispatch expire 90 lines
03-27 21:31:31.749  1433  1433 I chatty  : uid=10287(com.projekt_x.studybuddy) expire 110 lines
03-27 21:31:31.904  1433  1492 I chatty  : uid=10287(com.projekt_x.studybuddy) DefaultDispatch expire 32 lines
03-27 21:31:31.908  1433  1955 I chatty  : uid=10287(com.projekt_x.studybuddy) DefaultDispatch expire 43 lines
03-27 21:31:32.871  1433  2356 I chatty  : uid=10287(com.projekt_x.studybuddy) DefaultDispatch expire 17 lines
03-27 21:31:35.111  1433  1491 I chatty  : uid=10287(com.projekt_x.studybuddy) DefaultDispatch expire 34 lines
03-27 21:31:35.181  1433  1433 I chatty  : uid=10287(com.projekt_x.studybuddy) expire 99 lines
03-27 21:31:35.267  1433  1492 I chatty  : uid=10287(com.projekt_x.studybuddy) DefaultDispatch expire 31 lines
03-27 21:31:35.908  1433  1955 I chatty  : uid=10287(com.projekt_x.studybuddy) DefaultDispatch expire 6 lines
03-27 21:31:36.227  1433  1956 I chatty  : uid=10287(com.projekt_x.studybuddy) DefaultDispatch expire 60 lines
03-27 21:31:36.729  1433  1447 I chatty  : uid=10287(com.projekt_x.studybuddy) Binder:1433_2 expire 1 line
03-27 21:31:37.349  1433  2803 I chatty  : uid=10287(com.projekt_x.studybuddy) DefaultDispatch expire 17 lines
03-27 21:31:38.270  1433  1492 I chatty  : uid=10287(com.projekt_x.studybuddy) DefaultDispatch expire 53 lines
03-27 21:31:38.307  1433  1956 I chatty  : uid=10287(com.projekt_x.studybuddy) DefaultDispatch expire 81 lines
03-27 21:31:38.308  1433  1433 I chatty  : uid=10287(com.projekt_x.studybuddy) expire 67 lines
03-27 21:31:38.477  1433  1491 I chatty  : uid=10287(com.projekt_x.studybuddy) DefaultDispatch expire 53 lines
03-27 21:31:39.548  1433  1444 I chatty  : uid=10287(com.projekt_x.studybuddy) HeapTaskDaemon expire 1 line
03-27 21:31:40.323  1433  1956 I chatty  : uid=10287(com.projekt_x.studybuddy) DefaultDispatch expire 47 lines
03-27 21:31:40.388  1433  1491 I chatty  : uid=10287(com.projekt_x.studybuddy) DefaultDispatch expire 64 lines
03-27 21:31:40.397  1433  1433 I chatty  : uid=10287(com.projekt_x.studybuddy) expire 67 lines
03-27 21:31:40.574  1433  1492 I chatty  : uid=10287(com.projekt_x.studybuddy) DefaultDispatch expire 41 lines
03-27 21:31:41.029  1433  2803 I chatty  : uid=10287(com.projekt_x.studybuddy) DefaultDispatch expire 86 lines
03-27 21:31:42.386  1433  1491 I chatty  : uid=10287(com.projekt_x.studybuddy) DefaultDispatch expire 49 lines
03-27 21:31:42.468  1433  1956 I chatty  : uid=10287(com.projekt_x.studybuddy) DefaultDispatch expire 89 lines
03-27 21:31:42.470  1433  1433 I chatty  : uid=10287(com.projekt_x.studybuddy) expire 134 lines
03-27 21:31:44.447  1433  1956 I chatty  : uid=10287(com.projekt_x.studybuddy) DefaultDispatch expire 58 lines
03-27 21:31:44.548  1433  2803 I chatty  : uid=10287(com.projekt_x.studybuddy) DefaultDispatch expire 94 lines
03-27 21:31:44.709  1433  1492 I chatty  : uid=10287(com.projekt_x.studybuddy) DefaultDispatch expire 106 lines
03-27 21:31:46.514  1433  2803 I chatty  : uid=10287(com.projekt_x.studybuddy) DefaultDispatch expire 63 lines
03-27 21:31:46.628  1433  1956 I chatty  : uid=10287(com.projekt_x.studybuddy) DefaultDispatch expire 28 lines
03-27 21:31:46.628  1433  1433 I chatty  : uid=10287(com.projekt_x.studybuddy) expire 65 lines
03-27 21:31:46.963  1433  1447 I chatty  : uid=10287(com.projekt_x.studybuddy) Binder:1433_2 expire 1 line
03-27 21:31:48.068  1433  1491 I chatty  : uid=10287(com.projekt_x.studybuddy) DefaultDispatch expire 95 lines
03-27 21:31:48.559  1433  1433 I chatty  : uid=10287(com.projekt_x.studybuddy) expire 67 lines
03-27 21:31:48.568  1433  2803 I chatty  : uid=10287(com.projekt_x.studybuddy) DefaultDispatch expire 69 lines
03-27 21:31:48.878  1433  1492 I chatty  : uid=10287(com.projekt_x.studybuddy) DefaultDispatch expire 146 lines
03-27 21:31:50.629  1433  1433 I chatty  : uid=10287(com.projekt_x.studybuddy) expire 83 lines
03-27 21:31:50.648  1433  1491 I chatty  : uid=10287(com.projekt_x.studybuddy) DefaultDispatch expire 70 lines
03-27 21:31:51.690  1433  2803 I chatty  : uid=10287(com.projekt_x.studybuddy) DefaultDispatch expire 33 lines
03-27 21:31:53.189  1433  1433 I chatty  : uid=10287(com.projekt_x.studybuddy) expire 89 lines
03-27 21:31:53.347  1433  1492 I chatty  : uid=10287(com.projekt_x.studybuddy) DefaultDispatch expire 72 lines
03-27 21:31:53.350  1433  1491 I chatty  : uid=10287(com.projekt_x.studybuddy) DefaultDispatch expire 67 lines
03-27 21:31:54.675  1433  1445 I chatty  : uid=10287(com.projekt_x.studybuddy) Binder:1433_1 expire 1 line
03-27 21:31:55.911  1433  1956 I chatty  : uid=10287(com.projekt_x.studybuddy) DefaultDispatch expire 84 lines
03-27 21:31:55.920  1433  1491 I chatty  : uid=10287(com.projekt_x.studybuddy) DefaultDispatch expire 77 lines
03-27 21:31:56.068  1433  1492 I chatty  : uid=10287(com.projekt_x.studybuddy) DefaultDispatch expire 27 lines
03-27 21:31:56.071  1433  1433 I chatty  : uid=10287(com.projekt_x.studybuddy) expire 67 lines
03-27 21:31:56.546  1433  1448 I chatty  : uid=10287(com.projekt_x.studybuddy) Binder:1433_3 expire 1 line
03-27 21:31:57.999  1433  1491 I chatty  : uid=10287(com.projekt_x.studybuddy) DefaultDispatch expire 43 lines
03-27 21:31:58.148  1433  1956 I chatty  : uid=10287(com.projekt_x.studybuddy) DefaultDispatch expire 46 lines
03-27 21:31:58.148  1433  1433 I chatty  : uid=10287(com.projekt_x.studybuddy) expire 79 lines
03-27 21:31:58.311  1433  1492 I chatty  : uid=10287(com.projekt_x.studybuddy) DefaultDispatch expire 86 lines
03-27 21:31:58.442  1433  1447 I chatty  : uid=10287(com.projekt_x.studybuddy) Binder:1433_2 expire 1 line
03-27 21:32:00.548  1433  1433 I chatty  : uid=10287(com.projekt_x.studybuddy) expire 66 lines
03-27 21:32:00.549  1433  1956 I chatty  : uid=10287(com.projekt_x.studybuddy) DefaultDispatch expire 60 lines
03-27 21:32:00.569  1433  1491 I chatty  : uid=10287(com.projekt_x.studybuddy) DefaultDispatch expire 84 lines
03-27 21:32:00.881  1433  1492 I chatty  : uid=10287(com.projekt_x.studybuddy) DefaultDispatch expire 44 lines
03-27 21:32:01.356  1433  1448 I chatty  : uid=10287(com.projekt_x.studybuddy) Binder:1433_3 expire 1 line
03-27 21:32:02.628  1433  1433 I chatty  : uid=10287(com.projekt_x.studybuddy) expire 67 lines
03-27 21:32:02.628  1433  1491 I chatty  : uid=10287(com.projekt_x.studybuddy) DefaultDispatch expire 63 lines
03-27 21:32:02.629  1433  1956 I chatty  : uid=10287(com.projekt_x.studybuddy) DefaultDispatch expire 87 lines
03-27 21:32:03.428  1433  2803 I chatty  : uid=10287(com.projekt_x.studybuddy) DefaultDispatch expire 99 lines
03-27 21:32:04.708  1433  1491 I chatty  : uid=10287(com.projekt_x.studybuddy) DefaultDispatch expire 87 lines
03-27 21:32:04.708  1433  1433 I chatty  : uid=10287(com.projekt_x.studybuddy) expire 67 lines
03-27 21:32:04.870  1433  1956 I chatty  : uid=10287(com.projekt_x.studybuddy) DefaultDispatch expire 117 lines
03-27 21:32:06.787  1433  2803 I chatty  : uid=10287(com.projekt_x.studybuddy) DefaultDispatch expire 73 lines
03-27 21:32:06.788  1433  1433 I chatty  : uid=10287(com.projekt_x.studybuddy) expire 67 lines
03-27 21:32:06.788  1433  1491 I chatty  : uid=10287(com.projekt_x.studybuddy) DefaultDispatch expire 37 lines
03-27 21:32:08.389  1433  1492 I chatty  : uid=10287(com.projekt_x.studybuddy) DefaultDispatch expire 72 lines
03-27 21:32:08.868  1433  1491 I chatty  : uid=10287(com.projekt_x.studybuddy) DefaultDispatch expire 88 lines
03-27 21:32:08.871  1433  1433 I chatty  : uid=10287(com.projekt_x.studybuddy) expire 90 lines
03-27 21:32:08.872  1433  1956 I chatty  : uid=10287(com.projekt_x.studybuddy) DefaultDispatch expire 4 lines
03-27 21:32:10.922  1433  2356 I chatty  : uid=10287(com.projekt_x.studybuddy) DefaultDispatch expire 30 lines
03-27 21:32:11.588  1433  1491 I chatty  : uid=10287(com.projekt_x.studybuddy) DefaultDispatch expire 74 lines
03-27 21:32:11.588  1433  1433 I chatty  : uid=10287(com.projekt_x.studybuddy) expire 100 lines
03-27 21:32:12.178  1433  1492 I chatty  : uid=10287(com.projekt_x.studybuddy) DefaultDispatch expire 52 lines
03-27 21:32:14.275  1433  1445 I chatty  : uid=10287(com.projekt_x.studybuddy) Binder:1433_1 expire 2 lines
03-27 21:32:14.629  1433  1492 I chatty  : uid=10287(com.projekt_x.studybuddy) DefaultDispatch expire 7 lines
03-27 21:32:14.629  1433  1433 I chatty  : uid=10287(com.projekt_x.studybuddy) expire 66 lines
03-27 21:32:14.644  1433  2356 I chatty  : uid=10287(com.projekt_x.studybuddy) DefaultDispatch expire 19 lines
03-27 21:32:14.809  1433  2803 I chatty  : uid=10287(com.projekt_x.studybuddy) DefaultDispatch expire 90 lines
03-27 21:32:14.948  1433  1956 I chatty  : uid=10287(com.projekt_x.studybuddy) DefaultDispatch expire 143 lines
03-27 21:32:16.712  1433  1433 I chatty  : uid=10287(com.projekt_x.studybuddy) expire 83 lines
03-27 21:32:16.868  1433  2803 I chatty  : uid=10287(com.projekt_x.studybuddy) DefaultDispatch expire 52 lines
03-27 21:32:17.509  1433  1491 I chatty  : uid=10287(com.projekt_x.studybuddy) DefaultDispatch expire 17 lines
03-27 21:32:17.628  1433  1490 I chatty  : uid=10287(com.projekt_x.studybuddy) DefaultDispatch expire 30 lines
03-27 21:32:17.647  1433  1448 I chatty  : uid=10287(com.projekt_x.studybuddy) Binder:1433_3 expire 1 line
03-27 21:32:17.733  1433  1438 I chatty  : uid=10287(com.projekt_x.studybuddy) Jit thread pool expire 1 line
03-27 21:32:19.272  1433  1433 W VoicePipelineManager: BLOCKED: isRunning=false, audio ignored
03-27 21:32:19.273  1433  1956 D SimpleAudioRecorder: CALLBACK: About to call onAudioData
03-27 21:32:19.273  1433  1433 W VoicePipelineManager: BLOCKED: isRunning=false, audio ignored
03-27 21:32:19.273  1433  1956 D SimpleAudioRecorder: CALLBACK: About to call onAudioData
03-27 21:32:19.273  1433  1433 W VoicePipelineManager: BLOCKED: isRunning=false, audio ignored
03-27 21:32:19.274  1433  2803 D SimpleAudioRecorder: CALLBACK: About to call onAudioData
03-27 21:32:19.274  1433  1433 W VoicePipelineManager: BLOCKED: isRunning=false, audio ignored
03-27 21:32:19.310  1433  1956 D KokoroTTSBridge: waitForCompletion: pending=1, isSpeaking=true
03-27 21:32:19.428  1433  2803 D SimpleAudioRecorder: Read 2560 samples from mic
03-27 21:32:19.428  1433  2803 D SimpleAudioRecorder: CALLBACK: About to call onAudioData
03-27 21:32:19.428  1433  1433 W VoicePipelineManager: BLOCKED: isRunning=false, audio ignored
03-27 21:32:19.429  1433  2803 D SimpleAudioRecorder: CALLBACK: About to call onAudioData
03-27 21:32:19.429  1433  1433 W VoicePipelineManager: BLOCKED: isRunning=false, audio ignored
03-27 21:32:19.430  1433  2803 D SimpleAudioRecorder: CALLBACK: About to call onAudioData
03-27 21:32:19.430  1433  1433 W VoicePipelineManager: BLOCKED: isRunning=false, audio ignored
03-27 21:32:19.431  1433  2803 D SimpleAudioRecorder: CALLBACK: About to call onAudioData
03-27 21:32:19.431  1433  1433 W VoicePipelineManager: BLOCKED: isRunning=false, audio ignored
03-27 21:32:19.431  1433  2803 D SimpleAudioRecorder: CALLBACK: About to call onAudioData
03-27 21:32:19.432  1433  1433 W VoicePipelineManager: BLOCKED: isRunning=false, audio ignored
03-27 21:32:19.462  1433  1956 D KokoroTTSBridge: waitForCompletion: pending=1, isSpeaking=true
03-27 21:32:19.588  1433  2803 D SimpleAudioRecorder: Read 2560 samples from mic
03-27 21:32:19.588  1433  2803 D SimpleAudioRecorder: CALLBACK: About to call onAudioData
03-27 21:32:19.589  1433  1433 W VoicePipelineManager: BLOCKED: isRunning=false, audio ignored
03-27 21:32:19.589  1433  2803 D SimpleAudioRecorder: CALLBACK: About to call onAudioData
03-27 21:32:19.589  1433  1433 W VoicePipelineManager: BLOCKED: isRunning=false, audio ignored
03-27 21:32:19.589  1433  1956 D SimpleAudioRecorder: CALLBACK: About to call onAudioData
03-27 21:32:19.590  1433  1433 W VoicePipelineManager: BLOCKED: isRunning=false, audio ignored
03-27 21:32:19.590  1433  1956 D SimpleAudioRecorder: CALLBACK: About to call onAudioData
03-27 21:32:19.590  1433  1433 W VoicePipelineManager: BLOCKED: isRunning=false, audio ignored
03-27 21:32:19.591  1433  1956 D SimpleAudioRecorder: CALLBACK: About to call onAudioData
03-27 21:32:19.591  1433  1433 W VoicePipelineManager: BLOCKED: isRunning=false, audio ignored
03-27 21:32:19.613  1433  2803 D KokoroTTSBridge: waitForCompletion: pending=1, isSpeaking=true
03-27 21:32:19.721  1433  2803 I BridgeJNI: Bridge nativeGetCurrentTemperature called
03-27 21:32:19.748  1433  1956 D SimpleAudioRecorder: Read 2560 samples from mic
03-27 21:32:19.748  1433  1956 D SimpleAudioRecorder: CALLBACK: About to call onAudioData
03-27 21:32:19.749  1433  1433 W VoicePipelineManager: BLOCKED: isRunning=false, audio ignored
03-27 21:32:19.749  1433  1956 D SimpleAudioRecorder: CALLBACK: About to call onAudioData
03-27 21:32:19.750  1433  1433 W VoicePipelineManager: BLOCKED: isRunning=false, audio ignored
03-27 21:32:19.750  1433  1956 D SimpleAudioRecorder: CALLBACK: About to call onAudioData
03-27 21:32:19.751  1433  1433 W VoicePipelineManager: BLOCKED: isRunning=false, audio ignored
03-27 21:32:19.751  1433  1956 D SimpleAudioRecorder: CALLBACK: About to call onAudioData
03-27 21:32:19.756  1433  1433 W VoicePipelineManager: BLOCKED: isRunning=false, audio ignored
03-27 21:32:19.756  1433  1956 D SimpleAudioRecorder: CALLBACK: About to call onAudioData
03-27 21:32:19.757  1433  1433 W VoicePipelineManager: BLOCKED: isRunning=false, audio ignored
03-27 21:32:19.765  1433  2803 D KokoroTTSBridge: waitForCompletion: pending=1, isSpeaking=true
03-27 21:32:19.908  1433  1956 D SimpleAudioRecorder: Read 2560 samples from mic
03-27 21:32:19.908  1433  1956 D SimpleAudioRecorder: CALLBACK: About to call onAudioData
03-27 21:32:19.909  1433  1433 W VoicePipelineManager: BLOCKED: isRunning=false, audio ignored
03-27 21:32:19.909  1433  1956 D SimpleAudioRecorder: CALLBACK: About to call onAudioData
03-27 21:32:19.910  1433  1433 W VoicePipelineManager: BLOCKED: isRunning=false, audio ignored
03-27 21:32:19.911  1433  1956 D SimpleAudioRecorder: CALLBACK: About to call onAudioData
03-27 21:32:19.911  1433  1433 W VoicePipelineManager: BLOCKED: isRunning=false, audio ignored
03-27 21:32:19.912  1433  2803 D SimpleAudioRecorder: CALLBACK: About to call onAudioData
03-27 21:32:19.912  1433  1433 W VoicePipelineManager: BLOCKED: isRunning=false, audio ignored
03-27 21:32:19.913  1433  2803 D SimpleAudioRecorder: CALLBACK: About to call onAudioData
03-27 21:32:19.913  1433  1433 W VoicePipelineManager: BLOCKED: isRunning=false, audio ignored
03-27 21:32:19.917  1433  1956 D KokoroTTSBridge: waitForCompletion: pending=1, isSpeaking=true
03-27 21:32:20.069  1433  1956 D KokoroTTSBridge: waitForCompletion: pending=1, isSpeaking=true
03-27 21:32:20.071  1433  2803 D SimpleAudioRecorder: Read 2560 samples from mic
03-27 21:32:20.071  1433  2803 D SimpleAudioRecorder: CALLBACK: About to call onAudioData
03-27 21:32:20.074  1433  1433 W VoicePipelineManager: BLOCKED: isRunning=false, audio ignored
03-27 21:32:20.074  1433  2803 D SimpleAudioRecorder: CALLBACK: About to call onAudioData
03-27 21:32:20.075  1433  1433 W VoicePipelineManager: BLOCKED: isRunning=false, audio ignored
03-27 21:32:20.075  1433  2803 D SimpleAudioRecorder: CALLBACK: About to call onAudioData
03-27 21:32:20.075  1433  1433 W VoicePipelineManager: BLOCKED: isRunning=false, audio ignored
03-27 21:32:20.076  1433  2803 D SimpleAudioRecorder: CALLBACK: About to call onAudioData
03-27 21:32:20.076  1433  1433 W VoicePipelineManager: BLOCKED: isRunning=false, audio ignored
03-27 21:32:20.077  1433  1956 D SimpleAudioRecorder: CALLBACK: About to call onAudioData
03-27 21:32:20.077  1433  1433 W VoicePipelineManager: BLOCKED: isRunning=false, audio ignored
03-27 21:32:20.221  1433  1956 D KokoroTTSBridge: waitForCompletion: pending=1, isSpeaking=true
03-27 21:32:20.224  1433  1433 I BridgeJNI: Bridge nativeIsModelLoaded called
03-27 21:32:20.228  1433  2803 D SimpleAudioRecorder: Read 2560 samples from mic
03-27 21:32:20.228  1433  2803 D SimpleAudioRecorder: CALLBACK: About to call onAudioData
03-27 21:32:20.228  1433  1433 W VoicePipelineManager: BLOCKED: isRunning=false, audio ignored
03-27 21:32:20.229  1433  2803 D SimpleAudioRecorder: CALLBACK: About to call onAudioData
03-27 21:32:20.229  1433  1433 W VoicePipelineManager: BLOCKED: isRunning=false, audio ignored
03-27 21:32:20.230  1433  2803 D SimpleAudioRecorder: CALLBACK: About to call onAudioData
03-27 21:32:20.230  1433  1433 W VoicePipelineManager: BLOCKED: isRunning=false, audio ignored
03-27 21:32:20.230  1433  2803 D SimpleAudioRecorder: CALLBACK: About to call onAudioData
03-27 21:32:20.230  1433  1433 W VoicePipelineManager: BLOCKED: isRunning=false, audio ignored
03-27 21:32:20.231  1433  2803 D SimpleAudioRecorder: CALLBACK: About to call onAudioData
03-27 21:32:20.231  1433  1433 W VoicePipelineManager: BLOCKED: isRunning=false, audio ignored
03-27 21:32:20.333  1433  1445 D KokoroTTSBridge: TTS completed: 2e19dc66-5a9b-40fa-93ae-d356c230a180
03-27 21:32:20.373  1433  2803 D KokoroTTSBridge: waitForCompletion: pending=0, isSpeaking=false
03-27 21:32:20.388  1433  1956 D SimpleAudioRecorder: Read 2560 samples from mic
03-27 21:32:20.388  1433  1956 D SimpleAudioRecorder: CALLBACK: About to call onAudioData
03-27 21:32:20.390  1433  1433 W VoicePipelineManager: BLOCKED: isRunning=false, audio ignored
03-27 21:32:20.390  1433  1956 D SimpleAudioRecorder: CALLBACK: About to call onAudioData
03-27 21:32:20.391  1433  1433 W VoicePipelineManager: BLOCKED: isRunning=false, audio ignored
03-27 21:32:20.391  1433  1956 D SimpleAudioRecorder: CALLBACK: About to call onAudioData
03-27 21:32:20.391  1433  1433 W VoicePipelineManager: BLOCKED: isRunning=false, audio ignored
03-27 21:32:20.391  1433  1956 D SimpleAudioRecorder: CALLBACK: About to call onAudioData
03-27 21:32:20.392  1433  1433 W VoicePipelineManager: BLOCKED: isRunning=false, audio ignored
03-27 21:32:20.392  1433  1956 D SimpleAudioRecorder: CALLBACK: About to call onAudioData
03-27 21:32:20.392  1433  1433 W VoicePipelineManager: BLOCKED: isRunning=false, audio ignored
03-27 21:32:20.525  1433  2803 D KokoroTTSBridge: waitForCompletion: pending=0, isSpeaking=false
03-27 21:32:20.548  1433  1956 D SimpleAudioRecorder: Read 2560 samples from mic
03-27 21:32:20.548  1433  1956 D SimpleAudioRecorder: CALLBACK: About to call onAudioData
03-27 21:32:20.548  1433  1433 W VoicePipelineManager: BLOCKED: isRunning=false, audio ignored
03-27 21:32:20.549  1433  1956 D SimpleAudioRecorder: CALLBACK: About to call onAudioData
03-27 21:32:20.549  1433  1433 W VoicePipelineManager: BLOCKED: isRunning=false, audio ignored
03-27 21:32:20.550  1433  1956 D SimpleAudioRecorder: CALLBACK: About to call onAudioData
03-27 21:32:20.550  1433  1433 W VoicePipelineManager: BLOCKED: isRunning=false, audio ignored
03-27 21:32:20.551  1433  1956 D SimpleAudioRecorder: CALLBACK: About to call onAudioData
03-27 21:32:20.554  1433  1433 W VoicePipelineManager: BLOCKED: isRunning=false, audio ignored
03-27 21:32:20.555  1433  1956 D SimpleAudioRecorder: CALLBACK: About to call onAudioData
03-27 21:32:20.555  1433  1433 W VoicePipelineManager: BLOCKED: isRunning=false, audio ignored
03-27 21:32:20.678  1433  2803 D KokoroTTSBridge: waitForCompletion: pending=0, isSpeaking=false
03-27 21:32:20.678  1433  2803 D KokoroTTSBridge: TTS complete - no pending utterances
03-27 21:32:20.678  1433  2803 I VoicePipelineManager: TTS: finished speaking remainder
03-27 21:32:20.678  1433  2803 I VoicePipelineManager: TTS finished - preparing for next utterance
03-27 21:32:20.678  1433  2803 I VAD_JNI : nativeReset called
03-27 21:32:20.678  1433  2803 I VAD_JNI : VAD state reset
03-27 21:32:20.679  1433  2803 D VADBridge: VAD state reset
03-27 21:32:20.679  1433  2803 I BridgeJNI: Bridge nativeClearContext called
03-27 21:32:20.679  1433  2803 I LlamaBridge: Context cleared
03-27 21:32:20.679  1433  2803 I VoicePipelineManager: State changed: LISTENING
03-27 21:32:20.679  1433  2803 I VoicePipelineManager: ✓ Ready for next utterance - auto-listening active
03-27 21:32:20.708  1433  1956 D SimpleAudioRecorder: Read 2560 samples from mic
03-27 21:32:20.708  1433  1956 D SimpleAudioRecorder: CALLBACK: About to call onAudioData
03-27 21:32:20.722  1433  1433 I Choreographer: Skipped 1 frames!  The application may be doing too much work on its main thread.
03-27 21:32:20.728  1433  1433 W VoicePipelineManager: BLOCKED: isRunning=false, audio ignored
03-27 21:32:20.729  1433  1956 D SimpleAudioRecorder: CALLBACK: About to call onAudioData
03-27 21:32:20.729  1433  1433 W VoicePipelineManager: BLOCKED: isRunning=false, audio ignored
03-27 21:32:20.729  1433  2803 D SimpleAudioRecorder: CALLBACK: About to call onAudioData
03-27 21:32:20.730  1433  1433 W VoicePipelineManager: BLOCKED: isRunning=false, audio ignored
03-27 21:32:20.730  1433  2803 D SimpleAudioRecorder: CALLBACK: About to call onAudioData
03-27 21:32:20.730  1433  1433 W VoicePipelineManager: BLOCKED: isRunning=false, audio ignored
03-27 21:32:20.731  1433  2803 D SimpleAudioRecorder: CALLBACK: About to call onAudioData
03-27 21:32:20.731  1433  1433 W VoicePipelineManager: BLOCKED: isRunning=false, audio ignored
03-27 21:32:20.868  1433  1956 D SimpleAudioRecorder: Read 2560 samples from mic
03-27 21:32:20.868  1433  1956 D SimpleAudioRecorder: CALLBACK: About to call onAudioData
03-27 21:32:20.872  1433  1433 W VoicePipelineManager: BLOCKED: isRunning=false, audio ignored
03-27 21:32:20.873  1433  1956 D SimpleAudioRecorder: CALLBACK: About to call onAudioData
03-27 21:32:20.874  1433  1433 W VoicePipelineManager: BLOCKED: isRunning=false, audio ignored
03-27 21:32:20.874  1433  1956 D SimpleAudioRecorder: CALLBACK: About to call onAudioData
03-27 21:32:20.875  1433  1433 W VoicePipelineManager: BLOCKED: isRunning=false, audio ignored
03-27 21:32:20.875  1433  1956 D SimpleAudioRecorder: CALLBACK: About to call onAudioData
03-27 21:32:20.875  1433  1433 W VoicePipelineManager: BLOCKED: isRunning=false, audio ignored
03-27 21:32:20.876  1433  1956 D SimpleAudioRecorder: CALLBACK: About to call onAudioData
03-27 21:32:20.876  1433  1433 W VoicePipelineManager: BLOCKED: isRunning=false, audio ignored
03-27 21:32:21.028  1433  2803 D SimpleAudioRecorder: Read 2560 samples from mic
03-27 21:32:21.028  1433  2803 D SimpleAudioRecorder: CALLBACK: About to call onAudioData
03-27 21:32:21.029  1433  1433 W VoicePipelineManager: BLOCKED: isRunning=false, audio ignored
03-27 21:32:21.029  1433  2803 D SimpleAudioRecorder: CALLBACK: About to call onAudioData
03-27 21:32:21.030  1433  1433 W VoicePipelineManager: BLOCKED: isRunning=false, audio ignored
03-27 21:32:21.030  1433  2803 D SimpleAudioRecorder: CALLBACK: About to call onAudioData
03-27 21:32:21.031  1433  1433 W VoicePipelineManager: BLOCKED: isRunning=false, audio ignored
03-27 21:32:21.031  1433  2803 D SimpleAudioRecorder: CALLBACK: About to call onAudioData
03-27 21:32:21.031  1433  1433 W VoicePipelineManager: BLOCKED: isRunning=false, audio ignored
03-27 21:32:21.032  1433  2803 D SimpleAudioRecorder: CALLBACK: About to call onAudioData
03-27 21:32:21.032  1433  1433 W VoicePipelineManager: BLOCKED: isRunning=false, audio ignored
03-27 21:32:21.188  1433  2803 D SimpleAudioRecorder: Read 2560 samples from mic
03-27 21:32:21.188  1433  2803 D SimpleAudioRecorder: CALLBACK: About to call onAudioData
03-27 21:32:21.190  1433  1433 W VoicePipelineManager: BLOCKED: isRunning=false, audio ignored
03-27 21:32:21.191  1433  2803 D SimpleAudioRecorder: CALLBACK: About to call onAudioData
03-27 21:32:21.191  1433  1433 W VoicePipelineManager: BLOCKED: isRunning=false, audio ignored
03-27 21:32:21.191  1433  2803 D SimpleAudioRecorder: CALLBACK: About to call onAudioData
03-27 21:32:21.192  1433  1433 W VoicePipelineManager: BLOCKED: isRunning=false, audio ignored
03-27 21:32:21.192  1433  1956 D SimpleAudioRecorder: CALLBACK: About to call onAudioData
03-27 21:32:21.192  1433  1433 W VoicePipelineManager: BLOCKED: isRunning=false, audio ignored
03-27 21:32:21.193  1433  2803 D SimpleAudioRecorder: CALLBACK: About to call onAudioData
03-27 21:32:21.193  1433  1433 W VoicePipelineManager: BLOCKED: isRunning=false, audio ignored
03-27 21:32:21.225  1433  1433 I BridgeJNI: Bridge nativeIsModelLoaded called
03-27 21:32:21.348  1433  2803 D SimpleAudioRecorder: Read 2560 samples from mic
03-27 21:32:21.348  1433  2803 D SimpleAudioRecorder: CALLBACK: About to call onAudioData
03-27 21:32:21.349  1433  1433 W VoicePipelineManager: BLOCKED: isRunning=false, audio ignored
03-27 21:32:21.349  1433  2803 D SimpleAudioRecorder: CALLBACK: About to call onAudioData
03-27 21:32:21.350  1433  1433 W VoicePipelineManager: BLOCKED: isRunning=false, audio ignored
03-27 21:32:21.353  1433  2803 D SimpleAudioRecorder: CALLBACK: About to call onAudioData
03-27 21:32:21.356  1433  1433 W VoicePipelineManager: BLOCKED: isRunning=false, audio ignored
03-27 21:32:21.356  1433  2803 D SimpleAudioRecorder: CALLBACK: About to call onAudioData
03-27 21:32:21.356  1433  1433 W VoicePipelineManager: BLOCKED: isRunning=false, audio ignored
03-27 21:32:21.357  1433  2803 D SimpleAudioRecorder: CALLBACK: About to call onAudioData
03-27 21:32:21.357  1433  1433 W VoicePipelineManager: BLOCKED: isRunning=false, audio ignored
03-27 21:32:21.508  1433  1956 D SimpleAudioRecorder: Read 2560 samples from mic
03-27 21:32:21.508  1433  1956 D SimpleAudioRecorder: CALLBACK: About to call onAudioData
03-27 21:32:21.509  1433  1433 W VoicePipelineManager: BLOCKED: isRunning=false, audio ignored
03-27 21:32:21.509  1433  1956 D SimpleAudioRecorder: CALLBACK: About to call onAudioData
03-27 21:32:21.509  1433  1433 W VoicePipelineManager: BLOCKED: isRunning=false, audio ignored
03-27 21:32:21.510  1433  2803 D SimpleAudioRecorder: CALLBACK: About to call onAudioData
03-27 21:32:21.510  1433  1433 W VoicePipelineManager: BLOCKED: isRunning=false, audio ignored
03-27 21:32:21.510  1433  2803 D SimpleAudioRecorder: CALLBACK: About to call onAudioData
03-27 21:32:21.511  1433  1433 W VoicePipelineManager: BLOCKED: isRunning=false, audio ignored
03-27 21:32:21.511  1433  2803 D SimpleAudioRecorder: CALLBACK: About to call onAudioData
03-27 21:32:21.511  1433  1433 W VoicePipelineManager: BLOCKED: isRunning=false, audio ignored
03-27 21:32:21.668  1433  2803 D SimpleAudioRecorder: Read 2560 samples from mic
03-27 21:32:21.669  1433  2803 D SimpleAudioRecorder: CALLBACK: About to call onAudioData
03-27 21:32:21.675  1433  1433 W VoicePipelineManager: BLOCKED: isRunning=false, audio ignored
03-27 21:32:21.676  1433  2803 D SimpleAudioRecorder: CALLBACK: About to call onAudioData
03-27 21:32:21.676  1433  1433 W VoicePipelineManager: BLOCKED: isRunning=false, audio ignored
03-27 21:32:21.677  1433  2803 D SimpleAudioRecorder: CALLBACK: About to call onAudioData
03-27 21:32:21.677  1433  1433 W VoicePipelineManager: BLOCKED: isRunning=false, audio ignored
03-27 21:32:21.677  1433  2803 D SimpleAudioRecorder: CALLBACK: About to call onAudioData
03-27 21:32:21.678  1433  1433 W VoicePipelineManager: BLOCKED: isRunning=false, audio ignored
03-27 21:32:21.678  1433  2803 D SimpleAudioRecorder: CALLBACK: About to call onAudioData
03-27 21:32:21.678  1433  1433 W VoicePipelineManager: BLOCKED: isRunning=false, audio ignored
03-27 21:32:21.725  1433  1956 I BridgeJNI: Bridge nativeGetCurrentTemperature called
03-27 21:32:21.828  1433  2803 D SimpleAudioRecorder: Read 2560 samples from mic
03-27 21:32:21.828  1433  2803 D SimpleAudioRecorder: CALLBACK: About to call onAudioData
03-27 21:32:21.829  1433  1433 W VoicePipelineManager: BLOCKED: isRunning=false, audio ignored
03-27 21:32:21.829  1433  2803 D SimpleAudioRecorder: CALLBACK: About to call onAudioData
03-27 21:32:21.830  1433  1433 W VoicePipelineManager: BLOCKED: isRunning=false, audio ignored
03-27 21:32:21.830  1433  2803 D SimpleAudioRecorder: CALLBACK: About to call onAudioData
03-27 21:32:21.831  1433  1433 W VoicePipelineManager: BLOCKED: isRunning=false, audio ignored
03-27 21:32:21.831  1433  2803 D SimpleAudioRecorder: CALLBACK: About to call onAudioData
03-27 21:32:21.831  1433  1433 W VoicePipelineManager: BLOCKED: isRunning=false, audio ignored
03-27 21:32:21.832  1433  2803 D SimpleAudioRecorder: CALLBACK: About to call onAudioData
03-27 21:32:21.832  1433  1433 W VoicePipelineManager: BLOCKED: isRunning=false, audio ignored
03-27 21:32:21.988  1433  1490 D SimpleAudioRecorder: Read 2560 samples from mic
03-27 21:32:21.988  1433  1490 D SimpleAudioRecorder: CALLBACK: About to call onAudioData
03-27 21:32:21.991  1433  1433 W VoicePipelineManager: BLOCKED: isRunning=false, audio ignored
03-27 21:32:21.992  1433  1490 D SimpleAudioRecorder: CALLBACK: About to call onAudioData
03-27 21:32:21.993  1433  1433 W VoicePipelineManager: BLOCKED: isRunning=false, audio ignored
03-27 21:32:21.993  1433  1490 D SimpleAudioRecorder: CALLBACK: About to call onAudioData
03-27 21:32:21.994  1433  1433 W VoicePipelineManager: BLOCKED: isRunning=false, audio ignored
03-27 21:32:21.994  1433  1490 D SimpleAudioRecorder: CALLBACK: About to call onAudioData
03-27 21:32:21.994  1433  1433 W VoicePipelineManager: BLOCKED: isRunning=false, audio ignored
03-27 21:32:21.996  1433  1490 D SimpleAudioRecorder: CALLBACK: About to call onAudioData
03-27 21:32:21.997  1433  1433 W VoicePipelineManager: BLOCKED: isRunning=false, audio ignored
03-27 21:32:22.148  1433  2803 D SimpleAudioRecorder: Read 2560 samples from mic
03-27 21:32:22.148  1433  2803 D SimpleAudioRecorder: CALLBACK: About to call onAudioData
03-27 21:32:22.148  1433  1433 W VoicePipelineManager: BLOCKED: isRunning=false, audio ignored
03-27 21:32:22.149  1433  2803 D SimpleAudioRecorder: CALLBACK: About to call onAudioData
03-27 21:32:22.149  1433  1433 W VoicePipelineManager: BLOCKED: isRunning=false, audio ignored
03-27 21:32:22.149  1433  2803 D SimpleAudioRecorder: CALLBACK: About to call onAudioData
03-27 21:32:22.149  1433  1433 W VoicePipelineManager: BLOCKED: isRunning=false, audio ignored
03-27 21:32:22.150  1433  2803 D SimpleAudioRecorder: CALLBACK: About to call onAudioData
03-27 21:32:22.150  1433  1433 W VoicePipelineManager: BLOCKED: isRunning=false, audio ignored
03-27 21:32:22.150  1433  2803 D SimpleAudioRecorder: CALLBACK: About to call onAudioData
03-27 21:32:22.155  1433  1433 W VoicePipelineManager: BLOCKED: isRunning=false, audio ignored
03-27 21:32:22.226  1433  1433 I BridgeJNI: Bridge nativeIsModelLoaded called
03-27 21:32:22.308  1433  1490 D SimpleAudioRecorder: Read 2560 samples from mic
03-27 21:32:22.308  1433  1490 D SimpleAudioRecorder: CALLBACK: About to call onAudioData
03-27 21:32:22.309  1433  1433 W VoicePipelineManager: BLOCKED: isRunning=false, audio ignored
03-27 21:32:22.310  1433  1490 D SimpleAudioRecorder: CALLBACK: About to call onAudioData
03-27 21:32:22.310  1433  1433 W VoicePipelineManager: BLOCKED: isRunning=false, audio ignored
03-27 21:32:22.311  1433  1490 D SimpleAudioRecorder: CALLBACK: About to call onAudioData
03-27 21:32:22.311  1433  1433 W VoicePipelineManager: BLOCKED: isRunning=false, audio ignored
03-27 21:32:22.312  1433  1490 D SimpleAudioRecorder: CALLBACK: About to call onAudioData
03-27 21:32:22.312  1433  1433 W VoicePipelineManager: BLOCKED: isRunning=false, audio ignored
03-27 21:32:22.312  1433  2803 D SimpleAudioRecorder: CALLBACK: About to call onAudioData
03-27 21:32:22.313  1433  1433 W VoicePipelineManager: BLOCKED: isRunning=false, audio ignored
03-27 21:32:22.468  1433  2803 D SimpleAudioRecorder: Read 2560 samples from mic
03-27 21:32:22.469  1433  2803 D SimpleAudioRecorder: CALLBACK: About to call onAudioData
03-27 21:32:22.472  1433  1433 W VoicePipelineManager: BLOCKED: isRunning=false, audio ignored
03-27 21:32:22.472  1433  2803 D SimpleAudioRecorder: CALLBACK: About to call onAudioData
03-27 21:32:22.473  1433  1433 W VoicePipelineManager: BLOCKED: isRunning=false, audio ignored
03-27 21:32:22.474  1433  2803 D SimpleAudioRecorder: CALLBACK: About to call onAudioData
03-27 21:32:22.474  1433  1433 W VoicePipelineManager: BLOCKED: isRunning=false, audio ignored
03-27 21:32:22.475  1433  2803 D SimpleAudioRecorder: CALLBACK: About to call onAudioData
03-27 21:32:22.475  1433  1433 W VoicePipelineManager: BLOCKED: isRunning=false, audio ignored
03-27 21:32:22.475  1433  1490 D SimpleAudioRecorder: CALLBACK: About to call onAudioData
03-27 21:32:22.476  1433  1433 W VoicePipelineManager: BLOCKED: isRunning=false, audio ignored
03-27 21:32:22.628  1433  1490 D SimpleAudioRecorder: Read 2560 samples from mic
03-27 21:32:22.628  1433  1490 D SimpleAudioRecorder: CALLBACK: About to call onAudioData
03-27 21:32:22.628  1433  1433 W VoicePipelineManager: BLOCKED: isRunning=false, audio ignored
03-27 21:32:22.629  1433  1490 D SimpleAudioRecorder: CALLBACK: About to call onAudioData
03-27 21:32:22.629  1433  1433 W VoicePipelineManager: BLOCKED: isRunning=false, audio ignored
03-27 21:32:22.629  1433  1490 D SimpleAudioRecorder: CALLBACK: About to call onAudioData
03-27 21:32:22.630  1433  1433 W VoicePipelineManager: BLOCKED: isRunning=false, audio ignored
03-27 21:32:22.630  1433  1490 D SimpleAudioRecorder: CALLBACK: About to call onAudioData
03-27 21:32:22.630  1433  1433 W VoicePipelineManager: BLOCKED: isRunning=false, audio ignored
03-27 21:32:22.631  1433  1490 D SimpleAudioRecorder: CALLBACK: About to call onAudioData
03-27 21:32:22.631  1433  1433 W VoicePipelineManager: BLOCKED: isRunning=false, audio ignored
03-27 21:32:22.788  1433  1490 D SimpleAudioRecorder: Read 2560 samples from mic
03-27 21:32:22.788  1433  1490 D SimpleAudioRecorder: CALLBACK: About to call onAudioData
03-27 21:32:22.789  1433  1433 W VoicePipelineManager: BLOCKED: isRunning=false, audio ignored
03-27 21:32:22.789  1433  1490 D SimpleAudioRecorder: CALLBACK: About to call onAudioData
03-27 21:32:22.790  1433  1433 W VoicePipelineManager: BLOCKED: isRunning=false, audio ignored
03-27 21:32:22.790  1433  1490 D SimpleAudioRecorder: CALLBACK: About to call onAudioData
03-27 21:32:22.791  1433  1433 W VoicePipelineManager: BLOCKED: isRunning=false, audio ignored
03-27 21:32:22.791  1433  1490 D SimpleAudioRecorder: CALLBACK: About to call onAudioData
03-27 21:32:22.792  1433  1433 W VoicePipelineManager: BLOCKED: isRunning=false, audio ignored
03-27 21:32:22.792  1433  1490 D SimpleAudioRecorder: CALLBACK: About to call onAudioData
03-27 21:32:22.792  1433  1433 W VoicePipelineManager: BLOCKED: isRunning=false, audio ignored
03-27 21:32:22.948  1433  2803 D SimpleAudioRecorder: Read 2560 samples from mic
03-27 21:32:22.948  1433  2803 D SimpleAudioRecorder: CALLBACK: About to call onAudioData
03-27 21:32:22.948  1433  1433 W VoicePipelineManager: BLOCKED: isRunning=false, audio ignored
03-27 21:32:22.949  1433  2803 D SimpleAudioRecorder: CALLBACK: About to call onAudioData
03-27 21:32:22.949  1433  1433 W VoicePipelineManager: BLOCKED: isRunning=false, audio ignored
03-27 21:32:22.950  1433  2803 D SimpleAudioRecorder: CALLBACK: About to call onAudioData
03-27 21:32:22.950  1433  1433 W VoicePipelineManager: BLOCKED: isRunning=false, audio ignored
03-27 21:32:22.951  1433  2803 D SimpleAudioRecorder: CALLBACK: About to call onAudioData
03-27 21:32:22.955  1433  1433 W VoicePipelineManager: BLOCKED: isRunning=false, audio ignored
03-27 21:32:22.956  1433  1490 D SimpleAudioRecorder: CALLBACK: About to call onAudioData
03-27 21:32:22.956  1433  1433 W VoicePipelineManager: BLOCKED: isRunning=false, audio ignored
03-27 21:32:23.108  1433  1490 D SimpleAudioRecorder: Read 2560 samples from mic
03-27 21:32:23.108  1433  1490 D SimpleAudioRecorder: CALLBACK: About to call onAudioData
03-27 21:32:23.109  1433  1433 W VoicePipelineManager: BLOCKED: isRunning=false, audio ignored
03-27 21:32:23.110  1433  1490 D SimpleAudioRecorder: CALLBACK: About to call onAudioData
03-27 21:32:23.110  1433  1433 W VoicePipelineManager: BLOCKED: isRunning=false, audio ignored
