03-27 21:24:27.593 32147 32147 I chatty  : uid=10287(com.projekt_x.studybuddy) expire 117 lines
03-27 21:24:27.745 32147 32178 I chatty  : uid=10287(com.projekt_x.studybuddy) DefaultDispatch expire 59 lines
03-27 21:24:28.969   878   878 E cnss-daemon: Stale or unreachable neighbors, ndm state: 4
03-27 21:24:29.992 32147 32180 I chatty  : uid=10287(com.projekt_x.studybuddy) DefaultDispatch expire 30 lines
03-27 21:24:30.323  1666  2385 W Watchdog_N: !@WatchDog_1993;
03-27 21:24:31.272 32147 32147 I chatty  : uid=10287(com.projekt_x.studybuddy) expire 117 lines
03-27 21:24:31.425 32147 32178 I chatty  : uid=10287(com.projekt_x.studybuddy) DefaultDispatch expire 90 lines
03-27 21:24:31.847 32147 32179 I chatty  : uid=10287(com.projekt_x.studybuddy) DefaultDispatch expire 120 lines
03-27 21:24:34.947 32147 32147 I chatty  : uid=10287(com.projekt_x.studybuddy) expire 117 lines
03-27 21:24:35.105 32147 32178 I chatty  : uid=10287(com.projekt_x.studybuddy) DefaultDispatch expire 31 lines
03-27 21:24:35.587 32147 32180 I chatty  : uid=10287(com.projekt_x.studybuddy) DefaultDispatch expire 105 lines
03-27 21:24:38.339   878   878 E cnss-daemon: Stale or unreachable neighbors, ndm state: 16
03-27 21:24:38.361   878   878 E cnss-daemon: gateway ipv6 address: fe80::1
03-27 21:24:38.361   878   878 E cnss-daemon: gateway mac address: %02x:%02x:%02x:%02x:%02x:%02x
03-27 21:24:38.361   878   878 E cnss-daemon: : f8:0c:58:2c:31:5b
03-27 21:24:38.362   878   878 E cnss-daemon: gw update message successfully sent
03-27 21:24:38.372   878   878 E cnss-daemon: Stale or unreachable neighbors, ndm state: 4
03-27 21:24:38.471 32147 32147 I chatty  : uid=10287(com.projekt_x.studybuddy) expire 117 lines
03-27 21:24:38.790 32147 32179 I chatty  : uid=10287(com.projekt_x.studybuddy) DefaultDispatch expire 95 lines
03-27 21:24:42.151 32147 32147 I chatty  : uid=10287(com.projekt_x.studybuddy) expire 117 lines
03-27 21:24:42.190 26044 32381 I AlarmManager: setExactAndAllowWhileIdle [name: GCM_HB_ALARM type: 2 triggerAtMillis: 149497081]
03-27 21:24:42.465 32147 32180 I chatty  : uid=10287(com.projekt_x.studybuddy) DefaultDispatch expire 75 lines
03-27 21:24:43.365   878   878 E cnss-daemon: Stale or unreachable neighbors, ndm state: 4
03-27 21:24:43.745 32147 32747 I chatty  : uid=10287(com.projekt_x.studybuddy) DefaultDispatch expire 86 lines
03-27 21:24:45.741 29559 29559 D BoundBrokerSvc: onUnbind: Intent { act=com.google.android.gms.checkin.START pkg=com.google.android.gms }
03-27 21:24:45.827 32147 32147 I chatty  : uid=10287(com.projekt_x.studybuddy) expire 118 lines
03-27 21:24:45.827 32147 32179 I chatty  : uid=10287(com.projekt_x.studybuddy) DefaultDispatch expire 44 lines
03-27 21:24:45.828 32147 32180 I chatty  : uid=10287(com.projekt_x.studybuddy) DefaultDispatch expire 74 lines
03-27 21:24:49.505 32147 32747 I chatty  : uid=10287(com.projekt_x.studybuddy) DefaultDispatch expire 48 lines
03-27 21:24:49.507 32147 32147 I chatty  : uid=10287(com.projekt_x.studybuddy) expire 116 lines
03-27 21:24:49.511 32147 32179 I chatty  : uid=10287(com.projekt_x.studybuddy) DefaultDispatch expire 130 lines
03-27 21:24:53.027 32147 32147 I chatty  : uid=10287(com.projekt_x.studybuddy) expire 117 lines
03-27 21:24:53.028 32147 32180 I chatty  : uid=10287(com.projekt_x.studybuddy) DefaultDispatch expire 46 lines
03-27 21:24:53.405   878   878 E cnss-daemon: Stale or unreachable neighbors, ndm state: 4
03-27 21:24:53.992 32147 32747 I chatty  : uid=10287(com.projekt_x.studybuddy) DefaultDispatch expire 46 lines
03-27 21:24:56.707 32147 32147 I chatty  : uid=10287(com.projekt_x.studybuddy) expire 117 lines
03-27 21:24:56.707 32147 32179 I chatty  : uid=10287(com.projekt_x.studybuddy) DefaultDispatch expire 70 lines
03-27 21:24:56.864 32147 32180 I chatty  : uid=10287(com.projekt_x.studybuddy) DefaultDispatch expire 112 lines
03-27 21:24:59.049   878   878 E cnss-daemon: Stale or unreachable neighbors, ndm state: 4
03-27 21:25:00.007 31901 31901 D PhoneStatusBar: recevie time tick broadcast
03-27 21:25:00.327  1666  2385 W Watchdog_N: !@WatchDog_1994;
03-27 21:25:00.391 32147 32147 I chatty  : uid=10287(com.projekt_x.studybuddy) expire 117 lines
03-27 21:25:00.393 32147 32179 I chatty  : uid=10287(com.projekt_x.studybuddy) DefaultDispatch expire 60 lines
03-27 21:25:01.900 32147 32747 I chatty  : uid=10287(com.projekt_x.studybuddy) DefaultDispatch expire 36 lines
03-27 21:25:03.909 32147 32147 I chatty  : uid=10287(com.projekt_x.studybuddy) expire 118 lines
03-27 21:25:03.910 32147 32179 I chatty  : uid=10287(com.projekt_x.studybuddy) DefaultDispatch expire 40 lines
03-27 21:25:04.064 32147 32190 I chatty  : uid=10287(com.projekt_x.studybuddy) DefaultDispatch expire 95 lines
03-27 21:25:07.589 32147 32179 I chatty  : uid=10287(com.projekt_x.studybuddy) DefaultDispatch expire 75 lines
03-27 21:25:07.590 32147 32147 I chatty  : uid=10287(com.projekt_x.studybuddy) expire 116 lines
03-27 21:25:07.744 32147 32747 I chatty  : uid=10287(com.projekt_x.studybuddy) DefaultDispatch expire 79 lines
03-27 21:25:08.490   878   878 E cnss-daemon: Stale or unreachable neighbors, ndm state: 16
03-27 21:25:11.266 32147 32147 I chatty  : uid=10287(com.projekt_x.studybuddy) expire 118 lines
03-27 21:25:11.272 32147 32190 I chatty  : uid=10287(com.projekt_x.studybuddy) DefaultDispatch expire 28 lines
03-27 21:25:11.430 32147 32179 I chatty  : uid=10287(com.projekt_x.studybuddy) DefaultDispatch expire 52 lines
03-27 21:25:13.471   878   878 E cnss-daemon: Stale or unreachable neighbors, ndm state: 4
03-27 21:25:14.305 32147 32180 I chatty  : uid=10287(com.projekt_x.studybuddy) DefaultDispatch expire 66 lines
03-27 21:25:14.793 32147 32147 I chatty  : uid=10287(com.projekt_x.studybuddy) expire 116 lines
03-27 21:25:15.061  1666  1911 I TetherStatsReporting: getTetherStats() called Log not enable.
03-27 21:25:15.061  1666  1911 I TetherStatsReporting: combining tether stats
03-27 21:25:15.076  2487  2500 D QtiTetherService/IpaWrapper: getStats(false)
03-27 21:25:15.079  1666  1666 I ActivityManager: Start proc 408:com.google.android.gm/u0a82 for service com.google.android.gm/androidx.work.impl.background.systemjob.SystemJobService
03-27 21:25:15.104 32147 32179 I chatty  : uid=10287(com.projekt_x.studybuddy) DefaultDispatch expire 30 lines
03-27 21:25:15.357 29756 29768 I art     : CollectorTransition marksweep + semispace GC freed 97(-23KB) AllocSpace objects, 0(0B) LOS objects, 52% free, 3MB/7MB, paused 25.828ms total 25.828ms
03-27 21:25:15.392   408   408 I art     : Starting a blocking GC AddRemoveAppImageSpace
03-27 21:25:15.409 26044   449 I GCoreUlr: Grpc compression enabled: gzip
03-27 21:25:15.436   408   408 W ResourceType: ResTable_typeSpec entry count inconsistent: given 84, previously 85
03-27 21:25:15.436   408   408 W ResourceType: ResTable_typeSpec entry count inconsistent: given 4764, previously 4790
03-27 21:25:15.436   408   408 W ResourceType: ResTable_typeSpec entry count inconsistent: given 6194, previously 6232
03-27 21:25:15.436   408   408 W ResourceType: ResTable_typeSpec entry count inconsistent: given 5098, previously 5122
03-27 21:25:15.436   408   408 W ResourceType: ResTable_typeSpec entry count inconsistent: given 5121, previously 5122
03-27 21:25:15.436   408   408 W ResourceType: ResTable_typeSpec entry count inconsistent: given 510, previously 4795
03-27 21:25:15.671 26044   449 W art     : Before Android 4.1, method double java.util.concurrent.ThreadLocalRandom.internalNextDouble(double, double) would have incorrectly overridden the package-private method in java.util.Random
03-27 21:25:15.671 26044   449 W art     : Before Android 4.1, method int java.util.concurrent.ThreadLocalRandom.internalNextInt(int, int) would have incorrectly overridden the package-private method in java.util.Random
03-27 21:25:15.671 26044   449 W art     : Before Android 4.1, method long java.util.concurrent.ThreadLocalRandom.internalNextLong(long, long) would have incorrectly overridden the package-private method in java.util.Random
03-27 21:25:15.699   408   408 W AndroidLoggerBackend: AndroidLoggerBackend configured with enableAndroidLogger:false; no logs will be emitted.
03-27 21:25:15.745 32147 32747 I chatty  : uid=10287(com.projekt_x.studybuddy) DefaultDispatch expire 1 line
03-27 21:25:15.866   878   878 E cnss-daemon: gateway ipv6 address: fe80::1
03-27 21:25:15.866   878   878 E cnss-daemon: gateway mac address: %02x:%02x:%02x:%02x:%02x:%02x
03-27 21:25:15.866   878   878 E cnss-daemon: : f8:0c:58:2c:31:5b
03-27 21:25:15.866   878   878 E cnss-daemon: gw update message successfully sent
03-27 21:25:16.064 32147 32190 I chatty  : uid=10287(com.projekt_x.studybuddy) DefaultDispatch expire 121 lines
03-27 21:25:16.089 26044 32715 W Conscrypt: Could not set socket write timeout: java.net.SocketException: Socket closed
03-27 21:25:16.097 26044 32715 W Conscrypt: 	at com.google.android.gms.org.conscrypt.Platform.setSocketWriteTimeout(:com.google.android.gms@261133004@26.11.33 (040400-887465546):219)
03-27 21:25:16.097 26044 32715 W Conscrypt: 	at com.google.android.gms.org.conscrypt.ConscryptFileDescriptorSocket.setSoWriteTimeout(:com.google.android.gms@261133004@26.11.33 (040400-887465546):4)
03-27 21:25:16.172 26044 32715 W Conscrypt: Could not set socket write timeout: java.net.SocketException: Socket closed
03-27 21:25:16.172 26044 32715 W Conscrypt: 	at com.google.android.gms.org.conscrypt.Platform.setSocketWriteTimeout(:com.google.android.gms@261133004@26.11.33 (040400-887465546):219)
03-27 21:25:16.172 26044 32715 W Conscrypt: 	at com.google.android.gms.org.conscrypt.ConscryptFileDescriptorSocket.setSoWriteTimeout(:com.google.android.gms@261133004@26.11.33 (040400-887465546):4)
03-27 21:25:16.223 26044 26044 D BoundBrokerSvc: onBind: Intent { act=com.google.android.gms.gmscompliance.service.START dat=chimera-action: cmp=com.google.android.gms/.chimera.PersistentBoundBrokerService }
03-27 21:25:16.224 26044 26044 D BoundBrokerSvc: Loading bound service for intent: Intent { act=com.google.android.gms.gmscompliance.service.START dat=chimera-action: cmp=com.google.android.gms/.chimera.PersistentBoundBrokerService }
03-27 21:25:16.273 29559 29559 D BoundBrokerSvc: onBind: Intent { act=com.google.android.mobstore.service.START pkg=com.google.android.gms }
03-27 21:25:16.274 29559 29559 D BoundBrokerSvc: Loading bound service for intent: Intent { act=com.google.android.mobstore.service.START pkg=com.google.android.gms }
03-27 21:25:16.399   408   444 W art     : Suspending all threads took: 5.443ms
03-27 21:25:16.603   408   506 W ResourceType: For resource 0x7f160cb7, entry index(3255) is beyond type entryCount(510)
03-27 21:25:16.606   408   506 W ResourceType: For resource 0x7f160cc0, entry index(3264) is beyond type entryCount(510)
03-27 21:25:16.606   408   506 W ResourceType: For resource 0x7f160c95, entry index(3221) is beyond type entryCount(510)
03-27 21:25:16.606   408   506 W ResourceType: For resource 0x7f160d10, entry index(3344) is beyond type entryCount(510)
03-27 21:25:16.608   408   506 W ResourceType: For resource 0x7f160d5e, entry index(3422) is beyond type entryCount(510)
03-27 21:25:16.608   408   506 W ResourceType: For resource 0x7f160c1f, entry index(3103) is beyond type entryCount(510)
03-27 21:25:16.618   408   506 W ResourceType: For resource 0x7f160570, entry index(1392) is beyond type entryCount(510)
03-27 21:25:16.623   408   506 W ResourceType: For resource 0x7f16056e, entry index(1390) is beyond type entryCount(510)
03-27 21:25:16.633   408   506 W ResourceType: For resource 0x7f160cb5, entry index(3253) is beyond type entryCount(510)
03-27 21:25:16.633   408   506 W ResourceType: For resource 0x7f160cae, entry index(3246) is beyond type entryCount(510)
03-27 21:25:16.633   408   506 W ResourceType: For resource 0x7f160c84, entry index(3204) is beyond type entryCount(510)
03-27 21:25:16.633   408   506 W ResourceType: For resource 0x7f160cf8, entry index(3320) is beyond type entryCount(510)
03-27 21:25:16.633   408   506 W ResourceType: For resource 0x7f160d58, entry index(3416) is beyond type entryCount(510)
03-27 21:25:16.633   408   506 W ResourceType: For resource 0x7f160c19, entry index(3097) is beyond type entryCount(510)
03-27 21:25:16.633   408   506 W ResourceType: For resource 0x7f16056f, entry index(1391) is beyond type entryCount(510)
03-27 21:25:16.696 26044 26044 D BoundBrokerSvc: onRebind: Intent { act=com.google.android.gms.common.telemetry.service.START dat=chimera-action: cmp=com.google.android.gms/.chimera.PersistentApiService }
03-27 21:25:16.716   408   500 W System  : ClassLoader referenced unknown path: 
03-27 21:25:16.716 26044 32715 W eryk    : Primes not initialized, returning default (no-op) Primes instance which will ignore all calls. Please call Primes.initialize(...) before using any Primes API.
03-27 21:25:16.723 26044 26044 D BoundBrokerSvc: onRebind: Intent { act=com.google.android.gms.auth.aang.events.services.START dat=chimera-action: cmp=com.google.android.gms/.chimera.PersistentApiService }
03-27 21:25:16.735   408   500 D ApplicationLoaders: ignored Vulkan layer search path /data/app/com.google.android.gms-1/lib/arm64:/data/app/com.google.android.gms-1/base.apk!/lib/arm64-v8a:/data/app/com.google.android.gms-1/split_config.en.apk!/lib/arm64-v8a:/data/app/com.google.android.gms-1/split_config.xhdpi.apk!/lib/arm64-v8a for namespace 0x7fb04aa0f0
03-27 21:25:16.741   408   500 W ResourceType: ResTable_typeSpec entry count inconsistent: given 107, previously 110
03-27 21:25:16.742   408   500 W ResourceType: ResTable_typeSpec entry count inconsistent: given 4755, previously 5382
03-27 21:25:16.742   408   500 W ResourceType: ResTable_typeSpec entry count inconsistent: given 3523, previously 3544
03-27 21:25:16.742   408   500 W ResourceType: ResTable_typeSpec entry count inconsistent: given 234, previously 238
03-27 21:25:16.742   408   500 W ResourceType: ResTable_typeSpec entry count inconsistent: given 508, previously 5671
03-27 21:25:16.744 26044   449 I GCoreUlr: AutoEnableManager setIneligible for account#-2#
03-27 21:25:16.754 29559 29559 D BoundBrokerSvc: onBind: Intent { act=com.google.android.gms.mdisync.service.START dat=chimera-action: cmp=com.google.android.gms/.chimera.GmsApiService }
03-27 21:25:16.754 29559 29559 D BoundBrokerSvc: Loading bound service for intent: Intent { act=com.google.android.gms.mdisync.service.START dat=chimera-action: cmp=com.google.android.gms/.chimera.GmsApiService }
03-27 21:25:16.843 26044 26054 I art     : Background sticky concurrent mark sweep GC freed 75532(3MB) AllocSpace objects, 11(316KB) LOS objects, 19% free, 17MB/22MB, paused 5.345ms total 91.772ms
03-27 21:25:16.858 26044 32381 I GCoreUlr: Unbound from all signal providers.
03-27 21:25:16.866 29559 29570 I MdiSyncModule: (REDACTED) Receiving API connection from package '%s'...
03-27 21:25:16.870 29559 29570 I MdiSyncModule: API connection successful!
03-27 21:25:16.877 26044 32381 I GCoreUlr: DispatchingService ignoring Intent { act=android.net.wifi.WIFI_STATE_CHANGED flg=0x4000010 (has extras) } because ULR inactive
03-27 21:25:16.902 26044 26044 I GCoreUlr: Unbound from all signal providers.
03-27 21:25:16.903 26044 26044 I GCoreUlr: Stopping handler for UlrDispSvcFast
03-27 21:25:16.924  1666  1766 D ConnectivityService: requestNetwork for uid/pid:10082/408 NetworkRequest [ TRACK_DEFAULT id=350, [ Capabilities: INTERNET&NOT_RESTRICTED&TRUSTED&NOT_VPN] ]
03-27 21:25:16.925  1666  1916 D WIFI    : got request NetworkRequest [ TRACK_DEFAULT id=350, [ Capabilities: INTERNET&NOT_RESTRICTED&TRUSTED&NOT_VPN] ] with score 100
03-27 21:25:16.925  1666  2015 D Ethernet: got request NetworkRequest [ TRACK_DEFAULT id=350, [ Capabilities: INTERNET&NOT_RESTRICTED&TRUSTED&NOT_VPN] ] with score 100
03-27 21:25:16.926  2502  2502 D PhoneSwitcherNetworkRequstListener: got request NetworkRequest [ TRACK_DEFAULT id=350, [ Capabilities: INTERNET&NOT_RESTRICTED&TRUSTED&NOT_VPN] ] with score 100
03-27 21:25:16.927  1666  1916 D WIFI_UT : got request NetworkRequest [ TRACK_DEFAULT id=350, [ Capabilities: INTERNET&NOT_RESTRICTED&TRUSTED&NOT_VPN] ] with score 100
03-27 21:25:16.929  2502  2502 E QtiRilInterface: instance = com.qualcomm.qti.internal.telephony.QtiRilInterface@52e63cd
03-27 21:25:16.929  2502  2502 D QC_RIL_OEM_HOOK: dds phoneId: 1
03-27 21:25:16.930  2502  2502 V QC_RIL_OEM_HOOK: sendRilOemHookMsg: Outgoing Data is 514f454d484f4f4b270008000400000001000000
03-27 21:25:16.932  2683  2683 D QcrilMsgTunnelIfaceManager: handleMessage what = 1
03-27 21:25:16.939  2683  2683 D QcrilMsgTunnelIfaceManager: handleMessage what = 2
03-27 21:25:16.940  2502  2502 D QC_RIL_OEM_HOOK: sendOemRilRequestRaw returns value = 0
03-27 21:25:16.940  2502  2502 D QC_RIL_OEM_HOOK: dds phoneId: 1
03-27 21:25:16.940  2502  2502 V QC_RIL_OEM_HOOK: sendRilOemHookMsg: Outgoing Data is 514f454d484f4f4b270008000400000001000000
03-27 21:25:16.941  2683  2683 D QcrilMsgTunnelIfaceManager: handleMessage what = 1
03-27 21:25:16.943  2683  2683 D QcrilMsgTunnelIfaceManager: handleMessage what = 0
03-27 21:25:16.946  2683  2683 D QcrilMsgTunnelIfaceManager: handleMessage what = 2
03-27 21:25:16.946  2502  2502 D QC_RIL_OEM_HOOK: sendOemRilRequestRaw returns value = 0
03-27 21:25:16.947  2683  2683 D QcrilMsgTunnelIfaceManager: handleMessage what = 0
03-27 21:25:16.947  2502  2502 D QC_RIL_OEM_HOOK: Received Broadcast Intent ACTION_UNSOL_RESPONSE_OEM_HOOK_RAW
03-27 21:25:16.947  2502  2502 D QC_RIL_OEM_HOOK: Oem ID in QCRILHOOK UNSOL RESP is QOEMHOOK
03-27 21:25:16.947  2502  2502 D QC_RIL_OEM_HOOK: Received Broadcast Intent ACTION_UNSOL_RESPONSE_OEM_HOOK_RAW
03-27 21:25:16.947  2502  2502 D QC_RIL_OEM_HOOK: Oem ID in QCRILHOOK UNSOL RESP is QOEMHOOK
03-27 21:25:16.947  2502  2502 D QC_RIL_OEM_HOOK: Received Broadcast Intent ACTION_UNSOL_RESPONSE_OEM_HOOK_RAW
03-27 21:25:16.948  2502  2502 D QC_RIL_OEM_HOOK: Oem ID in QCRILHOOK UNSOL RESP is QOEMHOOK
03-27 21:25:16.949  2502  2502 D QC_RIL_OEM_HOOK: Received Broadcast Intent ACTION_UNSOL_RESPONSE_OEM_HOOK_RAW
03-27 21:25:16.949  2502  2502 D QC_RIL_OEM_HOOK: Oem ID in QCRILHOOK UNSOL RESP is QOEMHOOK
03-27 21:25:16.949  2502  2502 D QC_RIL_OEM_HOOK: Received Broadcast Intent ACTION_UNSOL_RESPONSE_OEM_HOOK_RAW
03-27 21:25:16.949  2502  2502 D QC_RIL_OEM_HOOK: Oem ID in QCRILHOOK UNSOL RESP is QOEMHOOK
03-27 21:25:16.949  2502  2502 D QC_RIL_OEM_HOOK: Received Broadcast Intent ACTION_UNSOL_RESPONSE_OEM_HOOK_RAW
03-27 21:25:16.949  2502  2502 D QC_RIL_OEM_HOOK: Oem ID in QCRILHOOK UNSOL RESP is QOEMHOOK
03-27 21:25:17.175   408   547 W DynamiteModule: Local module descriptor class for com.google.android.gms.providerinstaller.dynamite not found.
03-27 21:25:17.181 26044 26055 W ProviderHelper: Unknown dynamite feature providerinstaller.dynamite
03-27 21:25:17.187   408   547 W ProviderInstaller: Failed to load providerinstaller module: No acceptable module com.google.android.gms.providerinstaller.dynamite found. Local version is 0 and remote version is 0.
03-27 21:25:17.192  1666  2969 W ResourceType: ResTable_typeSpec entry count inconsistent: given 84, previously 85
03-27 21:25:17.192  1666  2969 W ResourceType: ResTable_typeSpec entry count inconsistent: given 4764, previously 4790
03-27 21:25:17.192  1666  2969 W ResourceType: ResTable_typeSpec entry count inconsistent: given 6194, previously 6232
03-27 21:25:17.192  1666  2969 W ResourceType: ResTable_typeSpec entry count inconsistent: given 5098, previously 5122
03-27 21:25:17.192  1666  2969 W ResourceType: ResTable_typeSpec entry count inconsistent: given 5121, previously 5122
03-27 21:25:17.192  1666  2969 W ResourceType: ResTable_typeSpec entry count inconsistent: given 510, previously 4795
03-27 21:25:17.240   408   534 E beeq    : Sync subscriptions not available
03-27 21:25:17.377   408   547 D ApplicationLoaders: ignored Vulkan layer search path /data/app/com.google.android.gms-1/lib/arm64:/data/app/com.google.android.gms-1/base.apk!/lib/arm64-v8a:/data/app/com.google.android.gms-1/split_config.en.apk!/lib/arm64-v8a:/data/app/com.google.android.gms-1/split_config.xhdpi.apk!/lib/arm64-v8a for namespace 0x7fb04aa160
03-27 21:25:17.410  1666  2973 I ActivityManager: Process android.process.contacts (pid 28963) has died
03-27 21:25:17.411  1666  2973 D ActivityManager: cleanUpApplicationRecord -- 28963
03-27 21:25:17.414  1666  1666 I OppoPhoneWindowManager: KeyLockModeReceiver KeyLockMode: 0 ProcessName: android.process.contacts
03-27 21:25:17.475   408   547 V NativeCrypto: Registering com/google/android/gms/org/conscrypt/NativeCrypto's 334 native methods...
03-27 21:25:17.521  1666  3576 W AppOps  : Bad call: specified package com.google.android.gms under uid 10082 but it is really 10014
03-27 21:25:17.521  1666  3576 W AppOps  : java.lang.RuntimeException: here
03-27 21:25:17.521  1666  3576 W AppOps  : 	at com.android.server.AppOpsService.getOpsRawLocked(AppOpsService.java:1333)
03-27 21:25:17.521  1666  3576 W AppOps  : 	at com.android.server.AppOpsService.checkPackage(AppOpsService.java:1017)
03-27 21:25:17.521  1666  3576 W AppOps  : 	at com.android.internal.app.IAppOpsService$Stub.onTransact(IAppOpsService.java:169)
03-27 21:25:17.521  1666  3576 W AppOps  : 	at android.os.Binder.transact(Binder.java:499)
03-27 21:25:17.521  1666  3576 W AppOps  : 	at oppo.x.filterExecTransact(Unknown Source)
03-27 21:25:17.521  1666  3576 W AppOps  : 	at com.oppo.color.safe.jni.JniManager.execTransact(Unknown Source)
03-27 21:25:17.526   408   554 E GoogleApiManager: Failed to get service from broker. 
03-27 21:25:17.526   408   554 E GoogleApiManager: java.lang.SecurityException: Unknown calling package name 'com.google.android.gms'.
03-27 21:25:17.526   408   554 E GoogleApiManager: 	at android.os.Parcel.readException(Parcel.java:1710)
03-27 21:25:17.526   408   554 E GoogleApiManager: 	at android.os.Parcel.readException(Parcel.java:1663)
03-27 21:25:17.526   408   554 E GoogleApiManager: 	at bdhh.a(:com.google.android.gms@261133004@26.11.33 (040400-887465546):36)
03-27 21:25:17.526   408   554 E GoogleApiManager: 	at bdfi.z(:com.google.android.gms@261133004@26.11.33 (040400-887465546):116)
03-27 21:25:17.526   408   554 E GoogleApiManager: 	at bclu.run(:com.google.android.gms@261133004@26.11.33 (040400-887465546):42)
03-27 21:25:17.526   408   554 E GoogleApiManager: 	at android.os.Handler.handleCallback(Handler.java:751)
03-27 21:25:17.526   408   554 E GoogleApiManager: 	at android.os.Handler.dispatchMessage(Handler.java:95)
03-27 21:25:17.526   408   554 E GoogleApiManager: 	at cpis.lY(:com.google.android.gms@261133004@26.11.33 (040400-887465546):1)
03-27 21:25:17.526   408   554 E GoogleApiManager: 	at cpis.dispatchMessage(:com.google.android.gms@261133004@26.11.33 (040400-887465546):5)
03-27 21:25:17.526   408   554 E GoogleApiManager: 	at android.os.Looper.loop(Looper.java:186)
03-27 21:25:17.526   408   554 E GoogleApiManager: 	at android.os.HandlerThread.run(HandlerThread.java:61)
03-27 21:25:17.529   408   554 W GoogleApiManager: Not showing notification since connectionResult is not user-facing: ConnectionResult{statusCode=DEVELOPER_ERROR, resolution=null, message=null, clientMethodKey=null}
03-27 21:25:17.540   408   552 W FlagRegistrar: Failed to register com.google.android.gms.providerinstaller#com.google.android.gm
03-27 21:25:17.540   408   552 W FlagRegistrar: eswr: 17: 17: API: Phenotype.API is not available on this device. Connection failed with: ConnectionResult{statusCode=DEVELOPER_ERROR, resolution=null, message=null, clientMethodKey=null}
03-27 21:25:17.540   408   552 W FlagRegistrar: 	at eswt.a(:com.google.android.gms@261133004@26.11.33 (040400-887465546):13)
03-27 21:25:17.540   408   552 W FlagRegistrar: 	at fnqe.d(:com.google.android.gms@261133004@26.11.33 (040400-887465546):3)
03-27 21:25:17.540   408   552 W FlagRegistrar: 	at fnqg.run(:com.google.android.gms@261133004@26.11.33 (040400-887465546):130)
03-27 21:25:17.540   408   552 W FlagRegistrar: 	at fnsn.execute(:com.google.android.gms@261133004@26.11.33 (040400-887465546):1)
03-27 21:25:17.540   408   552 W FlagRegistrar: 	at fnqo.f(:com.google.android.gms@261133004@26.11.33 (040400-887465546):1)
03-27 21:25:17.540   408   552 W FlagRegistrar: 	at fnqo.m(:com.google.android.gms@261133004@26.11.33 (040400-887465546):99)
03-27 21:25:17.540   408   552 W FlagRegistrar: 	at fnqo.r(:com.google.android.gms@261133004@26.11.33 (040400-887465546):17)
03-27 21:25:17.540   408   552 W FlagRegistrar: 	at ekvn.hI(:com.google.android.gms@261133004@26.11.33 (040400-887465546):35)
03-27 21:25:17.540   408   552 W FlagRegistrar: 	at eakb.run(:com.google.android.gms@261133004@26.11.33 (040400-887465546):12)
03-27 21:25:17.540   408   552 W FlagRegistrar: 	at fnsn.execute(:com.google.android.gms@261133004@26.11.33 (040400-887465546):1)
03-27 21:25:17.540   408   552 W FlagRegistrar: 	at eakc.b(:com.google.android.gms@261133004@26.11.33 (040400-887465546):18)
03-27 21:25:17.540   408   552 W FlagRegistrar: 	at eakr.b(:com.google.android.gms@261133004@26.11.33 (040400-887465546):34)
03-27 21:25:17.540   408   552 W FlagRegistrar: 	at eakt.d(:com.google.android.gms@261133004@26.11.33 (040400-887465546):25)
03-27 21:25:17.540   408   552 W FlagRegistrar: 	at bcjd.c(:com.google.android.gms@261133004@26.11.33 (040400-887465546):9)
03-27 21:25:17.540   408   552 W FlagRegistrar: 	at bcls.q(:com.google.android.gms@261133004@26.11.33 (040400-887465546):48)
03-27 21:25:17.540   408   552 W FlagRegistrar: 	at bcls.d(:com.google.android.gms@261133004@26.11.33 (040400-887465546):10)
03-27 21:25:17.540   408   552 W FlagRegistrar: 	at bcls.g(:com.google.android.gms@261133004@26.11.33 (040400-887465546):191)
03-27 21:25:17.540   408   552 W FlagRegistrar: 	at bcls.onConnectionFailed(:com.google.android.gms@261133004@26.11.33 (040400-887465546):2)
03-27 21:25:17.540   408   552 W FlagRegistrar: 	at bclu.run(:com.google.android.gms@261133004@26.11.33 (040400-887465546):70)
03-27 21:25:17.540   408   552 W FlagRegistrar: 	at android.os.Handler.handleCallback(Handler.java:751)
03-27 21:25:17.540   408   552 W FlagRegistrar: 	at android.os.Handler.dispatchMessage(Handler.java:95)
03-27 21:25:17.540   408   552 W FlagRegistrar: 	at cpis.lY(:com.google.android.gms@261133004@26.11.33 (040400-887465546):1)
03-27 21:25:17.540   408   552 W FlagRegistrar: 	at cpis.dispatchMessage(:com.google.android.gms@261133004@26.11.33 (040400-887465546):5)
03-27 21:25:17.540   408   552 W FlagRegistrar: 	at android.os.Looper.loop(Looper.java:186)
03-27 21:25:17.540   408   552 W FlagRegistrar: 	at android.os.HandlerThread.run(HandlerThread.java:61)
03-27 21:25:17.540   408   552 W FlagRegistrar: Caused by: bchk: 17: API: Phenotype.API is not available on this device. Connection failed with: ConnectionResult{statusCode=DEVELOPER_ERROR, resolution=null, message=null, clientMethodKey=null}
03-27 21:25:17.540   408   552 W FlagRegistrar: 	at bdeu.a(:com.google.android.gms@261133004@26.11.33 (040400-887465546):15)
03-27 21:25:17.540   408   552 W FlagRegistrar: 	at bcjg.a(:com.google.android.gms@261133004@26.11.33 (040400-887465546):1)
03-27 21:25:17.540   408   552 W FlagRegistrar: 	at bcjd.c(:com.google.android.gms@261133004@26.11.33 (040400-887465546):5)
03-27 21:25:17.540   408   552 W FlagRegistrar: 	... 11 more
03-27 21:25:17.572   408   547 D NetworkSecurityConfig: Using Network Security Config from resource network_security_config debugBuild: false
03-27 21:25:17.581   408   547 I ProviderInstaller: Installed default security provider GmsCore_OpenSSL
03-27 21:25:17.626   408   548 W CronetEngine.Builder: The implementation version is lower than the API version. Calls to methods added in API 44 and newer will likely have no effect.
03-27 21:25:17.667   408   548 W linker  : /data/user_de/0/com.google.android.gms/app_chimera/m/0000003a/n/arm64-v8a/libcronet.145.0.7582.0.so: unused DT entry: type 0x70000001 arg 0x0
03-27 21:25:17.695   408   556 I HttpFlagsLoader: HTTP flags log line (Impl): Using live production flag values from Google
03-27 21:25:17.701   408   548 I cn_CronetLibraryLoader: Cronet version: 145.0.7582.0, arch: aarch64
03-27 21:25:18.433  1666  1718 I ActivityManager: Start proc 575:android.process.contacts/u0a3 for service com.android.contacts/com.oppo.contacts.OppoQuerySimContactsService
03-27 21:25:18.433  1666  1718 D OppoAbnormalAppManager: Now Begin Monitor App StartInfo's Time == 149423325
03-27 21:25:18.465 32147 32147 I chatty  : uid=10287(com.projekt_x.studybuddy) expire 117 lines
03-27 21:25:18.484   878   878 E cnss-daemon: Stale or unreachable neighbors, ndm state: 4
03-27 21:25:18.597   575   575 W System  : ClassLoader referenced unknown path: /system/priv-app/Contacts/lib/arm
03-27 21:25:18.625 32147 32179 I chatty  : uid=10287(com.projekt_x.studybuddy) DefaultDispatch expire 36 lines
03-27 21:25:18.736   575   595 D OppoContactLogUtil: resetContactsDebug qeLogOpen : false,reset CONTACTS DEBUG : false
03-27 21:25:18.775   575   575 D DateUtils: country : US
03-27 21:25:18.808   575   575 D OppoQuerySimContactsService: OppoQuerySimContactsService onStart
03-27 21:25:18.811   575   575 D OppoQuerySimContactsService: query slotId = 1
03-27 21:25:18.813   575   575 I OppoBroadcastReceiver: onReceive--------------action = android.intent.action.SIM_STATE_CHANGED
03-27 21:25:18.813   575   575 I OppoBroadcastReceiver: onReceive--------------intent.getExtras() = Bundle[{color_int_subId=1, phoneName=Phone, reason=null, ss=LOADED, slot=1, phone=1, subscription=1}]
03-27 21:25:18.816   575   575 D OppoBroadcastReceiver: setLoadAlarm
03-27 21:25:18.816   575   597 D OppoQuerySimContactsService: query() starting an async query sim, uri: content://icc/adn/subId/1
03-27 21:25:18.822   575   596 D DateUtils: country : US
03-27 21:25:18.836   575   596 W ResourceType: ResTable_typeSpec entry count inconsistent: given 34, previously 36
03-27 21:25:18.837   575   596 W ResourceType: ResTable_typeSpec entry count inconsistent: given 2917, previously 2939
03-27 21:25:18.837   575   596 W ResourceType: ResTable_typeSpec entry count inconsistent: given 371, previously 3838
03-27 21:25:18.865  1666  2758 I ActivityManager: Process com.coloros.sau (pid 29427) has died
03-27 21:25:18.865  1666  2758 D ActivityManager: cleanUpApplicationRecord -- 29427
03-27 21:25:19.142  1666  3577 I ActivityManager: Process com.coloros.safecenter:task (pid 32048) has died
03-27 21:25:19.142  1666  1666 I OppoPhoneWindowManager: KeyLockModeReceiver KeyLockMode: 0 ProcessName: com.coloros.sau
03-27 21:25:19.143  1666  3577 D ActivityManager: cleanUpApplicationRecord -- 32048
03-27 21:25:19.147  1666  3598 I ActivityManager: Process com.coloros.providers.fileinfo (pid 31989) has died
03-27 21:25:19.147  1666  3598 D ActivityManager: cleanUpApplicationRecord -- 31989
03-27 21:25:19.147  1666  3584 I OppoListManager: removeStageProtectInfo from com.coloros.safesdkproxy for com.coloros.safesdkproxy
03-27 21:25:19.151  1666  3598 W Process : Unable to open /proc/31051/status
03-27 21:25:19.152  1666  3598 W ActivityManager: Process 31051 does not match uid 1000 ignore setting hits oom adj
03-27 21:25:19.152  1666  3598 W Process : Unable to open /proc/31087/status
03-27 21:25:19.152  1666  3598 W ActivityManager: Process 31087 does not match uid 1000 ignore setting hits oom adj
03-27 21:25:19.156  1666  2748 I ActivityManager: Process com.facebook.system (pid 32080) has died
03-27 21:25:19.157  1666  2748 D ActivityManager: cleanUpApplicationRecord -- 32080
03-27 21:25:19.159  1666  2748 W Process : Unable to open /proc/31087/status
03-27 21:25:19.159  1666  2748 W ActivityManager: Process 31087 does not match uid 1000 ignore setting hits oom adj
03-27 21:25:19.160  1666  1760 I ActivityManager: Process com.coloros.securepay (pid 31087) has died
03-27 21:25:19.160  1666  1760 D ActivityManager: cleanUpApplicationRecord -- 31087
03-27 21:25:19.162  1666  2982 I ActivityManager: Process android.process.acore (pid 29304) has died
03-27 21:25:19.163  1666  2982 D ActivityManager: cleanUpApplicationRecord -- 29304
03-27 21:25:19.164   575   596 W ResourceType: For resource 0x7f0807f4, entry index(2036) is beyond type entryCount(12)
03-27 21:25:19.165   575   596 W ResourceType: Failure getting entry for 0x7f0807f4 (t=7 e=2036) (error -75)
03-27 21:25:19.165   575   596 W ResourceType: For resource 0x7f0807f4, entry index(2036) is beyond type entryCount(12)
03-27 21:25:19.165   575   596 W ResourceType: Failure getting entry for 0x7f0807f4 (t=7 e=2036) (error -75)
03-27 21:25:19.165   575   596 W ResourceType: For resource 0x7f0807f4, entry index(2036) is beyond type entryCount(12)
03-27 21:25:19.165   575   596 W ResourceType: Failure getting entry for 0x7f0807f4 (t=7 e=2036) (error -75)
03-27 21:25:19.165   575   596 W ResourceType: For resource 0x7f0807f4, entry index(2036) is beyond type entryCount(12)
03-27 21:25:19.165   575   596 W ResourceType: Failure getting entry for 0x7f0807f4 (t=7 e=2036) (error -75)
03-27 21:25:19.165   575   596 W ResourceType: For resource 0x7f0807f4, entry index(2036) is beyond type entryCount(12)
03-27 21:25:19.165   575   596 W ResourceType: Failure getting entry for 0x7f0807f4 (t=7 e=2036) (error -75)
03-27 21:25:19.165   575   596 W ResourceType: For resource 0x7f0807f4, entry index(2036) is beyond type entryCount(12)
03-27 21:25:19.165   575   596 W ResourceType: Failure getting entry for 0x7f0807f4 (t=7 e=2036) (error -75)
03-27 21:25:19.165   575   596 D DateUtils: country : US
03-27 21:25:19.169  1666  2982 W Process : Unable to open /proc/31208/status
03-27 21:25:19.169  1666  2982 W ActivityManager: Process 31208 does not match uid 10018 ignore setting hits oom adj
03-27 21:25:19.170  1666  2982 W Process : Unable to open /proc/31051/status
03-27 21:25:19.170  1666  2982 W ActivityManager: Process 31051 does not match uid 1000 ignore setting hits oom adj
03-27 21:25:19.171  1666  2747 I ActivityManager: Process com.nearme.themespace (pid 31253) has died
03-27 21:25:19.172  1666  2747 D ActivityManager: cleanUpApplicationRecord -- 31253
03-27 21:25:19.172 32597 32597 I SafeSdkProxy.AvastScanBinder: avast releaseBinder
03-27 21:25:19.175  1666  2747 W Process : Unable to open /proc/31051/status
03-27 21:25:19.175  1666  2747 W ActivityManager: Process 31051 does not match uid 1000 ignore setting hits oom adj
03-27 21:25:19.176  1666  3599 I ActivityManager: Process com.google.android.partnersetup (pid 31208) has died
03-27 21:25:19.177  1666  3599 D ActivityManager: cleanUpApplicationRecord -- 31208
03-27 21:25:19.179  1666  2533 I ActivityManager: Process com.coloros.gamespace (pid 31051) has died
03-27 21:25:19.180  1666  2533 D ActivityManager: cleanUpApplicationRecord -- 31051
03-27 21:25:19.223  1666  1666 I OppoPhoneWindowManager: KeyLockModeReceiver KeyLockMode: 0 ProcessName: com.coloros.safecenter:task
03-27 21:25:19.223  1666  1666 I OppoPhoneWindowManager: KeyLockModeReceiver KeyLockMode: 0 ProcessName: com.coloros.providers.fileinfo
03-27 21:25:19.223  1666  1666 I OppoPhoneWindowManager: KeyLockModeReceiver KeyLockMode: 0 ProcessName: com.facebook.system
03-27 21:25:19.223  1666  1666 I OppoPhoneWindowManager: KeyLockModeReceiver KeyLockMode: 0 ProcessName: com.coloros.securepay
03-27 21:25:19.223  1666  1666 I OppoPhoneWindowManager: KeyLockModeReceiver KeyLockMode: 0 ProcessName: android.process.acore
03-27 21:25:19.223  1666  1666 I OppoPhoneWindowManager: KeyLockModeReceiver KeyLockMode: 0 ProcessName: com.nearme.themespace
03-27 21:25:19.223  1666  1666 I OppoPhoneWindowManager: KeyLockModeReceiver KeyLockMode: 0 ProcessName: com.google.android.partnersetup
03-27 21:25:19.223  1666  1666 I OppoPhoneWindowManager: KeyLockModeReceiver KeyLockMode: 0 ProcessName: com.coloros.gamespace
03-27 21:25:19.233 29346 29346 I Finsky  : [1] Memory trim requested to level 60
03-27 21:25:19.247  3020  3227 E OpenGLRenderer: hwui_debug::CanvasContext createSurface sur=0x0, isValid =0
03-27 21:25:19.261   575   597 D OppoQuerySimContactsService: query() complete
03-27 21:25:19.262  1666  1763 I ActivityManager: Process com.daemon.shelper (pid 31123) has died
03-27 21:25:19.263  1666  1763 D ActivityManager: cleanUpApplicationRecord -- 31123
03-27 21:25:19.295 29346 29346 I Finsky  : [1] Flushing in-memory image cache
03-27 21:25:19.342 29595 29595 D Tinker.DefaultAppLike: onTrimMemory level:5
03-27 21:25:19.368  1666  2896 D ConnectivityService: ConnectivityService NetworkRequestInfo binderDied(NetworkRequest [ LISTEN id=337, [ Capabilities: INTERNET&NOT_RESTRICTED&TRUSTED] ], android.os.BinderProxy@4d3573a)
03-27 21:25:19.370  1666  1971 E ConnectivityService: RemoteException caught trying to send a callback msg for NetworkRequest [ LISTEN id=337, [ Capabilities: INTERNET&NOT_RESTRICTED&TRUSTED] ]
03-27 21:25:19.381  1666  1717 I android.os.Debug: void android::android_os_Debug_getIonOrphaned(long int*): total orphaned         42598400
03-27 21:25:19.381  1666  1717 I android.os.Debug: 
03-27 21:25:19.381   575   595 D OppoContactLogUtil: resetDialerDebug qeLogOpen : false,reset DIALER DEBUG : false
03-27 21:25:19.382  1666  1717 I android.os.Debug: void android::android_os_Debug_getIonOrphaned(long int*): ion orphaned 41600
03-27 21:25:19.382  1666  3576 I ActivityManager: Process com.android.printspooler (pid 29332) has died
03-27 21:25:19.382  1666  1666 I OppoPhoneWindowManager: KeyLockModeReceiver KeyLockMode: 0 ProcessName: com.daemon.shelper
03-27 21:25:19.382  1666  3576 D ActivityManager: cleanUpApplicationRecord -- 29332
03-27 21:25:19.391  1666  1760 I ActivityManager: Process com.facebook.appmanager (pid 29508) has died
03-27 21:25:19.391  1666  1760 D ActivityManager: cleanUpApplicationRecord -- 29508
03-27 21:25:19.392   575   595 W art     : Before Android 4.1, method void com.oppo.widget.OppoListView.drawDivider(android.graphics.Canvas, android.graphics.Rect, int) would have incorrectly overridden the package-private method in android.widget.ListView
03-27 21:25:19.394  1666  1760 W Process : Unable to open /proc/29237/status
03-27 21:25:19.394  1666  1760 W ActivityManager: Process 29237 does not match uid 10009 ignore setting hits oom adj
03-27 21:25:19.395  1666  1760 W Process : Unable to open /proc/29346/status
03-27 21:25:19.395  1666  1760 W ActivityManager: Process 29346 does not match uid 10044 ignore setting hits oom adj
03-27 21:25:19.400  1666  2969 I ActivityManager: Process com.android.defcontainer (pid 29237) has died
03-27 21:25:19.400   575   595 W System  : ClassLoader referenced unknown path: /data/data/com.android.contacts/pinyin.jar
03-27 21:25:19.401  1666  2969 D ActivityManager: cleanUpApplicationRecord -- 29237
03-27 21:25:19.403  1666  2969 W Process : Unable to open /proc/29346/status
03-27 21:25:19.403  1666  2969 W ActivityManager: Process 29346 does not match uid 10044 ignore setting hits oom adj
03-27 21:25:19.404 29595 29595 D Tinker.DefaultAppLike: onTrimMemory level:10
03-27 21:25:19.404   575   595 W System.err: java.lang.ClassNotFoundException: Didn't find class "com.oppo.pinyin.WordQuery" on path: DexPathList[[],nativeLibraryDirectories=[/system/lib, /vendor/lib]]
03-27 21:25:19.405  1666  3600 I ActivityManager: Process com.android.vending (pid 29346) has died
03-27 21:25:19.406  1666  3600 D ActivityManager: cleanUpApplicationRecord -- 29346
03-27 21:25:19.415 29595 29595 D Tinker.DefaultAppLike: onTrimMemory level:15
03-27 21:25:19.418  1666  1666 I OppoPhoneWindowManager: KeyLockModeReceiver KeyLockMode: 0 ProcessName: com.android.printspooler
03-27 21:25:19.418  1666  1666 I OppoPhoneWindowManager: KeyLockModeReceiver KeyLockMode: 0 ProcessName: com.facebook.appmanager
03-27 21:25:19.418  1666  1666 I OppoPhoneWindowManager: KeyLockModeReceiver KeyLockMode: 0 ProcessName: com.android.defcontainer
03-27 21:25:19.418  1666  1666 I OppoPhoneWindowManager: KeyLockModeReceiver KeyLockMode: 0 ProcessName: com.android.vending
03-27 21:25:19.419   575   595 W System.err: 	at dalvik.system.BaseDexClassLoader.findClass(BaseDexClassLoader.java:56)
03-27 21:25:19.419   575   595 W System.err: 	at java.lang.ClassLoader.loadClass(ClassLoader.java:380)
03-27 21:25:19.419   575   595 W System.err: 	at java.lang.ClassLoader.loadClass(ClassLoader.java:312)
03-27 21:25:19.419   575   595 W System.err: 	at com.oppo.contacts.f.aS(OppoPinyinHelper.java:160)
03-27 21:25:19.419   575   595 W System.err: 	at com.android.contacts.ae.doInBackground(ContactsApplication.java:229)
03-27 21:25:19.419   575   595 W System.err: 	at com.android.contacts.ae.doInBackground(ContactsApplication.java:223)
03-27 21:25:19.419   575   595 W System.err: 	at android.os.AsyncTask$2.call(AsyncTask.java:305)
03-27 21:25:19.419   575   595 W System.err: 	at java.util.concurrent.FutureTask.run(FutureTask.java:237)
03-27 21:25:19.420   575   595 W System.err: 	at java.util.concurrent.ThreadPoolExecutor.runWorker(ThreadPoolExecutor.java:1133)
03-27 21:25:19.420   575   595 W System.err: 	at java.util.concurrent.ThreadPoolExecutor$Worker.run(ThreadPoolExecutor.java:607)
03-27 21:25:19.420   575   595 W System.err: 	at java.lang.Thread.run(Thread.java:761)
03-27 21:25:19.730  1666  1691 I ActivityManager: Start proc 602:android.process.acore/u0a3 for content provider com.android.providers.contacts/.ContactsProvider2
03-27 21:25:19.731  1666  1691 W ActivityManager: Slow operation: 308ms so far, now at getContentProviderImpl: after start process
03-27 21:25:19.774  1666  1691 W ActivityManager: Slow operation: 352ms so far, now at getContentProviderImpl: updating data structures
03-27 21:25:19.775  1666  1691 W ActivityManager: Slow operation: 352ms so far, now at getContentProviderImpl: done!
03-27 21:25:19.813  1666  2973 I ActivityManager: Process com.nearme.statistics.rom (pid 29261) has died
03-27 21:25:19.814  1666  2973 D ActivityManager: cleanUpApplicationRecord -- 29261
03-27 21:25:19.820  1666  1666 I OppoPhoneWindowManager: KeyLockModeReceiver KeyLockMode: 0 ProcessName: com.nearme.statistics.rom
03-27 21:25:19.836  1666  1690 I ActivityManager: Process com.google.android.gms.unstable (pid 32192) has died
03-27 21:25:19.837  1666  1690 D ActivityManager: cleanUpApplicationRecord -- 32192
03-27 21:25:19.841 26044 26044 D BoundBrokerSvc: onUnbind: Intent { act=com.google.android.gms.libs.gmscorelogger.service.START dat=chimera-action: cmp=com.google.android.gms/.chimera.PersistentDirectBootAwareApiService }
03-27 21:25:19.842  1666  1666 I OppoPhoneWindowManager: KeyLockModeReceiver KeyLockMode: 0 ProcessName: com.google.android.gms.unstable
03-27 21:25:19.888  1666  2982 D ConnectivityService: ConnectivityService NetworkRequestInfo binderDied(NetworkRequest [ TRACK_DEFAULT id=350, [ Capabilities: INTERNET&NOT_RESTRICTED&TRUSTED&NOT_VPN] ], android.os.BinderProxy@36bffeb)
03-27 21:25:19.888  1666  2931 D ConnectivityService: ConnectivityService NetworkRequestInfo binderDied(NetworkRequest [ LISTEN id=351, [ Capabilities: INTERNET&NOT_RESTRICTED&TRUSTED] ], android.os.BinderProxy@7b7c148)
03-27 21:25:19.888  1666  2987 I ActivityManager: Process com.google.android.gm (pid 408) has died
03-27 21:25:19.888  1666  2987 D ActivityManager: cleanUpApplicationRecord -- 408
03-27 21:25:19.889  1666  1971 E ConnectivityService: RemoteException caught trying to send a callback msg for NetworkRequest [ LISTEN id=351, [ Capabilities: INTERNET&NOT_RESTRICTED&TRUSTED] ]
03-27 21:25:19.889  1666  1971 D ConnectivityService: releasing NetworkRequest [ TRACK_DEFAULT id=350, [ Capabilities: INTERNET&NOT_RESTRICTED&TRUSTED&NOT_VPN] ]
03-27 21:25:19.891  1666  1971 E ConnectivityService: RemoteException caught trying to send a callback msg for NetworkRequest [ TRACK_DEFAULT id=350, [ Capabilities: INTERNET&NOT_RESTRICTED&TRUSTED&NOT_VPN] ]
03-27 21:25:19.892  2502  2502 E QtiRilInterface: instance = com.qualcomm.qti.internal.telephony.QtiRilInterface@52e63cd
03-27 21:25:19.893 29559 29559 D BoundBrokerSvc: onUnbind: Intent { act=com.google.android.gms.mdisync.service.START dat=chimera-action: cmp=com.google.android.gms/.chimera.GmsApiService }
03-27 21:25:19.893  2502  2502 D QC_RIL_OEM_HOOK: dds phoneId: 1
03-27 21:25:19.893  2502  2502 V QC_RIL_OEM_HOOK: sendRilOemHookMsg: Outgoing Data is 514f454d484f4f4b270008000400000001000000
03-27 21:25:19.893 26044 26044 D BoundBrokerSvc: onUnbind: Intent { act=com.google.android.gms.auth.aang.events.services.START dat=chimera-action: cmp=com.google.android.gms/.chimera.PersistentApiService }
03-27 21:25:19.894  2683  2683 D QcrilMsgTunnelIfaceManager: handleMessage what = 1
03-27 21:25:19.895 29559 29559 D BoundBrokerSvc: onUnbind: Intent { act=com.google.android.mobstore.service.START pkg=com.google.android.gms }
03-27 21:25:19.895  1666  1666 I OppoPhoneWindowManager: KeyLockModeReceiver KeyLockMode: 0 ProcessName: com.google.android.gm
03-27 21:25:19.896 26044 26044 D BoundBrokerSvc: onUnbind: Intent { act=com.google.android.gms.gmscompliance.service.START dat=chimera-action: cmp=com.google.android.gms/.chimera.PersistentBoundBrokerService }
03-27 21:25:19.896  2683  2683 D QcrilMsgTunnelIfaceManager: handleMessage what = 2
03-27 21:25:19.897  2502  2502 D QC_RIL_OEM_HOOK: sendOemRilRequestRaw returns value = 0
03-27 21:25:19.897  2502  2502 D QC_RIL_OEM_HOOK: dds phoneId: 1
03-27 21:25:19.897  2502  2502 V QC_RIL_OEM_HOOK: sendRilOemHookMsg: Outgoing Data is 514f454d484f4f4b270008000400000001000000
03-27 21:25:19.897  2683  2683 D QcrilMsgTunnelIfaceManager: handleMessage what = 0
03-27 21:25:19.898 26044 26044 D BoundBrokerSvc: onUnbind: Intent { act=com.google.android.gms.common.telemetry.service.START dat=chimera-action: cmp=com.google.android.gms/.chimera.PersistentApiService }
03-27 21:25:19.900  2683  2683 D QcrilMsgTunnelIfaceManager: handleMessage what = 1
03-27 21:25:19.903  2683  2683 D QcrilMsgTunnelIfaceManager: handleMessage what = 2
03-27 21:25:19.903  2502  2502 D QC_RIL_OEM_HOOK: sendOemRilRequestRaw returns value = 0
03-27 21:25:19.903  2502  2502 D QC_RIL_OEM_HOOK: Received Broadcast Intent ACTION_UNSOL_RESPONSE_OEM_HOOK_RAW
03-27 21:25:19.903  2502  2502 D QC_RIL_OEM_HOOK: Oem ID in QCRILHOOK UNSOL RESP is QOEMHOOK
03-27 21:25:19.903  2502  2502 D QC_RIL_OEM_HOOK: Received Broadcast Intent ACTION_UNSOL_RESPONSE_OEM_HOOK_RAW
03-27 21:25:19.904  2502  2502 D QC_RIL_OEM_HOOK: Oem ID in QCRILHOOK UNSOL RESP is QOEMHOOK
03-27 21:25:19.904  2502  2502 D QC_RIL_OEM_HOOK: Received Broadcast Intent ACTION_UNSOL_RESPONSE_OEM_HOOK_RAW
03-27 21:25:19.904  2502  2502 D QC_RIL_OEM_HOOK: Oem ID in QCRILHOOK UNSOL RESP is QOEMHOOK
03-27 21:25:19.904  2683  2683 D QcrilMsgTunnelIfaceManager: handleMessage what = 0
03-27 21:25:19.905  1666 31900 I ActivityManager: Process com.nearme.sync (pid 28931) has died
03-27 21:25:19.905  1666 31900 D ActivityManager: cleanUpApplicationRecord -- 28931
03-27 21:25:19.908  1666  1666 I OppoPhoneWindowManager: KeyLockModeReceiver KeyLockMode: 0 ProcessName: com.nearme.sync
03-27 21:25:19.908  2502  2502 D QC_RIL_OEM_HOOK: Received Broadcast Intent ACTION_UNSOL_RESPONSE_OEM_HOOK_RAW
03-27 21:25:19.908  2502  2502 D QC_RIL_OEM_HOOK: Oem ID in QCRILHOOK UNSOL RESP is QOEMHOOK
03-27 21:25:19.909  2502  2502 D QC_RIL_OEM_HOOK: Received Broadcast Intent ACTION_UNSOL_RESPONSE_OEM_HOOK_RAW
03-27 21:25:19.909  2502  2502 D QC_RIL_OEM_HOOK: Oem ID in QCRILHOOK UNSOL RESP is QOEMHOOK
03-27 21:25:19.909  2502  2502 D QC_RIL_OEM_HOOK: Received Broadcast Intent ACTION_UNSOL_RESPONSE_OEM_HOOK_RAW
03-27 21:25:19.909  2502  2502 D QC_RIL_OEM_HOOK: Oem ID in QCRILHOOK UNSOL RESP is QOEMHOOK
03-27 21:25:19.967   602   602 W System  : ClassLoader referenced unknown path: /system/priv-app/ContactsProvider/lib/arm
03-27 21:25:20.145   602   602 W System  : ClassLoader referenced unknown path: /data/data/com.android.providers.contacts/pinyin.jar
03-27 21:25:20.146   602   602 E OppoPinyinHelper: initUpdateData error
03-27 21:25:20.162   602   602 D ContactsProvider: ContactsProviderWorker start
03-27 21:25:20.163   602   618 D ContactsProvider: ContactsProviderWorker is running
03-27 21:25:20.169   602   602 D OppoContactLogUtil: ContactsProvider resetDebug reset CONTACTS DEBUG : false
03-27 21:25:20.216   602   602 D AffiliatedProvider: AffiliatedProvider start
03-27 21:25:20.216   602   619 D AffiliatedProvider: AffiliatedProvider is running
03-27 21:25:20.217   602   619 D AffiliatedProvider: performBackgroundTask BACKGROUND_TASK_INITIALIZE : int
03-27 21:25:20.226 32147 32180 I chatty  : uid=10287(com.projekt_x.studybuddy) DefaultDispatch expire 90 lines
03-27 21:25:20.241   602   619 D OppoRomUpdateUtils: cursor is null
03-27 21:25:20.246   602   602 I ContactsPerf: VoicemailContentProvider.onCreate start
03-27 21:25:20.246   602   619 D OppoRomUpdateUtils: get from local assets
03-27 21:25:20.247   602   618 E SQLiteLog: (1) no such function: _NATIVE_OPPO_PY_SEARCH
03-27 21:25:20.249   602   619 D OppoRomUpdateUtils: loadXmlValues::valueName:time_interval,VALUE: 90
03-27 21:25:20.249   602   619 D OppoRomUpdateUtils: loadXmlValues::valueName:update_interval,VALUE: 7
03-27 21:25:20.249   602   619 D OppoRomUpdateUtils: name is writecontactsblacklist
03-27 21:25:20.249   602   619 D OppoRomUpdateUtils: read list black is []
03-27 21:25:20.249   602   619 D OppoRomUpdateUtils: read white list is []
03-27 21:25:20.249   602   619 D OppoRomUpdateUtils: NOT_SHOWN_VERSION 1
03-27 21:25:20.250   602   619 D OppoRomUpdateUtils: NOT_SHOWN_TYPES []
03-27 21:25:20.250   602   618 D ContactsDatabaseHelper: no _NATIVE_OPPO_PY_SEARCH function in libcoloros_contactsprovider.so
03-27 21:25:20.250   602   619 D OppoRomUpdateUtils: NOT_SHOWN_PACKAGENAMES [com.whatsapp, com.tencent.mm, com.facebook.orca]
03-27 21:25:20.250   602   619 D AffiliatedProvider: deleteRedundantContacts OppoRomUpdateUtils.REDUNDANT_CONTACTS = 有信专线;百度手机助手;钉钉免费电话;PP租车;滴滴打车司机版;
03-27 21:25:20.251   602   618 I libcoloros_contactsprovider: reinterpretPoint ++
