03-27 21:25:48.546 32147 32147 W VoicePipelineManager: BLOCKED: isRunning=false, audio ignored
03-27 21:25:48.704 32147 32179 D SimpleAudioRecorder: Read 2560 samples from mic
03-27 21:25:48.705 32147 32179 D SimpleAudioRecorder: CALLBACK: About to call onAudioData
03-27 21:25:48.706 32147 32147 W VoicePipelineManager: BLOCKED: isRunning=false, audio ignored
03-27 21:25:48.706 32147 32179 D SimpleAudioRecorder: CALLBACK: About to call onAudioData
03-27 21:25:48.707 32147 32147 W VoicePipelineManager: BLOCKED: isRunning=false, audio ignored
03-27 21:25:48.707 32147 32179 D SimpleAudioRecorder: CALLBACK: About to call onAudioData
03-27 21:25:48.708 32147 32147 W VoicePipelineManager: BLOCKED: isRunning=false, audio ignored
03-27 21:25:48.708 32147 32179 D SimpleAudioRecorder: CALLBACK: About to call onAudioData
03-27 21:25:48.708 32147 32147 W VoicePipelineManager: BLOCKED: isRunning=false, audio ignored
03-27 21:25:48.709 32147 32190 D SimpleAudioRecorder: CALLBACK: About to call onAudioData
03-27 21:25:48.710 32147 32147 W VoicePipelineManager: BLOCKED: isRunning=false, audio ignored
03-27 21:25:48.807 32147 32147 I BridgeJNI: Bridge nativeIsModelLoaded called
03-27 21:25:48.825   575   575 D OppoQuerySimContactsService: OppoQuerySimContactsService onStart
03-27 21:25:48.829   575   575 D OppoQuerySimContactsService: query slotId = 1
03-27 21:25:48.831   575   597 D OppoQuerySimContactsService: query() starting an async query sim, uri: content://icc/adn/subId/1
03-27 21:25:48.859   575   597 D OppoQuerySimContactsService: query() complete
03-27 21:25:48.864 32147 32190 D SimpleAudioRecorder: Read 2560 samples from mic
03-27 21:25:48.864 32147 32190 D SimpleAudioRecorder: CALLBACK: About to call onAudioData
03-27 21:25:48.865 32147 32147 W VoicePipelineManager: BLOCKED: isRunning=false, audio ignored
03-27 21:25:48.865 32147 32190 D SimpleAudioRecorder: CALLBACK: About to call onAudioData
03-27 21:25:48.866 32147 32147 W VoicePipelineManager: BLOCKED: isRunning=false, audio ignored
03-27 21:25:48.866 32147 32190 D SimpleAudioRecorder: CALLBACK: About to call onAudioData
03-27 21:25:48.867 32147 32147 W VoicePipelineManager: BLOCKED: isRunning=false, audio ignored
03-27 21:25:48.867 32147 32190 D SimpleAudioRecorder: CALLBACK: About to call onAudioData
03-27 21:25:48.872 32147 32147 W VoicePipelineManager: BLOCKED: isRunning=false, audio ignored
03-27 21:25:48.872 32147 32179 D SimpleAudioRecorder: CALLBACK: About to call onAudioData
03-27 21:25:48.873 32147 32147 W VoicePipelineManager: BLOCKED: isRunning=false, audio ignored
03-27 21:25:49.025 32147 32179 D SimpleAudioRecorder: Read 2560 samples from mic
03-27 21:25:49.025 32147 32179 D SimpleAudioRecorder: CALLBACK: About to call onAudioData
03-27 21:25:49.025 32147 32147 W VoicePipelineManager: BLOCKED: isRunning=false, audio ignored
03-27 21:25:49.026 32147 32179 D SimpleAudioRecorder: CALLBACK: About to call onAudioData
03-27 21:25:49.026 32147 32147 W VoicePipelineManager: BLOCKED: isRunning=false, audio ignored
03-27 21:25:49.027 32147 32179 D SimpleAudioRecorder: CALLBACK: About to call onAudioData
03-27 21:25:49.027 32147 32147 W VoicePipelineManager: BLOCKED: isRunning=false, audio ignored
03-27 21:25:49.027 32147 32179 D SimpleAudioRecorder: CALLBACK: About to call onAudioData
03-27 21:25:49.027 32147 32147 W VoicePipelineManager: BLOCKED: isRunning=false, audio ignored
03-27 21:25:49.028 32147 32179 D SimpleAudioRecorder: CALLBACK: About to call onAudioData
03-27 21:25:49.028 32147 32147 W VoicePipelineManager: BLOCKED: isRunning=false, audio ignored
03-27 21:25:49.184 32147 32747 D SimpleAudioRecorder: Read 2560 samples from mic
03-27 21:25:49.185 32147 32747 D SimpleAudioRecorder: CALLBACK: About to call onAudioData
03-27 21:25:49.189 32147 32147 W VoicePipelineManager: BLOCKED: isRunning=false, audio ignored
03-27 21:25:49.189 32147 32747 D SimpleAudioRecorder: CALLBACK: About to call onAudioData
03-27 21:25:49.190 32147 32147 W VoicePipelineManager: BLOCKED: isRunning=false, audio ignored
03-27 21:25:49.190 32147 32747 D SimpleAudioRecorder: CALLBACK: About to call onAudioData
03-27 21:25:49.191 32147 32147 W VoicePipelineManager: BLOCKED: isRunning=false, audio ignored
03-27 21:25:49.191 32147 32179 D SimpleAudioRecorder: CALLBACK: About to call onAudioData
03-27 21:25:49.192 32147 32147 W VoicePipelineManager: BLOCKED: isRunning=false, audio ignored
03-27 21:25:49.193 32147 32179 D SimpleAudioRecorder: CALLBACK: About to call onAudioData
03-27 21:25:49.193 32147 32147 W VoicePipelineManager: BLOCKED: isRunning=false, audio ignored
03-27 21:25:49.345 32147 32179 D SimpleAudioRecorder: Read 2560 samples from mic
03-27 21:25:49.345 32147 32179 D SimpleAudioRecorder: CALLBACK: About to call onAudioData
03-27 21:25:49.346 32147 32147 W VoicePipelineManager: BLOCKED: isRunning=false, audio ignored
03-27 21:25:49.346 32147 32179 D SimpleAudioRecorder: CALLBACK: About to call onAudioData
03-27 21:25:49.346 32147 32147 W VoicePipelineManager: BLOCKED: isRunning=false, audio ignored
03-27 21:25:49.347 32147 32179 D SimpleAudioRecorder: CALLBACK: About to call onAudioData
03-27 21:25:49.348 32147 32147 W VoicePipelineManager: BLOCKED: isRunning=false, audio ignored
03-27 21:25:49.348 32147 32179 D SimpleAudioRecorder: CALLBACK: About to call onAudioData
03-27 21:25:49.349 32147 32147 W VoicePipelineManager: BLOCKED: isRunning=false, audio ignored
03-27 21:25:49.349 32147 32179 D SimpleAudioRecorder: CALLBACK: About to call onAudioData
03-27 21:25:49.350 32147 32147 W VoicePipelineManager: BLOCKED: isRunning=false, audio ignored
03-27 21:25:49.504 32147 32179 D SimpleAudioRecorder: Read 2560 samples from mic
03-27 21:25:49.505 32147 32179 D SimpleAudioRecorder: CALLBACK: About to call onAudioData
03-27 21:25:49.506 32147 32147 W VoicePipelineManager: BLOCKED: isRunning=false, audio ignored
03-27 21:25:49.506 32147 32179 D SimpleAudioRecorder: CALLBACK: About to call onAudioData
03-27 21:25:49.507 32147 32147 W VoicePipelineManager: BLOCKED: isRunning=false, audio ignored
03-27 21:25:49.507 32147 32179 D SimpleAudioRecorder: CALLBACK: About to call onAudioData
03-27 21:25:49.507 32147 32147 W VoicePipelineManager: BLOCKED: isRunning=false, audio ignored
03-27 21:25:49.507 32147 32179 D SimpleAudioRecorder: CALLBACK: About to call onAudioData
03-27 21:25:49.508 32147 32147 W VoicePipelineManager: BLOCKED: isRunning=false, audio ignored
03-27 21:25:49.508 32147 32747 D SimpleAudioRecorder: CALLBACK: About to call onAudioData
03-27 21:25:49.509 32147 32147 W VoicePipelineManager: BLOCKED: isRunning=false, audio ignored
03-27 21:25:49.665 32147 32190 D SimpleAudioRecorder: Read 2560 samples from mic
03-27 21:25:49.665 32147 32190 D SimpleAudioRecorder: CALLBACK: About to call onAudioData
03-27 21:25:49.665 32147 32147 W VoicePipelineManager: BLOCKED: isRunning=false, audio ignored
03-27 21:25:49.666 32147 32190 D SimpleAudioRecorder: CALLBACK: About to call onAudioData
03-27 21:25:49.666 32147 32147 W VoicePipelineManager: BLOCKED: isRunning=false, audio ignored
03-27 21:25:49.667 32147 32190 D SimpleAudioRecorder: CALLBACK: About to call onAudioData
03-27 21:25:49.667 32147 32147 W VoicePipelineManager: BLOCKED: isRunning=false, audio ignored
03-27 21:25:49.668 32147 32190 D SimpleAudioRecorder: CALLBACK: About to call onAudioData
03-27 21:25:49.672 32147 32147 W VoicePipelineManager: BLOCKED: isRunning=false, audio ignored
03-27 21:25:49.672 32147 32747 D SimpleAudioRecorder: CALLBACK: About to call onAudioData
03-27 21:25:49.673 32147 32147 W VoicePipelineManager: BLOCKED: isRunning=false, audio ignored
03-27 21:25:49.808 32147 32147 I BridgeJNI: Bridge nativeIsModelLoaded called
03-27 21:25:49.825 32147 32179 D SimpleAudioRecorder: Read 2560 samples from mic
03-27 21:25:49.825 32147 32179 D SimpleAudioRecorder: CALLBACK: About to call onAudioData
03-27 21:25:49.825 32147 32147 W VoicePipelineManager: BLOCKED: isRunning=false, audio ignored
03-27 21:25:49.825 32147 32179 D SimpleAudioRecorder: CALLBACK: About to call onAudioData
03-27 21:25:49.826 32147 32147 W VoicePipelineManager: BLOCKED: isRunning=false, audio ignored
03-27 21:25:49.826 32147 32179 D SimpleAudioRecorder: CALLBACK: About to call onAudioData
03-27 21:25:49.826 32147 32147 W VoicePipelineManager: BLOCKED: isRunning=false, audio ignored
03-27 21:25:49.827 32147 32179 D SimpleAudioRecorder: CALLBACK: About to call onAudioData
03-27 21:25:49.827 32147 32147 W VoicePipelineManager: BLOCKED: isRunning=false, audio ignored
03-27 21:25:49.827 32147 32179 D SimpleAudioRecorder: CALLBACK: About to call onAudioData
03-27 21:25:49.828 32147 32147 W VoicePipelineManager: BLOCKED: isRunning=false, audio ignored
03-27 21:25:49.984 32147 32190 D SimpleAudioRecorder: Read 2560 samples from mic
03-27 21:25:49.984 32147 32190 D SimpleAudioRecorder: CALLBACK: About to call onAudioData
03-27 21:25:49.988 32147 32147 W VoicePipelineManager: BLOCKED: isRunning=false, audio ignored
03-27 21:25:49.989 32147 32190 D SimpleAudioRecorder: CALLBACK: About to call onAudioData
03-27 21:25:49.989 32147 32147 W VoicePipelineManager: BLOCKED: isRunning=false, audio ignored
03-27 21:25:49.990 32147 32190 D SimpleAudioRecorder: CALLBACK: About to call onAudioData
03-27 21:25:49.990 32147 32147 W VoicePipelineManager: BLOCKED: isRunning=false, audio ignored
03-27 21:25:49.990 32147 32190 D SimpleAudioRecorder: CALLBACK: About to call onAudioData
03-27 21:25:49.991 32147 32147 W VoicePipelineManager: BLOCKED: isRunning=false, audio ignored
03-27 21:25:49.992 32147 32747 I BridgeJNI: Bridge nativeGetCurrentTemperature called
03-27 21:25:49.992 32147 32190 D SimpleAudioRecorder: CALLBACK: About to call onAudioData
03-27 21:25:49.992 32147 32147 W VoicePipelineManager: BLOCKED: isRunning=false, audio ignored
03-27 21:25:50.144 32147 32178 D SimpleAudioRecorder: Read 2560 samples from mic
03-27 21:25:50.145 32147 32178 D SimpleAudioRecorder: CALLBACK: About to call onAudioData
03-27 21:25:50.145 32147 32147 W VoicePipelineManager: BLOCKED: isRunning=false, audio ignored
03-27 21:25:50.145 32147 32178 D SimpleAudioRecorder: CALLBACK: About to call onAudioData
03-27 21:25:50.145 32147 32147 W VoicePipelineManager: BLOCKED: isRunning=false, audio ignored
03-27 21:25:50.146 32147 32178 D SimpleAudioRecorder: CALLBACK: About to call onAudioData
03-27 21:25:50.147 32147 32147 W VoicePipelineManager: BLOCKED: isRunning=false, audio ignored
03-27 21:25:50.147 32147 32178 D SimpleAudioRecorder: CALLBACK: About to call onAudioData
03-27 21:25:50.148 32147 32147 W VoicePipelineManager: BLOCKED: isRunning=false, audio ignored
03-27 21:25:50.148 32147 32178 D SimpleAudioRecorder: CALLBACK: About to call onAudioData
03-27 21:25:50.148 32147 32147 W VoicePipelineManager: BLOCKED: isRunning=false, audio ignored
03-27 21:25:50.305 32147 32178 D SimpleAudioRecorder: Read 2560 samples from mic
03-27 21:25:50.305 32147 32178 D SimpleAudioRecorder: CALLBACK: About to call onAudioData
03-27 21:25:50.306 32147 32147 W VoicePipelineManager: BLOCKED: isRunning=false, audio ignored
03-27 21:25:50.307 32147 32178 D SimpleAudioRecorder: CALLBACK: About to call onAudioData
03-27 21:25:50.307 32147 32147 W VoicePipelineManager: BLOCKED: isRunning=false, audio ignored
03-27 21:25:50.308 32147 32178 D SimpleAudioRecorder: CALLBACK: About to call onAudioData
03-27 21:25:50.308 32147 32147 W VoicePipelineManager: BLOCKED: isRunning=false, audio ignored
03-27 21:25:50.309 32147 32178 D SimpleAudioRecorder: CALLBACK: About to call onAudioData
03-27 21:25:50.309 32147 32147 W VoicePipelineManager: BLOCKED: isRunning=false, audio ignored
03-27 21:25:50.310 32147 32179 D SimpleAudioRecorder: CALLBACK: About to call onAudioData
03-27 21:25:50.310 32147 32147 W VoicePipelineManager: BLOCKED: isRunning=false, audio ignored
03-27 21:25:50.465 32147 32178 D SimpleAudioRecorder: Read 2560 samples from mic
03-27 21:25:50.465 32147 32178 D SimpleAudioRecorder: CALLBACK: About to call onAudioData
03-27 21:25:50.466 32147 32147 W VoicePipelineManager: BLOCKED: isRunning=false, audio ignored
03-27 21:25:50.466 32147 32178 D SimpleAudioRecorder: CALLBACK: About to call onAudioData
03-27 21:25:50.467 32147 32147 W VoicePipelineManager: BLOCKED: isRunning=false, audio ignored
03-27 21:25:50.468 32147 32178 D SimpleAudioRecorder: CALLBACK: About to call onAudioData
03-27 21:25:50.474 32147 32147 W VoicePipelineManager: BLOCKED: isRunning=false, audio ignored
03-27 21:25:50.475 32147 32178 D SimpleAudioRecorder: CALLBACK: About to call onAudioData
03-27 21:25:50.475 32147 32147 W VoicePipelineManager: BLOCKED: isRunning=false, audio ignored
03-27 21:25:50.475 32147 32178 D SimpleAudioRecorder: CALLBACK: About to call onAudioData
03-27 21:25:50.476 32147 32147 W VoicePipelineManager: BLOCKED: isRunning=false, audio ignored
03-27 21:25:50.572   878   878 E cnss-daemon: Stale or unreachable neighbors, ndm state: 16
03-27 21:25:50.625 32147 32178 D SimpleAudioRecorder: Read 2560 samples from mic
03-27 21:25:50.625 32147 32178 D SimpleAudioRecorder: CALLBACK: About to call onAudioData
03-27 21:25:50.625 32147 32147 W VoicePipelineManager: BLOCKED: isRunning=false, audio ignored
03-27 21:25:50.626 32147 32178 D SimpleAudioRecorder: CALLBACK: About to call onAudioData
03-27 21:25:50.627 32147 32147 W VoicePipelineManager: BLOCKED: isRunning=false, audio ignored
03-27 21:25:50.627 32147 32178 D SimpleAudioRecorder: CALLBACK: About to call onAudioData
03-27 21:25:50.628 32147 32147 W VoicePipelineManager: BLOCKED: isRunning=false, audio ignored
03-27 21:25:50.628 32147 32178 D SimpleAudioRecorder: CALLBACK: About to call onAudioData
03-27 21:25:50.628 32147 32147 W VoicePipelineManager: BLOCKED: isRunning=false, audio ignored
03-27 21:25:50.629 32147 32178 D SimpleAudioRecorder: CALLBACK: About to call onAudioData
03-27 21:25:50.629 32147 32147 W VoicePipelineManager: BLOCKED: isRunning=false, audio ignored
03-27 21:25:50.785 32147 32178 D SimpleAudioRecorder: Read 2560 samples from mic
03-27 21:25:50.785 32147 32178 D SimpleAudioRecorder: CALLBACK: About to call onAudioData
03-27 21:25:50.791 32147 32147 W VoicePipelineManager: BLOCKED: isRunning=false, audio ignored
03-27 21:25:50.792 32147 32178 D SimpleAudioRecorder: CALLBACK: About to call onAudioData
03-27 21:25:50.792 32147 32147 W VoicePipelineManager: BLOCKED: isRunning=false, audio ignored
03-27 21:25:50.793 32147 32178 D SimpleAudioRecorder: CALLBACK: About to call onAudioData
03-27 21:25:50.794 32147 32147 W VoicePipelineManager: BLOCKED: isRunning=false, audio ignored
03-27 21:25:50.794 32147 32178 D SimpleAudioRecorder: CALLBACK: About to call onAudioData
03-27 21:25:50.795 32147 32147 W VoicePipelineManager: BLOCKED: isRunning=false, audio ignored
03-27 21:25:50.795 32147 32178 D SimpleAudioRecorder: CALLBACK: About to call onAudioData
03-27 21:25:50.796 32147 32147 W VoicePipelineManager: BLOCKED: isRunning=false, audio ignored
03-27 21:25:50.809 32147 32147 I BridgeJNI: Bridge nativeIsModelLoaded called
03-27 21:25:50.945 32147 32179 D SimpleAudioRecorder: Read 2560 samples from mic
03-27 21:25:50.945 32147 32179 D SimpleAudioRecorder: CALLBACK: About to call onAudioData
03-27 21:25:50.945 32147 32147 W VoicePipelineManager: BLOCKED: isRunning=false, audio ignored
03-27 21:25:50.946 32147 32179 D SimpleAudioRecorder: CALLBACK: About to call onAudioData
03-27 21:25:50.946 32147 32147 W VoicePipelineManager: BLOCKED: isRunning=false, audio ignored
03-27 21:25:50.946 32147 32179 D SimpleAudioRecorder: CALLBACK: About to call onAudioData
03-27 21:25:50.947 32147 32147 W VoicePipelineManager: BLOCKED: isRunning=false, audio ignored
03-27 21:25:50.947 32147 32178 D SimpleAudioRecorder: CALLBACK: About to call onAudioData
03-27 21:25:50.947 32147 32147 W VoicePipelineManager: BLOCKED: isRunning=false, audio ignored
03-27 21:25:50.948 32147 32178 D SimpleAudioRecorder: CALLBACK: About to call onAudioData
03-27 21:25:50.948 32147 32147 W VoicePipelineManager: BLOCKED: isRunning=false, audio ignored
03-27 21:25:51.105 32147 32178 D SimpleAudioRecorder: Read 2560 samples from mic
03-27 21:25:51.105 32147 32178 D SimpleAudioRecorder: CALLBACK: About to call onAudioData
03-27 21:25:51.105 32147 32147 W VoicePipelineManager: BLOCKED: isRunning=false, audio ignored
03-27 21:25:51.106 32147 32178 D SimpleAudioRecorder: CALLBACK: About to call onAudioData
03-27 21:25:51.106 32147 32147 W VoicePipelineManager: BLOCKED: isRunning=false, audio ignored
03-27 21:25:51.106 32147 32178 D SimpleAudioRecorder: CALLBACK: About to call onAudioData
03-27 21:25:51.107 32147 32147 W VoicePipelineManager: BLOCKED: isRunning=false, audio ignored
03-27 21:25:51.107 32147 32178 D SimpleAudioRecorder: CALLBACK: About to call onAudioData
03-27 21:25:51.108 32147 32147 W VoicePipelineManager: BLOCKED: isRunning=false, audio ignored
03-27 21:25:51.108 32147 32178 D SimpleAudioRecorder: CALLBACK: About to call onAudioData
03-27 21:25:51.109 32147 32147 W VoicePipelineManager: BLOCKED: isRunning=false, audio ignored
03-27 21:25:51.265 32147 32178 D SimpleAudioRecorder: Read 2560 samples from mic
03-27 21:25:51.265 32147 32178 D SimpleAudioRecorder: CALLBACK: About to call onAudioData
03-27 21:25:51.265 32147 32147 W VoicePipelineManager: BLOCKED: isRunning=false, audio ignored
03-27 21:25:51.266 32147 32178 D SimpleAudioRecorder: CALLBACK: About to call onAudioData
03-27 21:25:51.266 32147 32147 W VoicePipelineManager: BLOCKED: isRunning=false, audio ignored
03-27 21:25:51.267 32147 32178 D SimpleAudioRecorder: CALLBACK: About to call onAudioData
03-27 21:25:51.267 32147 32147 W VoicePipelineManager: BLOCKED: isRunning=false, audio ignored
03-27 21:25:51.268 32147 32178 D SimpleAudioRecorder: CALLBACK: About to call onAudioData
03-27 21:25:51.272 32147 32147 W VoicePipelineManager: BLOCKED: isRunning=false, audio ignored
03-27 21:25:51.273 32147 32178 D SimpleAudioRecorder: CALLBACK: About to call onAudioData
03-27 21:25:51.273 32147 32147 W VoicePipelineManager: BLOCKED: isRunning=false, audio ignored
03-27 21:25:51.425 32147 32179 D SimpleAudioRecorder: Read 2560 samples from mic
03-27 21:25:51.425 32147 32179 D SimpleAudioRecorder: CALLBACK: About to call onAudioData
03-27 21:25:51.426 32147 32147 W VoicePipelineManager: BLOCKED: isRunning=false, audio ignored
03-27 21:25:51.426 32147 32179 D SimpleAudioRecorder: CALLBACK: About to call onAudioData
03-27 21:25:51.427 32147 32147 W VoicePipelineManager: BLOCKED: isRunning=false, audio ignored
03-27 21:25:51.427 32147 32179 D SimpleAudioRecorder: CALLBACK: About to call onAudioData
03-27 21:25:51.428 32147 32147 W VoicePipelineManager: BLOCKED: isRunning=false, audio ignored
03-27 21:25:51.429 32147 32179 D SimpleAudioRecorder: CALLBACK: About to call onAudioData
03-27 21:25:51.429 32147 32147 W VoicePipelineManager: BLOCKED: isRunning=false, audio ignored
03-27 21:25:51.430 32147 32179 D SimpleAudioRecorder: CALLBACK: About to call onAudioData
03-27 21:25:51.430 32147 32147 W VoicePipelineManager: BLOCKED: isRunning=false, audio ignored
03-27 21:25:51.584 32147 32179 D SimpleAudioRecorder: Read 2560 samples from mic
03-27 21:25:51.584 32147 32179 D SimpleAudioRecorder: CALLBACK: About to call onAudioData
03-27 21:25:51.588 32147 32147 W VoicePipelineManager: BLOCKED: isRunning=false, audio ignored
03-27 21:25:51.588 32147 32179 D SimpleAudioRecorder: CALLBACK: About to call onAudioData
03-27 21:25:51.589 32147 32147 W VoicePipelineManager: BLOCKED: isRunning=false, audio ignored
03-27 21:25:51.589 32147 32178 D SimpleAudioRecorder: CALLBACK: About to call onAudioData
03-27 21:25:51.589 32147 32147 W VoicePipelineManager: BLOCKED: isRunning=false, audio ignored
03-27 21:25:51.590 32147 32179 D SimpleAudioRecorder: CALLBACK: About to call onAudioData
03-27 21:25:51.590 32147 32147 W VoicePipelineManager: BLOCKED: isRunning=false, audio ignored
03-27 21:25:51.591 32147 32179 D SimpleAudioRecorder: CALLBACK: About to call onAudioData
03-27 21:25:51.591 32147 32147 W VoicePipelineManager: BLOCKED: isRunning=false, audio ignored
03-27 21:25:51.667 31901 31901 I Choreographer: Skipped 1 frames!  The application may be doing too much work on its main thread.
03-27 21:25:51.745 32147 32179 D SimpleAudioRecorder: Read 2560 samples from mic
03-27 21:25:51.745 32147 32179 D SimpleAudioRecorder: CALLBACK: About to call onAudioData
03-27 21:25:51.745 32147 32147 W VoicePipelineManager: BLOCKED: isRunning=false, audio ignored
03-27 21:25:51.745 32147 32179 D SimpleAudioRecorder: CALLBACK: About to call onAudioData
03-27 21:25:51.745 32147 32147 W VoicePipelineManager: BLOCKED: isRunning=false, audio ignored
03-27 21:25:51.746 32147 32179 D SimpleAudioRecorder: CALLBACK: About to call onAudioData
03-27 21:25:51.746 32147 32147 W VoicePipelineManager: BLOCKED: isRunning=false, audio ignored
03-27 21:25:51.746 32147 32179 D SimpleAudioRecorder: CALLBACK: About to call onAudioData
03-27 21:25:51.747 32147 32147 W VoicePipelineManager: BLOCKED: isRunning=false, audio ignored
03-27 21:25:51.747 32147 32179 D SimpleAudioRecorder: CALLBACK: About to call onAudioData
03-27 21:25:51.748 32147 32147 W VoicePipelineManager: BLOCKED: isRunning=false, audio ignored
03-27 21:25:51.810 32147 32147 I BridgeJNI: Bridge nativeIsModelLoaded called
03-27 21:25:51.904 32147 32179 D SimpleAudioRecorder: Read 2560 samples from mic
03-27 21:25:51.904 32147 32179 D SimpleAudioRecorder: CALLBACK: About to call onAudioData
03-27 21:25:51.906 32147 32147 W VoicePipelineManager: BLOCKED: isRunning=false, audio ignored
03-27 21:25:51.906 32147 32179 D SimpleAudioRecorder: CALLBACK: About to call onAudioData
03-27 21:25:51.906 32147 32147 W VoicePipelineManager: BLOCKED: isRunning=false, audio ignored
03-27 21:25:51.907 32147 32179 D SimpleAudioRecorder: CALLBACK: About to call onAudioData
03-27 21:25:51.907 32147 32147 W VoicePipelineManager: BLOCKED: isRunning=false, audio ignored
03-27 21:25:51.908 32147 32179 D SimpleAudioRecorder: CALLBACK: About to call onAudioData
03-27 21:25:51.908 32147 32147 W VoicePipelineManager: BLOCKED: isRunning=false, audio ignored
03-27 21:25:51.908 32147 32178 D SimpleAudioRecorder: CALLBACK: About to call onAudioData
03-27 21:25:51.909 32147 32147 W VoicePipelineManager: BLOCKED: isRunning=false, audio ignored
03-27 21:25:51.994 32147 32178 I BridgeJNI: Bridge nativeGetCurrentTemperature called
03-27 21:25:52.064 32147 32179 D SimpleAudioRecorder: Read 2560 samples from mic
03-27 21:25:52.065 32147 32179 D SimpleAudioRecorder: CALLBACK: About to call onAudioData
03-27 21:25:52.065 32147 32147 W VoicePipelineManager: BLOCKED: isRunning=false, audio ignored
03-27 21:25:52.065 32147 32179 D SimpleAudioRecorder: CALLBACK: About to call onAudioData
03-27 21:25:52.066 32147 32147 W VoicePipelineManager: BLOCKED: isRunning=false, audio ignored
03-27 21:25:52.066 32147 32179 D SimpleAudioRecorder: CALLBACK: About to call onAudioData
03-27 21:25:52.067 32147 32147 W VoicePipelineManager: BLOCKED: isRunning=false, audio ignored
03-27 21:25:52.067 32147 32179 D SimpleAudioRecorder: CALLBACK: About to call onAudioData
03-27 21:25:52.072 32147 32147 W VoicePipelineManager: BLOCKED: isRunning=false, audio ignored
03-27 21:25:52.072 32147 32747 D SimpleAudioRecorder: CALLBACK: About to call onAudioData
03-27 21:25:52.073 32147 32147 W VoicePipelineManager: BLOCKED: isRunning=false, audio ignored
03-27 21:25:52.224 32147 32747 D SimpleAudioRecorder: Read 2560 samples from mic
03-27 21:25:52.224 32147 32747 D SimpleAudioRecorder: CALLBACK: About to call onAudioData
03-27 21:25:52.225 32147 32147 W VoicePipelineManager: BLOCKED: isRunning=false, audio ignored
03-27 21:25:52.225 32147 32747 D SimpleAudioRecorder: CALLBACK: About to call onAudioData
03-27 21:25:52.226 32147 32147 W VoicePipelineManager: BLOCKED: isRunning=false, audio ignored
03-27 21:25:52.226 32147 32747 D SimpleAudioRecorder: CALLBACK: About to call onAudioData
03-27 21:25:52.226 32147 32147 W VoicePipelineManager: BLOCKED: isRunning=false, audio ignored
03-27 21:25:52.227 32147 32747 D SimpleAudioRecorder: CALLBACK: About to call onAudioData
03-27 21:25:52.227 32147 32147 W VoicePipelineManager: BLOCKED: isRunning=false, audio ignored
03-27 21:25:52.227 32147 32747 D SimpleAudioRecorder: CALLBACK: About to call onAudioData
03-27 21:25:52.228 32147 32147 W VoicePipelineManager: BLOCKED: isRunning=false, audio ignored
03-27 21:25:52.385 32147 32747 D SimpleAudioRecorder: Read 2560 samples from mic
03-27 21:25:52.385 32147 32747 D SimpleAudioRecorder: CALLBACK: About to call onAudioData
03-27 21:25:52.390 32147 32147 W VoicePipelineManager: BLOCKED: isRunning=false, audio ignored
03-27 21:25:52.391 32147 32747 D SimpleAudioRecorder: CALLBACK: About to call onAudioData
03-27 21:25:52.391 32147 32147 W VoicePipelineManager: BLOCKED: isRunning=false, audio ignored
03-27 21:25:52.391 32147 32747 D SimpleAudioRecorder: CALLBACK: About to call onAudioData
03-27 21:25:52.392 32147 32147 W VoicePipelineManager: BLOCKED: isRunning=false, audio ignored
03-27 21:25:52.392 32147 32747 D SimpleAudioRecorder: CALLBACK: About to call onAudioData
03-27 21:25:52.392 32147 32147 W VoicePipelineManager: BLOCKED: isRunning=false, audio ignored
03-27 21:25:52.393 32147 32179 D SimpleAudioRecorder: CALLBACK: About to call onAudioData
03-27 21:25:52.393 32147 32147 W VoicePipelineManager: BLOCKED: isRunning=false, audio ignored
03-27 21:25:52.544 32147 32179 D SimpleAudioRecorder: Read 2560 samples from mic
03-27 21:25:52.544 32147 32179 D SimpleAudioRecorder: CALLBACK: About to call onAudioData
03-27 21:25:52.545 32147 32147 W VoicePipelineManager: BLOCKED: isRunning=false, audio ignored
03-27 21:25:52.545 32147 32179 D SimpleAudioRecorder: CALLBACK: About to call onAudioData
03-27 21:25:52.545 32147 32147 W VoicePipelineManager: BLOCKED: isRunning=false, audio ignored
03-27 21:25:52.546 32147 32179 D SimpleAudioRecorder: CALLBACK: About to call onAudioData
03-27 21:25:52.546 32147 32147 W VoicePipelineManager: BLOCKED: isRunning=false, audio ignored
03-27 21:25:52.547 32147 32179 D SimpleAudioRecorder: CALLBACK: About to call onAudioData
03-27 21:25:52.547 32147 32147 W VoicePipelineManager: BLOCKED: isRunning=false, audio ignored
03-27 21:25:52.547 32147 32179 D SimpleAudioRecorder: CALLBACK: About to call onAudioData
03-27 21:25:52.548 32147 32147 W VoicePipelineManager: BLOCKED: isRunning=false, audio ignored
03-27 21:25:52.670 31901 31901 I Choreographer: Skipped 1 frames!  The application may be doing too much work on its main thread.
03-27 21:25:52.704 32147 32747 D SimpleAudioRecorder: Read 2560 samples from mic
03-27 21:25:52.704 32147 32747 D SimpleAudioRecorder: CALLBACK: About to call onAudioData
03-27 21:25:52.705 32147 32147 W VoicePipelineManager: BLOCKED: isRunning=false, audio ignored
03-27 21:25:52.705 32147 32747 D SimpleAudioRecorder: CALLBACK: About to call onAudioData
03-27 21:25:52.706 32147 32147 W VoicePipelineManager: BLOCKED: isRunning=false, audio ignored
03-27 21:25:52.706 32147 32179 D SimpleAudioRecorder: CALLBACK: About to call onAudioData
03-27 21:25:52.706 32147 32147 W VoicePipelineManager: BLOCKED: isRunning=false, audio ignored
03-27 21:25:52.706 32147 32179 D SimpleAudioRecorder: CALLBACK: About to call onAudioData
03-27 21:25:52.707 32147 32147 W VoicePipelineManager: BLOCKED: isRunning=false, audio ignored
03-27 21:25:52.707 32147 32179 D SimpleAudioRecorder: CALLBACK: About to call onAudioData
03-27 21:25:52.707 32147 32147 W VoicePipelineManager: BLOCKED: isRunning=false, audio ignored
03-27 21:25:52.811 32147 32147 I BridgeJNI: Bridge nativeIsModelLoaded called
03-27 21:25:52.864 32147 32179 D SimpleAudioRecorder: Read 2560 samples from mic
03-27 21:25:52.864 32147 32179 D SimpleAudioRecorder: CALLBACK: About to call onAudioData
03-27 21:25:52.865 32147 32147 W VoicePipelineManager: BLOCKED: isRunning=false, audio ignored
03-27 21:25:52.865 32147 32179 D SimpleAudioRecorder: CALLBACK: About to call onAudioData
03-27 21:25:52.865 32147 32147 W VoicePipelineManager: BLOCKED: isRunning=false, audio ignored
03-27 21:25:52.866 32147 32179 D SimpleAudioRecorder: CALLBACK: About to call onAudioData
03-27 21:25:52.866 32147 32147 W VoicePipelineManager: BLOCKED: isRunning=false, audio ignored
03-27 21:25:52.866 32147 32179 D SimpleAudioRecorder: CALLBACK: About to call onAudioData
03-27 21:25:52.867 32147 32147 W VoicePipelineManager: BLOCKED: isRunning=false, audio ignored
03-27 21:25:52.867 32147 32179 D SimpleAudioRecorder: CALLBACK: About to call onAudioData
03-27 21:25:52.871 32147 32147 W VoicePipelineManager: BLOCKED: isRunning=false, audio ignored
03-27 21:25:53.024 32147 32747 D SimpleAudioRecorder: Read 2560 samples from mic
03-27 21:25:53.024 32147 32747 D SimpleAudioRecorder: CALLBACK: About to call onAudioData
03-27 21:25:53.025 32147 32147 W VoicePipelineManager: BLOCKED: isRunning=false, audio ignored
03-27 21:25:53.025 32147 32747 D SimpleAudioRecorder: CALLBACK: About to call onAudioData
03-27 21:25:53.026 32147 32147 W VoicePipelineManager: BLOCKED: isRunning=false, audio ignored
03-27 21:25:53.026 32147 32747 D SimpleAudioRecorder: CALLBACK: About to call onAudioData
03-27 21:25:53.027 32147 32147 W VoicePipelineManager: BLOCKED: isRunning=false, audio ignored
03-27 21:25:53.028 32147 32747 D SimpleAudioRecorder: CALLBACK: About to call onAudioData
03-27 21:25:53.028 32147 32147 W VoicePipelineManager: BLOCKED: isRunning=false, audio ignored
03-27 21:25:53.029 32147 32747 D SimpleAudioRecorder: CALLBACK: About to call onAudioData
03-27 21:25:53.029 32147 32147 W VoicePipelineManager: BLOCKED: isRunning=false, audio ignored
03-27 21:25:53.185 32147 32179 D SimpleAudioRecorder: Read 2560 samples from mic
03-27 21:25:53.185 32147 32179 D SimpleAudioRecorder: CALLBACK: About to call onAudioData
03-27 21:25:53.190 32147 32147 W VoicePipelineManager: BLOCKED: isRunning=false, audio ignored
03-27 21:25:53.191 32147 32179 D SimpleAudioRecorder: CALLBACK: About to call onAudioData
03-27 21:25:53.192 32147 32147 W VoicePipelineManager: BLOCKED: isRunning=false, audio ignored
03-27 21:25:53.192 32147 32747 D SimpleAudioRecorder: CALLBACK: About to call onAudioData
03-27 21:25:53.193 32147 32147 W VoicePipelineManager: BLOCKED: isRunning=false, audio ignored
03-27 21:25:53.194 32147 32179 D SimpleAudioRecorder: CALLBACK: About to call onAudioData
03-27 21:25:53.194 32147 32147 W VoicePipelineManager: BLOCKED: isRunning=false, audio ignored
03-27 21:25:53.195 32147 32747 D SimpleAudioRecorder: CALLBACK: About to call onAudioData
03-27 21:25:53.196 32147 32147 W VoicePipelineManager: BLOCKED: isRunning=false, audio ignored
03-27 21:25:53.345 32147 32747 D SimpleAudioRecorder: Read 2560 samples from mic
03-27 21:25:53.345 32147 32747 D SimpleAudioRecorder: CALLBACK: About to call onAudioData
03-27 21:25:53.345 32147 32147 W VoicePipelineManager: BLOCKED: isRunning=false, audio ignored
03-27 21:25:53.346 32147 32747 D SimpleAudioRecorder: CALLBACK: About to call onAudioData
03-27 21:25:53.346 32147 32147 W VoicePipelineManager: BLOCKED: isRunning=false, audio ignored
03-27 21:25:53.347 32147 32747 D SimpleAudioRecorder: CALLBACK: About to call onAudioData
03-27 21:25:53.347 32147 32147 W VoicePipelineManager: BLOCKED: isRunning=false, audio ignored
03-27 21:25:53.348 32147 32179 D SimpleAudioRecorder: CALLBACK: About to call onAudioData
03-27 21:25:53.348 32147 32147 W VoicePipelineManager: BLOCKED: isRunning=false, audio ignored
03-27 21:25:53.349 32147 32179 D SimpleAudioRecorder: CALLBACK: About to call onAudioData
03-27 21:25:53.350 32147 32147 W VoicePipelineManager: BLOCKED: isRunning=false, audio ignored
03-27 21:25:53.505 32147 32747 D SimpleAudioRecorder: Read 2560 samples from mic
03-27 21:25:53.505 32147 32747 D SimpleAudioRecorder: CALLBACK: About to call onAudioData
03-27 21:25:53.506 32147 32147 W VoicePipelineManager: BLOCKED: isRunning=false, audio ignored
03-27 21:25:53.507 32147 32747 D SimpleAudioRecorder: CALLBACK: About to call onAudioData
03-27 21:25:53.507 32147 32147 W VoicePipelineManager: BLOCKED: isRunning=false, audio ignored
03-27 21:25:53.508 32147 32747 D SimpleAudioRecorder: CALLBACK: About to call onAudioData
03-27 21:25:53.509 32147 32147 W VoicePipelineManager: BLOCKED: isRunning=false, audio ignored
03-27 21:25:53.510 32147 32179 D SimpleAudioRecorder: CALLBACK: About to call onAudioData
03-27 21:25:53.510 32147 32147 W VoicePipelineManager: BLOCKED: isRunning=false, audio ignored
03-27 21:25:53.511 32147 32179 D SimpleAudioRecorder: CALLBACK: About to call onAudioData
03-27 21:25:53.511 32147 32147 W VoicePipelineManager: BLOCKED: isRunning=false, audio ignored
03-27 21:25:53.664 32147 32747 D SimpleAudioRecorder: Read 2560 samples from mic
03-27 21:25:53.665 32147 32747 D SimpleAudioRecorder: CALLBACK: About to call onAudioData
03-27 21:25:53.665 32147 32147 W VoicePipelineManager: BLOCKED: isRunning=false, audio ignored
03-27 21:25:53.665 32147 32747 D SimpleAudioRecorder: CALLBACK: About to call onAudioData
03-27 21:25:53.666 32147 32147 W VoicePipelineManager: BLOCKED: isRunning=false, audio ignored
03-27 21:25:53.666 32147 32179 D SimpleAudioRecorder: CALLBACK: About to call onAudioData
03-27 21:25:53.667 32147 32147 W VoicePipelineManager: BLOCKED: isRunning=false, audio ignored
03-27 21:25:53.667 32147 32179 D SimpleAudioRecorder: CALLBACK: About to call onAudioData
03-27 21:25:53.671 32147 32147 W VoicePipelineManager: BLOCKED: isRunning=false, audio ignored
03-27 21:25:53.672 32147 32747 D SimpleAudioRecorder: CALLBACK: About to call onAudioData
03-27 21:25:53.672 32147 32147 W VoicePipelineManager: BLOCKED: isRunning=false, audio ignored
03-27 21:25:53.812 32147 32147 I BridgeJNI: Bridge nativeIsModelLoaded called
03-27 21:25:53.824 32147 32747 D SimpleAudioRecorder: Read 2560 samples from mic
03-27 21:25:53.824 32147 32747 D SimpleAudioRecorder: CALLBACK: About to call onAudioData
03-27 21:25:53.825 32147 32147 W VoicePipelineManager: BLOCKED: isRunning=false, audio ignored
03-27 21:25:53.825 32147 32747 D SimpleAudioRecorder: CALLBACK: About to call onAudioData
03-27 21:25:53.825 32147 32147 W VoicePipelineManager: BLOCKED: isRunning=false, audio ignored
03-27 21:25:53.825 32147 32747 D SimpleAudioRecorder: CALLBACK: About to call onAudioData
03-27 21:25:53.825 32147 32147 W VoicePipelineManager: BLOCKED: isRunning=false, audio ignored
03-27 21:25:53.826 32147 32179 D SimpleAudioRecorder: CALLBACK: About to call onAudioData
03-27 21:25:53.826 32147 32147 W VoicePipelineManager: BLOCKED: isRunning=false, audio ignored
03-27 21:25:53.826 32147 32179 D SimpleAudioRecorder: CALLBACK: About to call onAudioData
03-27 21:25:53.826 32147 32147 W VoicePipelineManager: BLOCKED: isRunning=false, audio ignored
03-27 21:25:53.985 32147 32179 D SimpleAudioRecorder: Read 2560 samples from mic
03-27 21:25:53.985 32147 32179 D SimpleAudioRecorder: CALLBACK: About to call onAudioData
03-27 21:25:53.990 32147 32147 W VoicePipelineManager: BLOCKED: isRunning=false, audio ignored
03-27 21:25:53.991 32147 32179 D SimpleAudioRecorder: CALLBACK: About to call onAudioData
03-27 21:25:53.992 32147 32147 W VoicePipelineManager: BLOCKED: isRunning=false, audio ignored
03-27 21:25:53.992 32147 32179 D SimpleAudioRecorder: CALLBACK: About to call onAudioData
03-27 21:25:53.993 32147 32147 W VoicePipelineManager: BLOCKED: isRunning=false, audio ignored
03-27 21:25:53.993 32147 32179 D SimpleAudioRecorder: CALLBACK: About to call onAudioData
03-27 21:25:53.994 32147 32147 W VoicePipelineManager: BLOCKED: isRunning=false, audio ignored
03-27 21:25:53.994 32147 32179 D SimpleAudioRecorder: CALLBACK: About to call onAudioData
03-27 21:25:53.994 32147 32147 W VoicePipelineManager: BLOCKED: isRunning=false, audio ignored
03-27 21:25:53.996 32147 32179 I BridgeJNI: Bridge nativeGetCurrentTemperature called
03-27 21:25:54.145 32147 32747 D SimpleAudioRecorder: Read 2560 samples from mic
03-27 21:25:54.145 32147 32747 D SimpleAudioRecorder: CALLBACK: About to call onAudioData
03-27 21:25:54.145 32147 32147 W VoicePipelineManager: BLOCKED: isRunning=false, audio ignored
03-27 21:25:54.146 32147 32747 D SimpleAudioRecorder: CALLBACK: About to call onAudioData
03-27 21:25:54.146 32147 32147 W VoicePipelineManager: BLOCKED: isRunning=false, audio ignored
03-27 21:25:54.146 32147 32747 D SimpleAudioRecorder: CALLBACK: About to call onAudioData
03-27 21:25:54.147 32147 32147 W VoicePipelineManager: BLOCKED: isRunning=false, audio ignored
03-27 21:25:54.147 32147 32747 D SimpleAudioRecorder: CALLBACK: About to call onAudioData
03-27 21:25:54.148 32147 32147 W VoicePipelineManager: BLOCKED: isRunning=false, audio ignored
03-27 21:25:54.148 32147 32747 D SimpleAudioRecorder: CALLBACK: About to call onAudioData
03-27 21:25:54.148 32147 32147 W VoicePipelineManager: BLOCKED: isRunning=false, audio ignored
03-27 21:25:54.305 32147 32178 D SimpleAudioRecorder: Read 2560 samples from mic
03-27 21:25:54.305 32147 32178 D SimpleAudioRecorder: CALLBACK: About to call onAudioData
03-27 21:25:54.306 32147 32147 W VoicePipelineManager: BLOCKED: isRunning=false, audio ignored
03-27 21:25:54.307 32147 32178 D SimpleAudioRecorder: CALLBACK: About to call onAudioData
03-27 21:25:54.307 32147 32147 W VoicePipelineManager: BLOCKED: isRunning=false, audio ignored
03-27 21:25:54.307 32147 32178 D SimpleAudioRecorder: CALLBACK: About to call onAudioData
03-27 21:25:54.308 32147 32147 W VoicePipelineManager: BLOCKED: isRunning=false, audio ignored
03-27 21:25:54.309 32147 32178 D SimpleAudioRecorder: CALLBACK: About to call onAudioData
03-27 21:25:54.309 32147 32147 W VoicePipelineManager: BLOCKED: isRunning=false, audio ignored
03-27 21:25:54.310 32147 32178 D SimpleAudioRecorder: CALLBACK: About to call onAudioData
03-27 21:25:54.310 32147 32147 W VoicePipelineManager: BLOCKED: isRunning=false, audio ignored
03-27 21:25:54.465 32147 32178 D SimpleAudioRecorder: Read 2560 samples from mic
03-27 21:25:54.465 32147 32178 D SimpleAudioRecorder: CALLBACK: About to call onAudioData
03-27 21:25:54.466 32147 32147 W VoicePipelineManager: BLOCKED: isRunning=false, audio ignored
03-27 21:25:54.466 32147 32178 D SimpleAudioRecorder: CALLBACK: About to call onAudioData
03-27 21:25:54.467 32147 32147 W VoicePipelineManager: BLOCKED: isRunning=false, audio ignored
03-27 21:25:54.467 32147 32178 D SimpleAudioRecorder: CALLBACK: About to call onAudioData
03-27 21:25:54.473 32147 32147 W VoicePipelineManager: BLOCKED: isRunning=false, audio ignored
03-27 21:25:54.473 32147 32178 D SimpleAudioRecorder: CALLBACK: About to call onAudioData
03-27 21:25:54.474 32147 32147 W VoicePipelineManager: BLOCKED: isRunning=false, audio ignored
03-27 21:25:54.474 32147 32178 D SimpleAudioRecorder: CALLBACK: About to call onAudioData
03-27 21:25:54.474 32147 32147 W VoicePipelineManager: BLOCKED: isRunning=false, audio ignored
03-27 21:25:54.624 32147 32178 D SimpleAudioRecorder: Read 2560 samples from mic
03-27 21:25:54.625 32147 32178 D SimpleAudioRecorder: CALLBACK: About to call onAudioData
03-27 21:25:54.625 32147 32147 W VoicePipelineManager: BLOCKED: isRunning=false, audio ignored
03-27 21:25:54.626 32147 32178 D SimpleAudioRecorder: CALLBACK: About to call onAudioData
03-27 21:25:54.626 32147 32147 W VoicePipelineManager: BLOCKED: isRunning=false, audio ignored
03-27 21:25:54.627 32147 32178 D SimpleAudioRecorder: CALLBACK: About to call onAudioData
03-27 21:25:54.628 32147 32147 W VoicePipelineManager: BLOCKED: isRunning=false, audio ignored
03-27 21:25:54.628 32147 32178 D SimpleAudioRecorder: CALLBACK: About to call onAudioData
03-27 21:25:54.629 32147 32147 W VoicePipelineManager: BLOCKED: isRunning=false, audio ignored
03-27 21:25:54.629 32147 32178 D SimpleAudioRecorder: CALLBACK: About to call onAudioData
03-27 21:25:54.630 32147 32147 W VoicePipelineManager: BLOCKED: isRunning=false, audio ignored
03-27 21:25:54.785 32147 32178 D SimpleAudioRecorder: Read 2560 samples from mic
03-27 21:25:54.785 32147 32178 D SimpleAudioRecorder: CALLBACK: About to call onAudioData
03-27 21:25:54.790 32147 32147 W VoicePipelineManager: BLOCKED: isRunning=false, audio ignored
03-27 21:25:54.790 32147 32178 D SimpleAudioRecorder: CALLBACK: About to call onAudioData
03-27 21:25:54.791 32147 32147 W VoicePipelineManager: BLOCKED: isRunning=false, audio ignored
03-27 21:25:54.791 32147 32747 D SimpleAudioRecorder: CALLBACK: About to call onAudioData
03-27 21:25:54.791 32147 32147 W VoicePipelineManager: BLOCKED: isRunning=false, audio ignored
03-27 21:25:54.792 32147 32747 D SimpleAudioRecorder: CALLBACK: About to call onAudioData
03-27 21:25:54.792 32147 32147 W VoicePipelineManager: BLOCKED: isRunning=false, audio ignored
03-27 21:25:54.793 32147 32747 D SimpleAudioRecorder: CALLBACK: About to call onAudioData
03-27 21:25:54.793 32147 32147 W VoicePipelineManager: BLOCKED: isRunning=false, audio ignored
03-27 21:25:54.812 32147 32147 I BridgeJNI: Bridge nativeIsModelLoaded called
03-27 21:25:54.945 32147 32747 D SimpleAudioRecorder: Read 2560 samples from mic
03-27 21:25:54.945 32147 32747 D SimpleAudioRecorder: CALLBACK: About to call onAudioData
03-27 21:25:54.945 32147 32147 W VoicePipelineManager: BLOCKED: isRunning=false, audio ignored
03-27 21:25:54.945 32147 32747 D SimpleAudioRecorder: CALLBACK: About to call onAudioData
03-27 21:25:54.946 32147 32147 W VoicePipelineManager: BLOCKED: isRunning=false, audio ignored
03-27 21:25:54.946 32147 32747 D SimpleAudioRecorder: CALLBACK: About to call onAudioData
03-27 21:25:54.946 32147 32147 W VoicePipelineManager: BLOCKED: isRunning=false, audio ignored
03-27 21:25:54.946 32147 32747 D SimpleAudioRecorder: CALLBACK: About to call onAudioData
03-27 21:25:54.947 32147 32147 W VoicePipelineManager: BLOCKED: isRunning=false, audio ignored
03-27 21:25:54.947 32147 32747 D SimpleAudioRecorder: CALLBACK: About to call onAudioData
03-27 21:25:54.947 32147 32147 W VoicePipelineManager: BLOCKED: isRunning=false, audio ignored
03-27 21:25:55.105 32147 32747 D SimpleAudioRecorder: Read 2560 samples from mic
03-27 21:25:55.105 32147 32747 D SimpleAudioRecorder: CALLBACK: About to call onAudioData
03-27 21:25:55.107 32147 32147 W VoicePipelineManager: BLOCKED: isRunning=false, audio ignored
03-27 21:25:55.107 32147 32747 D SimpleAudioRecorder: CALLBACK: About to call onAudioData
03-27 21:25:55.108 32147 32147 W VoicePipelineManager: BLOCKED: isRunning=false, audio ignored
03-27 21:25:55.108 32147 32747 D SimpleAudioRecorder: CALLBACK: About to call onAudioData
03-27 21:25:55.109 32147 32147 W VoicePipelineManager: BLOCKED: isRunning=false, audio ignored
03-27 21:25:55.109 32147 32747 D SimpleAudioRecorder: CALLBACK: About to call onAudioData
03-27 21:25:55.109 32147 32147 W VoicePipelineManager: BLOCKED: isRunning=false, audio ignored
03-27 21:25:55.110 32147 32747 D SimpleAudioRecorder: CALLBACK: About to call onAudioData
03-27 21:25:55.110 32147 32147 W VoicePipelineManager: BLOCKED: isRunning=false, audio ignored
03-27 21:25:55.265 32147 32747 D SimpleAudioRecorder: Read 2560 samples from mic
03-27 21:25:55.265 32147 32747 D SimpleAudioRecorder: CALLBACK: About to call onAudioData
03-27 21:25:55.265 32147 32147 W VoicePipelineManager: BLOCKED: isRunning=false, audio ignored
03-27 21:25:55.266 32147 32747 D SimpleAudioRecorder: CALLBACK: About to call onAudioData
03-27 21:25:55.266 32147 32147 W VoicePipelineManager: BLOCKED: isRunning=false, audio ignored
03-27 21:25:55.266 32147 32747 D SimpleAudioRecorder: CALLBACK: About to call onAudioData
03-27 21:25:55.266 32147 32147 W VoicePipelineManager: BLOCKED: isRunning=false, audio ignored
03-27 21:25:55.267 32147 32747 D SimpleAudioRecorder: CALLBACK: About to call onAudioData
03-27 21:25:55.267 32147 32147 W VoicePipelineManager: BLOCKED: isRunning=false, audio ignored
03-27 21:25:55.270 32147 32747 D SimpleAudioRecorder: CALLBACK: About to call onAudioData
03-27 21:25:55.272 32147 32147 W VoicePipelineManager: BLOCKED: isRunning=false, audio ignored
03-27 21:25:55.330  1666  1717 I UsageStatsService: User[0] Flushing usage stats to disk
03-27 21:25:55.425 32147 32747 D SimpleAudioRecorder: Read 2560 samples from mic
03-27 21:25:55.425 32147 32747 D SimpleAudioRecorder: CALLBACK: About to call onAudioData
03-27 21:25:55.425 32147 32147 W VoicePipelineManager: BLOCKED: isRunning=false, audio ignored
03-27 21:25:55.426 32147 32747 D SimpleAudioRecorder: CALLBACK: About to call onAudioData
03-27 21:25:55.426 32147 32147 W VoicePipelineManager: BLOCKED: isRunning=false, audio ignored
03-27 21:25:55.426 32147 32747 D SimpleAudioRecorder: CALLBACK: About to call onAudioData
03-27 21:25:55.427 32147 32147 W VoicePipelineManager: BLOCKED: isRunning=false, audio ignored
03-27 21:25:55.427 32147 32747 D SimpleAudioRecorder: CALLBACK: About to call onAudioData
03-27 21:25:55.427 32147 32147 W VoicePipelineManager: BLOCKED: isRunning=false, audio ignored
03-27 21:25:55.428 32147 32747 D SimpleAudioRecorder: CALLBACK: About to call onAudioData
03-27 21:25:55.428 32147 32147 W VoicePipelineManager: BLOCKED: isRunning=false, audio ignored
03-27 21:25:55.587 32147 32178 D SimpleAudioRecorder: Read 2560 samples from mic
03-27 21:25:55.587 32147 32178 D SimpleAudioRecorder: CALLBACK: About to call onAudioData
03-27 21:25:55.589 32147 32147 W VoicePipelineManager: BLOCKED: isRunning=false, audio ignored
03-27 21:25:55.590 32147 32178 D SimpleAudioRecorder: CALLBACK: About to call onAudioData
03-27 21:25:55.590 32147 32147 W VoicePipelineManager: BLOCKED: isRunning=false, audio ignored
03-27 21:25:55.590 32147 32178 D SimpleAudioRecorder: CALLBACK: About to call onAudioData
03-27 21:25:55.591 32147 32147 W VoicePipelineManager: BLOCKED: isRunning=false, audio ignored
03-27 21:25:55.591 32147 32178 D SimpleAudioRecorder: CALLBACK: About to call onAudioData
03-27 21:25:55.592 32147 32147 W VoicePipelineManager: BLOCKED: isRunning=false, audio ignored
03-27 21:25:55.592 32147 32747 D SimpleAudioRecorder: CALLBACK: About to call onAudioData
03-27 21:25:55.592 32147 32147 W VoicePipelineManager: BLOCKED: isRunning=false, audio ignored
03-27 21:25:55.744 32147 32178 D SimpleAudioRecorder: Read 2560 samples from mic
03-27 21:25:55.744 32147 32178 D SimpleAudioRecorder: CALLBACK: About to call onAudioData
03-27 21:25:55.745 32147 32147 W VoicePipelineManager: BLOCKED: isRunning=false, audio ignored
03-27 21:25:55.745 32147 32178 D SimpleAudioRecorder: CALLBACK: About to call onAudioData
03-27 21:25:55.745 32147 32147 W VoicePipelineManager: BLOCKED: isRunning=false, audio ignored
03-27 21:25:55.746 32147 32178 D SimpleAudioRecorder: CALLBACK: About to call onAudioData
03-27 21:25:55.746 32147 32147 W VoicePipelineManager: BLOCKED: isRunning=false, audio ignored
03-27 21:25:55.746 32147 32178 D SimpleAudioRecorder: CALLBACK: About to call onAudioData
03-27 21:25:55.747 32147 32147 W VoicePipelineManager: BLOCKED: isRunning=false, audio ignored
03-27 21:25:55.747 32147 32747 D SimpleAudioRecorder: CALLBACK: About to call onAudioData
03-27 21:25:55.747 32147 32147 W VoicePipelineManager: BLOCKED: isRunning=false, audio ignored
03-27 21:25:55.813 32147 32147 I BridgeJNI: Bridge nativeIsModelLoaded called
03-27 21:25:55.904 32147 32747 D SimpleAudioRecorder: Read 2560 samples from mic
03-27 21:25:55.905 32147 32747 D SimpleAudioRecorder: CALLBACK: About to call onAudioData
03-27 21:25:55.906 32147 32147 W VoicePipelineManager: BLOCKED: isRunning=false, audio ignored
03-27 21:25:55.906 32147 32747 D SimpleAudioRecorder: CALLBACK: About to call onAudioData
03-27 21:25:55.906 32147 32147 W VoicePipelineManager: BLOCKED: isRunning=false, audio ignored
03-27 21:25:55.907 32147 32747 D SimpleAudioRecorder: CALLBACK: About to call onAudioData
03-27 21:25:55.907 32147 32147 W VoicePipelineManager: BLOCKED: isRunning=false, audio ignored
03-27 21:25:55.907 32147 32747 D SimpleAudioRecorder: CALLBACK: About to call onAudioData
03-27 21:25:55.908 32147 32147 W VoicePipelineManager: BLOCKED: isRunning=false, audio ignored
03-27 21:25:55.908 32147 32747 D SimpleAudioRecorder: CALLBACK: About to call onAudioData
03-27 21:25:55.908 32147 32147 W VoicePipelineManager: BLOCKED: isRunning=false, audio ignored
03-27 21:25:55.999 32147 32178 I BridgeJNI: Bridge nativeGetCurrentTemperature called
03-27 21:25:56.064 32147 32747 D SimpleAudioRecorder: Read 2560 samples from mic
03-27 21:25:56.065 32147 32747 D SimpleAudioRecorder: CALLBACK: About to call onAudioData
03-27 21:25:56.065 32147 32147 W VoicePipelineManager: BLOCKED: isRunning=false, audio ignored
03-27 21:25:56.065 32147 32747 D SimpleAudioRecorder: CALLBACK: About to call onAudioData
03-27 21:25:56.066 32147 32147 W VoicePipelineManager: BLOCKED: isRunning=false, audio ignored
03-27 21:25:56.066 32147 32747 D SimpleAudioRecorder: CALLBACK: About to call onAudioData
03-27 21:25:56.067 32147 32147 W VoicePipelineManager: BLOCKED: isRunning=false, audio ignored
03-27 21:25:56.067 32147 32747 D SimpleAudioRecorder: CALLBACK: About to call onAudioData
03-27 21:25:56.072 32147 32147 W VoicePipelineManager: BLOCKED: isRunning=false, audio ignored
03-27 21:25:56.073 32147 32178 D SimpleAudioRecorder: CALLBACK: About to call onAudioData
03-27 21:25:56.073 32147 32147 W VoicePipelineManager: BLOCKED: isRunning=false, audio ignored
03-27 21:25:56.225 32147 32178 D SimpleAudioRecorder: Read 2560 samples from mic
03-27 21:25:56.225 32147 32178 D SimpleAudioRecorder: CALLBACK: About to call onAudioData
03-27 21:25:56.225 32147 32147 W VoicePipelineManager: BLOCKED: isRunning=false, audio ignored
03-27 21:25:56.226 32147 32178 D SimpleAudioRecorder: CALLBACK: About to call onAudioData
03-27 21:25:56.226 32147 32147 W VoicePipelineManager: BLOCKED: isRunning=false, audio ignored
03-27 21:25:56.227 32147 32178 D SimpleAudioRecorder: CALLBACK: About to call onAudioData
03-27 21:25:56.227 32147 32147 W VoicePipelineManager: BLOCKED: isRunning=false, audio ignored
03-27 21:25:56.227 32147 32178 D SimpleAudioRecorder: CALLBACK: About to call onAudioData
03-27 21:25:56.228 32147 32147 W VoicePipelineManager: BLOCKED: isRunning=false, audio ignored
