03-27 21:25:56.228 32147 32747 D SimpleAudioRecorder: CALLBACK: About to call onAudioData
03-27 21:25:56.228 32147 32147 W VoicePipelineManager: BLOCKED: isRunning=false, audio ignored
03-27 21:25:56.384 32147 32747 D SimpleAudioRecorder: Read 2560 samples from mic
03-27 21:25:56.384 32147 32747 D SimpleAudioRecorder: CALLBACK: About to call onAudioData
03-27 21:25:56.389 32147 32147 W VoicePipelineManager: BLOCKED: isRunning=false, audio ignored
03-27 21:25:56.390 32147 32747 D SimpleAudioRecorder: CALLBACK: About to call onAudioData
03-27 21:25:56.390 32147 32147 W VoicePipelineManager: BLOCKED: isRunning=false, audio ignored
03-27 21:25:56.391 32147 32179 D SimpleAudioRecorder: CALLBACK: About to call onAudioData
03-27 21:25:56.391 32147 32147 W VoicePipelineManager: BLOCKED: isRunning=false, audio ignored
03-27 21:25:56.391 32147 32179 D SimpleAudioRecorder: CALLBACK: About to call onAudioData
03-27 21:25:56.392 32147 32147 W VoicePipelineManager: BLOCKED: isRunning=false, audio ignored
03-27 21:25:56.392 32147 32178 D SimpleAudioRecorder: CALLBACK: About to call onAudioData
03-27 21:25:56.393 32147 32147 W VoicePipelineManager: BLOCKED: isRunning=false, audio ignored
03-27 21:25:56.544 32147 32747 D SimpleAudioRecorder: Read 2560 samples from mic
03-27 21:25:56.545 32147 32747 D SimpleAudioRecorder: CALLBACK: About to call onAudioData
03-27 21:25:56.545 32147 32147 W VoicePipelineManager: BLOCKED: isRunning=false, audio ignored
03-27 21:25:56.545 32147 32747 D SimpleAudioRecorder: CALLBACK: About to call onAudioData
03-27 21:25:56.546 32147 32147 W VoicePipelineManager: BLOCKED: isRunning=false, audio ignored
03-27 21:25:56.546 32147 32747 D SimpleAudioRecorder: CALLBACK: About to call onAudioData
03-27 21:25:56.546 32147 32147 W VoicePipelineManager: BLOCKED: isRunning=false, audio ignored
03-27 21:25:56.547 32147 32747 D SimpleAudioRecorder: CALLBACK: About to call onAudioData
03-27 21:25:56.547 32147 32147 W VoicePipelineManager: BLOCKED: isRunning=false, audio ignored
03-27 21:25:56.547 32147 32747 D SimpleAudioRecorder: CALLBACK: About to call onAudioData
03-27 21:25:56.548 32147 32147 W VoicePipelineManager: BLOCKED: isRunning=false, audio ignored
03-27 21:25:56.704 32147 32747 D SimpleAudioRecorder: Read 2560 samples from mic
03-27 21:25:56.704 32147 32747 D SimpleAudioRecorder: CALLBACK: About to call onAudioData
03-27 21:25:56.705 32147 32147 W VoicePipelineManager: BLOCKED: isRunning=false, audio ignored
03-27 21:25:56.705 32147 32747 D SimpleAudioRecorder: CALLBACK: About to call onAudioData
03-27 21:25:56.706 32147 32147 W VoicePipelineManager: BLOCKED: isRunning=false, audio ignored
03-27 21:25:56.706 32147 32747 D SimpleAudioRecorder: CALLBACK: About to call onAudioData
03-27 21:25:56.706 32147 32147 W VoicePipelineManager: BLOCKED: isRunning=false, audio ignored
03-27 21:25:56.707 32147 32178 D SimpleAudioRecorder: CALLBACK: About to call onAudioData
03-27 21:25:56.707 32147 32147 W VoicePipelineManager: BLOCKED: isRunning=false, audio ignored
03-27 21:25:56.708 32147 32178 D SimpleAudioRecorder: CALLBACK: About to call onAudioData
03-27 21:25:56.708 32147 32147 W VoicePipelineManager: BLOCKED: isRunning=false, audio ignored
03-27 21:25:56.814 32147 32147 I BridgeJNI: Bridge nativeIsModelLoaded called
03-27 21:25:56.864 32147 32178 D SimpleAudioRecorder: Read 2560 samples from mic
03-27 21:25:56.864 32147 32178 D SimpleAudioRecorder: CALLBACK: About to call onAudioData
03-27 21:25:56.865 32147 32147 W VoicePipelineManager: BLOCKED: isRunning=false, audio ignored
03-27 21:25:56.865 32147 32178 D SimpleAudioRecorder: CALLBACK: About to call onAudioData
03-27 21:25:56.866 32147 32147 W VoicePipelineManager: BLOCKED: isRunning=false, audio ignored
03-27 21:25:56.866 32147 32178 D SimpleAudioRecorder: CALLBACK: About to call onAudioData
03-27 21:25:56.867 32147 32147 W VoicePipelineManager: BLOCKED: isRunning=false, audio ignored
03-27 21:25:56.868 32147 32178 D SimpleAudioRecorder: CALLBACK: About to call onAudioData
03-27 21:25:56.873 32147 32147 W VoicePipelineManager: BLOCKED: isRunning=false, audio ignored
03-27 21:25:56.873 32147 32178 D SimpleAudioRecorder: CALLBACK: About to call onAudioData
03-27 21:25:56.874 32147 32147 W VoicePipelineManager: BLOCKED: isRunning=false, audio ignored
03-27 21:25:57.024 32147 32178 D SimpleAudioRecorder: Read 2560 samples from mic
03-27 21:25:57.025 32147 32178 D SimpleAudioRecorder: CALLBACK: About to call onAudioData
03-27 21:25:57.025 32147 32147 W VoicePipelineManager: BLOCKED: isRunning=false, audio ignored
03-27 21:25:57.026 32147 32178 D SimpleAudioRecorder: CALLBACK: About to call onAudioData
03-27 21:25:57.026 32147 32147 W VoicePipelineManager: BLOCKED: isRunning=false, audio ignored
03-27 21:25:57.026 32147 32747 D SimpleAudioRecorder: CALLBACK: About to call onAudioData
03-27 21:25:57.027 32147 32147 W VoicePipelineManager: BLOCKED: isRunning=false, audio ignored
03-27 21:25:57.027 32147 32747 D SimpleAudioRecorder: CALLBACK: About to call onAudioData
03-27 21:25:57.028 32147 32147 W VoicePipelineManager: BLOCKED: isRunning=false, audio ignored
03-27 21:25:57.028 32147 32747 D SimpleAudioRecorder: CALLBACK: About to call onAudioData
03-27 21:25:57.029 32147 32147 W VoicePipelineManager: BLOCKED: isRunning=false, audio ignored
03-27 21:25:57.184 32147 32747 D SimpleAudioRecorder: Read 2560 samples from mic
03-27 21:25:57.184 32147 32747 D SimpleAudioRecorder: CALLBACK: About to call onAudioData
03-27 21:25:57.189 32147 32147 W VoicePipelineManager: BLOCKED: isRunning=false, audio ignored
03-27 21:25:57.190 32147 32747 D SimpleAudioRecorder: CALLBACK: About to call onAudioData
03-27 21:25:57.190 32147 32147 W VoicePipelineManager: BLOCKED: isRunning=false, audio ignored
03-27 21:25:57.190 32147 32747 D SimpleAudioRecorder: CALLBACK: About to call onAudioData
03-27 21:25:57.191 32147 32147 W VoicePipelineManager: BLOCKED: isRunning=false, audio ignored
03-27 21:25:57.192 32147 32178 D SimpleAudioRecorder: CALLBACK: About to call onAudioData
03-27 21:25:57.192 32147 32147 W VoicePipelineManager: BLOCKED: isRunning=false, audio ignored
03-27 21:25:57.193 32147 32178 D SimpleAudioRecorder: CALLBACK: About to call onAudioData
03-27 21:25:57.194 32147 32147 W VoicePipelineManager: BLOCKED: isRunning=false, audio ignored
03-27 21:25:57.345 32147 32178 D SimpleAudioRecorder: Read 2560 samples from mic
03-27 21:25:57.345 32147 32178 D SimpleAudioRecorder: CALLBACK: About to call onAudioData
03-27 21:25:57.345 32147 32147 W VoicePipelineManager: BLOCKED: isRunning=false, audio ignored
03-27 21:25:57.346 32147 32178 D SimpleAudioRecorder: CALLBACK: About to call onAudioData
03-27 21:25:57.346 32147 32147 W VoicePipelineManager: BLOCKED: isRunning=false, audio ignored
03-27 21:25:57.346 32147 32178 D SimpleAudioRecorder: CALLBACK: About to call onAudioData
03-27 21:25:57.347 32147 32147 W VoicePipelineManager: BLOCKED: isRunning=false, audio ignored
03-27 21:25:57.347 32147 32178 D SimpleAudioRecorder: CALLBACK: About to call onAudioData
03-27 21:25:57.348 32147 32147 W VoicePipelineManager: BLOCKED: isRunning=false, audio ignored
03-27 21:25:57.348 32147 32178 D SimpleAudioRecorder: CALLBACK: About to call onAudioData
03-27 21:25:57.349 32147 32147 W VoicePipelineManager: BLOCKED: isRunning=false, audio ignored
03-27 21:25:57.505 32147 32178 D SimpleAudioRecorder: Read 2560 samples from mic
03-27 21:25:57.505 32147 32178 D SimpleAudioRecorder: CALLBACK: About to call onAudioData
03-27 21:25:57.508 32147 32147 W VoicePipelineManager: BLOCKED: isRunning=false, audio ignored
03-27 21:25:57.509 32147 32178 D SimpleAudioRecorder: CALLBACK: About to call onAudioData
03-27 21:25:57.509 32147 32147 W VoicePipelineManager: BLOCKED: isRunning=false, audio ignored
03-27 21:25:57.510 32147 32178 D SimpleAudioRecorder: CALLBACK: About to call onAudioData
03-27 21:25:57.511 32147 32147 W VoicePipelineManager: BLOCKED: isRunning=false, audio ignored
03-27 21:25:57.511 32147 32178 D SimpleAudioRecorder: CALLBACK: About to call onAudioData
03-27 21:25:57.512 32147 32147 W VoicePipelineManager: BLOCKED: isRunning=false, audio ignored
03-27 21:25:57.513 32147 32178 D SimpleAudioRecorder: CALLBACK: About to call onAudioData
03-27 21:25:57.513 32147 32147 W VoicePipelineManager: BLOCKED: isRunning=false, audio ignored
03-27 21:25:57.665 32147 32178 D SimpleAudioRecorder: Read 2560 samples from mic
03-27 21:25:57.665 32147 32178 D SimpleAudioRecorder: CALLBACK: About to call onAudioData
03-27 21:25:57.665 32147 32147 W VoicePipelineManager: BLOCKED: isRunning=false, audio ignored
03-27 21:25:57.666 32147 32178 D SimpleAudioRecorder: CALLBACK: About to call onAudioData
03-27 21:25:57.666 32147 32147 W VoicePipelineManager: BLOCKED: isRunning=false, audio ignored
03-27 21:25:57.666 32147 32178 D SimpleAudioRecorder: CALLBACK: About to call onAudioData
03-27 21:25:57.666 32147 32147 W VoicePipelineManager: BLOCKED: isRunning=false, audio ignored
03-27 21:25:57.667 32147 32178 D SimpleAudioRecorder: CALLBACK: About to call onAudioData
03-27 21:25:57.667 32147 32147 W VoicePipelineManager: BLOCKED: isRunning=false, audio ignored
03-27 21:25:57.668 32147 32178 D SimpleAudioRecorder: CALLBACK: About to call onAudioData
03-27 21:25:57.673 32147 32147 W VoicePipelineManager: BLOCKED: isRunning=false, audio ignored
03-27 21:25:57.815 32147 32147 I BridgeJNI: Bridge nativeIsModelLoaded called
03-27 21:25:57.825 32147 32747 D SimpleAudioRecorder: Read 2560 samples from mic
03-27 21:25:57.825 32147 32747 D SimpleAudioRecorder: CALLBACK: About to call onAudioData
03-27 21:25:57.825 32147 32147 W VoicePipelineManager: BLOCKED: isRunning=false, audio ignored
03-27 21:25:57.826 32147 32747 D SimpleAudioRecorder: CALLBACK: About to call onAudioData
03-27 21:25:57.826 32147 32147 W VoicePipelineManager: BLOCKED: isRunning=false, audio ignored
03-27 21:25:57.826 32147 32747 D SimpleAudioRecorder: CALLBACK: About to call onAudioData
03-27 21:25:57.827 32147 32147 W VoicePipelineManager: BLOCKED: isRunning=false, audio ignored
03-27 21:25:57.827 32147 32747 D SimpleAudioRecorder: CALLBACK: About to call onAudioData
03-27 21:25:57.828 32147 32147 W VoicePipelineManager: BLOCKED: isRunning=false, audio ignored
03-27 21:25:57.828 32147 32178 D SimpleAudioRecorder: CALLBACK: About to call onAudioData
03-27 21:25:57.828 32147 32147 W VoicePipelineManager: BLOCKED: isRunning=false, audio ignored
03-27 21:25:57.984 32147 32747 D SimpleAudioRecorder: Read 2560 samples from mic
03-27 21:25:57.984 32147 32747 D SimpleAudioRecorder: CALLBACK: About to call onAudioData
03-27 21:25:57.988 32147 32147 W VoicePipelineManager: BLOCKED: isRunning=false, audio ignored
03-27 21:25:57.989 32147 32747 D SimpleAudioRecorder: CALLBACK: About to call onAudioData
03-27 21:25:57.989 32147 32147 W VoicePipelineManager: BLOCKED: isRunning=false, audio ignored
03-27 21:25:57.989 32147 32178 D SimpleAudioRecorder: CALLBACK: About to call onAudioData
03-27 21:25:57.990 32147 32147 W VoicePipelineManager: BLOCKED: isRunning=false, audio ignored
03-27 21:25:57.990 32147 32178 D SimpleAudioRecorder: CALLBACK: About to call onAudioData
03-27 21:25:57.990 32147 32147 W VoicePipelineManager: BLOCKED: isRunning=false, audio ignored
03-27 21:25:57.991 32147 32178 D SimpleAudioRecorder: CALLBACK: About to call onAudioData
03-27 21:25:57.991 32147 32147 W VoicePipelineManager: BLOCKED: isRunning=false, audio ignored
03-27 21:25:58.003 32147 32178 I BridgeJNI: Bridge nativeGetCurrentTemperature called
03-27 21:25:58.145 32147 32747 D SimpleAudioRecorder: Read 2560 samples from mic
03-27 21:25:58.145 32147 32747 D SimpleAudioRecorder: CALLBACK: About to call onAudioData
03-27 21:25:58.145 32147 32147 W VoicePipelineManager: BLOCKED: isRunning=false, audio ignored
03-27 21:25:58.145 32147 32747 D SimpleAudioRecorder: CALLBACK: About to call onAudioData
03-27 21:25:58.146 32147 32147 W VoicePipelineManager: BLOCKED: isRunning=false, audio ignored
03-27 21:25:58.146 32147 32747 D SimpleAudioRecorder: CALLBACK: About to call onAudioData
03-27 21:25:58.146 32147 32147 W VoicePipelineManager: BLOCKED: isRunning=false, audio ignored
03-27 21:25:58.147 32147 32747 D SimpleAudioRecorder: CALLBACK: About to call onAudioData
03-27 21:25:58.147 32147 32147 W VoicePipelineManager: BLOCKED: isRunning=false, audio ignored
03-27 21:25:58.147 32147 32747 D SimpleAudioRecorder: CALLBACK: About to call onAudioData
03-27 21:25:58.147 32147 32147 W VoicePipelineManager: BLOCKED: isRunning=false, audio ignored
03-27 21:25:58.305 32147 32747 D SimpleAudioRecorder: Read 2560 samples from mic
03-27 21:25:58.305 32147 32747 D SimpleAudioRecorder: CALLBACK: About to call onAudioData
03-27 21:25:58.307 32147 32147 W VoicePipelineManager: BLOCKED: isRunning=false, audio ignored
03-27 21:25:58.308 32147 32747 D SimpleAudioRecorder: CALLBACK: About to call onAudioData
03-27 21:25:58.308 32147 32147 W VoicePipelineManager: BLOCKED: isRunning=false, audio ignored
03-27 21:25:58.309 32147 32747 D SimpleAudioRecorder: CALLBACK: About to call onAudioData
03-27 21:25:58.310 32147 32147 W VoicePipelineManager: BLOCKED: isRunning=false, audio ignored
03-27 21:25:58.310 32147 32747 D SimpleAudioRecorder: CALLBACK: About to call onAudioData
03-27 21:25:58.311 32147 32147 W VoicePipelineManager: BLOCKED: isRunning=false, audio ignored
03-27 21:25:58.311 32147 32747 D SimpleAudioRecorder: CALLBACK: About to call onAudioData
03-27 21:25:58.312 32147 32147 W VoicePipelineManager: BLOCKED: isRunning=false, audio ignored
03-27 21:25:58.465 32147 32747 D SimpleAudioRecorder: Read 2560 samples from mic
03-27 21:25:58.465 32147 32747 D SimpleAudioRecorder: CALLBACK: About to call onAudioData
03-27 21:25:58.466 32147 32147 W VoicePipelineManager: BLOCKED: isRunning=false, audio ignored
03-27 21:25:58.466 32147 32747 D SimpleAudioRecorder: CALLBACK: About to call onAudioData
03-27 21:25:58.467 32147 32147 W VoicePipelineManager: BLOCKED: isRunning=false, audio ignored
03-27 21:25:58.467 32147 32747 D SimpleAudioRecorder: CALLBACK: About to call onAudioData
03-27 21:25:58.472 32147 32147 W VoicePipelineManager: BLOCKED: isRunning=false, audio ignored
03-27 21:25:58.473 32147 32178 D SimpleAudioRecorder: CALLBACK: About to call onAudioData
03-27 21:25:58.473 32147 32147 W VoicePipelineManager: BLOCKED: isRunning=false, audio ignored
03-27 21:25:58.474 32147 32178 D SimpleAudioRecorder: CALLBACK: About to call onAudioData
03-27 21:25:58.474 32147 32147 W VoicePipelineManager: BLOCKED: isRunning=false, audio ignored
03-27 21:25:58.625 32147 32747 D SimpleAudioRecorder: Read 2560 samples from mic
03-27 21:25:58.625 32147 32747 D SimpleAudioRecorder: CALLBACK: About to call onAudioData
03-27 21:25:58.625 32147 32147 W VoicePipelineManager: BLOCKED: isRunning=false, audio ignored
03-27 21:25:58.625 32147 32747 D SimpleAudioRecorder: CALLBACK: About to call onAudioData
03-27 21:25:58.626 32147 32147 W VoicePipelineManager: BLOCKED: isRunning=false, audio ignored
03-27 21:25:58.626 32147 32747 D SimpleAudioRecorder: CALLBACK: About to call onAudioData
03-27 21:25:58.626 32147 32147 W VoicePipelineManager: BLOCKED: isRunning=false, audio ignored
03-27 21:25:58.626 32147 32178 D SimpleAudioRecorder: CALLBACK: About to call onAudioData
03-27 21:25:58.627 32147 32147 W VoicePipelineManager: BLOCKED: isRunning=false, audio ignored
03-27 21:25:58.628 32147 32178 D SimpleAudioRecorder: CALLBACK: About to call onAudioData
03-27 21:25:58.628 32147 32147 W VoicePipelineManager: BLOCKED: isRunning=false, audio ignored
03-27 21:25:58.784 32147 32178 D SimpleAudioRecorder: Read 2560 samples from mic
03-27 21:25:58.785 32147 32178 D SimpleAudioRecorder: CALLBACK: About to call onAudioData
03-27 21:25:58.789 32147 32147 W VoicePipelineManager: BLOCKED: isRunning=false, audio ignored
03-27 21:25:58.789 32147 32178 D SimpleAudioRecorder: CALLBACK: About to call onAudioData
03-27 21:25:58.790 32147 32147 W VoicePipelineManager: BLOCKED: isRunning=false, audio ignored
03-27 21:25:58.790 32147 32178 D SimpleAudioRecorder: CALLBACK: About to call onAudioData
03-27 21:25:58.791 32147 32147 W VoicePipelineManager: BLOCKED: isRunning=false, audio ignored
03-27 21:25:58.791 32147 32178 D SimpleAudioRecorder: CALLBACK: About to call onAudioData
03-27 21:25:58.792 32147 32147 W VoicePipelineManager: BLOCKED: isRunning=false, audio ignored
03-27 21:25:58.792 32147 32178 D SimpleAudioRecorder: CALLBACK: About to call onAudioData
03-27 21:25:58.793 32147 32147 W VoicePipelineManager: BLOCKED: isRunning=false, audio ignored
03-27 21:25:58.816 32147 32147 I BridgeJNI: Bridge nativeIsModelLoaded called
03-27 21:25:58.944 32147 32747 D SimpleAudioRecorder: Read 2560 samples from mic
03-27 21:25:58.945 32147 32747 D SimpleAudioRecorder: CALLBACK: About to call onAudioData
03-27 21:25:58.945 32147 32147 W VoicePipelineManager: BLOCKED: isRunning=false, audio ignored
03-27 21:25:58.945 32147 32747 D SimpleAudioRecorder: CALLBACK: About to call onAudioData
03-27 21:25:58.945 32147 32147 W VoicePipelineManager: BLOCKED: isRunning=false, audio ignored
03-27 21:25:58.946 32147 32747 D SimpleAudioRecorder: CALLBACK: About to call onAudioData
03-27 21:25:58.946 32147 32147 W VoicePipelineManager: BLOCKED: isRunning=false, audio ignored
03-27 21:25:58.947 32147 32747 D SimpleAudioRecorder: CALLBACK: About to call onAudioData
03-27 21:25:58.947 32147 32147 W VoicePipelineManager: BLOCKED: isRunning=false, audio ignored
03-27 21:25:58.948 32147 32747 D SimpleAudioRecorder: CALLBACK: About to call onAudioData
03-27 21:25:58.948 32147 32147 W VoicePipelineManager: BLOCKED: isRunning=false, audio ignored
03-27 21:25:59.105 32147 32178 D SimpleAudioRecorder: Read 2560 samples from mic
03-27 21:25:59.105 32147 32178 D SimpleAudioRecorder: CALLBACK: About to call onAudioData
03-27 21:25:59.106 32147 32147 W VoicePipelineManager: BLOCKED: isRunning=false, audio ignored
03-27 21:25:59.107 32147 32178 D SimpleAudioRecorder: CALLBACK: About to call onAudioData
03-27 21:25:59.108 32147 32147 W VoicePipelineManager: BLOCKED: isRunning=false, audio ignored
03-27 21:25:59.108 32147 32178 D SimpleAudioRecorder: CALLBACK: About to call onAudioData
03-27 21:25:59.109 32147 32147 W VoicePipelineManager: BLOCKED: isRunning=false, audio ignored
03-27 21:25:59.110 32147 32178 D SimpleAudioRecorder: CALLBACK: About to call onAudioData
03-27 21:25:59.111 32147 32147 W VoicePipelineManager: BLOCKED: isRunning=false, audio ignored
03-27 21:25:59.112 32147 32178 D SimpleAudioRecorder: CALLBACK: About to call onAudioData
03-27 21:25:59.112 32147 32147 W VoicePipelineManager: BLOCKED: isRunning=false, audio ignored
03-27 21:25:59.265 32147 32747 D SimpleAudioRecorder: Read 2560 samples from mic
03-27 21:25:59.265 32147 32747 D SimpleAudioRecorder: CALLBACK: About to call onAudioData
03-27 21:25:59.266 32147 32147 W VoicePipelineManager: BLOCKED: isRunning=false, audio ignored
03-27 21:25:59.266 32147 32747 D SimpleAudioRecorder: CALLBACK: About to call onAudioData
03-27 21:25:59.266 32147 32147 W VoicePipelineManager: BLOCKED: isRunning=false, audio ignored
03-27 21:25:59.267 32147 32747 D SimpleAudioRecorder: CALLBACK: About to call onAudioData
03-27 21:25:59.273 32147 32147 W VoicePipelineManager: BLOCKED: isRunning=false, audio ignored
03-27 21:25:59.274 32147 32747 D SimpleAudioRecorder: CALLBACK: About to call onAudioData
03-27 21:25:59.274 32147 32147 W VoicePipelineManager: BLOCKED: isRunning=false, audio ignored
03-27 21:25:59.275 32147 32747 D SimpleAudioRecorder: CALLBACK: About to call onAudioData
03-27 21:25:59.275 32147 32147 W VoicePipelineManager: BLOCKED: isRunning=false, audio ignored
03-27 21:25:59.289   878   878 E cnss-daemon: Stale or unreachable neighbors, ndm state: 4
03-27 21:25:59.425 32147 32747 D SimpleAudioRecorder: Read 2560 samples from mic
03-27 21:25:59.425 32147 32747 D SimpleAudioRecorder: CALLBACK: About to call onAudioData
03-27 21:25:59.425 32147 32147 W VoicePipelineManager: BLOCKED: isRunning=false, audio ignored
03-27 21:25:59.426 32147 32747 D SimpleAudioRecorder: CALLBACK: About to call onAudioData
03-27 21:25:59.426 32147 32147 W VoicePipelineManager: BLOCKED: isRunning=false, audio ignored
03-27 21:25:59.427 32147 32747 D SimpleAudioRecorder: CALLBACK: About to call onAudioData
03-27 21:25:59.427 32147 32147 W VoicePipelineManager: BLOCKED: isRunning=false, audio ignored
03-27 21:25:59.427 32147 32747 D SimpleAudioRecorder: CALLBACK: About to call onAudioData
03-27 21:25:59.428 32147 32147 W VoicePipelineManager: BLOCKED: isRunning=false, audio ignored
03-27 21:25:59.428 32147 32747 D SimpleAudioRecorder: CALLBACK: About to call onAudioData
03-27 21:25:59.428 32147 32147 W VoicePipelineManager: BLOCKED: isRunning=false, audio ignored
03-27 21:25:59.585 32147 32747 D SimpleAudioRecorder: Read 2560 samples from mic
03-27 21:25:59.585 32147 32747 D SimpleAudioRecorder: CALLBACK: About to call onAudioData
03-27 21:25:59.590 32147 32147 W VoicePipelineManager: BLOCKED: isRunning=false, audio ignored
03-27 21:25:59.590 32147 32747 D SimpleAudioRecorder: CALLBACK: About to call onAudioData
03-27 21:25:59.591 32147 32147 W VoicePipelineManager: BLOCKED: isRunning=false, audio ignored
03-27 21:25:59.591 32147 32747 D SimpleAudioRecorder: CALLBACK: About to call onAudioData
03-27 21:25:59.591 32147 32147 W VoicePipelineManager: BLOCKED: isRunning=false, audio ignored
03-27 21:25:59.592 32147 32178 D SimpleAudioRecorder: CALLBACK: About to call onAudioData
03-27 21:25:59.592 32147 32147 W VoicePipelineManager: BLOCKED: isRunning=false, audio ignored
03-27 21:25:59.592 32147 32178 D SimpleAudioRecorder: CALLBACK: About to call onAudioData
03-27 21:25:59.593 32147 32147 W VoicePipelineManager: BLOCKED: isRunning=false, audio ignored
03-27 21:25:59.744 32147 32747 D SimpleAudioRecorder: Read 2560 samples from mic
03-27 21:25:59.745 32147 32747 D SimpleAudioRecorder: CALLBACK: About to call onAudioData
03-27 21:25:59.745 32147 32147 W VoicePipelineManager: BLOCKED: isRunning=false, audio ignored
03-27 21:25:59.745 32147 32747 D SimpleAudioRecorder: CALLBACK: About to call onAudioData
03-27 21:25:59.746 32147 32147 W VoicePipelineManager: BLOCKED: isRunning=false, audio ignored
03-27 21:25:59.746 32147 32747 D SimpleAudioRecorder: CALLBACK: About to call onAudioData
03-27 21:25:59.746 32147 32147 W VoicePipelineManager: BLOCKED: isRunning=false, audio ignored
03-27 21:25:59.746 32147 32747 D SimpleAudioRecorder: CALLBACK: About to call onAudioData
03-27 21:25:59.747 32147 32147 W VoicePipelineManager: BLOCKED: isRunning=false, audio ignored
03-27 21:25:59.747 32147 32747 D SimpleAudioRecorder: CALLBACK: About to call onAudioData
03-27 21:25:59.748 32147 32147 W VoicePipelineManager: BLOCKED: isRunning=false, audio ignored
03-27 21:25:59.816 32147 32147 I BridgeJNI: Bridge nativeIsModelLoaded called
03-27 21:25:59.905 32147 32747 D SimpleAudioRecorder: Read 2560 samples from mic
03-27 21:25:59.905 32147 32747 D SimpleAudioRecorder: CALLBACK: About to call onAudioData
03-27 21:25:59.907 32147 32147 W VoicePipelineManager: BLOCKED: isRunning=false, audio ignored
03-27 21:25:59.908 32147 32747 D SimpleAudioRecorder: CALLBACK: About to call onAudioData
03-27 21:25:59.910 32147 32147 W VoicePipelineManager: BLOCKED: isRunning=false, audio ignored
03-27 21:25:59.911 32147 32747 D SimpleAudioRecorder: CALLBACK: About to call onAudioData
03-27 21:25:59.912 32147 32147 W VoicePipelineManager: BLOCKED: isRunning=false, audio ignored
03-27 21:25:59.912 32147 32178 D SimpleAudioRecorder: CALLBACK: About to call onAudioData
03-27 21:25:59.913 32147 32147 W VoicePipelineManager: BLOCKED: isRunning=false, audio ignored
03-27 21:25:59.913 32147 32178 D SimpleAudioRecorder: CALLBACK: About to call onAudioData
03-27 21:25:59.914 32147 32147 W VoicePipelineManager: BLOCKED: isRunning=false, audio ignored
03-27 21:26:00.003 31901 31901 D PhoneStatusBar: recevie time tick broadcast
03-27 21:26:00.007 32147 32178 I BridgeJNI: Bridge nativeGetCurrentTemperature called
03-27 21:26:00.065 32147 32747 D SimpleAudioRecorder: Read 2560 samples from mic
03-27 21:26:00.065 32147 32747 D SimpleAudioRecorder: CALLBACK: About to call onAudioData
03-27 21:26:00.065 32147 32147 W VoicePipelineManager: BLOCKED: isRunning=false, audio ignored
03-27 21:26:00.066 32147 32747 D SimpleAudioRecorder: CALLBACK: About to call onAudioData
03-27 21:26:00.066 32147 32147 W VoicePipelineManager: BLOCKED: isRunning=false, audio ignored
03-27 21:26:00.066 32147 32747 D SimpleAudioRecorder: CALLBACK: About to call onAudioData
03-27 21:26:00.066 32147 32147 W VoicePipelineManager: BLOCKED: isRunning=false, audio ignored
03-27 21:26:00.067 32147 32747 D SimpleAudioRecorder: CALLBACK: About to call onAudioData
03-27 21:26:00.067 32147 32147 W VoicePipelineManager: BLOCKED: isRunning=false, audio ignored
03-27 21:26:00.067 32147 32178 D SimpleAudioRecorder: CALLBACK: About to call onAudioData
03-27 21:26:00.071 32147 32147 W VoicePipelineManager: BLOCKED: isRunning=false, audio ignored
03-27 21:26:00.225 32147 32178 D SimpleAudioRecorder: Read 2560 samples from mic
03-27 21:26:00.225 32147 32178 D SimpleAudioRecorder: CALLBACK: About to call onAudioData
03-27 21:26:00.225 32147 32147 W VoicePipelineManager: BLOCKED: isRunning=false, audio ignored
03-27 21:26:00.226 32147 32178 D SimpleAudioRecorder: CALLBACK: About to call onAudioData
03-27 21:26:00.226 32147 32147 W VoicePipelineManager: BLOCKED: isRunning=false, audio ignored
03-27 21:26:00.227 32147 32178 D SimpleAudioRecorder: CALLBACK: About to call onAudioData
03-27 21:26:00.227 32147 32147 W VoicePipelineManager: BLOCKED: isRunning=false, audio ignored
03-27 21:26:00.228 32147 32178 D SimpleAudioRecorder: CALLBACK: About to call onAudioData
03-27 21:26:00.228 32147 32147 W VoicePipelineManager: BLOCKED: isRunning=false, audio ignored
03-27 21:26:00.228 32147 32178 D SimpleAudioRecorder: CALLBACK: About to call onAudioData
03-27 21:26:00.229 32147 32147 W VoicePipelineManager: BLOCKED: isRunning=false, audio ignored
03-27 21:26:00.339  1666  2385 W Watchdog_N: !@WatchDog_1996;
03-27 21:26:00.384 32147 32178 D SimpleAudioRecorder: Read 2560 samples from mic
03-27 21:26:00.385 32147 32178 D SimpleAudioRecorder: CALLBACK: About to call onAudioData
03-27 21:26:00.388 32147 32147 W VoicePipelineManager: BLOCKED: isRunning=false, audio ignored
03-27 21:26:00.389 32147 32178 D SimpleAudioRecorder: CALLBACK: About to call onAudioData
03-27 21:26:00.390 32147 32147 W VoicePipelineManager: BLOCKED: isRunning=false, audio ignored
03-27 21:26:00.390 32147 32178 D SimpleAudioRecorder: CALLBACK: About to call onAudioData
03-27 21:26:00.391 32147 32147 W VoicePipelineManager: BLOCKED: isRunning=false, audio ignored
03-27 21:26:00.391 32147 32178 D SimpleAudioRecorder: CALLBACK: About to call onAudioData
03-27 21:26:00.392 32147 32147 W VoicePipelineManager: BLOCKED: isRunning=false, audio ignored
03-27 21:26:00.392 32147 32178 D SimpleAudioRecorder: CALLBACK: About to call onAudioData
03-27 21:26:00.393 32147 32147 W VoicePipelineManager: BLOCKED: isRunning=false, audio ignored
03-27 21:26:00.545 32147 32178 D SimpleAudioRecorder: Read 2560 samples from mic
03-27 21:26:00.545 32147 32178 D SimpleAudioRecorder: CALLBACK: About to call onAudioData
03-27 21:26:00.545 32147 32147 W VoicePipelineManager: BLOCKED: isRunning=false, audio ignored
03-27 21:26:00.545 32147 32178 D SimpleAudioRecorder: CALLBACK: About to call onAudioData
03-27 21:26:00.546 32147 32147 W VoicePipelineManager: BLOCKED: isRunning=false, audio ignored
03-27 21:26:00.546 32147 32179 D SimpleAudioRecorder: CALLBACK: About to call onAudioData
03-27 21:26:00.546 32147 32147 W VoicePipelineManager: BLOCKED: isRunning=false, audio ignored
03-27 21:26:00.547 32147 32179 D SimpleAudioRecorder: CALLBACK: About to call onAudioData
03-27 21:26:00.547 32147 32147 W VoicePipelineManager: BLOCKED: isRunning=false, audio ignored
03-27 21:26:00.548 32147 32178 D SimpleAudioRecorder: CALLBACK: About to call onAudioData
03-27 21:26:00.548 32147 32147 W VoicePipelineManager: BLOCKED: isRunning=false, audio ignored
03-27 21:26:00.705 32147 32179 D SimpleAudioRecorder: Read 2560 samples from mic
03-27 21:26:00.705 32147 32179 D SimpleAudioRecorder: CALLBACK: About to call onAudioData
03-27 21:26:00.705 32147 32147 W VoicePipelineManager: BLOCKED: isRunning=false, audio ignored
03-27 21:26:00.706 32147 32179 D SimpleAudioRecorder: CALLBACK: About to call onAudioData
03-27 21:26:00.706 32147 32147 W VoicePipelineManager: BLOCKED: isRunning=false, audio ignored
03-27 21:26:00.707 32147 32179 D SimpleAudioRecorder: CALLBACK: About to call onAudioData
03-27 21:26:00.707 32147 32147 W VoicePipelineManager: BLOCKED: isRunning=false, audio ignored
03-27 21:26:00.708 32147 32178 D SimpleAudioRecorder: CALLBACK: About to call onAudioData
03-27 21:26:00.708 32147 32147 W VoicePipelineManager: BLOCKED: isRunning=false, audio ignored
03-27 21:26:00.710 32147 32178 D SimpleAudioRecorder: CALLBACK: About to call onAudioData
03-27 21:26:00.710 32147 32147 W VoicePipelineManager: BLOCKED: isRunning=false, audio ignored
03-27 21:26:00.817 32147 32147 I BridgeJNI: Bridge nativeIsModelLoaded called
03-27 21:26:00.865 32147 32178 D SimpleAudioRecorder: Read 2560 samples from mic
03-27 21:26:00.865 32147 32178 D SimpleAudioRecorder: CALLBACK: About to call onAudioData
03-27 21:26:00.865 32147 32147 W VoicePipelineManager: BLOCKED: isRunning=false, audio ignored
03-27 21:26:00.866 32147 32178 D SimpleAudioRecorder: CALLBACK: About to call onAudioData
03-27 21:26:00.866 32147 32147 W VoicePipelineManager: BLOCKED: isRunning=false, audio ignored
03-27 21:26:00.867 32147 32179 D SimpleAudioRecorder: CALLBACK: About to call onAudioData
03-27 21:26:00.867 32147 32147 W VoicePipelineManager: BLOCKED: isRunning=false, audio ignored
03-27 21:26:00.868 32147 32179 D SimpleAudioRecorder: CALLBACK: About to call onAudioData
03-27 21:26:00.872 32147 32147 W VoicePipelineManager: BLOCKED: isRunning=false, audio ignored
03-27 21:26:00.873 32147 32178 D SimpleAudioRecorder: CALLBACK: About to call onAudioData
03-27 21:26:00.873 32147 32147 W VoicePipelineManager: BLOCKED: isRunning=false, audio ignored
03-27 21:26:01.025 32147 32178 D SimpleAudioRecorder: Read 2560 samples from mic
03-27 21:26:01.025 32147 32178 D SimpleAudioRecorder: CALLBACK: About to call onAudioData
03-27 21:26:01.025 32147 32147 W VoicePipelineManager: BLOCKED: isRunning=false, audio ignored
03-27 21:26:01.026 32147 32178 D SimpleAudioRecorder: CALLBACK: About to call onAudioData
03-27 21:26:01.026 32147 32147 W VoicePipelineManager: BLOCKED: isRunning=false, audio ignored
03-27 21:26:01.027 32147 32178 D SimpleAudioRecorder: CALLBACK: About to call onAudioData
03-27 21:26:01.027 32147 32147 W VoicePipelineManager: BLOCKED: isRunning=false, audio ignored
03-27 21:26:01.028 32147 32179 D SimpleAudioRecorder: CALLBACK: About to call onAudioData
03-27 21:26:01.028 32147 32147 W VoicePipelineManager: BLOCKED: isRunning=false, audio ignored
03-27 21:26:01.028 32147 32179 D SimpleAudioRecorder: CALLBACK: About to call onAudioData
03-27 21:26:01.029 32147 32147 W VoicePipelineManager: BLOCKED: isRunning=false, audio ignored
03-27 21:26:01.184 32147 32178 D SimpleAudioRecorder: Read 2560 samples from mic
03-27 21:26:01.184 32147 32178 D SimpleAudioRecorder: CALLBACK: About to call onAudioData
03-27 21:26:01.188 32147 32147 W VoicePipelineManager: BLOCKED: isRunning=false, audio ignored
03-27 21:26:01.189 32147 32178 D SimpleAudioRecorder: CALLBACK: About to call onAudioData
03-27 21:26:01.189 32147 32147 W VoicePipelineManager: BLOCKED: isRunning=false, audio ignored
03-27 21:26:01.189 32147 32179 D SimpleAudioRecorder: CALLBACK: About to call onAudioData
03-27 21:26:01.190 32147 32147 W VoicePipelineManager: BLOCKED: isRunning=false, audio ignored
03-27 21:26:01.190 32147 32179 D SimpleAudioRecorder: CALLBACK: About to call onAudioData
03-27 21:26:01.190 32147 32147 W VoicePipelineManager: BLOCKED: isRunning=false, audio ignored
03-27 21:26:01.191 32147 32179 D SimpleAudioRecorder: CALLBACK: About to call onAudioData
03-27 21:26:01.191 32147 32147 W VoicePipelineManager: BLOCKED: isRunning=false, audio ignored
03-27 21:26:01.345 32147 32179 D SimpleAudioRecorder: Read 2560 samples from mic
03-27 21:26:01.345 32147 32179 D SimpleAudioRecorder: CALLBACK: About to call onAudioData
03-27 21:26:01.345 32147 32147 W VoicePipelineManager: BLOCKED: isRunning=false, audio ignored
03-27 21:26:01.346 32147 32179 D SimpleAudioRecorder: CALLBACK: About to call onAudioData
03-27 21:26:01.346 32147 32147 W VoicePipelineManager: BLOCKED: isRunning=false, audio ignored
03-27 21:26:01.347 32147 32179 D SimpleAudioRecorder: CALLBACK: About to call onAudioData
03-27 21:26:01.347 32147 32147 W VoicePipelineManager: BLOCKED: isRunning=false, audio ignored
03-27 21:26:01.348 32147 32179 D SimpleAudioRecorder: CALLBACK: About to call onAudioData
03-27 21:26:01.348 32147 32147 W VoicePipelineManager: BLOCKED: isRunning=false, audio ignored
03-27 21:26:01.348 32147 32179 D SimpleAudioRecorder: CALLBACK: About to call onAudioData
03-27 21:26:01.349 32147 32147 W VoicePipelineManager: BLOCKED: isRunning=false, audio ignored
03-27 21:26:01.505 32147 32179 D SimpleAudioRecorder: Read 2560 samples from mic
03-27 21:26:01.505 32147 32179 D SimpleAudioRecorder: CALLBACK: About to call onAudioData
03-27 21:26:01.507 32147 32147 W VoicePipelineManager: BLOCKED: isRunning=false, audio ignored
03-27 21:26:01.508 32147 32179 D SimpleAudioRecorder: CALLBACK: About to call onAudioData
03-27 21:26:01.509 32147 32147 W VoicePipelineManager: BLOCKED: isRunning=false, audio ignored
03-27 21:26:01.510 32147 32179 D SimpleAudioRecorder: CALLBACK: About to call onAudioData
03-27 21:26:01.511 32147 32147 W VoicePipelineManager: BLOCKED: isRunning=false, audio ignored
03-27 21:26:01.511 32147 32179 D SimpleAudioRecorder: CALLBACK: About to call onAudioData
03-27 21:26:01.512 32147 32147 W VoicePipelineManager: BLOCKED: isRunning=false, audio ignored
03-27 21:26:01.512 32147 32179 D SimpleAudioRecorder: CALLBACK: About to call onAudioData
03-27 21:26:01.513 32147 32147 W VoicePipelineManager: BLOCKED: isRunning=false, audio ignored
03-27 21:26:01.664 32147 32179 D SimpleAudioRecorder: Read 2560 samples from mic
03-27 21:26:01.665 32147 32179 D SimpleAudioRecorder: CALLBACK: About to call onAudioData
03-27 21:26:01.665 32147 32147 W VoicePipelineManager: BLOCKED: isRunning=false, audio ignored
03-27 21:26:01.665 32147 32179 D SimpleAudioRecorder: CALLBACK: About to call onAudioData
03-27 21:26:01.665 32147 32147 W VoicePipelineManager: BLOCKED: isRunning=false, audio ignored
03-27 21:26:01.666 32147 32179 D SimpleAudioRecorder: CALLBACK: About to call onAudioData
03-27 21:26:01.666 32147 32147 W VoicePipelineManager: BLOCKED: isRunning=false, audio ignored
03-27 21:26:01.667 32147 32179 D SimpleAudioRecorder: CALLBACK: About to call onAudioData
03-27 21:26:01.667 32147 32147 W VoicePipelineManager: BLOCKED: isRunning=false, audio ignored
03-27 21:26:01.668 32147 32179 D SimpleAudioRecorder: CALLBACK: About to call onAudioData
03-27 21:26:01.672 32147 32147 W VoicePipelineManager: BLOCKED: isRunning=false, audio ignored
03-27 21:26:01.819 32147 32147 I BridgeJNI: Bridge nativeIsModelLoaded called
03-27 21:26:01.824 32147 32747 D SimpleAudioRecorder: Read 2560 samples from mic
03-27 21:26:01.825 32147 32747 D SimpleAudioRecorder: CALLBACK: About to call onAudioData
03-27 21:26:01.825 32147 32147 W VoicePipelineManager: BLOCKED: isRunning=false, audio ignored
03-27 21:26:01.826 32147 32747 D SimpleAudioRecorder: CALLBACK: About to call onAudioData
03-27 21:26:01.826 32147 32147 W VoicePipelineManager: BLOCKED: isRunning=false, audio ignored
03-27 21:26:01.827 32147 32178 D SimpleAudioRecorder: CALLBACK: About to call onAudioData
03-27 21:26:01.827 32147 32147 W VoicePipelineManager: BLOCKED: isRunning=false, audio ignored
03-27 21:26:01.827 32147 32747 D SimpleAudioRecorder: CALLBACK: About to call onAudioData
03-27 21:26:01.828 32147 32147 W VoicePipelineManager: BLOCKED: isRunning=false, audio ignored
03-27 21:26:01.828 32147 32747 D SimpleAudioRecorder: CALLBACK: About to call onAudioData
03-27 21:26:01.828 32147 32147 W VoicePipelineManager: BLOCKED: isRunning=false, audio ignored
03-27 21:26:01.986 32147 32178 D SimpleAudioRecorder: Read 2560 samples from mic
03-27 21:26:01.986 32147 32178 D SimpleAudioRecorder: CALLBACK: About to call onAudioData
03-27 21:26:01.989 32147 32147 W VoicePipelineManager: BLOCKED: isRunning=false, audio ignored
03-27 21:26:01.990 32147 32178 D SimpleAudioRecorder: CALLBACK: About to call onAudioData
03-27 21:26:01.990 32147 32147 W VoicePipelineManager: BLOCKED: isRunning=false, audio ignored
03-27 21:26:01.991 32147 32178 D SimpleAudioRecorder: CALLBACK: About to call onAudioData
03-27 21:26:01.991 32147 32147 W VoicePipelineManager: BLOCKED: isRunning=false, audio ignored
03-27 21:26:01.992 32147 32178 D SimpleAudioRecorder: CALLBACK: About to call onAudioData
03-27 21:26:01.992 32147 32147 W VoicePipelineManager: BLOCKED: isRunning=false, audio ignored
03-27 21:26:01.993 32147 32178 D SimpleAudioRecorder: CALLBACK: About to call onAudioData
03-27 21:26:01.993 32147 32147 W VoicePipelineManager: BLOCKED: isRunning=false, audio ignored
03-27 21:26:02.010 32147 32747 I BridgeJNI: Bridge nativeGetCurrentTemperature called
03-27 21:26:02.145 32147 32178 D SimpleAudioRecorder: Read 2560 samples from mic
03-27 21:26:02.145 32147 32178 D SimpleAudioRecorder: CALLBACK: About to call onAudioData
03-27 21:26:02.145 32147 32147 W VoicePipelineManager: BLOCKED: isRunning=false, audio ignored
03-27 21:26:02.146 32147 32178 D SimpleAudioRecorder: CALLBACK: About to call onAudioData
03-27 21:26:02.146 32147 32147 W VoicePipelineManager: BLOCKED: isRunning=false, audio ignored
03-27 21:26:02.147 32147 32178 D SimpleAudioRecorder: CALLBACK: About to call onAudioData
03-27 21:26:02.147 32147 32147 W VoicePipelineManager: BLOCKED: isRunning=false, audio ignored
03-27 21:26:02.148 32147 32178 D SimpleAudioRecorder: CALLBACK: About to call onAudioData
03-27 21:26:02.148 32147 32147 W VoicePipelineManager: BLOCKED: isRunning=false, audio ignored
03-27 21:26:02.148 32147 32178 D SimpleAudioRecorder: CALLBACK: About to call onAudioData
03-27 21:26:02.149 32147 32147 W VoicePipelineManager: BLOCKED: isRunning=false, audio ignored
03-27 21:26:02.169   878   878 E cnss-daemon: Stale or unreachable neighbors, ndm state: 4
03-27 21:26:02.305 32147 32178 D SimpleAudioRecorder: Read 2560 samples from mic
03-27 21:26:02.305 32147 32178 D SimpleAudioRecorder: CALLBACK: About to call onAudioData
03-27 21:26:02.306 32147 32147 W VoicePipelineManager: BLOCKED: isRunning=false, audio ignored
03-27 21:26:02.307 32147 32178 D SimpleAudioRecorder: CALLBACK: About to call onAudioData
03-27 21:26:02.307 32147 32147 W VoicePipelineManager: BLOCKED: isRunning=false, audio ignored
03-27 21:26:02.308 32147 32178 D SimpleAudioRecorder: CALLBACK: About to call onAudioData
03-27 21:26:02.308 32147 32147 W VoicePipelineManager: BLOCKED: isRunning=false, audio ignored
03-27 21:26:02.308 32147 32178 D SimpleAudioRecorder: CALLBACK: About to call onAudioData
03-27 21:26:02.309 32147 32147 W VoicePipelineManager: BLOCKED: isRunning=false, audio ignored
03-27 21:26:02.310 32147 32178 D SimpleAudioRecorder: CALLBACK: About to call onAudioData
03-27 21:26:02.310 32147 32147 W VoicePipelineManager: BLOCKED: isRunning=false, audio ignored
03-27 21:26:02.465 32147 32178 D SimpleAudioRecorder: Read 2560 samples from mic
03-27 21:26:02.465 32147 32178 D SimpleAudioRecorder: CALLBACK: About to call onAudioData
03-27 21:26:02.465 32147 32147 W VoicePipelineManager: BLOCKED: isRunning=false, audio ignored
03-27 21:26:02.466 32147 32178 D SimpleAudioRecorder: CALLBACK: About to call onAudioData
03-27 21:26:02.466 32147 32147 W VoicePipelineManager: BLOCKED: isRunning=false, audio ignored
03-27 21:26:02.467 32147 32178 D SimpleAudioRecorder: CALLBACK: About to call onAudioData
03-27 21:26:02.467 32147 32147 W VoicePipelineManager: BLOCKED: isRunning=false, audio ignored
03-27 21:26:02.467 32147 32178 D SimpleAudioRecorder: CALLBACK: About to call onAudioData
03-27 21:26:02.472 32147 32147 W VoicePipelineManager: BLOCKED: isRunning=false, audio ignored
03-27 21:26:02.473 32147 32179 D SimpleAudioRecorder: CALLBACK: About to call onAudioData
03-27 21:26:02.473 32147 32147 W VoicePipelineManager: BLOCKED: isRunning=false, audio ignored
03-27 21:26:02.625 32147 32179 D SimpleAudioRecorder: Read 2560 samples from mic
03-27 21:26:02.625 32147 32179 D SimpleAudioRecorder: CALLBACK: About to call onAudioData
03-27 21:26:02.626 32147 32147 W VoicePipelineManager: BLOCKED: isRunning=false, audio ignored
03-27 21:26:02.626 32147 32179 D SimpleAudioRecorder: CALLBACK: About to call onAudioData
03-27 21:26:02.626 32147 32147 W VoicePipelineManager: BLOCKED: isRunning=false, audio ignored
03-27 21:26:02.627 32147 32179 D SimpleAudioRecorder: CALLBACK: About to call onAudioData
03-27 21:26:02.627 32147 32147 W VoicePipelineManager: BLOCKED: isRunning=false, audio ignored
03-27 21:26:02.628 32147 32179 D SimpleAudioRecorder: CALLBACK: About to call onAudioData
03-27 21:26:02.628 32147 32147 W VoicePipelineManager: BLOCKED: isRunning=false, audio ignored
03-27 21:26:02.628 32147 32179 D SimpleAudioRecorder: CALLBACK: About to call onAudioData
03-27 21:26:02.629 32147 32147 W VoicePipelineManager: BLOCKED: isRunning=false, audio ignored
03-27 21:26:02.721   878   878 E cnss-daemon: gateway mac address: %02x:%02x:%02x:%02x:%02x:%02x
03-27 21:26:02.721   878   878 E cnss-daemon: : 00:00:00:00:00:00
03-27 21:26:02.721   878   878 E cnss-daemon: Invalid mac address: 0x555555f110M
03-27 21:26:02.784 32147 32179 D SimpleAudioRecorder: Read 2560 samples from mic
03-27 21:26:02.785 32147 32179 D SimpleAudioRecorder: CALLBACK: About to call onAudioData
03-27 21:26:02.789 32147 32147 W VoicePipelineManager: BLOCKED: isRunning=false, audio ignored
03-27 21:26:02.789 32147 32179 D SimpleAudioRecorder: CALLBACK: About to call onAudioData
03-27 21:26:02.790 32147 32147 W VoicePipelineManager: BLOCKED: isRunning=false, audio ignored
03-27 21:26:02.790 32147 32179 D SimpleAudioRecorder: CALLBACK: About to call onAudioData
03-27 21:26:02.790 32147 32147 W VoicePipelineManager: BLOCKED: isRunning=false, audio ignored
03-27 21:26:02.791 32147 32179 D SimpleAudioRecorder: CALLBACK: About to call onAudioData
03-27 21:26:02.791 32147 32147 W VoicePipelineManager: BLOCKED: isRunning=false, audio ignored
03-27 21:26:02.792 32147 32179 D SimpleAudioRecorder: CALLBACK: About to call onAudioData
03-27 21:26:02.792 32147 32147 W VoicePipelineManager: BLOCKED: isRunning=false, audio ignored
03-27 21:26:02.821 32147 32147 I BridgeJNI: Bridge nativeIsModelLoaded called
03-27 21:26:02.945 32147 32178 D SimpleAudioRecorder: Read 2560 samples from mic
03-27 21:26:02.945 32147 32178 D SimpleAudioRecorder: CALLBACK: About to call onAudioData
03-27 21:26:02.945 32147 32147 W VoicePipelineManager: BLOCKED: isRunning=false, audio ignored
03-27 21:26:02.946 32147 32178 D SimpleAudioRecorder: CALLBACK: About to call onAudioData
03-27 21:26:02.946 32147 32147 W VoicePipelineManager: BLOCKED: isRunning=false, audio ignored
03-27 21:26:02.947 32147 32178 D SimpleAudioRecorder: CALLBACK: About to call onAudioData
03-27 21:26:02.947 32147 32147 W VoicePipelineManager: BLOCKED: isRunning=false, audio ignored
03-27 21:26:02.948 32147 32178 D SimpleAudioRecorder: CALLBACK: About to call onAudioData
03-27 21:26:02.948 32147 32147 W VoicePipelineManager: BLOCKED: isRunning=false, audio ignored
03-27 21:26:02.949 32147 32178 D SimpleAudioRecorder: CALLBACK: About to call onAudioData
03-27 21:26:02.949 32147 32147 W VoicePipelineManager: BLOCKED: isRunning=false, audio ignored
03-27 21:26:03.105 32147 32179 D SimpleAudioRecorder: Read 2560 samples from mic
03-27 21:26:03.105 32147 32179 D SimpleAudioRecorder: CALLBACK: About to call onAudioData
03-27 21:26:03.108 32147 32147 W VoicePipelineManager: BLOCKED: isRunning=false, audio ignored
03-27 21:26:03.108 32147 32179 D SimpleAudioRecorder: CALLBACK: About to call onAudioData
03-27 21:26:03.109 32147 32147 W VoicePipelineManager: BLOCKED: isRunning=false, audio ignored
03-27 21:26:03.110 32147 32178 D SimpleAudioRecorder: CALLBACK: About to call onAudioData
03-27 21:26:03.110 32147 32147 W VoicePipelineManager: BLOCKED: isRunning=false, audio ignored
03-27 21:26:03.111 32147 32178 D SimpleAudioRecorder: CALLBACK: About to call onAudioData
03-27 21:26:03.111 32147 32147 W VoicePipelineManager: BLOCKED: isRunning=false, audio ignored
03-27 21:26:03.112 32147 32178 D SimpleAudioRecorder: CALLBACK: About to call onAudioData
03-27 21:26:03.112 32147 32147 W VoicePipelineManager: BLOCKED: isRunning=false, audio ignored
03-27 21:26:03.265 32147 32178 D SimpleAudioRecorder: Read 2560 samples from mic
03-27 21:26:03.265 32147 32178 D SimpleAudioRecorder: CALLBACK: About to call onAudioData
03-27 21:26:03.265 32147 32147 W VoicePipelineManager: BLOCKED: isRunning=false, audio ignored
03-27 21:26:03.266 32147 32178 D SimpleAudioRecorder: CALLBACK: About to call onAudioData
03-27 21:26:03.266 32147 32147 W VoicePipelineManager: BLOCKED: isRunning=false, audio ignored
03-27 21:26:03.267 32147 32178 D SimpleAudioRecorder: CALLBACK: About to call onAudioData
03-27 21:26:03.267 32147 32147 W VoicePipelineManager: BLOCKED: isRunning=false, audio ignored
03-27 21:26:03.267 32147 32178 D SimpleAudioRecorder: CALLBACK: About to call onAudioData
03-27 21:26:03.272 32147 32147 W VoicePipelineManager: BLOCKED: isRunning=false, audio ignored
03-27 21:26:03.272 32147 32178 D SimpleAudioRecorder: CALLBACK: About to call onAudioData
03-27 21:26:03.273 32147 32147 W VoicePipelineManager: BLOCKED: isRunning=false, audio ignored
03-27 21:26:03.425 32147 32178 D SimpleAudioRecorder: Read 2560 samples from mic
03-27 21:26:03.425 32147 32178 D SimpleAudioRecorder: CALLBACK: About to call onAudioData
03-27 21:26:03.425 32147 32147 W VoicePipelineManager: BLOCKED: isRunning=false, audio ignored
03-27 21:26:03.426 32147 32178 D SimpleAudioRecorder: CALLBACK: About to call onAudioData
03-27 21:26:03.427 32147 32147 W VoicePipelineManager: BLOCKED: isRunning=false, audio ignored
03-27 21:26:03.427 32147 32178 D SimpleAudioRecorder: CALLBACK: About to call onAudioData
03-27 21:26:03.428 32147 32147 W VoicePipelineManager: BLOCKED: isRunning=false, audio ignored
03-27 21:26:03.428 32147 32178 D SimpleAudioRecorder: CALLBACK: About to call onAudioData
03-27 21:26:03.428 32147 32147 W VoicePipelineManager: BLOCKED: isRunning=false, audio ignored
03-27 21:26:03.429 32147 32178 D SimpleAudioRecorder: CALLBACK: About to call onAudioData
03-27 21:26:03.429 32147 32147 W VoicePipelineManager: BLOCKED: isRunning=false, audio ignored
03-27 21:26:03.585 32147 32179 D SimpleAudioRecorder: Read 2560 samples from mic
03-27 21:26:03.585 32147 32179 D SimpleAudioRecorder: CALLBACK: About to call onAudioData
03-27 21:26:03.591 32147 32147 W VoicePipelineManager: BLOCKED: isRunning=false, audio ignored
03-27 21:26:03.592 32147 32179 D SimpleAudioRecorder: CALLBACK: About to call onAudioData
03-27 21:26:03.592 32147 32147 W VoicePipelineManager: BLOCKED: isRunning=false, audio ignored
03-27 21:26:03.593 32147 32179 D SimpleAudioRecorder: CALLBACK: About to call onAudioData
03-27 21:26:03.593 32147 32147 W VoicePipelineManager: BLOCKED: isRunning=false, audio ignored
03-27 21:26:03.593 32147 32179 D SimpleAudioRecorder: CALLBACK: About to call onAudioData
03-27 21:26:03.594 32147 32147 W VoicePipelineManager: BLOCKED: isRunning=false, audio ignored
03-27 21:26:03.595 32147 32179 D SimpleAudioRecorder: CALLBACK: About to call onAudioData
03-27 21:26:03.595 32147 32147 W VoicePipelineManager: BLOCKED: isRunning=false, audio ignored
03-27 21:26:03.744 32147 32179 D SimpleAudioRecorder: Read 2560 samples from mic
03-27 21:26:03.744 32147 32179 D SimpleAudioRecorder: CALLBACK: About to call onAudioData
03-27 21:26:03.745 32147 32147 W VoicePipelineManager: BLOCKED: isRunning=false, audio ignored
03-27 21:26:03.745 32147 32179 D SimpleAudioRecorder: CALLBACK: About to call onAudioData
03-27 21:26:03.745 32147 32147 W VoicePipelineManager: BLOCKED: isRunning=false, audio ignored
03-27 21:26:03.746 32147 32178 D SimpleAudioRecorder: CALLBACK: About to call onAudioData
03-27 21:26:03.746 32147 32147 W VoicePipelineManager: BLOCKED: isRunning=false, audio ignored
03-27 21:26:03.746 32147 32178 D SimpleAudioRecorder: CALLBACK: About to call onAudioData
03-27 21:26:03.747 32147 32147 W VoicePipelineManager: BLOCKED: isRunning=false, audio ignored
03-27 21:26:03.747 32147 32178 D SimpleAudioRecorder: CALLBACK: About to call onAudioData
03-27 21:26:03.747 32147 32147 W VoicePipelineManager: BLOCKED: isRunning=false, audio ignored
03-27 21:26:03.824 32147 32147 I BridgeJNI: Bridge nativeIsModelLoaded called
03-27 21:26:03.904 32147 32179 D SimpleAudioRecorder: Read 2560 samples from mic
03-27 21:26:03.905 32147 32179 D SimpleAudioRecorder: CALLBACK: About to call onAudioData
03-27 21:26:03.905 32147 32147 W VoicePipelineManager: BLOCKED: isRunning=false, audio ignored
03-27 21:26:03.906 32147 32179 D SimpleAudioRecorder: CALLBACK: About to call onAudioData
03-27 21:26:03.906 32147 32147 W VoicePipelineManager: BLOCKED: isRunning=false, audio ignored
03-27 21:26:03.906 32147 32179 D SimpleAudioRecorder: CALLBACK: About to call onAudioData
03-27 21:26:03.906 32147 32147 W VoicePipelineManager: BLOCKED: isRunning=false, audio ignored
03-27 21:26:03.907 32147 32179 D SimpleAudioRecorder: CALLBACK: About to call onAudioData
03-27 21:26:03.907 32147 32147 W VoicePipelineManager: BLOCKED: isRunning=false, audio ignored
03-27 21:26:03.908 32147 32179 D SimpleAudioRecorder: CALLBACK: About to call onAudioData
03-27 21:26:03.908 32147 32147 W VoicePipelineManager: BLOCKED: isRunning=false, audio ignored
