03-27 21:25:20.251   602   618 I libcoloros_contactsprovider: regist over
03-27 21:25:20.251   602   618 D ContactsDatabaseHelper: ContactsHelper onOpen
03-27 21:25:20.265   602   602 I ContactsPerf: VoicemailContentProvider.onCreate finish
03-27 21:25:20.279   602   602 W System  : ClassLoader referenced unknown path: /system/priv-app/BlockedNumberProvider/lib/arm
03-27 21:25:20.279   602   618 D ContactsDatabaseHelper: ContactsHelper onOpen attach
03-27 21:25:20.281   602   602 D ApplicationLoaders: ignored Vulkan layer search path /system/priv-app/BlockedNumberProvider/lib/arm:/system/fake-libs:/system/priv-app/BlockedNumberProvider/BlockedNumberProvider.apk!/lib/armeabi:/system/lib:/vendor/lib for namespace 0xee591090
03-27 21:25:20.290   602   618 D ContactsDatabaseHelper: ContactsHelper onOpen end
03-27 21:25:20.320   602   602 W System  : ClassLoader referenced unknown path: /system/app/UserDictionaryProvider/lib/arm
03-27 21:25:20.322   602   602 D ApplicationLoaders: ignored Vulkan layer search path /system/app/UserDictionaryProvider/lib/arm:/system/fake-libs:/system/app/UserDictionaryProvider/UserDictionaryProvider.apk!/lib/armeabi:/system/lib:/vendor/lib for namespace 0xee5910d0
03-27 21:25:20.354   602   602 D StrictMode: StrictMode policy violation; ~duration=110 ms: android.os.StrictMode$StrictModeDiskReadViolation: policy=65567 violation=2
03-27 21:25:20.354   602   602 D StrictMode: 	at android.os.StrictMode$AndroidBlockGuardPolicy.onReadFromDisk(StrictMode.java:1293)
03-27 21:25:20.354   602   602 D StrictMode: 	at java.io.UnixFileSystem.checkAccess(UnixFileSystem.java:249)
03-27 21:25:20.354   602   602 D StrictMode: 	at java.io.File.exists(File.java:785)
03-27 21:25:20.354   602   602 D StrictMode: 	at android.app.ContextImpl.getDataDir(ContextImpl.java:2020)
03-27 21:25:20.354   602   602 D StrictMode: 	at android.app.ContextImpl.getFilesDir(ContextImpl.java:555)
03-27 21:25:20.354   602   602 D StrictMode: 	at android.content.ContextWrapper.getFilesDir(ContextWrapper.java:234)
03-27 21:25:20.354   602   602 D StrictMode: 	at com.oppo.providers.romupdate.OppoRomupdateProvider.onCreate(OppoRomupdateProvider.java:58)
03-27 21:25:20.354   602   602 D StrictMode: 	at android.content.ContentProvider.attachInfo(ContentProvider.java:1785)
03-27 21:25:20.354   602   602 D StrictMode: 	at android.content.ContentProvider.attachInfo(ContentProvider.java:1760)
03-27 21:25:20.354   602   602 D StrictMode: 	at android.app.ActivityThread.installProvider(ActivityThread.java:6211)
03-27 21:25:20.354   602   602 D StrictMode: 	at android.app.ActivityThread.installContentProviders(ActivityThread.java:5761)
03-27 21:25:20.354   602   602 D StrictMode: 	at android.app.ActivityThread.handleBindApplication(ActivityThread.java:5700)
03-27 21:25:20.354   602   602 D StrictMode: 	at android.app.ActivityThread.-wrap2(ActivityThread.java)
03-27 21:25:20.354   602   602 D StrictMode: 	at android.app.ActivityThread$H.handleMessage(ActivityThread.java:1691)
03-27 21:25:20.354   602   602 D StrictMode: 	at android.os.Handler.dispatchMessage(Handler.java:102)
03-27 21:25:20.354   602   602 D StrictMode: 	at android.os.Looper.loop(Looper.java:186)
03-27 21:25:20.354   602   602 D StrictMode: 	at android.app.ActivityThread.main(ActivityThread.java:6513)
03-27 21:25:20.354   602   602 D StrictMode: 	at java.lang.reflect.Method.invoke(Native Method)
03-27 21:25:20.354   602   602 D StrictMode: 	at com.android.internal.os.ZygoteInit$MethodAndArgsCaller.run(ZygoteInit.java:914)
03-27 21:25:20.354   602   602 D StrictMode: 	at com.android.internal.os.ZygoteInit.main(ZygoteInit.java:804)
03-27 21:25:20.354   602   602 D StrictMode: StrictMode policy violation; ~duration=109 ms: android.os.StrictMode$StrictModeDiskReadViolation: policy=65567 violation=2
03-27 21:25:20.354   602   602 D StrictMode: 	at android.os.StrictMode$AndroidBlockGuardPolicy.onReadFromDisk(StrictMode.java:1293)
03-27 21:25:20.354   602   602 D StrictMode: 	at java.io.UnixFileSystem.checkAccess(UnixFileSystem.java:249)
03-27 21:25:20.354   602   602 D StrictMode: 	at java.io.File.exists(File.java:785)
03-27 21:25:20.354   602   602 D StrictMode: 	at android.app.ContextImpl.ensurePrivateDirExists(ContextImpl.java:536)
03-27 21:25:20.354   602   602 D StrictMode: 	at android.app.ContextImpl.getFilesDir(ContextImpl.java:557)
03-27 21:25:20.354   602   602 D StrictMode: 	at android.content.ContextWrapper.getFilesDir(ContextWrapper.java:234)
03-27 21:25:20.354   602   602 D StrictMode: 	at com.oppo.providers.romupdate.OppoRomupdateProvider.onCreate(OppoRomupdateProvider.java:58)
03-27 21:25:20.354   602   602 D StrictMode: 	at android.content.ContentProvider.attachInfo(ContentProvider.java:1785)
03-27 21:25:20.354   602   602 D StrictMode: 	at android.content.ContentProvider.attachInfo(ContentProvider.java:1760)
03-27 21:25:20.354   602   602 D StrictMode: 	at android.app.ActivityThread.installProvider(ActivityThread.java:6211)
03-27 21:25:20.354   602   602 D StrictMode: 	at android.app.ActivityThread.installContentProviders(ActivityThread.java:5761)
03-27 21:25:20.354   602   602 D StrictMode: 	at android.app.ActivityThread.handleBindApplication(ActivityThread.java:5700)
03-27 21:25:20.354   602   602 D StrictMode: 	at android.app.ActivityThread.-wrap2(ActivityThread.java)
03-27 21:25:20.354   602   602 D StrictMode: 	at android.app.ActivityThread$H.handleMessage(ActivityThread.java:1691)
03-27 21:25:20.354   602   602 D StrictMode: 	at android.os.Handler.dispatchMessage(Handler.java:102)
03-27 21:25:20.354   602   602 D StrictMode: 	at android.os.Looper.loop(Looper.java:186)
03-27 21:25:20.354   602   602 D StrictMode: 	at android.app.ActivityThread.main(ActivityThread.java:6513)
03-27 21:25:20.354   602   602 D StrictMode: 	at java.lang.reflect.Method.invoke(Native Method)
03-27 21:25:20.354   602   602 D StrictMode: 	at com.android.internal.os.ZygoteInit$MethodAndArgsCaller.run(ZygoteInit.java:914)
03-27 21:25:20.354   602   602 D StrictMode: 	at com.android.internal.os.ZygoteInit.main(ZygoteInit.java:804)
03-27 21:25:20.354   602   602 D StrictMode: StrictMode policy violation; ~duration=64 ms: android.os.StrictMode$StrictModeDiskReadViolation: policy=65567 violation=2
03-27 21:25:20.354   602   602 D StrictMode: 	at android.os.StrictMode$AndroidBlockGuardPolicy.onReadFromDisk(StrictMode.java:1293)
03-27 21:25:20.354   602   602 D StrictMode: 	at java.io.UnixFileSystem.checkAccess(UnixFileSystem.java:249)
03-27 21:25:20.354   602   602 D StrictMode: 	at java.io.File.exists(File.java:785)
03-27 21:25:20.354   602   602 D StrictMode: 	at oppo.content.res.OppoThemeZipFile.getThemeZipFile(OppoThemeZipFile.java:142)
03-27 21:25:20.354   602   602 D StrictMode: 	at oppo.content.res.OppoThemeResources.checkUpdate(OppoThemeResources.java:134)
03-27 21:25:20.354   602   602 D StrictMode: 	at oppo.content.res.OppoThemeResources.<init>(OppoThemeResources.java:98)
03-27 21:25:20.354   602   602 D StrictMode: 	at oppo.content.res.OppoThemeResourcesPackage.<init>(OppoThemeResourcesPackage.java:38)
03-27 21:25:20.354   602   602 D StrictMode: 	at oppo.content.res.OppoThemeResourcesPackage.getTopLevelThemeResources(OppoThemeResourcesPackage.java:62)
03-27 21:25:20.354   602   602 D StrictMode: 	at oppo.content.res.OppoThemeResourcesPackage.getThemeResources(OppoThemeResourcesPackage.java:51)
03-27 21:25:20.354   602   602 D StrictMode: 	at android.content.res.ResourcesImpl.init(ResourcesImpl.java:1484)
03-27 21:25:20.354   602   602 D StrictMode: 	at android.content.res.Resources.init(Resources.java:2305)
03-27 21:25:20.354   602   602 D StrictMode: 	at android.app.ActivityThread.getTopLevelResources(ActivityThread.java:6527)
03-27 21:25:20.354   602   602 D StrictMode: 	at android.app.LoadedApk.getResources(LoadedApk.java:815)
03-27 21:25:20.354   602   602 D StrictMode: 	at android.app.ContextImpl.<init>(ContextImpl.java:2124)
03-27 21:25:20.354   602   602 D StrictMode: 	at android.app.ContextImpl.createPackageContextAsUser(ContextImpl.java:1924)
03-27 21:25:20.354   602   602 D StrictMode: 	at android.app.ContextImpl.createPackageContext(ContextImpl.java:1900)
03-27 21:25:20.354   602   602 D StrictMode: 	at android.content.ContextWrapper.createPackageContext(ContextWrapper.java:789)
03-27 21:25:20.354   602   602 D StrictMode: 	at android.app.ActivityThread.installProvider(ActivityThread.java:6184)
03-27 21:25:20.354   602   602 D StrictMode: 	at android.app.ActivityThread.installContentProviders(ActivityThread.java:5761)
03-27 21:25:20.354   602   602 D StrictMode: 	at android.app.ActivityThread.handleBindApplication(ActivityThread.java:5700)
03-27 21:25:20.354   602   602 D StrictMode: 	at android.app.ActivityThread.-wrap2(ActivityThread.java)
03-27 21:25:20.354   602   602 D StrictMode: 	at android.app.ActivityThread$H.handleMessage(ActivityThread.java:1691)
03-27 21:25:20.354   602   602 D StrictMode: 	at android.os.Handler.dispatchMessage(Handler.java:102)
03-27 21:25:20.354   602   602 D StrictMode: 	at android.os.Looper.loop(Looper.java:186)
03-27 21:25:20.354   602   602 D StrictMode: 	at android.app.ActivityThread.main(ActivityThread.java:6513)
03-27 21:25:20.354   602   602 D StrictMode: 	at java.lang.reflect.Method.invoke(Native Method)
03-27 21:25:20.354   602   602 D StrictMode: 	at com.android.internal.os.ZygoteInit$MethodAndArgsCaller.run(ZygoteInit.java:914)
03-27 21:25:20.354   602   602 D StrictMode: 	at com.android.internal.os.ZygoteInit.main(ZygoteInit.java:804)
03-27 21:25:20.354   602   602 D StrictMode: StrictMode policy violation; ~duration=61 ms: android.os.StrictMode$StrictModeDiskReadViolation: policy=65567 violation=2
03-27 21:25:20.354   602   602 D StrictMode: 	at android.os.StrictMode$AndroidBlockGuardPolicy.onReadFromDisk(StrictMode.java:1293)
03-27 21:25:20.354   602   602 D StrictMode: 	at java.io.UnixFileSystem.checkAccess(UnixFileSystem.java:249)
03-27 21:25:20.354   602   602 D StrictMode: 	at java.io.File.exists(File.java:785)
03-27 21:25:20.354   602   602 D StrictMode: 	at oppo.content.res.OppoThemeZipFile.getThemeZipFile(OppoThemeZipFile.java:151)
03-27 21:25:20.354   602   602 D StrictMode: 	at oppo.content.res.OppoThemeResources.checkUpdate(OppoThemeResources.java:134)
03-27 21:25:20.354   602   602 D StrictMode: 	at oppo.content.res.OppoThemeResources.<init>(OppoThemeResources.java:98)
03-27 21:25:20.354   602   602 D StrictMode: 	at oppo.content.res.OppoThemeResourcesPackage.<init>(OppoThemeResourcesPackage.java:38)
03-27 21:25:20.354   602   602 D StrictMode: 	at oppo.content.res.OppoThemeResourcesPackage.getTopLevelThemeResources(OppoThemeResourcesPackage.java:62)
03-27 21:25:20.354   602   602 D StrictMode: 	at oppo.content.res.OppoThemeResourcesPackage.getThemeResources(OppoThemeResourcesPackage.java:51)
03-27 21:25:20.354   602   602 D StrictMode: 	at android.content.res.ResourcesImpl.init(ResourcesImpl.java:1484)
03-27 21:25:20.354   602   602 D StrictMode: 	at android.content.res.Resources.init(Resources.java:2305)
03-27 21:25:20.354   602   602 D StrictMode: 	at android.app.ActivityThread.getTopLevelResources(ActivityThread.java:6527)
03-27 21:25:20.354   602   602 D StrictMode: 	at android.app.LoadedApk.getResources(LoadedApk.java:815)
03-27 21:25:20.354   602   602 D StrictMode: 	at android.app.ContextImpl.<init>(ContextImpl.java:2124)
03-27 21:25:20.354   602   602 D StrictMode: 	at android.app.ContextImpl.createPackageContextAsUser(ContextImpl.java:1924)
03-27 21:25:20.354   602   602 D StrictMode: 	at android.app.ContextImpl.createPackageContext(ContextImpl.java:1900)
03-27 21:25:20.354   602   602 D StrictMode: 	at android.content.ContextWrapper.createPackageContext(ContextWrapper.java:789)
03-27 21:25:20.354   602   602 D StrictMode: 	at android.app.ActivityThread.installProvider(ActivityThread.java:6184)
03-27 21:25:20.354   602   602 D StrictMode: 	at android.app.ActivityThread.installContentProviders(ActivityThread.java:5761)
03-27 21:25:20.354   602   602 D StrictMode: 	at android.app.ActivityThread.handleBindApplication(ActivityThread.java:5700)
03-27 21:25:20.354   602   602 D StrictMode: 	at android.app.ActivityThread.-wrap2(ActivityThread.java)
03-27 21:25:20.354   602   602 D StrictMode: 	at android.app.ActivityThread$H.handleMessage(ActivityThread.java:1691)
03-27 21:25:20.354   602   602 D StrictMode: 	at android.os.Handler.dispatchMessage(Handler.java:102)
03-27 21:25:20.354   602   602 D StrictMode: 	at android.os.Looper.loop(Looper.java:186)
03-27 21:25:20.354   602   602 D StrictMode: 	at android.app.ActivityThread.main(ActivityThread.java:6513)
03-27 21:25:20.354   602   602 D StrictMode: 	at java.lang.reflect.Method.invoke(Native Method)
03-27 21:25:20.354   602   602 D StrictMode: 	at com.android.internal.os.ZygoteInit$MethodAndArgsCaller.run(ZygoteInit.java:914)
03-27 21:25:20.354   602   602 D StrictMode: 	at com.android.internal.os.ZygoteInit.main(ZygoteInit.java:804)
03-27 21:25:20.429   602   618 E SQLiteLog: (1) no such function: _NATIVE_OPPO_PY_SEARCH
03-27 21:25:20.429   602   618 D ContactsDatabaseHelper: no _NATIVE_OPPO_PY_SEARCH function in libcoloros_contactsprovider.so
03-27 21:25:20.430   602   618 I libcoloros_contactsprovider: reinterpretPoint ++
03-27 21:25:20.430   602   618 I libcoloros_contactsprovider: regist over
03-27 21:25:20.430   602   618 D ContactsDatabaseHelper: ContactsHelper onOpen
03-27 21:25:20.444   602   618 D ContactsDatabaseHelper: ContactsHelper onOpen end
03-27 21:25:20.489   618   618 W ContactsProvide: type=1400 audit(0.0:449): avc: denied { read } for uid=10003 name="system" dev="debugfs" ino=4618 scontext=u:r:priv_app:s0:c512,c768 tcontext=u:object_r:debugfs:s0 tclass=file permissive=0
03-27 21:25:20.506   602   618 E android.os.Debug: void android::android_os_Debug_getIonOrphaned(long int*): Unable to open /d/ion/heaps/system
03-27 21:25:20.506   602   618 E android.os.Debug: get_ion_cache_memory: Unable to open /d/ion/heaps/ion_mm_heap
03-27 21:25:20.557   602   618 D ContactsProvider: has _NATIVE_OPPO_PY_SEARCH function
03-27 21:25:20.924  1666  1718 I ActivityManager: Start proc 622:com.nearme.sync/u0a98 for service com.nearme.sync/.services.AutoSyncService
03-27 21:25:20.985   622   622 W System  : ClassLoader referenced unknown path: /system/app/NearMeSync-V2.1.0/lib/arm64
03-27 21:25:21.106   622   622 I System.out: Fri Mar 27 21:25:21 GMT+05:45 2026 [INFO] [AndroidCustomization] Initializing sources info
03-27 21:25:21.110   622   622 V NearMeSync: Fri Mar 27 21:25:21 GMT+05:45 2026 ---------
03-27 21:25:21.114   602   610 W JavaBinder: BinderProxy is being destroyed but the application did not call unlinkToDeath to unlink all of its death recipients beforehand.  Releasing leaked death recipient: com.android.providers.contacts.ContactsProvider2$AppLinkToDeathClass
03-27 21:25:21.116   622   622 I NearMeSync: Fri Mar 27 21:25:21 GMT+05:45 2026 [AppInitializer] Memory card present: true
03-27 21:25:21.132   622   622 V NearMeSync: Fri Mar 27 21:25:21 GMT+05:45 2026 [Configuration] Loading config
03-27 21:25:21.141   622   622 I NearMeSync: Fri Mar 27 21:25:21 GMT+05:45 2026 [AndroidAppSyncSourceManager] Setting up source: 64
03-27 21:25:21.143   622   622 V NearMeSync: Fri Mar 27 21:25:21 GMT+05:45 2026 [DeviceInfo] Device recognition data: final size: 5.514345482636109, width pixels: 720, height pixels: 1280, xdpi: 272.955, ydpi: 264.325
03-27 21:25:21.146   622   622 D NearMeSync: Fri Mar 27 21:25:21 GMT+05:45 2026 [AppSyncSourceConfig] Loading config for config
03-27 21:25:21.146   622   622 V NearMeSync: Fri Mar 27 21:25:21 GMT+05:45 2026 [DeviceInfo] Device recognition data: final size: 5.514345482636109, width pixels: 720, height pixels: 1280, xdpi: 272.955, ydpi: 264.325
03-27 21:25:21.146   622   622 D NearMeSync: Fri Mar 27 21:25:21 GMT+05:45 2026 [AppSyncSourceConfig] Loading config key =  SYNC_SOURCE_AUTOMATICED-64
03-27 21:25:21.147   622   622 D NearMeSync: Fri Mar 27 21:25:21 GMT+05:45 2026 [AppSyncSourceConfig] Loading config automatic default =  false
03-27 21:25:21.147   622   622 D NearMeSync: Fri Mar 27 21:25:21 GMT+05:45 2026 [AppSyncSourceConfig] Loading config automatic =  false
03-27 21:25:21.150   622   622 I NearMeSync: Fri Mar 27 21:25:21 GMT+05:45 2026 [AndroidAppSyncSourceManager] Setting up source: 1
03-27 21:25:21.157   622   622 V NearMeSync: Fri Mar 27 21:25:21 GMT+05:45 2026 [DeviceInfo] Device recognition data: final size: 5.514345482636109, width pixels: 720, height pixels: 1280, xdpi: 272.955, ydpi: 264.325
03-27 21:25:21.182   622   622 V NearMeSync: Fri Mar 27 21:25:21 GMT+05:45 2026 [AbstractDataManager] initAccount
03-27 21:25:21.183   622   622 V NearMeSync: Fri Mar 27 21:25:21 GMT+05:45 2026 [DeviceInfo] Device recognition data: final size: 5.514345482636109, width pixels: 720, height pixels: 1280, xdpi: 272.955, ydpi: 264.325
03-27 21:25:21.183   622   622 D NearMeSync: Fri Mar 27 21:25:21 GMT+05:45 2026 [AppSyncSourceConfig] Loading config for Contacts
03-27 21:25:21.183   622   622 V NearMeSync: Fri Mar 27 21:25:21 GMT+05:45 2026 [DeviceInfo] Device recognition data: final size: 5.514345482636109, width pixels: 720, height pixels: 1280, xdpi: 272.955, ydpi: 264.325
03-27 21:25:21.183   622   622 D NearMeSync: Fri Mar 27 21:25:21 GMT+05:45 2026 [AppSyncSourceConfig] Loading config key =  SYNC_SOURCE_AUTOMATICED-1
03-27 21:25:21.184   622   622 D NearMeSync: Fri Mar 27 21:25:21 GMT+05:45 2026 [AppSyncSourceConfig] Loading config automatic default =  false
03-27 21:25:21.184   622   622 D NearMeSync: Fri Mar 27 21:25:21 GMT+05:45 2026 [AppSyncSourceConfig] Loading config automatic =  false
03-27 21:25:21.208   622   622 V NearMeSync: Fri Mar 27 21:25:21 GMT+05:45 2026 [SynchronizationController] Initializing synchronization controller
03-27 21:25:21.209   622   622 V NearMeSync: Fri Mar 27 21:25:21 GMT+05:45 2026 [HomeScreenController] forceUpdateAvailableSources
03-27 21:25:21.209   622   639 I NearMeSync: Fri Mar 27 21:25:21 GMT+05:45 2026 [SynchronizationController] Starting request handler
03-27 21:25:21.210   622   622 V NearMeSync: Fri Mar 27 21:25:21 GMT+05:45 2026 [AppSyncSourceManager] getRegisteredSources
03-27 21:25:21.210   622   622 D NearMeSync: Fri Mar 27 21:25:21 GMT+05:45 2026 [HomeScreenController] Number of visible sources: 1
03-27 21:25:21.210   622   622 D NearMeSync: Fri Mar 27 21:25:21 GMT+05:45 2026 [HomeScreenController] Setting source Contacts at position: 0
03-27 21:25:21.210   622   622 V NearMeSync: Fri Mar 27 21:25:21 GMT+05:45 2026 [AppSyncSourceManager] getRegisteredSources
03-27 21:25:21.210   622   622 D NearMeSync: Fri Mar 27 21:25:21 GMT+05:45 2026 [HomeScreenController] Setting source at index: 0
03-27 21:25:21.212   622   622 D NearMeSync: Fri Mar 27 21:25:21 GMT+05:45 2026 [AutoSyncService] Service Created
03-27 21:25:21.212   622   622 V NearMeSync: Fri Mar 27 21:25:21 GMT+05:45 2026 [AppSyncSourceManager] getWorkingSources
03-27 21:25:21.213   622   622 D NearMeSync: Fri Mar 27 21:25:21 GMT+05:45 2026 [AutoSyncService] Service Started
03-27 21:25:21.215   622   622 D NearMeSync: Fri Mar 27 21:25:21 GMT+05:45 2026 [AutoSyncService] Service Started
03-27 21:25:21.216   622   622 I NearMeSync: Fri Mar 27 21:25:21 GMT+05:45 2026 [AutoSyncService] Start monitoring uri content://com.android.contacts/contacts
03-27 21:25:21.218  1666  2747 W ActivityManager: Permission Denial: opening provider com.android.providers.contacts.ContactsProvider2 from ProcessRecord{4d68163 622:com.nearme.sync/u0a98} (pid=622, uid=10098) requires android.permission.READ_CONTACTS or android.permission.WRITE_CONTACTS
03-27 21:25:21.218  1666  2747 W ContentService: Ignoring content changes for content://com.android.contacts/contacts from 10098: Permission Denial: opening provider com.android.providers.contacts.ContactsProvider2 from ProcessRecord{4d68163 622:com.nearme.sync/u0a98} (pid=622, uid=10098) requires android.permission.READ_CONTACTS or android.permission.WRITE_CONTACTS
03-27 21:25:22.145 32147 32147 I chatty  : uid=10287(com.projekt_x.studybuddy) expire 118 lines
03-27 21:25:22.146 32147 32179 I chatty  : uid=10287(com.projekt_x.studybuddy) DefaultDispatch expire 55 lines
03-27 21:25:23.285   602   618 D DuplicatedContactsUtils: BACKGROUND_TASK_REMOVE_DUPLICATE schedule job (job:100/com.android.providers.contacts/.util.DuplicatedContactsService)
03-27 21:25:23.531   878   878 E cnss-daemon: Stale or unreachable neighbors, ndm state: 4
03-27 21:25:23.907 32147 32190 I chatty  : uid=10287(com.projekt_x.studybuddy) DefaultDispatch expire 124 lines
03-27 21:25:25.155  1666  1675 I art     : Background partial concurrent mark sweep GC freed 54018(2MB) AllocSpace objects, 7(220KB) LOS objects, 19% free, 28MB/35MB, paused 2.959ms total 215.804ms
03-27 21:25:25.776 32147 32147 I chatty  : uid=10287(com.projekt_x.studybuddy) expire 117 lines
03-27 21:25:25.825 32147 32180 I chatty  : uid=10287(com.projekt_x.studybuddy) DefaultDispatch expire 6 lines
03-27 21:25:25.829 32147 32179 I chatty  : uid=10287(com.projekt_x.studybuddy) DefaultDispatch expire 103 lines
03-27 21:25:29.209   878   878 E cnss-daemon: Stale or unreachable neighbors, ndm state: 4
03-27 21:25:29.349 32147 32147 I chatty  : uid=10287(com.projekt_x.studybuddy) expire 117 lines
03-27 21:25:29.509 32147 32747 I chatty  : uid=10287(com.projekt_x.studybuddy) DefaultDispatch expire 10 lines
03-27 21:25:29.988 32147 32190 I chatty  : uid=10287(com.projekt_x.studybuddy) DefaultDispatch expire 163 lines
03-27 21:25:30.332  1666  2385 W Watchdog_N: !@WatchDog_1995;
03-27 21:25:30.619 31901 31901 I Choreographer: Skipped 1 frames!  The application may be doing too much work on its main thread.
03-27 21:25:33.026 32147 32147 I chatty  : uid=10287(com.projekt_x.studybuddy) expire 117 lines
03-27 21:25:33.028 32147 32179 I chatty  : uid=10287(com.projekt_x.studybuddy) DefaultDispatch expire 29 lines
03-27 21:25:33.827 32147 32747 I chatty  : uid=10287(com.projekt_x.studybuddy) DefaultDispatch expire 9 lines
03-27 21:25:36.671  1666  1838 E qti_sensors_hal: processReportInd:accel X: 0.051498 Y: -0.261108 Z: 9.791946 , timestamp = 601524876
03-27 21:25:36.704 32147 32190 D SimpleAudioRecorder: Read 2560 samples from mic
03-27 21:25:36.704 32147 32190 D SimpleAudioRecorder: CALLBACK: About to call onAudioData
03-27 21:25:36.705 32147 32147 W VoicePipelineManager: BLOCKED: isRunning=false, audio ignored
03-27 21:25:36.705 32147 32190 D SimpleAudioRecorder: CALLBACK: About to call onAudioData
03-27 21:25:36.706 32147 32147 W VoicePipelineManager: BLOCKED: isRunning=false, audio ignored
03-27 21:25:36.706 32147 32190 D SimpleAudioRecorder: CALLBACK: About to call onAudioData
03-27 21:25:36.707 32147 32147 W VoicePipelineManager: BLOCKED: isRunning=false, audio ignored
03-27 21:25:36.707 32147 32190 D SimpleAudioRecorder: CALLBACK: About to call onAudioData
03-27 21:25:36.707 32147 32147 W VoicePipelineManager: BLOCKED: isRunning=false, audio ignored
03-27 21:25:36.707 32147 32190 D SimpleAudioRecorder: CALLBACK: About to call onAudioData
03-27 21:25:36.708 32147 32147 W VoicePipelineManager: BLOCKED: isRunning=false, audio ignored
03-27 21:25:36.793 32147 32147 I BridgeJNI: Bridge nativeIsModelLoaded called
03-27 21:25:36.865 32147 32747 D SimpleAudioRecorder: Read 2560 samples from mic
03-27 21:25:36.865 32147 32747 D SimpleAudioRecorder: CALLBACK: About to call onAudioData
03-27 21:25:36.865 32147 32147 W VoicePipelineManager: BLOCKED: isRunning=false, audio ignored
03-27 21:25:36.866 32147 32747 D SimpleAudioRecorder: CALLBACK: About to call onAudioData
03-27 21:25:36.867 32147 32147 W VoicePipelineManager: BLOCKED: isRunning=false, audio ignored
03-27 21:25:36.867 32147 32190 D SimpleAudioRecorder: CALLBACK: About to call onAudioData
03-27 21:25:36.872 32147 32147 W VoicePipelineManager: BLOCKED: isRunning=false, audio ignored
03-27 21:25:36.873 32147 32190 D SimpleAudioRecorder: CALLBACK: About to call onAudioData
03-27 21:25:36.873 32147 32147 W VoicePipelineManager: BLOCKED: isRunning=false, audio ignored
03-27 21:25:36.874 32147 32747 D SimpleAudioRecorder: CALLBACK: About to call onAudioData
03-27 21:25:36.874 32147 32147 W VoicePipelineManager: BLOCKED: isRunning=false, audio ignored
03-27 21:25:37.025 32147 32190 D SimpleAudioRecorder: Read 2560 samples from mic
03-27 21:25:37.025 32147 32190 D SimpleAudioRecorder: CALLBACK: About to call onAudioData
03-27 21:25:37.025 32147 32147 W VoicePipelineManager: BLOCKED: isRunning=false, audio ignored
03-27 21:25:37.026 32147 32190 D SimpleAudioRecorder: CALLBACK: About to call onAudioData
03-27 21:25:37.026 32147 32147 W VoicePipelineManager: BLOCKED: isRunning=false, audio ignored
03-27 21:25:37.027 32147 32190 D SimpleAudioRecorder: CALLBACK: About to call onAudioData
03-27 21:25:37.027 32147 32147 W VoicePipelineManager: BLOCKED: isRunning=false, audio ignored
03-27 21:25:37.028 32147 32190 D SimpleAudioRecorder: CALLBACK: About to call onAudioData
03-27 21:25:37.030 32147 32147 W VoicePipelineManager: BLOCKED: isRunning=false, audio ignored
03-27 21:25:37.031 32147 32190 D SimpleAudioRecorder: CALLBACK: About to call onAudioData
03-27 21:25:37.031 32147 32147 W VoicePipelineManager: BLOCKED: isRunning=false, audio ignored
03-27 21:25:37.184 32147 32190 D SimpleAudioRecorder: Read 2560 samples from mic
03-27 21:25:37.184 32147 32190 D SimpleAudioRecorder: CALLBACK: About to call onAudioData
03-27 21:25:37.189 32147 32147 W VoicePipelineManager: BLOCKED: isRunning=false, audio ignored
03-27 21:25:37.190 32147 32190 D SimpleAudioRecorder: CALLBACK: About to call onAudioData
03-27 21:25:37.190 32147 32147 W VoicePipelineManager: BLOCKED: isRunning=false, audio ignored
03-27 21:25:37.191 32147 32190 D SimpleAudioRecorder: CALLBACK: About to call onAudioData
03-27 21:25:37.191 32147 32147 W VoicePipelineManager: BLOCKED: isRunning=false, audio ignored
03-27 21:25:37.191 32147 32190 D SimpleAudioRecorder: CALLBACK: About to call onAudioData
03-27 21:25:37.192 32147 32147 W VoicePipelineManager: BLOCKED: isRunning=false, audio ignored
03-27 21:25:37.192 32147 32190 D SimpleAudioRecorder: CALLBACK: About to call onAudioData
03-27 21:25:37.192 32147 32147 W VoicePipelineManager: BLOCKED: isRunning=false, audio ignored
03-27 21:25:37.344 32147 32747 D SimpleAudioRecorder: Read 2560 samples from mic
03-27 21:25:37.345 32147 32747 D SimpleAudioRecorder: CALLBACK: About to call onAudioData
03-27 21:25:37.345 32147 32147 W VoicePipelineManager: BLOCKED: isRunning=false, audio ignored
03-27 21:25:37.345 32147 32747 D SimpleAudioRecorder: CALLBACK: About to call onAudioData
03-27 21:25:37.346 32147 32147 W VoicePipelineManager: BLOCKED: isRunning=false, audio ignored
03-27 21:25:37.346 32147 32747 D SimpleAudioRecorder: CALLBACK: About to call onAudioData
03-27 21:25:37.346 32147 32147 W VoicePipelineManager: BLOCKED: isRunning=false, audio ignored
03-27 21:25:37.347 32147 32747 D SimpleAudioRecorder: CALLBACK: About to call onAudioData
03-27 21:25:37.347 32147 32147 W VoicePipelineManager: BLOCKED: isRunning=false, audio ignored
03-27 21:25:37.347 32147 32190 D SimpleAudioRecorder: CALLBACK: About to call onAudioData
03-27 21:25:37.348 32147 32147 W VoicePipelineManager: BLOCKED: isRunning=false, audio ignored
03-27 21:25:37.504 32147 32190 D SimpleAudioRecorder: Read 2560 samples from mic
03-27 21:25:37.505 32147 32190 D SimpleAudioRecorder: CALLBACK: About to call onAudioData
03-27 21:25:37.506 32147 32147 W VoicePipelineManager: BLOCKED: isRunning=false, audio ignored
03-27 21:25:37.506 32147 32190 D SimpleAudioRecorder: CALLBACK: About to call onAudioData
03-27 21:25:37.507 32147 32147 W VoicePipelineManager: BLOCKED: isRunning=false, audio ignored
03-27 21:25:37.507 32147 32190 D SimpleAudioRecorder: CALLBACK: About to call onAudioData
03-27 21:25:37.508 32147 32147 W VoicePipelineManager: BLOCKED: isRunning=false, audio ignored
03-27 21:25:37.508 32147 32747 D SimpleAudioRecorder: CALLBACK: About to call onAudioData
03-27 21:25:37.508 32147 32147 W VoicePipelineManager: BLOCKED: isRunning=false, audio ignored
03-27 21:25:37.509 32147 32747 D SimpleAudioRecorder: CALLBACK: About to call onAudioData
03-27 21:25:37.510 32147 32147 W VoicePipelineManager: BLOCKED: isRunning=false, audio ignored
03-27 21:25:37.665 32147 32747 D SimpleAudioRecorder: Read 2560 samples from mic
03-27 21:25:37.665 32147 32747 D SimpleAudioRecorder: CALLBACK: About to call onAudioData
03-27 21:25:37.665 32147 32147 W VoicePipelineManager: BLOCKED: isRunning=false, audio ignored
03-27 21:25:37.665 32147 32747 D SimpleAudioRecorder: CALLBACK: About to call onAudioData
03-27 21:25:37.666 32147 32147 W VoicePipelineManager: BLOCKED: isRunning=false, audio ignored
03-27 21:25:37.666 32147 32747 D SimpleAudioRecorder: CALLBACK: About to call onAudioData
03-27 21:25:37.666 32147 32147 W VoicePipelineManager: BLOCKED: isRunning=false, audio ignored
03-27 21:25:37.667 32147 32190 D SimpleAudioRecorder: CALLBACK: About to call onAudioData
03-27 21:25:37.667 32147 32147 W VoicePipelineManager: BLOCKED: isRunning=false, audio ignored
03-27 21:25:37.668 32147 32747 D SimpleAudioRecorder: CALLBACK: About to call onAudioData
03-27 21:25:37.673 32147 32147 W VoicePipelineManager: BLOCKED: isRunning=false, audio ignored
03-27 21:25:37.794 32147 32147 I BridgeJNI: Bridge nativeIsModelLoaded called
03-27 21:25:37.824 32147 32190 D SimpleAudioRecorder: Read 2560 samples from mic
03-27 21:25:37.825 32147 32190 D SimpleAudioRecorder: CALLBACK: About to call onAudioData
03-27 21:25:37.825 32147 32147 W VoicePipelineManager: BLOCKED: isRunning=false, audio ignored
03-27 21:25:37.826 32147 32190 D SimpleAudioRecorder: CALLBACK: About to call onAudioData
03-27 21:25:37.826 32147 32147 W VoicePipelineManager: BLOCKED: isRunning=false, audio ignored
03-27 21:25:37.827 32147 32190 D SimpleAudioRecorder: CALLBACK: About to call onAudioData
03-27 21:25:37.827 32147 32147 W VoicePipelineManager: BLOCKED: isRunning=false, audio ignored
03-27 21:25:37.828 32147 32190 D SimpleAudioRecorder: CALLBACK: About to call onAudioData
03-27 21:25:37.828 32147 32147 W VoicePipelineManager: BLOCKED: isRunning=false, audio ignored
03-27 21:25:37.829 32147 32190 D SimpleAudioRecorder: CALLBACK: About to call onAudioData
03-27 21:25:37.829 32147 32147 W VoicePipelineManager: BLOCKED: isRunning=false, audio ignored
03-27 21:25:37.967 32147 32747 I BridgeJNI: Bridge nativeGetCurrentTemperature called
03-27 21:25:37.984 32147 32190 D SimpleAudioRecorder: Read 2560 samples from mic
03-27 21:25:37.984 32147 32190 D SimpleAudioRecorder: CALLBACK: About to call onAudioData
03-27 21:25:37.989 32147 32147 W VoicePipelineManager: BLOCKED: isRunning=false, audio ignored
03-27 21:25:37.990 32147 32190 D SimpleAudioRecorder: CALLBACK: About to call onAudioData
03-27 21:25:37.990 32147 32147 W VoicePipelineManager: BLOCKED: isRunning=false, audio ignored
03-27 21:25:37.990 32147 32190 D SimpleAudioRecorder: CALLBACK: About to call onAudioData
03-27 21:25:37.991 32147 32147 W VoicePipelineManager: BLOCKED: isRunning=false, audio ignored
03-27 21:25:37.991 32147 32747 D SimpleAudioRecorder: CALLBACK: About to call onAudioData
03-27 21:25:37.991 32147 32147 W VoicePipelineManager: BLOCKED: isRunning=false, audio ignored
03-27 21:25:37.992 32147 32747 D SimpleAudioRecorder: CALLBACK: About to call onAudioData
03-27 21:25:37.992 32147 32147 W VoicePipelineManager: BLOCKED: isRunning=false, audio ignored
03-27 21:25:38.144 32147 32190 D SimpleAudioRecorder: Read 2560 samples from mic
03-27 21:25:38.144 32147 32190 D SimpleAudioRecorder: CALLBACK: About to call onAudioData
03-27 21:25:38.145 32147 32147 W VoicePipelineManager: BLOCKED: isRunning=false, audio ignored
03-27 21:25:38.145 32147 32190 D SimpleAudioRecorder: CALLBACK: About to call onAudioData
03-27 21:25:38.145 32147 32147 W VoicePipelineManager: BLOCKED: isRunning=false, audio ignored
03-27 21:25:38.146 32147 32190 D SimpleAudioRecorder: CALLBACK: About to call onAudioData
03-27 21:25:38.146 32147 32147 W VoicePipelineManager: BLOCKED: isRunning=false, audio ignored
03-27 21:25:38.146 32147 32190 D SimpleAudioRecorder: CALLBACK: About to call onAudioData
03-27 21:25:38.146 32147 32147 W VoicePipelineManager: BLOCKED: isRunning=false, audio ignored
03-27 21:25:38.146 32147 32190 D SimpleAudioRecorder: CALLBACK: About to call onAudioData
03-27 21:25:38.147 32147 32147 W VoicePipelineManager: BLOCKED: isRunning=false, audio ignored
03-27 21:25:38.304 32147 32747 D SimpleAudioRecorder: Read 2560 samples from mic
03-27 21:25:38.305 32147 32747 D SimpleAudioRecorder: CALLBACK: About to call onAudioData
03-27 21:25:38.305 32147 32147 W VoicePipelineManager: BLOCKED: isRunning=false, audio ignored
03-27 21:25:38.305 32147 32747 D SimpleAudioRecorder: CALLBACK: About to call onAudioData
03-27 21:25:38.306 32147 32147 W VoicePipelineManager: BLOCKED: isRunning=false, audio ignored
03-27 21:25:38.306 32147 32747 D SimpleAudioRecorder: CALLBACK: About to call onAudioData
03-27 21:25:38.306 32147 32147 W VoicePipelineManager: BLOCKED: isRunning=false, audio ignored
03-27 21:25:38.307 32147 32747 D SimpleAudioRecorder: CALLBACK: About to call onAudioData
03-27 21:25:38.307 32147 32147 W VoicePipelineManager: BLOCKED: isRunning=false, audio ignored
03-27 21:25:38.308 32147 32190 D SimpleAudioRecorder: CALLBACK: About to call onAudioData
03-27 21:25:38.308 32147 32147 W VoicePipelineManager: BLOCKED: isRunning=false, audio ignored
03-27 21:25:38.465 32147 32190 D SimpleAudioRecorder: Read 2560 samples from mic
03-27 21:25:38.465 32147 32190 D SimpleAudioRecorder: CALLBACK: About to call onAudioData
03-27 21:25:38.466 32147 32147 W VoicePipelineManager: BLOCKED: isRunning=false, audio ignored
03-27 21:25:38.467 32147 32190 D SimpleAudioRecorder: CALLBACK: About to call onAudioData
03-27 21:25:38.467 32147 32147 W VoicePipelineManager: BLOCKED: isRunning=false, audio ignored
03-27 21:25:38.468 32147 32190 D SimpleAudioRecorder: CALLBACK: About to call onAudioData
03-27 21:25:38.473 32147 32147 W VoicePipelineManager: BLOCKED: isRunning=false, audio ignored
03-27 21:25:38.474 32147 32190 D SimpleAudioRecorder: CALLBACK: About to call onAudioData
03-27 21:25:38.474 32147 32147 W VoicePipelineManager: BLOCKED: isRunning=false, audio ignored
03-27 21:25:38.475 32147 32190 D SimpleAudioRecorder: CALLBACK: About to call onAudioData
03-27 21:25:38.475 32147 32147 W VoicePipelineManager: BLOCKED: isRunning=false, audio ignored
03-27 21:25:38.589   878   878 E cnss-daemon: Stale or unreachable neighbors, ndm state: 16
03-27 21:25:38.601   878   878 E cnss-daemon: gateway ipv6 address: fe80::1
03-27 21:25:38.601   878   878 E cnss-daemon: gateway mac address: %02x:%02x:%02x:%02x:%02x:%02x
03-27 21:25:38.601   878   878 E cnss-daemon: : f8:0c:58:2c:31:5b
03-27 21:25:38.603   878   878 E cnss-daemon: gw update message successfully sent
03-27 21:25:38.625 32147 32190 D SimpleAudioRecorder: Read 2560 samples from mic
03-27 21:25:38.625 32147 32190 D SimpleAudioRecorder: CALLBACK: About to call onAudioData
03-27 21:25:38.625 32147 32147 W VoicePipelineManager: BLOCKED: isRunning=false, audio ignored
03-27 21:25:38.626 32147 32190 D SimpleAudioRecorder: CALLBACK: About to call onAudioData
03-27 21:25:38.626 32147 32147 W VoicePipelineManager: BLOCKED: isRunning=false, audio ignored
03-27 21:25:38.626 32147 32190 D SimpleAudioRecorder: CALLBACK: About to call onAudioData
03-27 21:25:38.627 32147 32147 W VoicePipelineManager: BLOCKED: isRunning=false, audio ignored
03-27 21:25:38.628 32147 32190 D SimpleAudioRecorder: CALLBACK: About to call onAudioData
03-27 21:25:38.628 32147 32147 W VoicePipelineManager: BLOCKED: isRunning=false, audio ignored
03-27 21:25:38.629 32147 32190 D SimpleAudioRecorder: CALLBACK: About to call onAudioData
03-27 21:25:38.629 32147 32147 W VoicePipelineManager: BLOCKED: isRunning=false, audio ignored
03-27 21:25:38.785 32147 32747 D SimpleAudioRecorder: Read 2560 samples from mic
03-27 21:25:38.785 32147 32747 D SimpleAudioRecorder: CALLBACK: About to call onAudioData
03-27 21:25:38.791 32147 32147 W VoicePipelineManager: BLOCKED: isRunning=false, audio ignored
03-27 21:25:38.792 32147 32747 D SimpleAudioRecorder: CALLBACK: About to call onAudioData
03-27 21:25:38.792 32147 32147 W VoicePipelineManager: BLOCKED: isRunning=false, audio ignored
03-27 21:25:38.792 32147 32747 D SimpleAudioRecorder: CALLBACK: About to call onAudioData
03-27 21:25:38.793 32147 32147 W VoicePipelineManager: BLOCKED: isRunning=false, audio ignored
03-27 21:25:38.794 32147 32190 D SimpleAudioRecorder: CALLBACK: About to call onAudioData
03-27 21:25:38.794 32147 32147 W VoicePipelineManager: BLOCKED: isRunning=false, audio ignored
03-27 21:25:38.794 32147 32147 I BridgeJNI: Bridge nativeIsModelLoaded called
03-27 21:25:38.794 32147 32190 D SimpleAudioRecorder: CALLBACK: About to call onAudioData
03-27 21:25:38.795 32147 32147 W VoicePipelineManager: BLOCKED: isRunning=false, audio ignored
03-27 21:25:38.945 32147 32747 D SimpleAudioRecorder: Read 2560 samples from mic
03-27 21:25:38.945 32147 32747 D SimpleAudioRecorder: CALLBACK: About to call onAudioData
03-27 21:25:38.945 32147 32147 W VoicePipelineManager: BLOCKED: isRunning=false, audio ignored
03-27 21:25:38.946 32147 32747 D SimpleAudioRecorder: CALLBACK: About to call onAudioData
03-27 21:25:38.946 32147 32147 W VoicePipelineManager: BLOCKED: isRunning=false, audio ignored
03-27 21:25:38.947 32147 32747 D SimpleAudioRecorder: CALLBACK: About to call onAudioData
03-27 21:25:38.947 32147 32147 W VoicePipelineManager: BLOCKED: isRunning=false, audio ignored
03-27 21:25:38.948 32147 32747 D SimpleAudioRecorder: CALLBACK: About to call onAudioData
03-27 21:25:38.948 32147 32147 W VoicePipelineManager: BLOCKED: isRunning=false, audio ignored
03-27 21:25:38.949 32147 32747 D SimpleAudioRecorder: CALLBACK: About to call onAudioData
03-27 21:25:38.949 32147 32147 W VoicePipelineManager: BLOCKED: isRunning=false, audio ignored
03-27 21:25:39.105 32147 32747 D SimpleAudioRecorder: Read 2560 samples from mic
03-27 21:25:39.105 32147 32747 D SimpleAudioRecorder: CALLBACK: About to call onAudioData
03-27 21:25:39.108 32147 32147 W VoicePipelineManager: BLOCKED: isRunning=false, audio ignored
03-27 21:25:39.108 32147 32747 D SimpleAudioRecorder: CALLBACK: About to call onAudioData
03-27 21:25:39.109 32147 32147 W VoicePipelineManager: BLOCKED: isRunning=false, audio ignored
03-27 21:25:39.109 32147 32747 D SimpleAudioRecorder: CALLBACK: About to call onAudioData
03-27 21:25:39.110 32147 32147 W VoicePipelineManager: BLOCKED: isRunning=false, audio ignored
03-27 21:25:39.110 32147 32747 D SimpleAudioRecorder: CALLBACK: About to call onAudioData
03-27 21:25:39.111 32147 32147 W VoicePipelineManager: BLOCKED: isRunning=false, audio ignored
03-27 21:25:39.111 32147 32747 D SimpleAudioRecorder: CALLBACK: About to call onAudioData
03-27 21:25:39.112 32147 32147 W VoicePipelineManager: BLOCKED: isRunning=false, audio ignored
03-27 21:25:39.264 32147 32747 D SimpleAudioRecorder: Read 2560 samples from mic
03-27 21:25:39.265 32147 32747 D SimpleAudioRecorder: CALLBACK: About to call onAudioData
03-27 21:25:39.265 32147 32147 W VoicePipelineManager: BLOCKED: isRunning=false, audio ignored
03-27 21:25:39.265 32147 32747 D SimpleAudioRecorder: CALLBACK: About to call onAudioData
03-27 21:25:39.266 32147 32147 W VoicePipelineManager: BLOCKED: isRunning=false, audio ignored
03-27 21:25:39.266 32147 32747 D SimpleAudioRecorder: CALLBACK: About to call onAudioData
03-27 21:25:39.267 32147 32147 W VoicePipelineManager: BLOCKED: isRunning=false, audio ignored
03-27 21:25:39.267 32147 32747 D SimpleAudioRecorder: CALLBACK: About to call onAudioData
03-27 21:25:39.272 32147 32147 W VoicePipelineManager: BLOCKED: isRunning=false, audio ignored
03-27 21:25:39.273 32147 32747 D SimpleAudioRecorder: CALLBACK: About to call onAudioData
03-27 21:25:39.273 32147 32147 W VoicePipelineManager: BLOCKED: isRunning=false, audio ignored
03-27 21:25:39.425 32147 32747 D SimpleAudioRecorder: Read 2560 samples from mic
03-27 21:25:39.425 32147 32747 D SimpleAudioRecorder: CALLBACK: About to call onAudioData
03-27 21:25:39.426 32147 32147 W VoicePipelineManager: BLOCKED: isRunning=false, audio ignored
03-27 21:25:39.427 32147 32747 D SimpleAudioRecorder: CALLBACK: About to call onAudioData
03-27 21:25:39.427 32147 32147 W VoicePipelineManager: BLOCKED: isRunning=false, audio ignored
03-27 21:25:39.427 32147 32190 D SimpleAudioRecorder: CALLBACK: About to call onAudioData
03-27 21:25:39.428 32147 32147 W VoicePipelineManager: BLOCKED: isRunning=false, audio ignored
03-27 21:25:39.428 32147 32747 D SimpleAudioRecorder: CALLBACK: About to call onAudioData
03-27 21:25:39.428 32147 32147 W VoicePipelineManager: BLOCKED: isRunning=false, audio ignored
03-27 21:25:39.429 32147 32747 D SimpleAudioRecorder: CALLBACK: About to call onAudioData
03-27 21:25:39.430 32147 32147 W VoicePipelineManager: BLOCKED: isRunning=false, audio ignored
03-27 21:25:39.584 32147 32190 D SimpleAudioRecorder: Read 2560 samples from mic
03-27 21:25:39.585 32147 32190 D SimpleAudioRecorder: CALLBACK: About to call onAudioData
03-27 21:25:39.589 32147 32147 W VoicePipelineManager: BLOCKED: isRunning=false, audio ignored
03-27 21:25:39.589 32147 32190 D SimpleAudioRecorder: CALLBACK: About to call onAudioData
03-27 21:25:39.590 32147 32147 W VoicePipelineManager: BLOCKED: isRunning=false, audio ignored
03-27 21:25:39.590 32147 32747 D SimpleAudioRecorder: CALLBACK: About to call onAudioData
03-27 21:25:39.590 32147 32147 W VoicePipelineManager: BLOCKED: isRunning=false, audio ignored
03-27 21:25:39.591 32147 32190 D SimpleAudioRecorder: CALLBACK: About to call onAudioData
03-27 21:25:39.591 32147 32147 W VoicePipelineManager: BLOCKED: isRunning=false, audio ignored
03-27 21:25:39.591 32147 32190 D SimpleAudioRecorder: CALLBACK: About to call onAudioData
03-27 21:25:39.592 32147 32147 W VoicePipelineManager: BLOCKED: isRunning=false, audio ignored
03-27 21:25:39.744 32147 32190 D SimpleAudioRecorder: Read 2560 samples from mic
03-27 21:25:39.744 32147 32190 D SimpleAudioRecorder: CALLBACK: About to call onAudioData
03-27 21:25:39.745 32147 32147 W VoicePipelineManager: BLOCKED: isRunning=false, audio ignored
03-27 21:25:39.745 32147 32190 D SimpleAudioRecorder: CALLBACK: About to call onAudioData
03-27 21:25:39.745 32147 32147 W VoicePipelineManager: BLOCKED: isRunning=false, audio ignored
03-27 21:25:39.746 32147 32190 D SimpleAudioRecorder: CALLBACK: About to call onAudioData
03-27 21:25:39.746 32147 32147 W VoicePipelineManager: BLOCKED: isRunning=false, audio ignored
03-27 21:25:39.746 32147 32190 D SimpleAudioRecorder: CALLBACK: About to call onAudioData
03-27 21:25:39.746 32147 32147 W VoicePipelineManager: BLOCKED: isRunning=false, audio ignored
03-27 21:25:39.747 32147 32190 D SimpleAudioRecorder: CALLBACK: About to call onAudioData
03-27 21:25:39.747 32147 32147 W VoicePipelineManager: BLOCKED: isRunning=false, audio ignored
03-27 21:25:39.795 32147 32147 I BridgeJNI: Bridge nativeIsModelLoaded called
03-27 21:25:39.905 32147 32190 D SimpleAudioRecorder: Read 2560 samples from mic
03-27 21:25:39.905 32147 32190 D SimpleAudioRecorder: CALLBACK: About to call onAudioData
03-27 21:25:39.907 32147 32147 W VoicePipelineManager: BLOCKED: isRunning=false, audio ignored
03-27 21:25:39.908 32147 32190 D SimpleAudioRecorder: CALLBACK: About to call onAudioData
03-27 21:25:39.909 32147 32147 W VoicePipelineManager: BLOCKED: isRunning=false, audio ignored
03-27 21:25:39.910 32147 32747 D SimpleAudioRecorder: CALLBACK: About to call onAudioData
03-27 21:25:39.910 32147 32147 W VoicePipelineManager: BLOCKED: isRunning=false, audio ignored
03-27 21:25:39.910 32147 32747 D SimpleAudioRecorder: CALLBACK: About to call onAudioData
03-27 21:25:39.911 32147 32147 W VoicePipelineManager: BLOCKED: isRunning=false, audio ignored
03-27 21:25:39.911 32147 32747 D SimpleAudioRecorder: CALLBACK: About to call onAudioData
03-27 21:25:39.911 32147 32147 W VoicePipelineManager: BLOCKED: isRunning=false, audio ignored
03-27 21:25:39.974 32147 32179 I BridgeJNI: Bridge nativeGetCurrentTemperature called
03-27 21:25:40.060  2487  2499 I art     : Background partial concurrent mark sweep GC freed 1302(95KB) AllocSpace objects, 0(0B) LOS objects, 53% free, 3MB/7MB, paused 479us total 127.291ms
03-27 21:25:40.064 32147 32747 D SimpleAudioRecorder: Read 2560 samples from mic
03-27 21:25:40.064 32147 32747 D SimpleAudioRecorder: CALLBACK: About to call onAudioData
03-27 21:25:40.065 32147 32147 W VoicePipelineManager: BLOCKED: isRunning=false, audio ignored
03-27 21:25:40.065 32147 32747 D SimpleAudioRecorder: CALLBACK: About to call onAudioData
03-27 21:25:40.065 32147 32147 W VoicePipelineManager: BLOCKED: isRunning=false, audio ignored
03-27 21:25:40.066 32147 32747 D SimpleAudioRecorder: CALLBACK: About to call onAudioData
03-27 21:25:40.066 32147 32147 W VoicePipelineManager: BLOCKED: isRunning=false, audio ignored
03-27 21:25:40.067 32147 32747 D SimpleAudioRecorder: CALLBACK: About to call onAudioData
03-27 21:25:40.071 32147 32147 W VoicePipelineManager: BLOCKED: isRunning=false, audio ignored
03-27 21:25:40.071 32147 32747 D SimpleAudioRecorder: CALLBACK: About to call onAudioData
03-27 21:25:40.072 32147 32147 W VoicePipelineManager: BLOCKED: isRunning=false, audio ignored
03-27 21:25:40.225 32147 32747 D SimpleAudioRecorder: Read 2560 samples from mic
03-27 21:25:40.225 32147 32747 D SimpleAudioRecorder: CALLBACK: About to call onAudioData
03-27 21:25:40.225 32147 32147 W VoicePipelineManager: BLOCKED: isRunning=false, audio ignored
03-27 21:25:40.226 32147 32747 D SimpleAudioRecorder: CALLBACK: About to call onAudioData
03-27 21:25:40.226 32147 32147 W VoicePipelineManager: BLOCKED: isRunning=false, audio ignored
03-27 21:25:40.226 32147 32747 D SimpleAudioRecorder: CALLBACK: About to call onAudioData
03-27 21:25:40.227 32147 32147 W VoicePipelineManager: BLOCKED: isRunning=false, audio ignored
03-27 21:25:40.227 32147 32179 D SimpleAudioRecorder: CALLBACK: About to call onAudioData
03-27 21:25:40.228 32147 32147 W VoicePipelineManager: BLOCKED: isRunning=false, audio ignored
03-27 21:25:40.228 32147 32179 D SimpleAudioRecorder: CALLBACK: About to call onAudioData
03-27 21:25:40.229 32147 32147 W VoicePipelineManager: BLOCKED: isRunning=false, audio ignored
03-27 21:25:40.385 32147 32747 D SimpleAudioRecorder: Read 2560 samples from mic
03-27 21:25:40.385 32147 32747 D SimpleAudioRecorder: CALLBACK: About to call onAudioData
03-27 21:25:40.390 32147 32147 W VoicePipelineManager: BLOCKED: isRunning=false, audio ignored
03-27 21:25:40.391 32147 32747 D SimpleAudioRecorder: CALLBACK: About to call onAudioData
03-27 21:25:40.392 32147 32147 W VoicePipelineManager: BLOCKED: isRunning=false, audio ignored
03-27 21:25:40.392 32147 32747 D SimpleAudioRecorder: CALLBACK: About to call onAudioData
03-27 21:25:40.393 32147 32147 W VoicePipelineManager: BLOCKED: isRunning=false, audio ignored
03-27 21:25:40.393 32147 32747 D SimpleAudioRecorder: CALLBACK: About to call onAudioData
03-27 21:25:40.394 32147 32147 W VoicePipelineManager: BLOCKED: isRunning=false, audio ignored
03-27 21:25:40.394 32147 32747 D SimpleAudioRecorder: CALLBACK: About to call onAudioData
03-27 21:25:40.395 32147 32147 W VoicePipelineManager: BLOCKED: isRunning=false, audio ignored
03-27 21:25:40.544 32147 32179 D SimpleAudioRecorder: Read 2560 samples from mic
03-27 21:25:40.544 32147 32179 D SimpleAudioRecorder: CALLBACK: About to call onAudioData
03-27 21:25:40.545 32147 32147 W VoicePipelineManager: BLOCKED: isRunning=false, audio ignored
03-27 21:25:40.545 32147 32179 D SimpleAudioRecorder: CALLBACK: About to call onAudioData
03-27 21:25:40.545 32147 32147 W VoicePipelineManager: BLOCKED: isRunning=false, audio ignored
03-27 21:25:40.546 32147 32747 D SimpleAudioRecorder: CALLBACK: About to call onAudioData
03-27 21:25:40.546 32147 32147 W VoicePipelineManager: BLOCKED: isRunning=false, audio ignored
03-27 21:25:40.547 32147 32747 D SimpleAudioRecorder: CALLBACK: About to call onAudioData
03-27 21:25:40.547 32147 32147 W VoicePipelineManager: BLOCKED: isRunning=false, audio ignored
03-27 21:25:40.547 32147 32179 D SimpleAudioRecorder: CALLBACK: About to call onAudioData
03-27 21:25:40.548 32147 32147 W VoicePipelineManager: BLOCKED: isRunning=false, audio ignored
03-27 21:25:40.704 32147 32179 D SimpleAudioRecorder: Read 2560 samples from mic
03-27 21:25:40.705 32147 32179 D SimpleAudioRecorder: CALLBACK: About to call onAudioData
03-27 21:25:40.706 32147 32147 W VoicePipelineManager: BLOCKED: isRunning=false, audio ignored
03-27 21:25:40.707 32147 32179 D SimpleAudioRecorder: CALLBACK: About to call onAudioData
03-27 21:25:40.707 32147 32147 W VoicePipelineManager: BLOCKED: isRunning=false, audio ignored
03-27 21:25:40.708 32147 32179 D SimpleAudioRecorder: CALLBACK: About to call onAudioData
03-27 21:25:40.708 32147 32147 W VoicePipelineManager: BLOCKED: isRunning=false, audio ignored
03-27 21:25:40.709 32147 32179 D SimpleAudioRecorder: CALLBACK: About to call onAudioData
03-27 21:25:40.710 32147 32147 W VoicePipelineManager: BLOCKED: isRunning=false, audio ignored
03-27 21:25:40.710 32147 32179 D SimpleAudioRecorder: CALLBACK: About to call onAudioData
03-27 21:25:40.711 32147 32147 W VoicePipelineManager: BLOCKED: isRunning=false, audio ignored
03-27 21:25:40.796 32147 32147 I BridgeJNI: Bridge nativeIsModelLoaded called
03-27 21:25:40.865 32147 32747 D SimpleAudioRecorder: Read 2560 samples from mic
03-27 21:25:40.865 32147 32747 D SimpleAudioRecorder: CALLBACK: About to call onAudioData
03-27 21:25:40.866 32147 32147 W VoicePipelineManager: BLOCKED: isRunning=false, audio ignored
03-27 21:25:40.866 32147 32747 D SimpleAudioRecorder: CALLBACK: About to call onAudioData
03-27 21:25:40.867 32147 32147 W VoicePipelineManager: BLOCKED: isRunning=false, audio ignored
03-27 21:25:40.868 32147 32747 D SimpleAudioRecorder: CALLBACK: About to call onAudioData
